[2026-05-26T19:45:57.737+0000] {taskinstance.py:1956} INFO - Dependencies all met for dep_context=non-requeueable deps ti=<TaskInstance: crime_analytics_pipeline.etl_bronze manual__2026-05-26T19:42:26.155161+00:00 [queued]>
[2026-05-26T19:45:57.747+0000] {taskinstance.py:1956} INFO - Dependencies all met for dep_context=requeueable deps ti=<TaskInstance: crime_analytics_pipeline.etl_bronze manual__2026-05-26T19:42:26.155161+00:00 [queued]>
[2026-05-26T19:45:57.749+0000] {taskinstance.py:2170} INFO - Starting attempt 1 of 2
[2026-05-26T19:45:57.763+0000] {taskinstance.py:2191} INFO - Executing <Task(DataprocSubmitJobOperator): etl_bronze> on 2026-05-26 19:42:26.155161+00:00
[2026-05-26T19:45:57.771+0000] {standard_task_runner.py:60} INFO - Started process 2271 to run task
[2026-05-26T19:45:57.775+0000] {standard_task_runner.py:87} INFO - Running: ['***', 'tasks', 'run', 'crime_analytics_pipeline', 'etl_bronze', 'manual__2026-05-26T19:42:26.155161+00:00', '--job-id', '110', '--raw', '--subdir', 'DAGS_FOLDER/dag_crime_pipeline.py', '--cfg-path', '/tmp/tmp_wzqz98y']
[2026-05-26T19:45:57.780+0000] {standard_task_runner.py:88} INFO - Job 110: Subtask etl_bronze
[2026-05-26T19:45:57.857+0000] {task_command.py:423} INFO - Running <TaskInstance: crime_analytics_pipeline.etl_bronze manual__2026-05-26T19:42:26.155161+00:00 [running]> on host 93e8dbfc6168
[2026-05-26T19:45:57.953+0000] {taskinstance.py:2480} INFO - Exporting env vars: AIRFLOW_CTX_DAG_EMAIL='cdash-alerts@example.com' AIRFLOW_CTX_DAG_OWNER='crime-analytics' AIRFLOW_CTX_DAG_ID='crime_analytics_pipeline' AIRFLOW_CTX_TASK_ID='etl_bronze' AIRFLOW_CTX_EXECUTION_DATE='2026-05-26T19:42:26.155161+00:00' AIRFLOW_CTX_TRY_NUMBER='1' AIRFLOW_CTX_DAG_RUN_ID='manual__2026-05-26T19:42:26.155161+00:00'
[2026-05-26T19:45:57.955+0000] {dataproc.py:2208} INFO - Submitting job
[2026-05-26T19:45:57.971+0000] {connection.py:234} WARNING - Connection schemes (type: google_cloud_platform) shall not contain '_' according to RFC3986.
[2026-05-26T19:45:57.972+0000] {base.py:83} INFO - Using connection ID 'google_cloud_default' for task execution.
[2026-05-26T19:45:59.981+0000] {dataproc.py:2220} INFO - Job 8c734757-b10c-4c98-a827-7481387e657e submitted successfully.
[2026-05-26T19:46:00.001+0000] {dataproc.py:2254} INFO - Waiting for job 8c734757-b10c-4c98-a827-7481387e657e to complete
[2026-05-26T19:46:49.825+0000] {taskinstance.py:2698} ERROR - Task failed with exception
Traceback (most recent call last):
  File "/home/airflow/.local/lib/python3.11/site-packages/airflow/models/taskinstance.py", line 433, in _execute_task
    result = execute_callable(context=context, **execute_callable_kwargs)
             ^^^^^^^^^^^^^^^^^^^^^^^^^^^^^^^^^^^^^^^^^^^^^^^^^^^^^^^^^^^^
  File "/home/airflow/.local/lib/python3.11/site-packages/airflow/providers/google/cloud/operators/dataproc.py", line 2255, in execute
    self.hook.wait_for_job(
  File "/home/airflow/.local/lib/python3.11/site-packages/airflow/providers/google/common/hooks/base_google.py", line 477, in inner_wrapper
    return func(self, *args, **kwargs)
           ^^^^^^^^^^^^^^^^^^^^^^^^^^^
  File "/home/airflow/.local/lib/python3.11/site-packages/airflow/providers/google/cloud/hooks/dataproc.py", line 724, in wait_for_job
    raise AirflowException(f"Job failed:\n{job}")
airflow.exceptions.AirflowException: Job failed:
reference {
  project_id: "sage-mind-489618-n5"
  job_id: "8c734757-b10c-4c98-a827-7481387e657e"
}
placement {
  cluster_name: "crime-etl-cluster"
  cluster_uuid: "7083999e-b97b-446b-92e2-da73421dcace"
}
pyspark_job {
  main_python_file_uri: "gs://chicago-crime-raw-group15/scripts/stage2_bronze/data_ingestion.py"
  args: "--env=prod"
  args: "--raw_path=gs://chicago-crime-raw-group15/data/raw/chicago_crime"
  args: "--bronze_path=gs://chicago-crime-raw-group15/data/bronze/chicago_crime"
  python_file_uris: "gs://chicago-crime-raw-group15/scripts/utils.zip"
  properties {
    key: "spark.jars.packages"
    value: "com.google.cloud.spark:spark-bigquery-with-dependencies_2.12:0.32.2"
  }
}
status {
  state: ERROR
  details: "Job failed with message [pyspark.sql.utils.AnalysisException: Path does not exist: gs://chicago-crime-raw-group15/data/raw/chicago_crime]. Additional details can be found at:\nhttps://console.cloud.google.com/dataproc/jobs/8c734757-b10c-4c98-a827-7481387e657e?project=sage-mind-489618-n5&region=us-central1\ngcloud dataproc jobs wait \'8c734757-b10c-4c98-a827-7481387e657e\' --region \'us-central1\' --project \'sage-mind-489618-n5\'\nhttps://console.cloud.google.com/storage/browser/dataproc-staging-us-central1-47706975998-p2ulnh4c/google-cloud-dataproc-metainfo/7083999e-b97b-446b-92e2-da73421dcace/jobs/8c734757-b10c-4c98-a827-7481387e657e/\ngs://dataproc-staging-us-central1-47706975998-p2ulnh4c/google-cloud-dataproc-metainfo/7083999e-b97b-446b-92e2-da73421dcace/jobs/8c734757-b10c-4c98-a827-7481387e657e/driveroutput.*"
  state_start_time {
    seconds: 1779824798
    nanos: 190430000
  }
}
status_history {
  state: PENDING
  state_start_time {
    seconds: 1779824760
    nanos: 864427000
  }
}
status_history {
  state: SETUP_DONE
  state_start_time {
    seconds: 1779824760
    nanos: 943734000
  }
}
status_history {
  state: RUNNING
  state_start_time {
    seconds: 1779824761
    nanos: 398614000
  }
}
yarn_applications {
  name: "Stage2_Bronze_Ingestion"
  state: FINISHED
  progress: 1
  tracking_url: "http://crime-etl-cluster-m.us-central1-b.c.sage-mind-489618-n5.internal.:8088/proxy/application_1779824683046_0001/"
}
driver_output_resource_uri: "gs://dataproc-staging-us-central1-47706975998-p2ulnh4c/google-cloud-dataproc-metainfo/7083999e-b97b-446b-92e2-da73421dcace/jobs/8c734757-b10c-4c98-a827-7481387e657e/driveroutput"
driver_control_files_uri: "gs://dataproc-staging-us-central1-47706975998-p2ulnh4c/google-cloud-dataproc-metainfo/7083999e-b97b-446b-92e2-da73421dcace/jobs/8c734757-b10c-4c98-a827-7481387e657e/"
job_uuid: "8c734757-b10c-4c98-a827-7481387e657e"
done: true

[2026-05-26T19:46:49.831+0000] {taskinstance.py:1138} INFO - Marking task as UP_FOR_RETRY. dag_id=crime_analytics_pipeline, task_id=etl_bronze, execution_date=20260526T194226, start_date=20260526T194557, end_date=20260526T194649
[2026-05-26T19:46:49.861+0000] {standard_task_runner.py:107} ERROR - Failed to execute job 110 for task etl_bronze (Job failed:
reference {
  project_id: "sage-mind-489618-n5"
  job_id: "8c734757-b10c-4c98-a827-7481387e657e"
}
placement {
  cluster_name: "crime-etl-cluster"
  cluster_uuid: "7083999e-b97b-446b-92e2-da73421dcace"
}
pyspark_job {
  main_python_file_uri: "gs://chicago-crime-raw-group15/scripts/stage2_bronze/data_ingestion.py"
  args: "--env=prod"
  args: "--raw_path=gs://chicago-crime-raw-group15/data/raw/chicago_crime"
  args: "--bronze_path=gs://chicago-crime-raw-group15/data/bronze/chicago_crime"
  python_file_uris: "gs://chicago-crime-raw-group15/scripts/utils.zip"
  properties {
    key: "spark.jars.packages"
    value: "com.google.cloud.spark:spark-bigquery-with-dependencies_2.12:0.32.2"
  }
}
status {
  state: ERROR
  details: "Job failed with message [pyspark.sql.utils.AnalysisException: Path does not exist: gs://chicago-crime-raw-group15/data/raw/chicago_crime]. Additional details can be found at:\nhttps://console.cloud.google.com/dataproc/jobs/8c734757-b10c-4c98-a827-7481387e657e?project=sage-mind-489618-n5&region=us-central1\ngcloud dataproc jobs wait \'8c734757-b10c-4c98-a827-7481387e657e\' --region \'us-central1\' --project \'sage-mind-489618-n5\'\nhttps://console.cloud.google.com/storage/browser/dataproc-staging-us-central1-47706975998-p2ulnh4c/google-cloud-dataproc-metainfo/7083999e-b97b-446b-92e2-da73421dcace/jobs/8c734757-b10c-4c98-a827-7481387e657e/\ngs://dataproc-staging-us-central1-47706975998-p2ulnh4c/google-cloud-dataproc-metainfo/7083999e-b97b-446b-92e2-da73421dcace/jobs/8c734757-b10c-4c98-a827-7481387e657e/driveroutput.*"
  state_start_time {
    seconds: 1779824798
    nanos: 190430000
  }
}
status_history {
  state: PENDING
  state_start_time {
    seconds: 1779824760
    nanos: 864427000
  }
}
status_history {
  state: SETUP_DONE
  state_start_time {
    seconds: 1779824760
    nanos: 943734000
  }
}
status_history {
  state: RUNNING
  state_start_time {
    seconds: 1779824761
    nanos: 398614000
  }
}
yarn_applications {
  name: "Stage2_Bronze_Ingestion"
  state: FINISHED
  progress: 1
  tracking_url: "http://crime-etl-cluster-m.us-central1-b.c.sage-mind-489618-n5.internal.:8088/proxy/application_1779824683046_0001/"
}
driver_output_resource_uri: "gs://dataproc-staging-us-central1-47706975998-p2ulnh4c/google-cloud-dataproc-metainfo/7083999e-b97b-446b-92e2-da73421dcace/jobs/8c734757-b10c-4c98-a827-7481387e657e/driveroutput"
driver_control_files_uri: "gs://dataproc-staging-us-central1-47706975998-p2ulnh4c/google-cloud-dataproc-metainfo/7083999e-b97b-446b-92e2-da73421dcace/jobs/8c734757-b10c-4c98-a827-7481387e657e/"
job_uuid: "8c734757-b10c-4c98-a827-7481387e657e"
done: true
; 2271)
[2026-05-26T19:46:49.895+0000] {local_task_job_runner.py:234} INFO - Task exited with return code 1
[2026-05-26T19:46:49.924+0000] {taskinstance.py:3280} INFO - 0 downstream tasks scheduled from follow-on schedule check
