[2026-05-27T16:09:56.402+0000] {taskinstance.py:1956} INFO - Dependencies all met for dep_context=non-requeueable deps ti=<TaskInstance: crime_analytics_pipeline.ml_train_and_predict manual__2026-05-27T13:18:48.578287+00:00 [queued]>
[2026-05-27T16:09:56.413+0000] {taskinstance.py:1956} INFO - Dependencies all met for dep_context=requeueable deps ti=<TaskInstance: crime_analytics_pipeline.ml_train_and_predict manual__2026-05-27T13:18:48.578287+00:00 [queued]>
[2026-05-27T16:09:56.413+0000] {taskinstance.py:2170} INFO - Starting attempt 2 of 2
[2026-05-27T16:09:56.427+0000] {taskinstance.py:2191} INFO - Executing <Task(PythonOperator): ml_train_and_predict> on 2026-05-27 13:18:48.578287+00:00
[2026-05-27T16:09:56.439+0000] {standard_task_runner.py:60} INFO - Started process 790 to run task
[2026-05-27T16:09:56.444+0000] {standard_task_runner.py:87} INFO - Running: ['***', 'tasks', 'run', 'crime_analytics_pipeline', 'ml_train_and_predict', 'manual__2026-05-27T13:18:48.578287+00:00', '--job-id', '174', '--raw', '--subdir', 'DAGS_FOLDER/dag_crime_pipeline.py', '--cfg-path', '/tmp/tmpatcmo54y']
[2026-05-27T16:09:56.448+0000] {standard_task_runner.py:88} INFO - Job 174: Subtask ml_train_and_predict
[2026-05-27T16:09:56.521+0000] {task_command.py:423} INFO - Running <TaskInstance: crime_analytics_pipeline.ml_train_and_predict manual__2026-05-27T13:18:48.578287+00:00 [running]> on host db8b8170dea9
[2026-05-27T16:09:56.639+0000] {taskinstance.py:2480} INFO - Exporting env vars: AIRFLOW_CTX_DAG_EMAIL='cdash-alerts@example.com' AIRFLOW_CTX_DAG_OWNER='crime-analytics' AIRFLOW_CTX_DAG_ID='crime_analytics_pipeline' AIRFLOW_CTX_TASK_ID='ml_train_and_predict' AIRFLOW_CTX_EXECUTION_DATE='2026-05-27T13:18:48.578287+00:00' AIRFLOW_CTX_TRY_NUMBER='2' AIRFLOW_CTX_DAG_RUN_ID='manual__2026-05-27T13:18:48.578287+00:00'
[2026-05-27T16:09:56.645+0000] {taskinstance.py:2698} ERROR - Task failed with exception
Traceback (most recent call last):
  File "/home/airflow/.local/lib/python3.11/site-packages/airflow/models/taskinstance.py", line 433, in _execute_task
    result = execute_callable(context=context, **execute_callable_kwargs)
             ^^^^^^^^^^^^^^^^^^^^^^^^^^^^^^^^^^^^^^^^^^^^^^^^^^^^^^^^^^^^
  File "/home/airflow/.local/lib/python3.11/site-packages/airflow/operators/python.py", line 199, in execute
    return_value = self.execute_callable()
                   ^^^^^^^^^^^^^^^^^^^^^^^
  File "/home/airflow/.local/lib/python3.11/site-packages/airflow/operators/python.py", line 216, in execute_callable
    return self.python_callable(*self.op_args, **self.op_kwargs)
           ^^^^^^^^^^^^^^^^^^^^^^^^^^^^^^^^^^^^^^^^^^^^^^^^^^^^^
  File "/opt/airflow/dags/dag_crime_pipeline.py", line 398, in _run_ml_pipeline
    from ml_pipeline import train_and_predict
ModuleNotFoundError: No module named 'ml_pipeline'
[2026-05-27T16:09:56.667+0000] {taskinstance.py:1138} INFO - Marking task as FAILED. dag_id=crime_analytics_pipeline, task_id=ml_train_and_predict, execution_date=20260527T131848, start_date=20260527T160956, end_date=20260527T160956
[2026-05-27T16:09:56.681+0000] {standard_task_runner.py:107} ERROR - Failed to execute job 174 for task ml_train_and_predict (No module named 'ml_pipeline'; 790)
[2026-05-27T16:09:56.699+0000] {local_task_job_runner.py:234} INFO - Task exited with return code 1
[2026-05-27T16:09:56.731+0000] {taskinstance.py:3280} INFO - 0 downstream tasks scheduled from follow-on schedule check
