[2026-05-28T08:06:34.969+0000] {taskinstance.py:1956} INFO - Dependencies all met for dep_context=non-requeueable deps ti=<TaskInstance: crime_analytics_pipeline.etl_silver manual__2026-05-28T07:54:59.083901+00:00 [queued]>
[2026-05-28T08:06:34.982+0000] {taskinstance.py:1956} INFO - Dependencies all met for dep_context=requeueable deps ti=<TaskInstance: crime_analytics_pipeline.etl_silver manual__2026-05-28T07:54:59.083901+00:00 [queued]>
[2026-05-28T08:06:34.983+0000] {taskinstance.py:2170} INFO - Starting attempt 2 of 2
[2026-05-28T08:06:35.002+0000] {taskinstance.py:2191} INFO - Executing <Task(DataprocSubmitJobOperator): etl_silver> on 2026-05-28 07:54:59.083901+00:00
[2026-05-28T08:06:35.014+0000] {standard_task_runner.py:60} INFO - Started process 1781 to run task
[2026-05-28T08:06:35.020+0000] {standard_task_runner.py:87} INFO - Running: ['***', 'tasks', 'run', 'crime_analytics_pipeline', 'etl_silver', 'manual__2026-05-28T07:54:59.083901+00:00', '--job-id', '250', '--raw', '--subdir', 'DAGS_FOLDER/dag_crime_pipeline.py', '--cfg-path', '/tmp/tmpaw_e4t4w']
[2026-05-28T08:06:35.025+0000] {standard_task_runner.py:88} INFO - Job 250: Subtask etl_silver
[2026-05-28T08:06:35.116+0000] {task_command.py:423} INFO - Running <TaskInstance: crime_analytics_pipeline.etl_silver manual__2026-05-28T07:54:59.083901+00:00 [running]> on host db8b8170dea9
[2026-05-28T08:06:35.253+0000] {taskinstance.py:2480} INFO - Exporting env vars: AIRFLOW_CTX_DAG_EMAIL='cdash-alerts@example.com' AIRFLOW_CTX_DAG_OWNER='crime-analytics' AIRFLOW_CTX_DAG_ID='crime_analytics_pipeline' AIRFLOW_CTX_TASK_ID='etl_silver' AIRFLOW_CTX_EXECUTION_DATE='2026-05-28T07:54:59.083901+00:00' AIRFLOW_CTX_TRY_NUMBER='2' AIRFLOW_CTX_DAG_RUN_ID='manual__2026-05-28T07:54:59.083901+00:00'
[2026-05-28T08:06:35.255+0000] {dataproc.py:2208} INFO - Submitting job
[2026-05-28T08:06:35.271+0000] {connection.py:234} WARNING - Connection schemes (type: google_cloud_platform) shall not contain '_' according to RFC3986.
[2026-05-28T08:06:35.276+0000] {base.py:83} INFO - Using connection ID 'google_cloud_default' for task execution.
[2026-05-28T08:06:36.499+0000] {dataproc.py:2220} INFO - Job 9315915a-ce6d-42ee-9293-d2403cb65f17 submitted successfully.
[2026-05-28T08:06:36.526+0000] {dataproc.py:2254} INFO - Waiting for job 9315915a-ce6d-42ee-9293-d2403cb65f17 to complete
[2026-05-28T08:06:58.244+0000] {taskinstance.py:2698} ERROR - Task failed with exception
Traceback (most recent call last):
  File "/home/airflow/.local/lib/python3.11/site-packages/airflow/models/taskinstance.py", line 433, in _execute_task
    result = execute_callable(context=context, **execute_callable_kwargs)
             ^^^^^^^^^^^^^^^^^^^^^^^^^^^^^^^^^^^^^^^^^^^^^^^^^^^^^^^^^^^^
  File "/home/airflow/.local/lib/python3.11/site-packages/airflow/providers/google/cloud/operators/dataproc.py", line 2255, in execute
    self.hook.wait_for_job(
  File "/home/airflow/.local/lib/python3.11/site-packages/airflow/providers/google/common/hooks/base_google.py", line 477, in inner_wrapper
    return func(self, *args, **kwargs)
           ^^^^^^^^^^^^^^^^^^^^^^^^^^^
  File "/home/airflow/.local/lib/python3.11/site-packages/airflow/providers/google/cloud/hooks/dataproc.py", line 724, in wait_for_job
    raise AirflowException(f"Job failed:\n{job}")
airflow.exceptions.AirflowException: Job failed:
reference {
  project_id: "sage-mind-489618-n5"
  job_id: "9315915a-ce6d-42ee-9293-d2403cb65f17"
}
placement {
  cluster_name: "crime-etl-cluster"
  cluster_uuid: "dcbcb8f4-1c86-4f9a-8849-8a97e5e7e2b3"
}
pyspark_job {
  main_python_file_uri: "gs://chicago-crime-raw-group15/scripts/stage3_silver_main.py"
  args: "--project=sage-mind-489618-n5"
  python_file_uris: "gs://chicago-crime-raw-group15/scripts/utils.zip"
  python_file_uris: "gs://chicago-crime-raw-group15/scripts/stage3_silver.zip"
  properties {
    key: "spark.jars.packages"
    value: "com.google.cloud.spark:spark-bigquery-with-dependencies_2.12:0.32.2"
  }
}
status {
  state: ERROR
  details: "Job failed with message [ModuleNotFoundError: No module named \'h3\']. Additional details can be found at:\nhttps://console.cloud.google.com/dataproc/jobs/9315915a-ce6d-42ee-9293-d2403cb65f17?project=sage-mind-489618-n5&region=us-central1\ngcloud dataproc jobs wait \'9315915a-ce6d-42ee-9293-d2403cb65f17\' --region \'us-central1\' --project \'sage-mind-489618-n5\'\nhttps://console.cloud.google.com/storage/browser/dataproc-staging-us-central1-47706975998-p2ulnh4c/google-cloud-dataproc-metainfo/dcbcb8f4-1c86-4f9a-8849-8a97e5e7e2b3/jobs/9315915a-ce6d-42ee-9293-d2403cb65f17/\ngs://dataproc-staging-us-central1-47706975998-p2ulnh4c/google-cloud-dataproc-metainfo/dcbcb8f4-1c86-4f9a-8849-8a97e5e7e2b3/jobs/9315915a-ce6d-42ee-9293-d2403cb65f17/driveroutput.*"
  state_start_time {
    seconds: 1779955609
    nanos: 409498000
  }
}
status_history {
  state: PENDING
  state_start_time {
    seconds: 1779955595
    nanos: 720443000
  }
}
status_history {
  state: SETUP_DONE
  state_start_time {
    seconds: 1779955595
    nanos: 793706000
  }
}
status_history {
  state: RUNNING
  state_start_time {
    seconds: 1779955596
    nanos: 201676000
  }
}
driver_output_resource_uri: "gs://dataproc-staging-us-central1-47706975998-p2ulnh4c/google-cloud-dataproc-metainfo/dcbcb8f4-1c86-4f9a-8849-8a97e5e7e2b3/jobs/9315915a-ce6d-42ee-9293-d2403cb65f17/driveroutput"
driver_control_files_uri: "gs://dataproc-staging-us-central1-47706975998-p2ulnh4c/google-cloud-dataproc-metainfo/dcbcb8f4-1c86-4f9a-8849-8a97e5e7e2b3/jobs/9315915a-ce6d-42ee-9293-d2403cb65f17/"
job_uuid: "9315915a-ce6d-42ee-9293-d2403cb65f17"
done: true

[2026-05-28T08:06:58.254+0000] {taskinstance.py:1138} INFO - Marking task as FAILED. dag_id=crime_analytics_pipeline, task_id=etl_silver, execution_date=20260528T075459, start_date=20260528T080634, end_date=20260528T080658
[2026-05-28T08:06:58.267+0000] {standard_task_runner.py:107} ERROR - Failed to execute job 250 for task etl_silver (Job failed:
reference {
  project_id: "sage-mind-489618-n5"
  job_id: "9315915a-ce6d-42ee-9293-d2403cb65f17"
}
placement {
  cluster_name: "crime-etl-cluster"
  cluster_uuid: "dcbcb8f4-1c86-4f9a-8849-8a97e5e7e2b3"
}
pyspark_job {
  main_python_file_uri: "gs://chicago-crime-raw-group15/scripts/stage3_silver_main.py"
  args: "--project=sage-mind-489618-n5"
  python_file_uris: "gs://chicago-crime-raw-group15/scripts/utils.zip"
  python_file_uris: "gs://chicago-crime-raw-group15/scripts/stage3_silver.zip"
  properties {
    key: "spark.jars.packages"
    value: "com.google.cloud.spark:spark-bigquery-with-dependencies_2.12:0.32.2"
  }
}
status {
  state: ERROR
  details: "Job failed with message [ModuleNotFoundError: No module named \'h3\']. Additional details can be found at:\nhttps://console.cloud.google.com/dataproc/jobs/9315915a-ce6d-42ee-9293-d2403cb65f17?project=sage-mind-489618-n5&region=us-central1\ngcloud dataproc jobs wait \'9315915a-ce6d-42ee-9293-d2403cb65f17\' --region \'us-central1\' --project \'sage-mind-489618-n5\'\nhttps://console.cloud.google.com/storage/browser/dataproc-staging-us-central1-47706975998-p2ulnh4c/google-cloud-dataproc-metainfo/dcbcb8f4-1c86-4f9a-8849-8a97e5e7e2b3/jobs/9315915a-ce6d-42ee-9293-d2403cb65f17/\ngs://dataproc-staging-us-central1-47706975998-p2ulnh4c/google-cloud-dataproc-metainfo/dcbcb8f4-1c86-4f9a-8849-8a97e5e7e2b3/jobs/9315915a-ce6d-42ee-9293-d2403cb65f17/driveroutput.*"
  state_start_time {
    seconds: 1779955609
    nanos: 409498000
  }
}
status_history {
  state: PENDING
  state_start_time {
    seconds: 1779955595
    nanos: 720443000
  }
}
status_history {
  state: SETUP_DONE
  state_start_time {
    seconds: 1779955595
    nanos: 793706000
  }
}
status_history {
  state: RUNNING
  state_start_time {
    seconds: 1779955596
    nanos: 201676000
  }
}
driver_output_resource_uri: "gs://dataproc-staging-us-central1-47706975998-p2ulnh4c/google-cloud-dataproc-metainfo/dcbcb8f4-1c86-4f9a-8849-8a97e5e7e2b3/jobs/9315915a-ce6d-42ee-9293-d2403cb65f17/driveroutput"
driver_control_files_uri: "gs://dataproc-staging-us-central1-47706975998-p2ulnh4c/google-cloud-dataproc-metainfo/dcbcb8f4-1c86-4f9a-8849-8a97e5e7e2b3/jobs/9315915a-ce6d-42ee-9293-d2403cb65f17/"
job_uuid: "9315915a-ce6d-42ee-9293-d2403cb65f17"
done: true
; 1781)
[2026-05-28T08:06:58.319+0000] {local_task_job_runner.py:234} INFO - Task exited with return code 1
[2026-05-28T08:06:58.358+0000] {taskinstance.py:3280} INFO - 1 downstream tasks scheduled from follow-on schedule check
