[2026-05-28T08:14:57.989+0000] {taskinstance.py:1956} INFO - Dependencies all met for dep_context=non-requeueable deps ti=<TaskInstance: crime_analytics_pipeline.etl_silver manual__2026-05-28T07:54:59.083901+00:00 [queued]>
[2026-05-28T08:14:58.000+0000] {taskinstance.py:1956} INFO - Dependencies all met for dep_context=requeueable deps ti=<TaskInstance: crime_analytics_pipeline.etl_silver manual__2026-05-28T07:54:59.083901+00:00 [queued]>
[2026-05-28T08:14:58.001+0000] {taskinstance.py:2170} INFO - Starting attempt 3 of 4
[2026-05-28T08:14:58.014+0000] {taskinstance.py:2191} INFO - Executing <Task(DataprocSubmitJobOperator): etl_silver> on 2026-05-28 07:54:59.083901+00:00
[2026-05-28T08:14:58.024+0000] {standard_task_runner.py:60} INFO - Started process 2238 to run task
[2026-05-28T08:14:58.029+0000] {standard_task_runner.py:87} INFO - Running: ['***', 'tasks', 'run', 'crime_analytics_pipeline', 'etl_silver', 'manual__2026-05-28T07:54:59.083901+00:00', '--job-id', '254', '--raw', '--subdir', 'DAGS_FOLDER/dag_crime_pipeline.py', '--cfg-path', '/tmp/tmpd0r9t50m']
[2026-05-28T08:14:58.032+0000] {standard_task_runner.py:88} INFO - Job 254: Subtask etl_silver
[2026-05-28T08:14:58.105+0000] {task_command.py:423} INFO - Running <TaskInstance: crime_analytics_pipeline.etl_silver manual__2026-05-28T07:54:59.083901+00:00 [running]> on host db8b8170dea9
[2026-05-28T08:14:58.228+0000] {taskinstance.py:2480} INFO - Exporting env vars: AIRFLOW_CTX_DAG_EMAIL='cdash-alerts@example.com' AIRFLOW_CTX_DAG_OWNER='crime-analytics' AIRFLOW_CTX_DAG_ID='crime_analytics_pipeline' AIRFLOW_CTX_TASK_ID='etl_silver' AIRFLOW_CTX_EXECUTION_DATE='2026-05-28T07:54:59.083901+00:00' AIRFLOW_CTX_TRY_NUMBER='3' AIRFLOW_CTX_DAG_RUN_ID='manual__2026-05-28T07:54:59.083901+00:00'
[2026-05-28T08:14:58.231+0000] {dataproc.py:2208} INFO - Submitting job
[2026-05-28T08:14:58.246+0000] {connection.py:234} WARNING - Connection schemes (type: google_cloud_platform) shall not contain '_' according to RFC3986.
[2026-05-28T08:14:58.248+0000] {base.py:83} INFO - Using connection ID 'google_cloud_default' for task execution.
[2026-05-28T08:15:00.072+0000] {dataproc.py:2220} INFO - Job 164cb04f-f282-404e-8188-5bffced9c9f0 submitted successfully.
[2026-05-28T08:15:00.114+0000] {dataproc.py:2254} INFO - Waiting for job 164cb04f-f282-404e-8188-5bffced9c9f0 to complete
[2026-05-28T08:15:21.621+0000] {taskinstance.py:2698} ERROR - Task failed with exception
Traceback (most recent call last):
  File "/home/airflow/.local/lib/python3.11/site-packages/airflow/models/taskinstance.py", line 433, in _execute_task
    result = execute_callable(context=context, **execute_callable_kwargs)
             ^^^^^^^^^^^^^^^^^^^^^^^^^^^^^^^^^^^^^^^^^^^^^^^^^^^^^^^^^^^^
  File "/home/airflow/.local/lib/python3.11/site-packages/airflow/providers/google/cloud/operators/dataproc.py", line 2255, in execute
    self.hook.wait_for_job(
  File "/home/airflow/.local/lib/python3.11/site-packages/airflow/providers/google/common/hooks/base_google.py", line 477, in inner_wrapper
    return func(self, *args, **kwargs)
           ^^^^^^^^^^^^^^^^^^^^^^^^^^^
  File "/home/airflow/.local/lib/python3.11/site-packages/airflow/providers/google/cloud/hooks/dataproc.py", line 724, in wait_for_job
    raise AirflowException(f"Job failed:\n{job}")
airflow.exceptions.AirflowException: Job failed:
reference {
  project_id: "sage-mind-489618-n5"
  job_id: "164cb04f-f282-404e-8188-5bffced9c9f0"
}
placement {
  cluster_name: "crime-etl-cluster"
  cluster_uuid: "121d929c-9a2e-4233-97ea-fef734bf4d20"
}
pyspark_job {
  main_python_file_uri: "gs://chicago-crime-raw-group15/scripts/stage3_silver_main.py"
  args: "--project=sage-mind-489618-n5"
  python_file_uris: "gs://chicago-crime-raw-group15/scripts/utils.zip"
  python_file_uris: "gs://chicago-crime-raw-group15/scripts/stage3_silver.zip"
  properties {
    key: "spark.jars.packages"
    value: "com.google.cloud.spark:spark-bigquery-with-dependencies_2.12:0.32.2"
  }
}
status {
  state: ERROR
  details: "Job failed with message [FileNotFoundError: [Errno 2] No such file or directory: \'/tmp/config/config.yaml\']. Additional details can be found at:\nhttps://console.cloud.google.com/dataproc/jobs/164cb04f-f282-404e-8188-5bffced9c9f0?project=sage-mind-489618-n5&region=us-central1\ngcloud dataproc jobs wait \'164cb04f-f282-404e-8188-5bffced9c9f0\' --region \'us-central1\' --project \'sage-mind-489618-n5\'\nhttps://console.cloud.google.com/storage/browser/dataproc-staging-us-central1-47706975998-p2ulnh4c/google-cloud-dataproc-metainfo/121d929c-9a2e-4233-97ea-fef734bf4d20/jobs/164cb04f-f282-404e-8188-5bffced9c9f0/\ngs://dataproc-staging-us-central1-47706975998-p2ulnh4c/google-cloud-dataproc-metainfo/121d929c-9a2e-4233-97ea-fef734bf4d20/jobs/164cb04f-f282-404e-8188-5bffced9c9f0/driveroutput.*"
  state_start_time {
    seconds: 1779956117
    nanos: 512084000
  }
}
status_history {
  state: PENDING
  state_start_time {
    seconds: 1779956098
    nanos: 728795000
  }
}
status_history {
  state: SETUP_DONE
  state_start_time {
    seconds: 1779956098
    nanos: 800180000
  }
}
status_history {
  state: RUNNING
  state_start_time {
    seconds: 1779956099
    nanos: 191833000
  }
}
driver_output_resource_uri: "gs://dataproc-staging-us-central1-47706975998-p2ulnh4c/google-cloud-dataproc-metainfo/121d929c-9a2e-4233-97ea-fef734bf4d20/jobs/164cb04f-f282-404e-8188-5bffced9c9f0/driveroutput"
driver_control_files_uri: "gs://dataproc-staging-us-central1-47706975998-p2ulnh4c/google-cloud-dataproc-metainfo/121d929c-9a2e-4233-97ea-fef734bf4d20/jobs/164cb04f-f282-404e-8188-5bffced9c9f0/"
job_uuid: "164cb04f-f282-404e-8188-5bffced9c9f0"
done: true

[2026-05-28T08:15:21.628+0000] {taskinstance.py:1138} INFO - Marking task as UP_FOR_RETRY. dag_id=crime_analytics_pipeline, task_id=etl_silver, execution_date=20260528T075459, start_date=20260528T081457, end_date=20260528T081521
[2026-05-28T08:15:21.646+0000] {standard_task_runner.py:107} ERROR - Failed to execute job 254 for task etl_silver (Job failed:
reference {
  project_id: "sage-mind-489618-n5"
  job_id: "164cb04f-f282-404e-8188-5bffced9c9f0"
}
placement {
  cluster_name: "crime-etl-cluster"
  cluster_uuid: "121d929c-9a2e-4233-97ea-fef734bf4d20"
}
pyspark_job {
  main_python_file_uri: "gs://chicago-crime-raw-group15/scripts/stage3_silver_main.py"
  args: "--project=sage-mind-489618-n5"
  python_file_uris: "gs://chicago-crime-raw-group15/scripts/utils.zip"
  python_file_uris: "gs://chicago-crime-raw-group15/scripts/stage3_silver.zip"
  properties {
    key: "spark.jars.packages"
    value: "com.google.cloud.spark:spark-bigquery-with-dependencies_2.12:0.32.2"
  }
}
status {
  state: ERROR
  details: "Job failed with message [FileNotFoundError: [Errno 2] No such file or directory: \'/tmp/config/config.yaml\']. Additional details can be found at:\nhttps://console.cloud.google.com/dataproc/jobs/164cb04f-f282-404e-8188-5bffced9c9f0?project=sage-mind-489618-n5&region=us-central1\ngcloud dataproc jobs wait \'164cb04f-f282-404e-8188-5bffced9c9f0\' --region \'us-central1\' --project \'sage-mind-489618-n5\'\nhttps://console.cloud.google.com/storage/browser/dataproc-staging-us-central1-47706975998-p2ulnh4c/google-cloud-dataproc-metainfo/121d929c-9a2e-4233-97ea-fef734bf4d20/jobs/164cb04f-f282-404e-8188-5bffced9c9f0/\ngs://dataproc-staging-us-central1-47706975998-p2ulnh4c/google-cloud-dataproc-metainfo/121d929c-9a2e-4233-97ea-fef734bf4d20/jobs/164cb04f-f282-404e-8188-5bffced9c9f0/driveroutput.*"
  state_start_time {
    seconds: 1779956117
    nanos: 512084000
  }
}
status_history {
  state: PENDING
  state_start_time {
    seconds: 1779956098
    nanos: 728795000
  }
}
status_history {
  state: SETUP_DONE
  state_start_time {
    seconds: 1779956098
    nanos: 800180000
  }
}
status_history {
  state: RUNNING
  state_start_time {
    seconds: 1779956099
    nanos: 191833000
  }
}
driver_output_resource_uri: "gs://dataproc-staging-us-central1-47706975998-p2ulnh4c/google-cloud-dataproc-metainfo/121d929c-9a2e-4233-97ea-fef734bf4d20/jobs/164cb04f-f282-404e-8188-5bffced9c9f0/driveroutput"
driver_control_files_uri: "gs://dataproc-staging-us-central1-47706975998-p2ulnh4c/google-cloud-dataproc-metainfo/121d929c-9a2e-4233-97ea-fef734bf4d20/jobs/164cb04f-f282-404e-8188-5bffced9c9f0/"
job_uuid: "164cb04f-f282-404e-8188-5bffced9c9f0"
done: true
; 2238)
[2026-05-28T08:15:21.708+0000] {local_task_job_runner.py:234} INFO - Task exited with return code 1
[2026-05-28T08:15:21.740+0000] {taskinstance.py:3280} INFO - 0 downstream tasks scheduled from follow-on schedule check
