[2026-05-28T08:01:09.271+0000] {taskinstance.py:1956} INFO - Dependencies all met for dep_context=non-requeueable deps ti=<TaskInstance: crime_analytics_pipeline.etl_silver manual__2026-05-28T07:54:59.083901+00:00 [queued]>
[2026-05-28T08:01:09.281+0000] {taskinstance.py:1956} INFO - Dependencies all met for dep_context=requeueable deps ti=<TaskInstance: crime_analytics_pipeline.etl_silver manual__2026-05-28T07:54:59.083901+00:00 [queued]>
[2026-05-28T08:01:09.282+0000] {taskinstance.py:2170} INFO - Starting attempt 1 of 2
[2026-05-28T08:01:09.297+0000] {taskinstance.py:2191} INFO - Executing <Task(DataprocSubmitJobOperator): etl_silver> on 2026-05-28 07:54:59.083901+00:00
[2026-05-28T08:01:09.306+0000] {standard_task_runner.py:60} INFO - Started process 1655 to run task
[2026-05-28T08:01:09.309+0000] {standard_task_runner.py:87} INFO - Running: ['***', 'tasks', 'run', 'crime_analytics_pipeline', 'etl_silver', 'manual__2026-05-28T07:54:59.083901+00:00', '--job-id', '249', '--raw', '--subdir', 'DAGS_FOLDER/dag_crime_pipeline.py', '--cfg-path', '/tmp/tmptgjh0ppx']
[2026-05-28T08:01:09.312+0000] {standard_task_runner.py:88} INFO - Job 249: Subtask etl_silver
[2026-05-28T08:01:09.389+0000] {task_command.py:423} INFO - Running <TaskInstance: crime_analytics_pipeline.etl_silver manual__2026-05-28T07:54:59.083901+00:00 [running]> on host db8b8170dea9
[2026-05-28T08:01:09.498+0000] {taskinstance.py:2480} INFO - Exporting env vars: AIRFLOW_CTX_DAG_EMAIL='cdash-alerts@example.com' AIRFLOW_CTX_DAG_OWNER='crime-analytics' AIRFLOW_CTX_DAG_ID='crime_analytics_pipeline' AIRFLOW_CTX_TASK_ID='etl_silver' AIRFLOW_CTX_EXECUTION_DATE='2026-05-28T07:54:59.083901+00:00' AIRFLOW_CTX_TRY_NUMBER='1' AIRFLOW_CTX_DAG_RUN_ID='manual__2026-05-28T07:54:59.083901+00:00'
[2026-05-28T08:01:09.500+0000] {dataproc.py:2208} INFO - Submitting job
[2026-05-28T08:01:09.515+0000] {connection.py:234} WARNING - Connection schemes (type: google_cloud_platform) shall not contain '_' according to RFC3986.
[2026-05-28T08:01:09.518+0000] {base.py:83} INFO - Using connection ID 'google_cloud_default' for task execution.
[2026-05-28T08:01:10.990+0000] {dataproc.py:2220} INFO - Job 5db11da8-971a-4fa5-b912-db647a917b2a submitted successfully.
[2026-05-28T08:01:11.029+0000] {dataproc.py:2254} INFO - Waiting for job 5db11da8-971a-4fa5-b912-db647a917b2a to complete
[2026-05-28T08:01:33.171+0000] {taskinstance.py:2698} ERROR - Task failed with exception
Traceback (most recent call last):
  File "/home/airflow/.local/lib/python3.11/site-packages/airflow/models/taskinstance.py", line 433, in _execute_task
    result = execute_callable(context=context, **execute_callable_kwargs)
             ^^^^^^^^^^^^^^^^^^^^^^^^^^^^^^^^^^^^^^^^^^^^^^^^^^^^^^^^^^^^
  File "/home/airflow/.local/lib/python3.11/site-packages/airflow/providers/google/cloud/operators/dataproc.py", line 2255, in execute
    self.hook.wait_for_job(
  File "/home/airflow/.local/lib/python3.11/site-packages/airflow/providers/google/common/hooks/base_google.py", line 477, in inner_wrapper
    return func(self, *args, **kwargs)
           ^^^^^^^^^^^^^^^^^^^^^^^^^^^
  File "/home/airflow/.local/lib/python3.11/site-packages/airflow/providers/google/cloud/hooks/dataproc.py", line 724, in wait_for_job
    raise AirflowException(f"Job failed:\n{job}")
airflow.exceptions.AirflowException: Job failed:
reference {
  project_id: "sage-mind-489618-n5"
  job_id: "5db11da8-971a-4fa5-b912-db647a917b2a"
}
placement {
  cluster_name: "crime-etl-cluster"
  cluster_uuid: "dcbcb8f4-1c86-4f9a-8849-8a97e5e7e2b3"
}
pyspark_job {
  main_python_file_uri: "gs://chicago-crime-raw-group15/scripts/stage3_silver_main.py"
  args: "--project=sage-mind-489618-n5"
  python_file_uris: "gs://chicago-crime-raw-group15/scripts/utils.zip"
  python_file_uris: "gs://chicago-crime-raw-group15/scripts/stage3_silver.zip"
  properties {
    key: "spark.jars.packages"
    value: "com.google.cloud.spark:spark-bigquery-with-dependencies_2.12:0.32.2"
  }
}
status {
  state: ERROR
  details: "Job failed with message [ModuleNotFoundError: No module named \'h3\']. Additional details can be found at:\nhttps://console.cloud.google.com/dataproc/jobs/5db11da8-971a-4fa5-b912-db647a917b2a?project=sage-mind-489618-n5&region=us-central1\ngcloud dataproc jobs wait \'5db11da8-971a-4fa5-b912-db647a917b2a\' --region \'us-central1\' --project \'sage-mind-489618-n5\'\nhttps://console.cloud.google.com/storage/browser/dataproc-staging-us-central1-47706975998-p2ulnh4c/google-cloud-dataproc-metainfo/dcbcb8f4-1c86-4f9a-8849-8a97e5e7e2b3/jobs/5db11da8-971a-4fa5-b912-db647a917b2a/\ngs://dataproc-staging-us-central1-47706975998-p2ulnh4c/google-cloud-dataproc-metainfo/dcbcb8f4-1c86-4f9a-8849-8a97e5e7e2b3/jobs/5db11da8-971a-4fa5-b912-db647a917b2a/driveroutput.*"
  state_start_time {
    seconds: 1779955289
    nanos: 489395000
  }
}
status_history {
  state: PENDING
  state_start_time {
    seconds: 1779955270
    nanos: 553796000
  }
}
status_history {
  state: SETUP_DONE
  state_start_time {
    seconds: 1779955270
    nanos: 595833000
  }
}
status_history {
  state: RUNNING
  state_start_time {
    seconds: 1779955271
    nanos: 77097000
  }
}
driver_output_resource_uri: "gs://dataproc-staging-us-central1-47706975998-p2ulnh4c/google-cloud-dataproc-metainfo/dcbcb8f4-1c86-4f9a-8849-8a97e5e7e2b3/jobs/5db11da8-971a-4fa5-b912-db647a917b2a/driveroutput"
driver_control_files_uri: "gs://dataproc-staging-us-central1-47706975998-p2ulnh4c/google-cloud-dataproc-metainfo/dcbcb8f4-1c86-4f9a-8849-8a97e5e7e2b3/jobs/5db11da8-971a-4fa5-b912-db647a917b2a/"
job_uuid: "5db11da8-971a-4fa5-b912-db647a917b2a"
done: true

[2026-05-28T08:01:33.213+0000] {taskinstance.py:1138} INFO - Marking task as UP_FOR_RETRY. dag_id=crime_analytics_pipeline, task_id=etl_silver, execution_date=20260528T075459, start_date=20260528T080109, end_date=20260528T080133
[2026-05-28T08:01:33.225+0000] {standard_task_runner.py:107} ERROR - Failed to execute job 249 for task etl_silver (Job failed:
reference {
  project_id: "sage-mind-489618-n5"
  job_id: "5db11da8-971a-4fa5-b912-db647a917b2a"
}
placement {
  cluster_name: "crime-etl-cluster"
  cluster_uuid: "dcbcb8f4-1c86-4f9a-8849-8a97e5e7e2b3"
}
pyspark_job {
  main_python_file_uri: "gs://chicago-crime-raw-group15/scripts/stage3_silver_main.py"
  args: "--project=sage-mind-489618-n5"
  python_file_uris: "gs://chicago-crime-raw-group15/scripts/utils.zip"
  python_file_uris: "gs://chicago-crime-raw-group15/scripts/stage3_silver.zip"
  properties {
    key: "spark.jars.packages"
    value: "com.google.cloud.spark:spark-bigquery-with-dependencies_2.12:0.32.2"
  }
}
status {
  state: ERROR
  details: "Job failed with message [ModuleNotFoundError: No module named \'h3\']. Additional details can be found at:\nhttps://console.cloud.google.com/dataproc/jobs/5db11da8-971a-4fa5-b912-db647a917b2a?project=sage-mind-489618-n5&region=us-central1\ngcloud dataproc jobs wait \'5db11da8-971a-4fa5-b912-db647a917b2a\' --region \'us-central1\' --project \'sage-mind-489618-n5\'\nhttps://console.cloud.google.com/storage/browser/dataproc-staging-us-central1-47706975998-p2ulnh4c/google-cloud-dataproc-metainfo/dcbcb8f4-1c86-4f9a-8849-8a97e5e7e2b3/jobs/5db11da8-971a-4fa5-b912-db647a917b2a/\ngs://dataproc-staging-us-central1-47706975998-p2ulnh4c/google-cloud-dataproc-metainfo/dcbcb8f4-1c86-4f9a-8849-8a97e5e7e2b3/jobs/5db11da8-971a-4fa5-b912-db647a917b2a/driveroutput.*"
  state_start_time {
    seconds: 1779955289
    nanos: 489395000
  }
}
status_history {
  state: PENDING
  state_start_time {
    seconds: 1779955270
    nanos: 553796000
  }
}
status_history {
  state: SETUP_DONE
  state_start_time {
    seconds: 1779955270
    nanos: 595833000
  }
}
status_history {
  state: RUNNING
  state_start_time {
    seconds: 1779955271
    nanos: 77097000
  }
}
driver_output_resource_uri: "gs://dataproc-staging-us-central1-47706975998-p2ulnh4c/google-cloud-dataproc-metainfo/dcbcb8f4-1c86-4f9a-8849-8a97e5e7e2b3/jobs/5db11da8-971a-4fa5-b912-db647a917b2a/driveroutput"
driver_control_files_uri: "gs://dataproc-staging-us-central1-47706975998-p2ulnh4c/google-cloud-dataproc-metainfo/dcbcb8f4-1c86-4f9a-8849-8a97e5e7e2b3/jobs/5db11da8-971a-4fa5-b912-db647a917b2a/"
job_uuid: "5db11da8-971a-4fa5-b912-db647a917b2a"
done: true
; 1655)
[2026-05-28T08:01:32.689+0000] {local_task_job_runner.py:234} INFO - Task exited with return code 1
[2026-05-28T08:01:32.718+0000] {taskinstance.py:3280} INFO - 0 downstream tasks scheduled from follow-on schedule check
