[2026-05-28T07:09:28.462+0000] {taskinstance.py:1956} INFO - Dependencies all met for dep_context=non-requeueable deps ti=<TaskInstance: crime_analytics_pipeline.etl_bronze scheduled__2026-05-16T19:00:00+00:00 [queued]>
[2026-05-28T07:09:28.472+0000] {taskinstance.py:1956} INFO - Dependencies all met for dep_context=requeueable deps ti=<TaskInstance: crime_analytics_pipeline.etl_bronze scheduled__2026-05-16T19:00:00+00:00 [queued]>
[2026-05-28T07:09:28.473+0000] {taskinstance.py:2170} INFO - Starting attempt 1 of 2
[2026-05-28T07:09:28.489+0000] {taskinstance.py:2191} INFO - Executing <Task(DataprocSubmitJobOperator): etl_bronze> on 2026-05-16 19:00:00+00:00
[2026-05-28T07:09:28.496+0000] {standard_task_runner.py:60} INFO - Started process 309 to run task
[2026-05-28T07:09:28.501+0000] {standard_task_runner.py:87} INFO - Running: ['***', 'tasks', 'run', 'crime_analytics_pipeline', 'etl_bronze', 'scheduled__2026-05-16T19:00:00+00:00', '--job-id', '231', '--raw', '--subdir', 'DAGS_FOLDER/dag_crime_pipeline.py', '--cfg-path', '/tmp/tmpnbu1y7v_']
[2026-05-28T07:09:28.505+0000] {standard_task_runner.py:88} INFO - Job 231: Subtask etl_bronze
[2026-05-28T07:09:28.580+0000] {task_command.py:423} INFO - Running <TaskInstance: crime_analytics_pipeline.etl_bronze scheduled__2026-05-16T19:00:00+00:00 [running]> on host db8b8170dea9
[2026-05-28T07:09:28.696+0000] {taskinstance.py:2480} INFO - Exporting env vars: AIRFLOW_CTX_DAG_EMAIL='cdash-alerts@example.com' AIRFLOW_CTX_DAG_OWNER='crime-analytics' AIRFLOW_CTX_DAG_ID='crime_analytics_pipeline' AIRFLOW_CTX_TASK_ID='etl_bronze' AIRFLOW_CTX_EXECUTION_DATE='2026-05-16T19:00:00+00:00' AIRFLOW_CTX_TRY_NUMBER='1' AIRFLOW_CTX_DAG_RUN_ID='scheduled__2026-05-16T19:00:00+00:00'
[2026-05-28T07:09:28.699+0000] {dataproc.py:2208} INFO - Submitting job
[2026-05-28T07:09:28.718+0000] {connection.py:234} WARNING - Connection schemes (type: google_cloud_platform) shall not contain '_' according to RFC3986.
[2026-05-28T07:09:28.719+0000] {base.py:83} INFO - Using connection ID 'google_cloud_default' for task execution.
[2026-05-28T07:09:30.436+0000] {dataproc.py:2220} INFO - Job 42d17167-6bb2-47ac-b877-2570bc0324e0 submitted successfully.
[2026-05-28T07:09:30.460+0000] {dataproc.py:2254} INFO - Waiting for job 42d17167-6bb2-47ac-b877-2570bc0324e0 to complete
[2026-05-28T07:09:40.864+0000] {taskinstance.py:2698} ERROR - Task failed with exception
Traceback (most recent call last):
  File "/home/airflow/.local/lib/python3.11/site-packages/airflow/models/taskinstance.py", line 433, in _execute_task
    result = execute_callable(context=context, **execute_callable_kwargs)
             ^^^^^^^^^^^^^^^^^^^^^^^^^^^^^^^^^^^^^^^^^^^^^^^^^^^^^^^^^^^^
  File "/home/airflow/.local/lib/python3.11/site-packages/airflow/providers/google/cloud/operators/dataproc.py", line 2255, in execute
    self.hook.wait_for_job(
  File "/home/airflow/.local/lib/python3.11/site-packages/airflow/providers/google/common/hooks/base_google.py", line 477, in inner_wrapper
    return func(self, *args, **kwargs)
           ^^^^^^^^^^^^^^^^^^^^^^^^^^^
  File "/home/airflow/.local/lib/python3.11/site-packages/airflow/providers/google/cloud/hooks/dataproc.py", line 724, in wait_for_job
    raise AirflowException(f"Job failed:\n{job}")
airflow.exceptions.AirflowException: Job failed:
reference {
  project_id: "sage-mind-489618-n5"
  job_id: "42d17167-6bb2-47ac-b877-2570bc0324e0"
}
placement {
  cluster_name: "crime-etl-cluster"
  cluster_uuid: "c91ebc9c-3b33-4004-9f2b-c78b2ec881bb"
}
pyspark_job {
  main_python_file_uri: "gs://chicago-crime-raw-group15/scripts/stage2_bronze/data_ingestion.py_main.py"
  args: "--env=prod"
  args: "--raw_path=gs://chicago-crime-raw-group15/raw/chicago_crime/*/*/*/data.csv"
  args: "--bronze_path=gs://chicago-crime-raw-group15/bronze/chicago_crime"
  args: "--ds=2026-05-16"
  python_file_uris: "gs://chicago-crime-raw-group15/scripts/utils.zip"
  python_file_uris: "gs://chicago-crime-raw-group15/scripts/stage2_bronze/data_ingestion.py.zip"
  properties {
    key: "spark.jars.packages"
    value: "com.google.cloud.spark:spark-bigquery-with-dependencies_2.12:0.32.2"
  }
}
status {
  state: ERROR
  details: "File not found: gs://chicago-crime-raw-group15/scripts/stage2_bronze/data_ingestion.py.zip"
  state_start_time {
    seconds: 1779952178
    nanos: 333164000
  }
}
status_history {
  state: PENDING
  state_start_time {
    seconds: 1779952169
    nanos: 399376000
  }
}
status_history {
  state: SETUP_DONE
  state_start_time {
    seconds: 1779952169
    nanos: 466624000
  }
}
status_history {
  state: RUNNING
  state_start_time {
    seconds: 1779952169
    nanos: 953093000
  }
}
driver_output_resource_uri: "gs://dataproc-staging-us-central1-47706975998-p2ulnh4c/google-cloud-dataproc-metainfo/c91ebc9c-3b33-4004-9f2b-c78b2ec881bb/jobs/42d17167-6bb2-47ac-b877-2570bc0324e0/driveroutput"
driver_control_files_uri: "gs://dataproc-staging-us-central1-47706975998-p2ulnh4c/google-cloud-dataproc-metainfo/c91ebc9c-3b33-4004-9f2b-c78b2ec881bb/jobs/42d17167-6bb2-47ac-b877-2570bc0324e0/"
job_uuid: "42d17167-6bb2-47ac-b877-2570bc0324e0"
done: true

[2026-05-28T07:09:40.892+0000] {taskinstance.py:1138} INFO - Marking task as UP_FOR_RETRY. dag_id=crime_analytics_pipeline, task_id=etl_bronze, execution_date=20260516T190000, start_date=20260528T070928, end_date=20260528T070940
[2026-05-28T07:09:40.909+0000] {standard_task_runner.py:107} ERROR - Failed to execute job 231 for task etl_bronze (Job failed:
reference {
  project_id: "sage-mind-489618-n5"
  job_id: "42d17167-6bb2-47ac-b877-2570bc0324e0"
}
placement {
  cluster_name: "crime-etl-cluster"
  cluster_uuid: "c91ebc9c-3b33-4004-9f2b-c78b2ec881bb"
}
pyspark_job {
  main_python_file_uri: "gs://chicago-crime-raw-group15/scripts/stage2_bronze/data_ingestion.py_main.py"
  args: "--env=prod"
  args: "--raw_path=gs://chicago-crime-raw-group15/raw/chicago_crime/*/*/*/data.csv"
  args: "--bronze_path=gs://chicago-crime-raw-group15/bronze/chicago_crime"
  args: "--ds=2026-05-16"
  python_file_uris: "gs://chicago-crime-raw-group15/scripts/utils.zip"
  python_file_uris: "gs://chicago-crime-raw-group15/scripts/stage2_bronze/data_ingestion.py.zip"
  properties {
    key: "spark.jars.packages"
    value: "com.google.cloud.spark:spark-bigquery-with-dependencies_2.12:0.32.2"
  }
}
status {
  state: ERROR
  details: "File not found: gs://chicago-crime-raw-group15/scripts/stage2_bronze/data_ingestion.py.zip"
  state_start_time {
    seconds: 1779952178
    nanos: 333164000
  }
}
status_history {
  state: PENDING
  state_start_time {
    seconds: 1779952169
    nanos: 399376000
  }
}
status_history {
  state: SETUP_DONE
  state_start_time {
    seconds: 1779952169
    nanos: 466624000
  }
}
status_history {
  state: RUNNING
  state_start_time {
    seconds: 1779952169
    nanos: 953093000
  }
}
driver_output_resource_uri: "gs://dataproc-staging-us-central1-47706975998-p2ulnh4c/google-cloud-dataproc-metainfo/c91ebc9c-3b33-4004-9f2b-c78b2ec881bb/jobs/42d17167-6bb2-47ac-b877-2570bc0324e0/driveroutput"
driver_control_files_uri: "gs://dataproc-staging-us-central1-47706975998-p2ulnh4c/google-cloud-dataproc-metainfo/c91ebc9c-3b33-4004-9f2b-c78b2ec881bb/jobs/42d17167-6bb2-47ac-b877-2570bc0324e0/"
job_uuid: "42d17167-6bb2-47ac-b877-2570bc0324e0"
done: true
; 309)
[2026-05-28T07:09:40.947+0000] {local_task_job_runner.py:234} INFO - Task exited with return code 1
[2026-05-28T07:09:40.978+0000] {taskinstance.py:3280} INFO - 0 downstream tasks scheduled from follow-on schedule check
