[2026-05-24T20:33:06.940+0000] {taskinstance.py:1956} INFO - Dependencies all met for dep_context=non-requeueable deps ti=<TaskInstance: crime_analytics_pipeline.ingest_weather manual__2026-05-24T20:33:04.556582+00:00 [queued]>
[2026-05-24T20:33:06.947+0000] {taskinstance.py:1956} INFO - Dependencies all met for dep_context=requeueable deps ti=<TaskInstance: crime_analytics_pipeline.ingest_weather manual__2026-05-24T20:33:04.556582+00:00 [queued]>
[2026-05-24T20:33:06.948+0000] {taskinstance.py:2170} INFO - Starting attempt 1 of 2
[2026-05-24T20:33:06.962+0000] {taskinstance.py:2191} INFO - Executing <Task(PythonOperator): ingest_weather> on 2026-05-24 20:33:04.556582+00:00
[2026-05-24T20:33:06.970+0000] {standard_task_runner.py:60} INFO - Started process 223 to run task
[2026-05-24T20:33:06.975+0000] {standard_task_runner.py:87} INFO - Running: ['***', 'tasks', 'run', 'crime_analytics_pipeline', 'ingest_weather', 'manual__2026-05-24T20:33:04.556582+00:00', '--job-id', '32', '--raw', '--subdir', 'DAGS_FOLDER/dag_crime_pipeline.py', '--cfg-path', '/tmp/tmpd_sidxz4']
[2026-05-24T20:33:06.979+0000] {standard_task_runner.py:88} INFO - Job 32: Subtask ingest_weather
[2026-05-24T20:33:07.060+0000] {task_command.py:423} INFO - Running <TaskInstance: crime_analytics_pipeline.ingest_weather manual__2026-05-24T20:33:04.556582+00:00 [running]> on host 93e8dbfc6168
[2026-05-24T20:33:07.163+0000] {taskinstance.py:2480} INFO - Exporting env vars: AIRFLOW_CTX_DAG_EMAIL='cdash-alerts@example.com' AIRFLOW_CTX_DAG_OWNER='crime-analytics' AIRFLOW_CTX_DAG_ID='crime_analytics_pipeline' AIRFLOW_CTX_TASK_ID='ingest_weather' AIRFLOW_CTX_EXECUTION_DATE='2026-05-24T20:33:04.556582+00:00' AIRFLOW_CTX_TRY_NUMBER='1' AIRFLOW_CTX_DAG_RUN_ID='manual__2026-05-24T20:33:04.556582+00:00'
[2026-05-24T20:33:08.110+0000] {taskinstance.py:2698} ERROR - Task failed with exception
Traceback (most recent call last):
  File "/home/airflow/.local/lib/python3.11/site-packages/airflow/models/taskinstance.py", line 433, in _execute_task
    result = execute_callable(context=context, **execute_callable_kwargs)
             ^^^^^^^^^^^^^^^^^^^^^^^^^^^^^^^^^^^^^^^^^^^^^^^^^^^^^^^^^^^^
  File "/home/airflow/.local/lib/python3.11/site-packages/airflow/operators/python.py", line 199, in execute
    return_value = self.execute_callable()
                   ^^^^^^^^^^^^^^^^^^^^^^^
  File "/home/airflow/.local/lib/python3.11/site-packages/airflow/operators/python.py", line 216, in execute_callable
    return self.python_callable(*self.op_args, **self.op_kwargs)
           ^^^^^^^^^^^^^^^^^^^^^^^^^^^^^^^^^^^^^^^^^^^^^^^^^^^^^
  File "/opt/airflow/dags/dag_crime_pipeline.py", line 128, in _ingest_weather
    headers = {"token": NOAA_API_TOKEN}
                        ^^^^^^^^^^^^^^
NameError: name 'NOAA_API_TOKEN' is not defined
[2026-05-24T20:33:08.131+0000] {taskinstance.py:1138} INFO - Marking task as UP_FOR_RETRY. dag_id=crime_analytics_pipeline, task_id=ingest_weather, execution_date=20260524T203304, start_date=20260524T203306, end_date=20260524T203308
[2026-05-24T20:33:08.151+0000] {standard_task_runner.py:107} ERROR - Failed to execute job 32 for task ingest_weather (name 'NOAA_API_TOKEN' is not defined; 223)
[2026-05-24T20:33:08.193+0000] {local_task_job_runner.py:234} INFO - Task exited with return code 1
[2026-05-24T20:33:08.227+0000] {taskinstance.py:3280} INFO - 0 downstream tasks scheduled from follow-on schedule check
