[2026-06-02T16:00:26.435+0000] {taskinstance.py:1956} INFO - Dependencies all met for dep_context=non-requeueable deps ti=<TaskInstance: crime_analytics_pipeline.ingest_poi manual__2026-06-02T16:00:23.902592+00:00 [queued]>
[2026-06-02T16:00:26.443+0000] {taskinstance.py:1956} INFO - Dependencies all met for dep_context=requeueable deps ti=<TaskInstance: crime_analytics_pipeline.ingest_poi manual__2026-06-02T16:00:23.902592+00:00 [queued]>
[2026-06-02T16:00:26.444+0000] {taskinstance.py:2170} INFO - Starting attempt 1 of 2
[2026-06-02T16:00:26.459+0000] {taskinstance.py:2191} INFO - Executing <Task(PythonOperator): ingest_poi> on 2026-06-02 16:00:23.902592+00:00
[2026-06-02T16:00:26.468+0000] {standard_task_runner.py:60} INFO - Started process 200 to run task
[2026-06-02T16:00:26.472+0000] {standard_task_runner.py:87} INFO - Running: ['***', 'tasks', 'run', 'crime_analytics_pipeline', 'ingest_poi', 'manual__2026-06-02T16:00:23.902592+00:00', '--job-id', '461', '--raw', '--subdir', 'DAGS_FOLDER/dag_crime_pipeline.py', '--cfg-path', '/tmp/tmpu4s6tylr']
[2026-06-02T16:00:26.477+0000] {standard_task_runner.py:88} INFO - Job 461: Subtask ingest_poi
[2026-06-02T16:00:26.549+0000] {task_command.py:423} INFO - Running <TaskInstance: crime_analytics_pipeline.ingest_poi manual__2026-06-02T16:00:23.902592+00:00 [running]> on host db8b8170dea9
[2026-06-02T16:00:26.696+0000] {taskinstance.py:2480} INFO - Exporting env vars: AIRFLOW_CTX_DAG_EMAIL='cdash-alerts@example.com' AIRFLOW_CTX_DAG_OWNER='crime-analytics' AIRFLOW_CTX_DAG_ID='crime_analytics_pipeline' AIRFLOW_CTX_TASK_ID='ingest_poi' AIRFLOW_CTX_EXECUTION_DATE='2026-06-02T16:00:23.902592+00:00' AIRFLOW_CTX_TRY_NUMBER='1' AIRFLOW_CTX_DAG_RUN_ID='manual__2026-06-02T16:00:23.902592+00:00'
[2026-06-02T16:00:31.200+0000] {logging_mixin.py:188} WARNING - /opt/***/dags/dag_crime_pipeline.py:279 UserWarning: Geometry is in a geographic CRS. Results from 'centroid' are likely incorrect. Use 'GeoSeries.to_crs()' to re-project geometries to a projected CRS before this operation.
[2026-06-02T16:00:31.211+0000] {logging_mixin.py:188} WARNING - /opt/***/dags/dag_crime_pipeline.py:280 UserWarning: Geometry is in a geographic CRS. Results from 'centroid' are likely incorrect. Use 'GeoSeries.to_crs()' to re-project geometries to a projected CRS before this operation.
[2026-06-02T16:00:31.519+0000] {logging_mixin.py:188} WARNING - /opt/***/dags/dag_crime_pipeline.py:279 UserWarning: Geometry is in a geographic CRS. Results from 'centroid' are likely incorrect. Use 'GeoSeries.to_crs()' to re-project geometries to a projected CRS before this operation.
[2026-06-02T16:00:31.529+0000] {logging_mixin.py:188} WARNING - /opt/***/dags/dag_crime_pipeline.py:280 UserWarning: Geometry is in a geographic CRS. Results from 'centroid' are likely incorrect. Use 'GeoSeries.to_crs()' to re-project geometries to a projected CRS before this operation.
[2026-06-02T16:00:32.023+0000] {logging_mixin.py:188} WARNING - /opt/***/dags/dag_crime_pipeline.py:279 UserWarning: Geometry is in a geographic CRS. Results from 'centroid' are likely incorrect. Use 'GeoSeries.to_crs()' to re-project geometries to a projected CRS before this operation.
[2026-06-02T16:00:32.050+0000] {logging_mixin.py:188} WARNING - /opt/***/dags/dag_crime_pipeline.py:280 UserWarning: Geometry is in a geographic CRS. Results from 'centroid' are likely incorrect. Use 'GeoSeries.to_crs()' to re-project geometries to a projected CRS before this operation.
[2026-06-02T16:00:32.344+0000] {logging_mixin.py:188} WARNING - /opt/***/dags/dag_crime_pipeline.py:279 UserWarning: Geometry is in a geographic CRS. Results from 'centroid' are likely incorrect. Use 'GeoSeries.to_crs()' to re-project geometries to a projected CRS before this operation.
[2026-06-02T16:00:32.352+0000] {logging_mixin.py:188} WARNING - /opt/***/dags/dag_crime_pipeline.py:280 UserWarning: Geometry is in a geographic CRS. Results from 'centroid' are likely incorrect. Use 'GeoSeries.to_crs()' to re-project geometries to a projected CRS before this operation.
[2026-06-02T16:00:33.731+0000] {python.py:201} INFO - Done. Returned value was: None
[2026-06-02T16:00:33.747+0000] {taskinstance.py:1138} INFO - Marking task as SUCCESS. dag_id=crime_analytics_pipeline, task_id=ingest_poi, execution_date=20260602T160023, start_date=20260602T160026, end_date=20260602T160033
[2026-06-02T16:00:33.879+0000] {local_task_job_runner.py:234} INFO - Task exited with return code 0
[2026-06-02T16:00:33.912+0000] {taskinstance.py:3280} INFO - 0 downstream tasks scheduled from follow-on schedule check
