[2026-05-28T07:55:01.464+0000] {taskinstance.py:1956} INFO - Dependencies all met for dep_context=non-requeueable deps ti=<TaskInstance: crime_analytics_pipeline.ingest_poi manual__2026-05-28T07:54:59.083901+00:00 [queued]>
[2026-05-28T07:55:01.473+0000] {taskinstance.py:1956} INFO - Dependencies all met for dep_context=requeueable deps ti=<TaskInstance: crime_analytics_pipeline.ingest_poi manual__2026-05-28T07:54:59.083901+00:00 [queued]>
[2026-05-28T07:55:01.473+0000] {taskinstance.py:2170} INFO - Starting attempt 1 of 2
[2026-05-28T07:55:01.489+0000] {taskinstance.py:2191} INFO - Executing <Task(PythonOperator): ingest_poi> on 2026-05-28 07:54:59.083901+00:00
[2026-05-28T07:55:01.499+0000] {standard_task_runner.py:60} INFO - Started process 1312 to run task
[2026-05-28T07:55:01.506+0000] {standard_task_runner.py:87} INFO - Running: ['***', 'tasks', 'run', 'crime_analytics_pipeline', 'ingest_poi', 'manual__2026-05-28T07:54:59.083901+00:00', '--job-id', '245', '--raw', '--subdir', 'DAGS_FOLDER/dag_crime_pipeline.py', '--cfg-path', '/tmp/tmpxaj43q25']
[2026-05-28T07:55:01.511+0000] {standard_task_runner.py:88} INFO - Job 245: Subtask ingest_poi
[2026-05-28T07:55:01.599+0000] {task_command.py:423} INFO - Running <TaskInstance: crime_analytics_pipeline.ingest_poi manual__2026-05-28T07:54:59.083901+00:00 [running]> on host db8b8170dea9
[2026-05-28T07:55:01.723+0000] {taskinstance.py:2480} INFO - Exporting env vars: AIRFLOW_CTX_DAG_EMAIL='cdash-alerts@example.com' AIRFLOW_CTX_DAG_OWNER='crime-analytics' AIRFLOW_CTX_DAG_ID='crime_analytics_pipeline' AIRFLOW_CTX_TASK_ID='ingest_poi' AIRFLOW_CTX_EXECUTION_DATE='2026-05-28T07:54:59.083901+00:00' AIRFLOW_CTX_TRY_NUMBER='1' AIRFLOW_CTX_DAG_RUN_ID='manual__2026-05-28T07:54:59.083901+00:00'
[2026-05-28T07:55:05.424+0000] {logging_mixin.py:188} INFO - [ingest_poi] Fetching transit_station ...
[2026-05-28T07:55:06.184+0000] {logging_mixin.py:188} WARNING - /opt/***/dags/dag_crime_pipeline.py:516 UserWarning: Geometry is in a geographic CRS. Results from 'centroid' are likely incorrect. Use 'GeoSeries.to_crs()' to re-project geometries to a projected CRS before this operation.
[2026-05-28T07:55:06.199+0000] {logging_mixin.py:188} WARNING - /opt/***/dags/dag_crime_pipeline.py:517 UserWarning: Geometry is in a geographic CRS. Results from 'centroid' are likely incorrect. Use 'GeoSeries.to_crs()' to re-project geometries to a projected CRS before this operation.
[2026-05-28T07:55:06.202+0000] {logging_mixin.py:188} INFO - [ingest_poi]   ✓ 190 transit_station
[2026-05-28T07:55:06.203+0000] {logging_mixin.py:188} INFO - [ingest_poi] Fetching school ...
[2026-05-28T07:55:06.491+0000] {logging_mixin.py:188} WARNING - /opt/***/dags/dag_crime_pipeline.py:516 UserWarning: Geometry is in a geographic CRS. Results from 'centroid' are likely incorrect. Use 'GeoSeries.to_crs()' to re-project geometries to a projected CRS before this operation.
[2026-05-28T07:55:06.500+0000] {logging_mixin.py:188} WARNING - /opt/***/dags/dag_crime_pipeline.py:517 UserWarning: Geometry is in a geographic CRS. Results from 'centroid' are likely incorrect. Use 'GeoSeries.to_crs()' to re-project geometries to a projected CRS before this operation.
[2026-05-28T07:55:06.504+0000] {logging_mixin.py:188} INFO - [ingest_poi]   ✓ 1051 school
[2026-05-28T07:55:06.504+0000] {logging_mixin.py:188} INFO - [ingest_poi] Fetching park ...
[2026-05-28T07:55:07.134+0000] {logging_mixin.py:188} WARNING - /opt/***/dags/dag_crime_pipeline.py:516 UserWarning: Geometry is in a geographic CRS. Results from 'centroid' are likely incorrect. Use 'GeoSeries.to_crs()' to re-project geometries to a projected CRS before this operation.
[2026-05-28T07:55:07.147+0000] {logging_mixin.py:188} WARNING - /opt/***/dags/dag_crime_pipeline.py:517 UserWarning: Geometry is in a geographic CRS. Results from 'centroid' are likely incorrect. Use 'GeoSeries.to_crs()' to re-project geometries to a projected CRS before this operation.
[2026-05-28T07:55:07.151+0000] {logging_mixin.py:188} INFO - [ingest_poi]   ✓ 898 park
[2026-05-28T07:55:07.152+0000] {logging_mixin.py:188} INFO - [ingest_poi] Fetching nightlife ...
[2026-05-28T07:55:07.430+0000] {logging_mixin.py:188} WARNING - /opt/***/dags/dag_crime_pipeline.py:516 UserWarning: Geometry is in a geographic CRS. Results from 'centroid' are likely incorrect. Use 'GeoSeries.to_crs()' to re-project geometries to a projected CRS before this operation.
[2026-05-28T07:55:07.439+0000] {logging_mixin.py:188} WARNING - /opt/***/dags/dag_crime_pipeline.py:517 UserWarning: Geometry is in a geographic CRS. Results from 'centroid' are likely incorrect. Use 'GeoSeries.to_crs()' to re-project geometries to a projected CRS before this operation.
[2026-05-28T07:55:07.443+0000] {logging_mixin.py:188} INFO - [ingest_poi]   ✓ 856 nightlife
[2026-05-28T07:55:08.759+0000] {logging_mixin.py:188} INFO - [ingest_poi] Uploaded 2995 POIs → gs://chicago-crime-raw-group15/raw/poi/chicago_pois.csv
[2026-05-28T07:55:08.761+0000] {python.py:201} INFO - Done. Returned value was: None
[2026-05-28T07:55:08.779+0000] {taskinstance.py:1138} INFO - Marking task as SUCCESS. dag_id=crime_analytics_pipeline, task_id=ingest_poi, execution_date=20260528T075459, start_date=20260528T075501, end_date=20260528T075508
[2026-05-28T07:55:08.888+0000] {local_task_job_runner.py:234} INFO - Task exited with return code 0
[2026-05-28T07:55:08.921+0000] {taskinstance.py:3280} INFO - 0 downstream tasks scheduled from follow-on schedule check
