[2026-05-24T19:27:44.303+0000] {taskinstance.py:1956} INFO - Dependencies all met for dep_context=non-requeueable deps ti=<TaskInstance: crime_analytics_pipeline.create_dataproc_cluster scheduled__2026-05-16T19:00:00+00:00 [queued]>
[2026-05-24T19:27:44.312+0000] {taskinstance.py:1956} INFO - Dependencies all met for dep_context=requeueable deps ti=<TaskInstance: crime_analytics_pipeline.create_dataproc_cluster scheduled__2026-05-16T19:00:00+00:00 [queued]>
[2026-05-24T19:27:44.314+0000] {taskinstance.py:2170} INFO - Starting attempt 1 of 2
[2026-05-24T19:27:44.329+0000] {taskinstance.py:2191} INFO - Executing <Task(DataprocCreateClusterOperator): create_dataproc_cluster> on 2026-05-16 19:00:00+00:00
[2026-05-24T19:27:44.337+0000] {standard_task_runner.py:60} INFO - Started process 513 to run task
[2026-05-24T19:27:44.343+0000] {standard_task_runner.py:87} INFO - Running: ['***', 'tasks', 'run', 'crime_analytics_pipeline', 'create_dataproc_cluster', 'scheduled__2026-05-16T19:00:00+00:00', '--job-id', '21', '--raw', '--subdir', 'DAGS_FOLDER/dag_crime_pipeline.py', '--cfg-path', '/tmp/tmpkhr4hinl']
[2026-05-24T19:27:44.346+0000] {standard_task_runner.py:88} INFO - Job 21: Subtask create_dataproc_cluster
[2026-05-24T19:27:44.417+0000] {task_command.py:423} INFO - Running <TaskInstance: crime_analytics_pipeline.create_dataproc_cluster scheduled__2026-05-16T19:00:00+00:00 [running]> on host 93e8dbfc6168
[2026-05-24T19:27:44.520+0000] {taskinstance.py:2480} INFO - Exporting env vars: AIRFLOW_CTX_DAG_EMAIL='cdash-alerts@example.com' AIRFLOW_CTX_DAG_OWNER='crime-analytics' AIRFLOW_CTX_DAG_ID='crime_analytics_pipeline' AIRFLOW_CTX_TASK_ID='create_dataproc_cluster' AIRFLOW_CTX_EXECUTION_DATE='2026-05-16T19:00:00+00:00' AIRFLOW_CTX_TRY_NUMBER='1' AIRFLOW_CTX_DAG_RUN_ID='scheduled__2026-05-16T19:00:00+00:00'
[2026-05-24T19:27:44.522+0000] {dataproc.py:722} INFO - Creating cluster: crime-etl-cluster
[2026-05-24T19:27:44.547+0000] {taskinstance.py:2698} ERROR - Task failed with exception
Traceback (most recent call last):
  File "/home/airflow/.local/lib/python3.11/site-packages/airflow/models/taskinstance.py", line 433, in _execute_task
    result = execute_callable(context=context, **execute_callable_kwargs)
             ^^^^^^^^^^^^^^^^^^^^^^^^^^^^^^^^^^^^^^^^^^^^^^^^^^^^^^^^^^^^
  File "/home/airflow/.local/lib/python3.11/site-packages/airflow/providers/google/cloud/operators/dataproc.py", line 723, in execute
    hook = DataprocHook(gcp_conn_id=self.gcp_conn_id, impersonation_chain=self.impersonation_chain)
           ^^^^^^^^^^^^^^^^^^^^^^^^^^^^^^^^^^^^^^^^^^^^^^^^^^^^^^^^^^^^^^^^^^^^^^^^^^^^^^^^^^^^^^^^
  File "/home/airflow/.local/lib/python3.11/site-packages/airflow/providers/google/cloud/hooks/dataproc.py", line 210, in __init__
    super().__init__(gcp_conn_id=gcp_conn_id, impersonation_chain=impersonation_chain)
  File "/home/airflow/.local/lib/python3.11/site-packages/airflow/providers/google/common/hooks/base_google.py", line 242, in __init__
    self.extras: dict = self.get_connection(self.gcp_conn_id).extra_dejson
                        ^^^^^^^^^^^^^^^^^^^^^^^^^^^^^^^^^^^^^
  File "/home/airflow/.local/lib/python3.11/site-packages/airflow/hooks/base.py", line 82, in get_connection
    conn = Connection.get_connection_from_secrets(conn_id)
           ^^^^^^^^^^^^^^^^^^^^^^^^^^^^^^^^^^^^^^^^^^^^^^^
  File "/home/airflow/.local/lib/python3.11/site-packages/airflow/models/connection.py", line 479, in get_connection_from_secrets
    raise AirflowNotFoundException(f"The conn_id `{conn_id}` isn't defined")
airflow.exceptions.AirflowNotFoundException: The conn_id `google_cloud_default` isn't defined
[2026-05-24T19:27:44.552+0000] {taskinstance.py:1138} INFO - Marking task as UP_FOR_RETRY. dag_id=crime_analytics_pipeline, task_id=create_dataproc_cluster, execution_date=20260516T190000, start_date=20260524T192744, end_date=20260524T192744
[2026-05-24T19:27:44.585+0000] {standard_task_runner.py:107} ERROR - Failed to execute job 21 for task create_dataproc_cluster (The conn_id `google_cloud_default` isn't defined; 513)
[2026-05-24T19:27:44.635+0000] {local_task_job_runner.py:234} INFO - Task exited with return code 1
[2026-05-24T19:27:44.667+0000] {taskinstance.py:3280} INFO - 0 downstream tasks scheduled from follow-on schedule check
[2026-05-28T07:06:14.228+0000] {taskinstance.py:1956} INFO - Dependencies all met for dep_context=non-requeueable deps ti=<TaskInstance: crime_analytics_pipeline.create_dataproc_cluster scheduled__2026-05-16T19:00:00+00:00 [queued]>
[2026-05-28T07:06:14.243+0000] {taskinstance.py:1956} INFO - Dependencies all met for dep_context=requeueable deps ti=<TaskInstance: crime_analytics_pipeline.create_dataproc_cluster scheduled__2026-05-16T19:00:00+00:00 [queued]>
[2026-05-28T07:06:14.244+0000] {taskinstance.py:2170} INFO - Starting attempt 1 of 2
[2026-05-28T07:06:14.261+0000] {taskinstance.py:2191} INFO - Executing <Task(DataprocCreateClusterOperator): create_dataproc_cluster> on 2026-05-16 19:00:00+00:00
[2026-05-28T07:06:14.270+0000] {standard_task_runner.py:60} INFO - Started process 200 to run task
[2026-05-28T07:06:14.277+0000] {standard_task_runner.py:87} INFO - Running: ['***', 'tasks', 'run', 'crime_analytics_pipeline', 'create_dataproc_cluster', 'scheduled__2026-05-16T19:00:00+00:00', '--job-id', '227', '--raw', '--subdir', 'DAGS_FOLDER/dag_crime_pipeline.py', '--cfg-path', '/tmp/tmpfpy53hjf']
[2026-05-28T07:06:14.282+0000] {standard_task_runner.py:88} INFO - Job 227: Subtask create_dataproc_cluster
[2026-05-28T07:06:14.370+0000] {task_command.py:423} INFO - Running <TaskInstance: crime_analytics_pipeline.create_dataproc_cluster scheduled__2026-05-16T19:00:00+00:00 [running]> on host db8b8170dea9
[2026-05-28T07:06:14.489+0000] {taskinstance.py:2480} INFO - Exporting env vars: AIRFLOW_CTX_DAG_EMAIL='cdash-alerts@example.com' AIRFLOW_CTX_DAG_OWNER='crime-analytics' AIRFLOW_CTX_DAG_ID='crime_analytics_pipeline' AIRFLOW_CTX_TASK_ID='create_dataproc_cluster' AIRFLOW_CTX_EXECUTION_DATE='2026-05-16T19:00:00+00:00' AIRFLOW_CTX_TRY_NUMBER='1' AIRFLOW_CTX_DAG_RUN_ID='scheduled__2026-05-16T19:00:00+00:00'
[2026-05-28T07:06:14.493+0000] {dataproc.py:722} INFO - Creating cluster: crime-etl-cluster
[2026-05-28T07:06:14.509+0000] {connection.py:234} WARNING - Connection schemes (type: google_cloud_platform) shall not contain '_' according to RFC3986.
[2026-05-28T07:06:14.511+0000] {base.py:83} INFO - Using connection ID 'google_cloud_default' for task execution.
[2026-05-28T07:09:27.586+0000] {dataproc.py:741} INFO - Cluster created.
[2026-05-28T07:09:27.634+0000] {taskinstance.py:1138} INFO - Marking task as SUCCESS. dag_id=crime_analytics_pipeline, task_id=create_dataproc_cluster, execution_date=20260516T190000, start_date=20260528T070614, end_date=20260528T070927
[2026-05-28T07:09:27.687+0000] {local_task_job_runner.py:234} INFO - Task exited with return code 0
[2026-05-28T07:09:27.719+0000] {taskinstance.py:3280} INFO - 0 downstream tasks scheduled from follow-on schedule check
