[2026-05-30T20:11:34.411+0000] {processor.py:161} INFO - Started process (PID=189) to work on /opt/airflow/dags/dag_crime_pipeline.py
[2026-05-30T20:11:34.413+0000] {processor.py:830} INFO - Processing file /opt/airflow/dags/dag_crime_pipeline.py for tasks to queue
[2026-05-30T20:11:34.415+0000] {logging_mixin.py:188} INFO - [2026-05-30T20:11:34.415+0000] {dagbag.py:538} INFO - Filling up the DagBag from /opt/airflow/dags/dag_crime_pipeline.py
[2026-05-30T20:11:34.464+0000] {processor.py:840} INFO - DAG(s) 'crime_analytics_pipeline' retrieved from /opt/airflow/dags/dag_crime_pipeline.py
[2026-05-30T20:11:34.489+0000] {logging_mixin.py:188} INFO - [2026-05-30T20:11:34.488+0000] {dag.py:3036} INFO - Sync 1 DAGs
[2026-05-30T20:11:34.544+0000] {processor.py:183} INFO - Processing /opt/airflow/dags/dag_crime_pipeline.py took 0.138 seconds
[2026-05-30T20:12:04.749+0000] {processor.py:161} INFO - Started process (PID=255) to work on /opt/airflow/dags/dag_crime_pipeline.py
[2026-05-30T20:12:04.751+0000] {processor.py:830} INFO - Processing file /opt/airflow/dags/dag_crime_pipeline.py for tasks to queue
[2026-05-30T20:12:04.756+0000] {logging_mixin.py:188} INFO - [2026-05-30T20:12:04.756+0000] {dagbag.py:538} INFO - Filling up the DagBag from /opt/airflow/dags/dag_crime_pipeline.py
[2026-05-30T20:12:04.806+0000] {processor.py:840} INFO - DAG(s) 'crime_analytics_pipeline' retrieved from /opt/airflow/dags/dag_crime_pipeline.py
[2026-05-30T20:12:05.078+0000] {logging_mixin.py:188} INFO - [2026-05-30T20:12:05.078+0000] {dag.py:3036} INFO - Sync 1 DAGs
[2026-05-30T20:12:05.475+0000] {processor.py:183} INFO - Processing /opt/airflow/dags/dag_crime_pipeline.py took 0.733 seconds
[2026-05-30T20:12:35.876+0000] {processor.py:161} INFO - Started process (PID=263) to work on /opt/airflow/dags/dag_crime_pipeline.py
[2026-05-30T20:12:35.879+0000] {processor.py:830} INFO - Processing file /opt/airflow/dags/dag_crime_pipeline.py for tasks to queue
[2026-05-30T20:12:35.883+0000] {logging_mixin.py:188} INFO - [2026-05-30T20:12:35.882+0000] {dagbag.py:538} INFO - Filling up the DagBag from /opt/airflow/dags/dag_crime_pipeline.py
[2026-05-30T20:12:35.932+0000] {processor.py:840} INFO - DAG(s) 'crime_analytics_pipeline' retrieved from /opt/airflow/dags/dag_crime_pipeline.py
[2026-05-30T20:12:35.977+0000] {logging_mixin.py:188} INFO - [2026-05-30T20:12:35.977+0000] {dag.py:3036} INFO - Sync 1 DAGs
[2026-05-30T20:12:36.057+0000] {processor.py:183} INFO - Processing /opt/airflow/dags/dag_crime_pipeline.py took 0.189 seconds
[2026-05-30T20:13:06.329+0000] {processor.py:161} INFO - Started process (PID=271) to work on /opt/airflow/dags/dag_crime_pipeline.py
[2026-05-30T20:13:06.330+0000] {processor.py:830} INFO - Processing file /opt/airflow/dags/dag_crime_pipeline.py for tasks to queue
[2026-05-30T20:13:06.334+0000] {logging_mixin.py:188} INFO - [2026-05-30T20:13:06.333+0000] {dagbag.py:538} INFO - Filling up the DagBag from /opt/airflow/dags/dag_crime_pipeline.py
[2026-05-30T20:13:06.377+0000] {processor.py:840} INFO - DAG(s) 'crime_analytics_pipeline' retrieved from /opt/airflow/dags/dag_crime_pipeline.py
[2026-05-30T20:13:06.417+0000] {logging_mixin.py:188} INFO - [2026-05-30T20:13:06.417+0000] {dag.py:3036} INFO - Sync 1 DAGs
[2026-05-30T20:13:06.809+0000] {processor.py:183} INFO - Processing /opt/airflow/dags/dag_crime_pipeline.py took 0.485 seconds
[2026-05-30T20:13:37.254+0000] {processor.py:161} INFO - Started process (PID=280) to work on /opt/airflow/dags/dag_crime_pipeline.py
[2026-05-30T20:13:37.256+0000] {processor.py:830} INFO - Processing file /opt/airflow/dags/dag_crime_pipeline.py for tasks to queue
[2026-05-30T20:13:37.262+0000] {logging_mixin.py:188} INFO - [2026-05-30T20:13:37.261+0000] {dagbag.py:538} INFO - Filling up the DagBag from /opt/airflow/dags/dag_crime_pipeline.py
[2026-05-30T20:13:37.313+0000] {processor.py:840} INFO - DAG(s) 'crime_analytics_pipeline' retrieved from /opt/airflow/dags/dag_crime_pipeline.py
[2026-05-30T20:13:37.369+0000] {logging_mixin.py:188} INFO - [2026-05-30T20:13:37.368+0000] {dag.py:3036} INFO - Sync 1 DAGs
[2026-05-30T20:13:37.435+0000] {processor.py:183} INFO - Processing /opt/airflow/dags/dag_crime_pipeline.py took 0.188 seconds
[2026-05-30T20:14:07.552+0000] {processor.py:161} INFO - Started process (PID=288) to work on /opt/airflow/dags/dag_crime_pipeline.py
[2026-05-30T20:14:07.555+0000] {processor.py:830} INFO - Processing file /opt/airflow/dags/dag_crime_pipeline.py for tasks to queue
[2026-05-30T20:14:07.560+0000] {logging_mixin.py:188} INFO - [2026-05-30T20:14:07.559+0000] {dagbag.py:538} INFO - Filling up the DagBag from /opt/airflow/dags/dag_crime_pipeline.py
[2026-05-30T20:14:07.614+0000] {processor.py:840} INFO - DAG(s) 'crime_analytics_pipeline' retrieved from /opt/airflow/dags/dag_crime_pipeline.py
[2026-05-30T20:14:08.061+0000] {logging_mixin.py:188} INFO - [2026-05-30T20:14:08.060+0000] {dag.py:3036} INFO - Sync 1 DAGs
[2026-05-30T20:14:08.106+0000] {processor.py:183} INFO - Processing /opt/airflow/dags/dag_crime_pipeline.py took 0.562 seconds
[2026-05-30T20:14:38.431+0000] {processor.py:161} INFO - Started process (PID=296) to work on /opt/airflow/dags/dag_crime_pipeline.py
[2026-05-30T20:14:38.432+0000] {processor.py:830} INFO - Processing file /opt/airflow/dags/dag_crime_pipeline.py for tasks to queue
[2026-05-30T20:14:38.435+0000] {logging_mixin.py:188} INFO - [2026-05-30T20:14:38.434+0000] {dagbag.py:538} INFO - Filling up the DagBag from /opt/airflow/dags/dag_crime_pipeline.py
[2026-05-30T20:14:38.482+0000] {processor.py:840} INFO - DAG(s) 'crime_analytics_pipeline' retrieved from /opt/airflow/dags/dag_crime_pipeline.py
[2026-05-30T20:14:38.518+0000] {logging_mixin.py:188} INFO - [2026-05-30T20:14:38.518+0000] {dag.py:3036} INFO - Sync 1 DAGs
[2026-05-30T20:14:38.786+0000] {processor.py:183} INFO - Processing /opt/airflow/dags/dag_crime_pipeline.py took 0.360 seconds
[2026-05-30T20:15:09.168+0000] {processor.py:161} INFO - Started process (PID=303) to work on /opt/airflow/dags/dag_crime_pipeline.py
[2026-05-30T20:15:09.169+0000] {processor.py:830} INFO - Processing file /opt/airflow/dags/dag_crime_pipeline.py for tasks to queue
[2026-05-30T20:15:09.173+0000] {logging_mixin.py:188} INFO - [2026-05-30T20:15:09.172+0000] {dagbag.py:538} INFO - Filling up the DagBag from /opt/airflow/dags/dag_crime_pipeline.py
[2026-05-30T20:15:09.464+0000] {processor.py:840} INFO - DAG(s) 'crime_analytics_pipeline' retrieved from /opt/airflow/dags/dag_crime_pipeline.py
[2026-05-30T20:15:09.493+0000] {logging_mixin.py:188} INFO - [2026-05-30T20:15:09.493+0000] {dag.py:3036} INFO - Sync 1 DAGs
[2026-05-30T20:15:09.546+0000] {processor.py:183} INFO - Processing /opt/airflow/dags/dag_crime_pipeline.py took 0.385 seconds
[2026-05-30T20:15:39.937+0000] {processor.py:161} INFO - Started process (PID=312) to work on /opt/airflow/dags/dag_crime_pipeline.py
[2026-05-30T20:15:39.939+0000] {processor.py:830} INFO - Processing file /opt/airflow/dags/dag_crime_pipeline.py for tasks to queue
[2026-05-30T20:15:39.943+0000] {logging_mixin.py:188} INFO - [2026-05-30T20:15:39.942+0000] {dagbag.py:538} INFO - Filling up the DagBag from /opt/airflow/dags/dag_crime_pipeline.py
[2026-05-30T20:15:39.990+0000] {processor.py:840} INFO - DAG(s) 'crime_analytics_pipeline' retrieved from /opt/airflow/dags/dag_crime_pipeline.py
[2026-05-30T20:15:40.041+0000] {logging_mixin.py:188} INFO - [2026-05-30T20:15:40.041+0000] {dag.py:3036} INFO - Sync 1 DAGs
[2026-05-30T20:15:40.423+0000] {processor.py:183} INFO - Processing /opt/airflow/dags/dag_crime_pipeline.py took 0.492 seconds
[2026-05-30T20:16:11.037+0000] {processor.py:161} INFO - Started process (PID=321) to work on /opt/airflow/dags/dag_crime_pipeline.py
[2026-05-30T20:16:11.039+0000] {processor.py:830} INFO - Processing file /opt/airflow/dags/dag_crime_pipeline.py for tasks to queue
[2026-05-30T20:16:11.042+0000] {logging_mixin.py:188} INFO - [2026-05-30T20:16:11.041+0000] {dagbag.py:538} INFO - Filling up the DagBag from /opt/airflow/dags/dag_crime_pipeline.py
[2026-05-30T20:16:11.096+0000] {processor.py:840} INFO - DAG(s) 'crime_analytics_pipeline' retrieved from /opt/airflow/dags/dag_crime_pipeline.py
[2026-05-30T20:16:11.145+0000] {logging_mixin.py:188} INFO - [2026-05-30T20:16:11.144+0000] {dag.py:3036} INFO - Sync 1 DAGs
[2026-05-30T20:16:11.205+0000] {processor.py:183} INFO - Processing /opt/airflow/dags/dag_crime_pipeline.py took 0.176 seconds
[2026-05-30T20:16:41.511+0000] {processor.py:161} INFO - Started process (PID=354) to work on /opt/airflow/dags/dag_crime_pipeline.py
[2026-05-30T20:16:41.513+0000] {processor.py:830} INFO - Processing file /opt/airflow/dags/dag_crime_pipeline.py for tasks to queue
[2026-05-30T20:16:41.519+0000] {logging_mixin.py:188} INFO - [2026-05-30T20:16:41.518+0000] {dagbag.py:538} INFO - Filling up the DagBag from /opt/airflow/dags/dag_crime_pipeline.py
[2026-05-30T20:16:41.565+0000] {processor.py:840} INFO - DAG(s) 'crime_analytics_pipeline' retrieved from /opt/airflow/dags/dag_crime_pipeline.py
[2026-05-30T20:16:41.606+0000] {logging_mixin.py:188} INFO - [2026-05-30T20:16:41.605+0000] {dag.py:3036} INFO - Sync 1 DAGs
[2026-05-30T20:16:41.680+0000] {processor.py:183} INFO - Processing /opt/airflow/dags/dag_crime_pipeline.py took 0.176 seconds
[2026-05-30T20:17:11.777+0000] {processor.py:161} INFO - Started process (PID=427) to work on /opt/airflow/dags/dag_crime_pipeline.py
[2026-05-30T20:17:11.779+0000] {processor.py:830} INFO - Processing file /opt/airflow/dags/dag_crime_pipeline.py for tasks to queue
[2026-05-30T20:17:11.783+0000] {logging_mixin.py:188} INFO - [2026-05-30T20:17:11.782+0000] {dagbag.py:538} INFO - Filling up the DagBag from /opt/airflow/dags/dag_crime_pipeline.py
[2026-05-30T20:17:11.841+0000] {processor.py:840} INFO - DAG(s) 'crime_analytics_pipeline' retrieved from /opt/airflow/dags/dag_crime_pipeline.py
[2026-05-30T20:17:11.890+0000] {logging_mixin.py:188} INFO - [2026-05-30T20:17:11.890+0000] {dag.py:3036} INFO - Sync 1 DAGs
[2026-05-30T20:17:11.955+0000] {processor.py:183} INFO - Processing /opt/airflow/dags/dag_crime_pipeline.py took 0.185 seconds
[2026-05-30T20:17:42.222+0000] {processor.py:161} INFO - Started process (PID=504) to work on /opt/airflow/dags/dag_crime_pipeline.py
[2026-05-30T20:17:42.224+0000] {processor.py:830} INFO - Processing file /opt/airflow/dags/dag_crime_pipeline.py for tasks to queue
[2026-05-30T20:17:42.229+0000] {logging_mixin.py:188} INFO - [2026-05-30T20:17:42.228+0000] {dagbag.py:538} INFO - Filling up the DagBag from /opt/airflow/dags/dag_crime_pipeline.py
[2026-05-30T20:17:42.277+0000] {processor.py:840} INFO - DAG(s) 'crime_analytics_pipeline' retrieved from /opt/airflow/dags/dag_crime_pipeline.py
[2026-05-30T20:17:42.318+0000] {logging_mixin.py:188} INFO - [2026-05-30T20:17:42.317+0000] {dag.py:3036} INFO - Sync 1 DAGs
[2026-05-30T20:17:42.375+0000] {processor.py:183} INFO - Processing /opt/airflow/dags/dag_crime_pipeline.py took 0.161 seconds
[2026-05-30T20:18:12.633+0000] {processor.py:161} INFO - Started process (PID=577) to work on /opt/airflow/dags/dag_crime_pipeline.py
[2026-05-30T20:18:12.635+0000] {processor.py:830} INFO - Processing file /opt/airflow/dags/dag_crime_pipeline.py for tasks to queue
[2026-05-30T20:18:12.639+0000] {logging_mixin.py:188} INFO - [2026-05-30T20:18:12.639+0000] {dagbag.py:538} INFO - Filling up the DagBag from /opt/airflow/dags/dag_crime_pipeline.py
[2026-05-30T20:18:12.698+0000] {processor.py:840} INFO - DAG(s) 'crime_analytics_pipeline' retrieved from /opt/airflow/dags/dag_crime_pipeline.py
[2026-05-30T20:18:12.750+0000] {logging_mixin.py:188} INFO - [2026-05-30T20:18:12.749+0000] {dag.py:3036} INFO - Sync 1 DAGs
[2026-05-30T20:18:12.835+0000] {processor.py:183} INFO - Processing /opt/airflow/dags/dag_crime_pipeline.py took 0.209 seconds
[2026-05-30T20:18:43.229+0000] {processor.py:161} INFO - Started process (PID=654) to work on /opt/airflow/dags/dag_crime_pipeline.py
[2026-05-30T20:18:43.232+0000] {processor.py:830} INFO - Processing file /opt/airflow/dags/dag_crime_pipeline.py for tasks to queue
[2026-05-30T20:18:43.236+0000] {logging_mixin.py:188} INFO - [2026-05-30T20:18:43.235+0000] {dagbag.py:538} INFO - Filling up the DagBag from /opt/airflow/dags/dag_crime_pipeline.py
[2026-05-30T20:18:43.283+0000] {processor.py:840} INFO - DAG(s) 'crime_analytics_pipeline' retrieved from /opt/airflow/dags/dag_crime_pipeline.py
[2026-05-30T20:18:43.325+0000] {logging_mixin.py:188} INFO - [2026-05-30T20:18:43.324+0000] {dag.py:3036} INFO - Sync 1 DAGs
[2026-05-30T20:18:43.402+0000] {processor.py:183} INFO - Processing /opt/airflow/dags/dag_crime_pipeline.py took 0.179 seconds
[2026-05-30T20:19:13.576+0000] {processor.py:161} INFO - Started process (PID=727) to work on /opt/airflow/dags/dag_crime_pipeline.py
[2026-05-30T20:19:13.578+0000] {processor.py:830} INFO - Processing file /opt/airflow/dags/dag_crime_pipeline.py for tasks to queue
[2026-05-30T20:19:13.583+0000] {logging_mixin.py:188} INFO - [2026-05-30T20:19:13.582+0000] {dagbag.py:538} INFO - Filling up the DagBag from /opt/airflow/dags/dag_crime_pipeline.py
[2026-05-30T20:19:13.633+0000] {processor.py:840} INFO - DAG(s) 'crime_analytics_pipeline' retrieved from /opt/airflow/dags/dag_crime_pipeline.py
[2026-05-30T20:19:13.680+0000] {logging_mixin.py:188} INFO - [2026-05-30T20:19:13.679+0000] {dag.py:3036} INFO - Sync 1 DAGs
[2026-05-30T20:19:13.736+0000] {processor.py:183} INFO - Processing /opt/airflow/dags/dag_crime_pipeline.py took 0.168 seconds
[2026-05-30T20:19:44.032+0000] {processor.py:161} INFO - Started process (PID=779) to work on /opt/airflow/dags/dag_crime_pipeline.py
[2026-05-30T20:19:44.034+0000] {processor.py:830} INFO - Processing file /opt/airflow/dags/dag_crime_pipeline.py for tasks to queue
[2026-05-30T20:19:44.037+0000] {logging_mixin.py:188} INFO - [2026-05-30T20:19:44.036+0000] {dagbag.py:538} INFO - Filling up the DagBag from /opt/airflow/dags/dag_crime_pipeline.py
[2026-05-30T20:19:44.083+0000] {processor.py:840} INFO - DAG(s) 'crime_analytics_pipeline' retrieved from /opt/airflow/dags/dag_crime_pipeline.py
[2026-05-30T20:19:44.126+0000] {logging_mixin.py:188} INFO - [2026-05-30T20:19:44.126+0000] {dag.py:3036} INFO - Sync 1 DAGs
[2026-05-30T20:19:44.199+0000] {processor.py:183} INFO - Processing /opt/airflow/dags/dag_crime_pipeline.py took 0.173 seconds
[2026-05-30T20:20:14.485+0000] {processor.py:161} INFO - Started process (PID=853) to work on /opt/airflow/dags/dag_crime_pipeline.py
[2026-05-30T20:20:14.486+0000] {processor.py:830} INFO - Processing file /opt/airflow/dags/dag_crime_pipeline.py for tasks to queue
[2026-05-30T20:20:14.489+0000] {logging_mixin.py:188} INFO - [2026-05-30T20:20:14.489+0000] {dagbag.py:538} INFO - Filling up the DagBag from /opt/airflow/dags/dag_crime_pipeline.py
[2026-05-30T20:20:14.530+0000] {processor.py:840} INFO - DAG(s) 'crime_analytics_pipeline' retrieved from /opt/airflow/dags/dag_crime_pipeline.py
[2026-05-30T20:20:14.577+0000] {logging_mixin.py:188} INFO - [2026-05-30T20:20:14.576+0000] {dag.py:3036} INFO - Sync 1 DAGs
[2026-05-30T20:20:14.655+0000] {processor.py:183} INFO - Processing /opt/airflow/dags/dag_crime_pipeline.py took 0.175 seconds
[2026-05-30T20:20:44.823+0000] {processor.py:161} INFO - Started process (PID=913) to work on /opt/airflow/dags/dag_crime_pipeline.py
[2026-05-30T20:20:44.825+0000] {processor.py:830} INFO - Processing file /opt/airflow/dags/dag_crime_pipeline.py for tasks to queue
[2026-05-30T20:20:44.829+0000] {logging_mixin.py:188} INFO - [2026-05-30T20:20:44.829+0000] {dagbag.py:538} INFO - Filling up the DagBag from /opt/airflow/dags/dag_crime_pipeline.py
[2026-05-30T20:20:44.872+0000] {processor.py:840} INFO - DAG(s) 'crime_analytics_pipeline' retrieved from /opt/airflow/dags/dag_crime_pipeline.py
[2026-05-30T20:20:44.914+0000] {logging_mixin.py:188} INFO - [2026-05-30T20:20:44.913+0000] {dag.py:3036} INFO - Sync 1 DAGs
[2026-05-30T20:20:44.963+0000] {processor.py:183} INFO - Processing /opt/airflow/dags/dag_crime_pipeline.py took 0.146 seconds
[2026-05-30T20:21:15.297+0000] {processor.py:161} INFO - Started process (PID=969) to work on /opt/airflow/dags/dag_crime_pipeline.py
[2026-05-30T20:21:15.300+0000] {processor.py:830} INFO - Processing file /opt/airflow/dags/dag_crime_pipeline.py for tasks to queue
[2026-05-30T20:21:15.304+0000] {logging_mixin.py:188} INFO - [2026-05-30T20:21:15.304+0000] {dagbag.py:538} INFO - Filling up the DagBag from /opt/airflow/dags/dag_crime_pipeline.py
[2026-05-30T20:21:15.356+0000] {processor.py:840} INFO - DAG(s) 'crime_analytics_pipeline' retrieved from /opt/airflow/dags/dag_crime_pipeline.py
[2026-05-30T20:21:15.400+0000] {logging_mixin.py:188} INFO - [2026-05-30T20:21:15.400+0000] {dag.py:3036} INFO - Sync 1 DAGs
[2026-05-30T20:21:15.483+0000] {processor.py:183} INFO - Processing /opt/airflow/dags/dag_crime_pipeline.py took 0.194 seconds
[2026-05-30T20:21:45.683+0000] {processor.py:161} INFO - Started process (PID=975) to work on /opt/airflow/dags/dag_crime_pipeline.py
[2026-05-30T20:21:45.685+0000] {processor.py:830} INFO - Processing file /opt/airflow/dags/dag_crime_pipeline.py for tasks to queue
[2026-05-30T20:21:45.687+0000] {logging_mixin.py:188} INFO - [2026-05-30T20:21:45.687+0000] {dagbag.py:538} INFO - Filling up the DagBag from /opt/airflow/dags/dag_crime_pipeline.py
[2026-05-30T20:21:45.729+0000] {processor.py:840} INFO - DAG(s) 'crime_analytics_pipeline' retrieved from /opt/airflow/dags/dag_crime_pipeline.py
[2026-05-30T20:21:45.768+0000] {logging_mixin.py:188} INFO - [2026-05-30T20:21:45.768+0000] {dag.py:3036} INFO - Sync 1 DAGs
[2026-05-30T20:21:45.821+0000] {processor.py:183} INFO - Processing /opt/airflow/dags/dag_crime_pipeline.py took 0.143 seconds
[2026-05-30T20:22:16.129+0000] {processor.py:161} INFO - Started process (PID=980) to work on /opt/airflow/dags/dag_crime_pipeline.py
[2026-05-30T20:22:16.131+0000] {processor.py:830} INFO - Processing file /opt/airflow/dags/dag_crime_pipeline.py for tasks to queue
[2026-05-30T20:22:16.134+0000] {logging_mixin.py:188} INFO - [2026-05-30T20:22:16.134+0000] {dagbag.py:538} INFO - Filling up the DagBag from /opt/airflow/dags/dag_crime_pipeline.py
[2026-05-30T20:22:16.180+0000] {processor.py:840} INFO - DAG(s) 'crime_analytics_pipeline' retrieved from /opt/airflow/dags/dag_crime_pipeline.py
[2026-05-30T20:22:16.213+0000] {logging_mixin.py:188} INFO - [2026-05-30T20:22:16.212+0000] {dag.py:3036} INFO - Sync 1 DAGs
[2026-05-30T20:22:16.250+0000] {processor.py:183} INFO - Processing /opt/airflow/dags/dag_crime_pipeline.py took 0.126 seconds
[2026-05-30T20:22:46.483+0000] {processor.py:161} INFO - Started process (PID=985) to work on /opt/airflow/dags/dag_crime_pipeline.py
[2026-05-30T20:22:46.484+0000] {processor.py:830} INFO - Processing file /opt/airflow/dags/dag_crime_pipeline.py for tasks to queue
[2026-05-30T20:22:46.486+0000] {logging_mixin.py:188} INFO - [2026-05-30T20:22:46.486+0000] {dagbag.py:538} INFO - Filling up the DagBag from /opt/airflow/dags/dag_crime_pipeline.py
[2026-05-30T20:22:46.520+0000] {processor.py:840} INFO - DAG(s) 'crime_analytics_pipeline' retrieved from /opt/airflow/dags/dag_crime_pipeline.py
[2026-05-30T20:22:46.549+0000] {logging_mixin.py:188} INFO - [2026-05-30T20:22:46.549+0000] {dag.py:3036} INFO - Sync 1 DAGs
[2026-05-30T20:22:46.587+0000] {processor.py:183} INFO - Processing /opt/airflow/dags/dag_crime_pipeline.py took 0.108 seconds
[2026-05-30T20:23:16.909+0000] {processor.py:161} INFO - Started process (PID=990) to work on /opt/airflow/dags/dag_crime_pipeline.py
[2026-05-30T20:23:16.910+0000] {processor.py:830} INFO - Processing file /opt/airflow/dags/dag_crime_pipeline.py for tasks to queue
[2026-05-30T20:23:16.913+0000] {logging_mixin.py:188} INFO - [2026-05-30T20:23:16.913+0000] {dagbag.py:538} INFO - Filling up the DagBag from /opt/airflow/dags/dag_crime_pipeline.py
[2026-05-30T20:23:16.952+0000] {processor.py:840} INFO - DAG(s) 'crime_analytics_pipeline' retrieved from /opt/airflow/dags/dag_crime_pipeline.py
[2026-05-30T20:23:16.989+0000] {logging_mixin.py:188} INFO - [2026-05-30T20:23:16.988+0000] {dag.py:3036} INFO - Sync 1 DAGs
[2026-05-30T20:23:17.036+0000] {processor.py:183} INFO - Processing /opt/airflow/dags/dag_crime_pipeline.py took 0.130 seconds
[2026-05-30T20:23:47.226+0000] {processor.py:161} INFO - Started process (PID=995) to work on /opt/airflow/dags/dag_crime_pipeline.py
[2026-05-30T20:23:47.228+0000] {processor.py:830} INFO - Processing file /opt/airflow/dags/dag_crime_pipeline.py for tasks to queue
[2026-05-30T20:23:47.230+0000] {logging_mixin.py:188} INFO - [2026-05-30T20:23:47.230+0000] {dagbag.py:538} INFO - Filling up the DagBag from /opt/airflow/dags/dag_crime_pipeline.py
[2026-05-30T20:23:47.270+0000] {processor.py:840} INFO - DAG(s) 'crime_analytics_pipeline' retrieved from /opt/airflow/dags/dag_crime_pipeline.py
[2026-05-30T20:23:47.303+0000] {logging_mixin.py:188} INFO - [2026-05-30T20:23:47.302+0000] {dag.py:3036} INFO - Sync 1 DAGs
[2026-05-30T20:23:47.359+0000] {processor.py:183} INFO - Processing /opt/airflow/dags/dag_crime_pipeline.py took 0.139 seconds
[2026-05-30T20:24:17.646+0000] {processor.py:161} INFO - Started process (PID=1000) to work on /opt/airflow/dags/dag_crime_pipeline.py
[2026-05-30T20:24:17.648+0000] {processor.py:830} INFO - Processing file /opt/airflow/dags/dag_crime_pipeline.py for tasks to queue
[2026-05-30T20:24:17.652+0000] {logging_mixin.py:188} INFO - [2026-05-30T20:24:17.651+0000] {dagbag.py:538} INFO - Filling up the DagBag from /opt/airflow/dags/dag_crime_pipeline.py
[2026-05-30T20:24:17.690+0000] {processor.py:840} INFO - DAG(s) 'crime_analytics_pipeline' retrieved from /opt/airflow/dags/dag_crime_pipeline.py
[2026-05-30T20:24:17.726+0000] {logging_mixin.py:188} INFO - [2026-05-30T20:24:17.726+0000] {dag.py:3036} INFO - Sync 1 DAGs
[2026-05-30T20:24:17.786+0000] {processor.py:183} INFO - Processing /opt/airflow/dags/dag_crime_pipeline.py took 0.144 seconds
[2026-05-30T20:24:48.045+0000] {processor.py:161} INFO - Started process (PID=1005) to work on /opt/airflow/dags/dag_crime_pipeline.py
[2026-05-30T20:24:48.047+0000] {processor.py:830} INFO - Processing file /opt/airflow/dags/dag_crime_pipeline.py for tasks to queue
[2026-05-30T20:24:48.051+0000] {logging_mixin.py:188} INFO - [2026-05-30T20:24:48.050+0000] {dagbag.py:538} INFO - Filling up the DagBag from /opt/airflow/dags/dag_crime_pipeline.py
[2026-05-30T20:24:48.109+0000] {processor.py:840} INFO - DAG(s) 'crime_analytics_pipeline' retrieved from /opt/airflow/dags/dag_crime_pipeline.py
[2026-05-30T20:24:48.149+0000] {logging_mixin.py:188} INFO - [2026-05-30T20:24:48.148+0000] {dag.py:3036} INFO - Sync 1 DAGs
[2026-05-30T20:24:48.207+0000] {processor.py:183} INFO - Processing /opt/airflow/dags/dag_crime_pipeline.py took 0.169 seconds
[2026-05-30T20:25:18.533+0000] {processor.py:161} INFO - Started process (PID=1010) to work on /opt/airflow/dags/dag_crime_pipeline.py
[2026-05-30T20:25:18.537+0000] {processor.py:830} INFO - Processing file /opt/airflow/dags/dag_crime_pipeline.py for tasks to queue
[2026-05-30T20:25:18.540+0000] {logging_mixin.py:188} INFO - [2026-05-30T20:25:18.540+0000] {dagbag.py:538} INFO - Filling up the DagBag from /opt/airflow/dags/dag_crime_pipeline.py
[2026-05-30T20:25:18.591+0000] {processor.py:840} INFO - DAG(s) 'crime_analytics_pipeline' retrieved from /opt/airflow/dags/dag_crime_pipeline.py
[2026-05-30T20:25:18.636+0000] {logging_mixin.py:188} INFO - [2026-05-30T20:25:18.635+0000] {dag.py:3036} INFO - Sync 1 DAGs
[2026-05-30T20:25:18.693+0000] {processor.py:183} INFO - Processing /opt/airflow/dags/dag_crime_pipeline.py took 0.164 seconds
[2026-05-30T20:25:48.906+0000] {processor.py:161} INFO - Started process (PID=1015) to work on /opt/airflow/dags/dag_crime_pipeline.py
[2026-05-30T20:25:48.907+0000] {processor.py:830} INFO - Processing file /opt/airflow/dags/dag_crime_pipeline.py for tasks to queue
[2026-05-30T20:25:48.910+0000] {logging_mixin.py:188} INFO - [2026-05-30T20:25:48.909+0000] {dagbag.py:538} INFO - Filling up the DagBag from /opt/airflow/dags/dag_crime_pipeline.py
[2026-05-30T20:25:48.949+0000] {processor.py:840} INFO - DAG(s) 'crime_analytics_pipeline' retrieved from /opt/airflow/dags/dag_crime_pipeline.py
[2026-05-30T20:25:48.987+0000] {logging_mixin.py:188} INFO - [2026-05-30T20:25:48.986+0000] {dag.py:3036} INFO - Sync 1 DAGs
[2026-05-30T20:25:49.056+0000] {processor.py:183} INFO - Processing /opt/airflow/dags/dag_crime_pipeline.py took 0.155 seconds
[2026-05-30T20:26:19.379+0000] {processor.py:161} INFO - Started process (PID=1020) to work on /opt/airflow/dags/dag_crime_pipeline.py
[2026-05-30T20:26:19.381+0000] {processor.py:830} INFO - Processing file /opt/airflow/dags/dag_crime_pipeline.py for tasks to queue
[2026-05-30T20:26:19.384+0000] {logging_mixin.py:188} INFO - [2026-05-30T20:26:19.383+0000] {dagbag.py:538} INFO - Filling up the DagBag from /opt/airflow/dags/dag_crime_pipeline.py
[2026-05-30T20:26:19.423+0000] {processor.py:840} INFO - DAG(s) 'crime_analytics_pipeline' retrieved from /opt/airflow/dags/dag_crime_pipeline.py
[2026-05-30T20:26:19.462+0000] {logging_mixin.py:188} INFO - [2026-05-30T20:26:19.461+0000] {dag.py:3036} INFO - Sync 1 DAGs
[2026-05-30T20:26:19.512+0000] {processor.py:183} INFO - Processing /opt/airflow/dags/dag_crime_pipeline.py took 0.137 seconds
[2026-05-30T20:26:49.810+0000] {processor.py:161} INFO - Started process (PID=1025) to work on /opt/airflow/dags/dag_crime_pipeline.py
[2026-05-30T20:26:49.813+0000] {processor.py:830} INFO - Processing file /opt/airflow/dags/dag_crime_pipeline.py for tasks to queue
[2026-05-30T20:26:49.818+0000] {logging_mixin.py:188} INFO - [2026-05-30T20:26:49.817+0000] {dagbag.py:538} INFO - Filling up the DagBag from /opt/airflow/dags/dag_crime_pipeline.py
[2026-05-30T20:26:49.866+0000] {processor.py:840} INFO - DAG(s) 'crime_analytics_pipeline' retrieved from /opt/airflow/dags/dag_crime_pipeline.py
[2026-05-30T20:26:49.903+0000] {logging_mixin.py:188} INFO - [2026-05-30T20:26:49.902+0000] {dag.py:3036} INFO - Sync 1 DAGs
[2026-05-30T20:26:49.977+0000] {processor.py:183} INFO - Processing /opt/airflow/dags/dag_crime_pipeline.py took 0.173 seconds
[2026-05-30T20:27:20.219+0000] {processor.py:161} INFO - Started process (PID=1078) to work on /opt/airflow/dags/dag_crime_pipeline.py
[2026-05-30T20:27:20.221+0000] {processor.py:830} INFO - Processing file /opt/airflow/dags/dag_crime_pipeline.py for tasks to queue
[2026-05-30T20:27:20.226+0000] {logging_mixin.py:188} INFO - [2026-05-30T20:27:20.225+0000] {dagbag.py:538} INFO - Filling up the DagBag from /opt/airflow/dags/dag_crime_pipeline.py
[2026-05-30T20:27:20.276+0000] {processor.py:840} INFO - DAG(s) 'crime_analytics_pipeline' retrieved from /opt/airflow/dags/dag_crime_pipeline.py
[2026-05-30T20:27:20.315+0000] {logging_mixin.py:188} INFO - [2026-05-30T20:27:20.314+0000] {dag.py:3036} INFO - Sync 1 DAGs
[2026-05-30T20:27:20.372+0000] {processor.py:183} INFO - Processing /opt/airflow/dags/dag_crime_pipeline.py took 0.160 seconds
[2026-05-30T20:27:50.677+0000] {processor.py:161} INFO - Started process (PID=1083) to work on /opt/airflow/dags/dag_crime_pipeline.py
[2026-05-30T20:27:50.679+0000] {processor.py:830} INFO - Processing file /opt/airflow/dags/dag_crime_pipeline.py for tasks to queue
[2026-05-30T20:27:50.682+0000] {logging_mixin.py:188} INFO - [2026-05-30T20:27:50.682+0000] {dagbag.py:538} INFO - Filling up the DagBag from /opt/airflow/dags/dag_crime_pipeline.py
[2026-05-30T20:27:50.726+0000] {processor.py:840} INFO - DAG(s) 'crime_analytics_pipeline' retrieved from /opt/airflow/dags/dag_crime_pipeline.py
[2026-05-30T20:27:50.767+0000] {logging_mixin.py:188} INFO - [2026-05-30T20:27:50.766+0000] {dag.py:3036} INFO - Sync 1 DAGs
[2026-05-30T20:27:50.819+0000] {processor.py:183} INFO - Processing /opt/airflow/dags/dag_crime_pipeline.py took 0.147 seconds
[2026-05-30T20:28:21.033+0000] {processor.py:161} INFO - Started process (PID=1088) to work on /opt/airflow/dags/dag_crime_pipeline.py
[2026-05-30T20:28:21.035+0000] {processor.py:830} INFO - Processing file /opt/airflow/dags/dag_crime_pipeline.py for tasks to queue
[2026-05-30T20:28:21.040+0000] {logging_mixin.py:188} INFO - [2026-05-30T20:28:21.039+0000] {dagbag.py:538} INFO - Filling up the DagBag from /opt/airflow/dags/dag_crime_pipeline.py
[2026-05-30T20:28:21.092+0000] {processor.py:840} INFO - DAG(s) 'crime_analytics_pipeline' retrieved from /opt/airflow/dags/dag_crime_pipeline.py
[2026-05-30T20:28:21.142+0000] {logging_mixin.py:188} INFO - [2026-05-30T20:28:21.141+0000] {dag.py:3036} INFO - Sync 1 DAGs
[2026-05-30T20:28:21.216+0000] {processor.py:183} INFO - Processing /opt/airflow/dags/dag_crime_pipeline.py took 0.192 seconds
[2026-05-30T20:28:51.528+0000] {processor.py:161} INFO - Started process (PID=1093) to work on /opt/airflow/dags/dag_crime_pipeline.py
[2026-05-30T20:28:51.531+0000] {processor.py:830} INFO - Processing file /opt/airflow/dags/dag_crime_pipeline.py for tasks to queue
[2026-05-30T20:28:51.535+0000] {logging_mixin.py:188} INFO - [2026-05-30T20:28:51.535+0000] {dagbag.py:538} INFO - Filling up the DagBag from /opt/airflow/dags/dag_crime_pipeline.py
[2026-05-30T20:28:51.593+0000] {processor.py:840} INFO - DAG(s) 'crime_analytics_pipeline' retrieved from /opt/airflow/dags/dag_crime_pipeline.py
[2026-05-30T20:28:51.642+0000] {logging_mixin.py:188} INFO - [2026-05-30T20:28:51.641+0000] {dag.py:3036} INFO - Sync 1 DAGs
[2026-05-30T20:28:51.701+0000] {processor.py:183} INFO - Processing /opt/airflow/dags/dag_crime_pipeline.py took 0.179 seconds
[2026-05-30T20:29:21.958+0000] {processor.py:161} INFO - Started process (PID=1098) to work on /opt/airflow/dags/dag_crime_pipeline.py
[2026-05-30T20:29:21.961+0000] {processor.py:830} INFO - Processing file /opt/airflow/dags/dag_crime_pipeline.py for tasks to queue
[2026-05-30T20:29:21.970+0000] {logging_mixin.py:188} INFO - [2026-05-30T20:29:21.966+0000] {dagbag.py:538} INFO - Filling up the DagBag from /opt/airflow/dags/dag_crime_pipeline.py
[2026-05-30T20:29:22.078+0000] {processor.py:840} INFO - DAG(s) 'crime_analytics_pipeline' retrieved from /opt/airflow/dags/dag_crime_pipeline.py
[2026-05-30T20:29:22.170+0000] {logging_mixin.py:188} INFO - [2026-05-30T20:29:22.170+0000] {dag.py:3036} INFO - Sync 1 DAGs
[2026-05-30T20:29:22.309+0000] {processor.py:183} INFO - Processing /opt/airflow/dags/dag_crime_pipeline.py took 0.362 seconds
[2026-05-30T20:29:52.732+0000] {processor.py:161} INFO - Started process (PID=1103) to work on /opt/airflow/dags/dag_crime_pipeline.py
[2026-05-30T20:29:52.741+0000] {processor.py:830} INFO - Processing file /opt/airflow/dags/dag_crime_pipeline.py for tasks to queue
[2026-05-30T20:29:52.830+0000] {logging_mixin.py:188} INFO - [2026-05-30T20:29:52.819+0000] {dagbag.py:538} INFO - Filling up the DagBag from /opt/airflow/dags/dag_crime_pipeline.py
[2026-05-30T20:29:53.370+0000] {processor.py:840} INFO - DAG(s) 'crime_analytics_pipeline' retrieved from /opt/airflow/dags/dag_crime_pipeline.py
[2026-05-30T20:29:53.840+0000] {logging_mixin.py:188} INFO - [2026-05-30T20:29:53.838+0000] {dag.py:3036} INFO - Sync 1 DAGs
[2026-05-30T20:29:54.104+0000] {processor.py:183} INFO - Processing /opt/airflow/dags/dag_crime_pipeline.py took 1.358 seconds
[2026-05-30T20:30:24.289+0000] {processor.py:161} INFO - Started process (PID=1139) to work on /opt/airflow/dags/dag_crime_pipeline.py
[2026-05-30T20:30:24.298+0000] {processor.py:830} INFO - Processing file /opt/airflow/dags/dag_crime_pipeline.py for tasks to queue
[2026-05-30T20:30:24.312+0000] {logging_mixin.py:188} INFO - [2026-05-30T20:30:24.312+0000] {dagbag.py:538} INFO - Filling up the DagBag from /opt/airflow/dags/dag_crime_pipeline.py
[2026-05-30T20:30:24.408+0000] {processor.py:840} INFO - DAG(s) 'crime_analytics_pipeline' retrieved from /opt/airflow/dags/dag_crime_pipeline.py
[2026-05-30T20:30:24.495+0000] {logging_mixin.py:188} INFO - [2026-05-30T20:30:24.494+0000] {dag.py:3036} INFO - Sync 1 DAGs
[2026-05-30T20:30:24.552+0000] {processor.py:183} INFO - Processing /opt/airflow/dags/dag_crime_pipeline.py took 0.277 seconds
[2026-05-30T20:30:54.931+0000] {processor.py:161} INFO - Started process (PID=1144) to work on /opt/airflow/dags/dag_crime_pipeline.py
[2026-05-30T20:30:54.935+0000] {processor.py:830} INFO - Processing file /opt/airflow/dags/dag_crime_pipeline.py for tasks to queue
[2026-05-30T20:30:54.945+0000] {logging_mixin.py:188} INFO - [2026-05-30T20:30:54.944+0000] {dagbag.py:538} INFO - Filling up the DagBag from /opt/airflow/dags/dag_crime_pipeline.py
[2026-05-30T20:30:55.037+0000] {processor.py:840} INFO - DAG(s) 'crime_analytics_pipeline' retrieved from /opt/airflow/dags/dag_crime_pipeline.py
[2026-05-30T20:30:55.120+0000] {logging_mixin.py:188} INFO - [2026-05-30T20:30:55.119+0000] {dag.py:3036} INFO - Sync 1 DAGs
[2026-05-30T20:30:55.208+0000] {processor.py:183} INFO - Processing /opt/airflow/dags/dag_crime_pipeline.py took 0.285 seconds
[2026-05-30T20:31:25.443+0000] {processor.py:161} INFO - Started process (PID=1149) to work on /opt/airflow/dags/dag_crime_pipeline.py
[2026-05-30T20:31:25.448+0000] {processor.py:830} INFO - Processing file /opt/airflow/dags/dag_crime_pipeline.py for tasks to queue
[2026-05-30T20:31:25.457+0000] {logging_mixin.py:188} INFO - [2026-05-30T20:31:25.456+0000] {dagbag.py:538} INFO - Filling up the DagBag from /opt/airflow/dags/dag_crime_pipeline.py
[2026-05-30T20:31:25.545+0000] {processor.py:840} INFO - DAG(s) 'crime_analytics_pipeline' retrieved from /opt/airflow/dags/dag_crime_pipeline.py
[2026-05-30T20:31:25.669+0000] {logging_mixin.py:188} INFO - [2026-05-30T20:31:25.669+0000] {dag.py:3036} INFO - Sync 1 DAGs
[2026-05-30T20:31:25.795+0000] {processor.py:183} INFO - Processing /opt/airflow/dags/dag_crime_pipeline.py took 0.361 seconds
[2026-05-30T20:31:56.216+0000] {processor.py:161} INFO - Started process (PID=1169) to work on /opt/airflow/dags/dag_crime_pipeline.py
[2026-05-30T20:31:56.218+0000] {processor.py:830} INFO - Processing file /opt/airflow/dags/dag_crime_pipeline.py for tasks to queue
[2026-05-30T20:31:56.222+0000] {logging_mixin.py:188} INFO - [2026-05-30T20:31:56.221+0000] {dagbag.py:538} INFO - Filling up the DagBag from /opt/airflow/dags/dag_crime_pipeline.py
[2026-05-30T20:31:56.273+0000] {processor.py:840} INFO - DAG(s) 'crime_analytics_pipeline' retrieved from /opt/airflow/dags/dag_crime_pipeline.py
[2026-05-30T20:31:56.312+0000] {logging_mixin.py:188} INFO - [2026-05-30T20:31:56.312+0000] {dag.py:3036} INFO - Sync 1 DAGs
[2026-05-30T20:31:56.356+0000] {processor.py:183} INFO - Processing /opt/airflow/dags/dag_crime_pipeline.py took 0.146 seconds
[2026-05-30T20:32:26.634+0000] {processor.py:161} INFO - Started process (PID=1176) to work on /opt/airflow/dags/dag_crime_pipeline.py
[2026-05-30T20:32:26.637+0000] {processor.py:830} INFO - Processing file /opt/airflow/dags/dag_crime_pipeline.py for tasks to queue
[2026-05-30T20:32:26.642+0000] {logging_mixin.py:188} INFO - [2026-05-30T20:32:26.641+0000] {dagbag.py:538} INFO - Filling up the DagBag from /opt/airflow/dags/dag_crime_pipeline.py
[2026-05-30T20:32:26.701+0000] {processor.py:840} INFO - DAG(s) 'crime_analytics_pipeline' retrieved from /opt/airflow/dags/dag_crime_pipeline.py
[2026-05-30T20:32:26.751+0000] {logging_mixin.py:188} INFO - [2026-05-30T20:32:26.750+0000] {dag.py:3036} INFO - Sync 1 DAGs
[2026-05-30T20:32:26.812+0000] {processor.py:183} INFO - Processing /opt/airflow/dags/dag_crime_pipeline.py took 0.185 seconds
[2026-05-30T20:32:56.999+0000] {processor.py:161} INFO - Started process (PID=1183) to work on /opt/airflow/dags/dag_crime_pipeline.py
[2026-05-30T20:32:57.001+0000] {processor.py:830} INFO - Processing file /opt/airflow/dags/dag_crime_pipeline.py for tasks to queue
[2026-05-30T20:32:57.005+0000] {logging_mixin.py:188} INFO - [2026-05-30T20:32:57.004+0000] {dagbag.py:538} INFO - Filling up the DagBag from /opt/airflow/dags/dag_crime_pipeline.py
[2026-05-30T20:32:57.049+0000] {processor.py:840} INFO - DAG(s) 'crime_analytics_pipeline' retrieved from /opt/airflow/dags/dag_crime_pipeline.py
[2026-05-30T20:32:57.089+0000] {logging_mixin.py:188} INFO - [2026-05-30T20:32:57.089+0000] {dag.py:3036} INFO - Sync 1 DAGs
[2026-05-30T20:32:57.132+0000] {logging_mixin.py:188} INFO - [2026-05-30T20:32:57.131+0000] {dag.py:3823} INFO - Setting next_dagrun for crime_analytics_pipeline to 2026-05-30 19:00:00+00:00, run_after=2026-06-06 19:00:00+00:00
[2026-05-30T20:32:57.155+0000] {processor.py:183} INFO - Processing /opt/airflow/dags/dag_crime_pipeline.py took 0.161 seconds
[2026-05-30T20:33:27.515+0000] {processor.py:161} INFO - Started process (PID=1188) to work on /opt/airflow/dags/dag_crime_pipeline.py
[2026-05-30T20:33:27.517+0000] {processor.py:830} INFO - Processing file /opt/airflow/dags/dag_crime_pipeline.py for tasks to queue
[2026-05-30T20:33:27.521+0000] {logging_mixin.py:188} INFO - [2026-05-30T20:33:27.521+0000] {dagbag.py:538} INFO - Filling up the DagBag from /opt/airflow/dags/dag_crime_pipeline.py
[2026-05-30T20:33:27.569+0000] {processor.py:840} INFO - DAG(s) 'crime_analytics_pipeline' retrieved from /opt/airflow/dags/dag_crime_pipeline.py
[2026-05-30T20:33:27.632+0000] {logging_mixin.py:188} INFO - [2026-05-30T20:33:27.631+0000] {dag.py:3036} INFO - Sync 1 DAGs
[2026-05-30T20:33:27.662+0000] {logging_mixin.py:188} INFO - [2026-05-30T20:33:27.661+0000] {dag.py:3823} INFO - Setting next_dagrun for crime_analytics_pipeline to 2026-05-30 19:00:00+00:00, run_after=2026-06-06 19:00:00+00:00
[2026-05-30T20:33:27.687+0000] {processor.py:183} INFO - Processing /opt/airflow/dags/dag_crime_pipeline.py took 0.177 seconds
[2026-05-30T20:33:57.912+0000] {processor.py:161} INFO - Started process (PID=1193) to work on /opt/airflow/dags/dag_crime_pipeline.py
[2026-05-30T20:33:57.914+0000] {processor.py:830} INFO - Processing file /opt/airflow/dags/dag_crime_pipeline.py for tasks to queue
[2026-05-30T20:33:57.918+0000] {logging_mixin.py:188} INFO - [2026-05-30T20:33:57.917+0000] {dagbag.py:538} INFO - Filling up the DagBag from /opt/airflow/dags/dag_crime_pipeline.py
[2026-05-30T20:33:57.965+0000] {processor.py:840} INFO - DAG(s) 'crime_analytics_pipeline' retrieved from /opt/airflow/dags/dag_crime_pipeline.py
[2026-05-30T20:33:58.014+0000] {logging_mixin.py:188} INFO - [2026-05-30T20:33:58.014+0000] {dag.py:3036} INFO - Sync 1 DAGs
[2026-05-30T20:33:58.042+0000] {logging_mixin.py:188} INFO - [2026-05-30T20:33:58.041+0000] {dag.py:3823} INFO - Setting next_dagrun for crime_analytics_pipeline to 2026-05-30 19:00:00+00:00, run_after=2026-06-06 19:00:00+00:00
[2026-05-30T20:33:58.065+0000] {processor.py:183} INFO - Processing /opt/airflow/dags/dag_crime_pipeline.py took 0.158 seconds
[2026-05-30T20:34:28.428+0000] {processor.py:161} INFO - Started process (PID=1198) to work on /opt/airflow/dags/dag_crime_pipeline.py
[2026-05-30T20:34:28.429+0000] {processor.py:830} INFO - Processing file /opt/airflow/dags/dag_crime_pipeline.py for tasks to queue
[2026-05-30T20:34:28.433+0000] {logging_mixin.py:188} INFO - [2026-05-30T20:34:28.432+0000] {dagbag.py:538} INFO - Filling up the DagBag from /opt/airflow/dags/dag_crime_pipeline.py
[2026-05-30T20:34:28.476+0000] {processor.py:840} INFO - DAG(s) 'crime_analytics_pipeline' retrieved from /opt/airflow/dags/dag_crime_pipeline.py
[2026-05-30T20:34:28.545+0000] {logging_mixin.py:188} INFO - [2026-05-30T20:34:28.543+0000] {dag.py:3036} INFO - Sync 1 DAGs
[2026-05-30T20:34:28.579+0000] {logging_mixin.py:188} INFO - [2026-05-30T20:34:28.578+0000] {dag.py:3823} INFO - Setting next_dagrun for crime_analytics_pipeline to 2026-05-30 19:00:00+00:00, run_after=2026-06-06 19:00:00+00:00
[2026-05-30T20:34:28.608+0000] {processor.py:183} INFO - Processing /opt/airflow/dags/dag_crime_pipeline.py took 0.184 seconds
[2026-05-30T20:34:58.821+0000] {processor.py:161} INFO - Started process (PID=1203) to work on /opt/airflow/dags/dag_crime_pipeline.py
[2026-05-30T20:34:58.824+0000] {processor.py:830} INFO - Processing file /opt/airflow/dags/dag_crime_pipeline.py for tasks to queue
[2026-05-30T20:34:58.828+0000] {logging_mixin.py:188} INFO - [2026-05-30T20:34:58.828+0000] {dagbag.py:538} INFO - Filling up the DagBag from /opt/airflow/dags/dag_crime_pipeline.py
[2026-05-30T20:34:58.881+0000] {processor.py:840} INFO - DAG(s) 'crime_analytics_pipeline' retrieved from /opt/airflow/dags/dag_crime_pipeline.py
[2026-05-30T20:34:58.921+0000] {logging_mixin.py:188} INFO - [2026-05-30T20:34:58.921+0000] {dag.py:3036} INFO - Sync 1 DAGs
[2026-05-30T20:34:58.945+0000] {logging_mixin.py:188} INFO - [2026-05-30T20:34:58.944+0000] {dag.py:3823} INFO - Setting next_dagrun for crime_analytics_pipeline to 2026-05-30 19:00:00+00:00, run_after=2026-06-06 19:00:00+00:00
[2026-05-30T20:34:58.966+0000] {processor.py:183} INFO - Processing /opt/airflow/dags/dag_crime_pipeline.py took 0.152 seconds
[2026-05-30T20:35:29.277+0000] {processor.py:161} INFO - Started process (PID=1208) to work on /opt/airflow/dags/dag_crime_pipeline.py
[2026-05-30T20:35:29.280+0000] {processor.py:830} INFO - Processing file /opt/airflow/dags/dag_crime_pipeline.py for tasks to queue
[2026-05-30T20:35:29.284+0000] {logging_mixin.py:188} INFO - [2026-05-30T20:35:29.283+0000] {dagbag.py:538} INFO - Filling up the DagBag from /opt/airflow/dags/dag_crime_pipeline.py
[2026-05-30T20:35:29.329+0000] {processor.py:840} INFO - DAG(s) 'crime_analytics_pipeline' retrieved from /opt/airflow/dags/dag_crime_pipeline.py
[2026-05-30T20:35:29.368+0000] {logging_mixin.py:188} INFO - [2026-05-30T20:35:29.368+0000] {dag.py:3036} INFO - Sync 1 DAGs
[2026-05-30T20:35:29.398+0000] {logging_mixin.py:188} INFO - [2026-05-30T20:35:29.397+0000] {dag.py:3823} INFO - Setting next_dagrun for crime_analytics_pipeline to 2026-05-30 19:00:00+00:00, run_after=2026-06-06 19:00:00+00:00
[2026-05-30T20:35:29.424+0000] {processor.py:183} INFO - Processing /opt/airflow/dags/dag_crime_pipeline.py took 0.152 seconds
[2026-05-30T20:35:59.719+0000] {processor.py:161} INFO - Started process (PID=1213) to work on /opt/airflow/dags/dag_crime_pipeline.py
[2026-05-30T20:35:59.721+0000] {processor.py:830} INFO - Processing file /opt/airflow/dags/dag_crime_pipeline.py for tasks to queue
[2026-05-30T20:35:59.724+0000] {logging_mixin.py:188} INFO - [2026-05-30T20:35:59.724+0000] {dagbag.py:538} INFO - Filling up the DagBag from /opt/airflow/dags/dag_crime_pipeline.py
[2026-05-30T20:35:59.767+0000] {processor.py:840} INFO - DAG(s) 'crime_analytics_pipeline' retrieved from /opt/airflow/dags/dag_crime_pipeline.py
[2026-05-30T20:35:59.801+0000] {logging_mixin.py:188} INFO - [2026-05-30T20:35:59.800+0000] {dag.py:3036} INFO - Sync 1 DAGs
[2026-05-30T20:35:59.830+0000] {logging_mixin.py:188} INFO - [2026-05-30T20:35:59.829+0000] {dag.py:3823} INFO - Setting next_dagrun for crime_analytics_pipeline to 2026-05-30 19:00:00+00:00, run_after=2026-06-06 19:00:00+00:00
[2026-05-30T20:35:59.851+0000] {processor.py:183} INFO - Processing /opt/airflow/dags/dag_crime_pipeline.py took 0.137 seconds
[2026-05-30T20:36:30.114+0000] {processor.py:161} INFO - Started process (PID=1218) to work on /opt/airflow/dags/dag_crime_pipeline.py
[2026-05-30T20:36:30.116+0000] {processor.py:830} INFO - Processing file /opt/airflow/dags/dag_crime_pipeline.py for tasks to queue
[2026-05-30T20:36:30.120+0000] {logging_mixin.py:188} INFO - [2026-05-30T20:36:30.119+0000] {dagbag.py:538} INFO - Filling up the DagBag from /opt/airflow/dags/dag_crime_pipeline.py
[2026-05-30T20:36:30.169+0000] {processor.py:840} INFO - DAG(s) 'crime_analytics_pipeline' retrieved from /opt/airflow/dags/dag_crime_pipeline.py
[2026-05-30T20:36:30.208+0000] {logging_mixin.py:188} INFO - [2026-05-30T20:36:30.208+0000] {dag.py:3036} INFO - Sync 1 DAGs
[2026-05-30T20:36:30.236+0000] {logging_mixin.py:188} INFO - [2026-05-30T20:36:30.236+0000] {dag.py:3823} INFO - Setting next_dagrun for crime_analytics_pipeline to 2026-05-30 19:00:00+00:00, run_after=2026-06-06 19:00:00+00:00
[2026-05-30T20:36:30.261+0000] {processor.py:183} INFO - Processing /opt/airflow/dags/dag_crime_pipeline.py took 0.152 seconds
[2026-05-30T20:37:00.626+0000] {processor.py:161} INFO - Started process (PID=1223) to work on /opt/airflow/dags/dag_crime_pipeline.py
[2026-05-30T20:37:00.628+0000] {processor.py:830} INFO - Processing file /opt/airflow/dags/dag_crime_pipeline.py for tasks to queue
[2026-05-30T20:37:00.634+0000] {logging_mixin.py:188} INFO - [2026-05-30T20:37:00.633+0000] {dagbag.py:538} INFO - Filling up the DagBag from /opt/airflow/dags/dag_crime_pipeline.py
[2026-05-30T20:37:00.699+0000] {processor.py:840} INFO - DAG(s) 'crime_analytics_pipeline' retrieved from /opt/airflow/dags/dag_crime_pipeline.py
[2026-05-30T20:37:00.736+0000] {logging_mixin.py:188} INFO - [2026-05-30T20:37:00.735+0000] {dag.py:3036} INFO - Sync 1 DAGs
[2026-05-30T20:37:00.757+0000] {logging_mixin.py:188} INFO - [2026-05-30T20:37:00.756+0000] {dag.py:3823} INFO - Setting next_dagrun for crime_analytics_pipeline to 2026-05-30 19:00:00+00:00, run_after=2026-06-06 19:00:00+00:00
[2026-05-30T20:37:00.775+0000] {processor.py:183} INFO - Processing /opt/airflow/dags/dag_crime_pipeline.py took 0.155 seconds
[2026-05-30T20:37:30.955+0000] {processor.py:161} INFO - Started process (PID=1228) to work on /opt/airflow/dags/dag_crime_pipeline.py
[2026-05-30T20:37:30.957+0000] {processor.py:830} INFO - Processing file /opt/airflow/dags/dag_crime_pipeline.py for tasks to queue
[2026-05-30T20:37:30.960+0000] {logging_mixin.py:188} INFO - [2026-05-30T20:37:30.959+0000] {dagbag.py:538} INFO - Filling up the DagBag from /opt/airflow/dags/dag_crime_pipeline.py
[2026-05-30T20:37:31.007+0000] {processor.py:840} INFO - DAG(s) 'crime_analytics_pipeline' retrieved from /opt/airflow/dags/dag_crime_pipeline.py
[2026-05-30T20:37:31.048+0000] {logging_mixin.py:188} INFO - [2026-05-30T20:37:31.047+0000] {dag.py:3036} INFO - Sync 1 DAGs
[2026-05-30T20:37:31.077+0000] {logging_mixin.py:188} INFO - [2026-05-30T20:37:31.077+0000] {dag.py:3823} INFO - Setting next_dagrun for crime_analytics_pipeline to 2026-05-30 19:00:00+00:00, run_after=2026-06-06 19:00:00+00:00
[2026-05-30T20:37:31.105+0000] {processor.py:183} INFO - Processing /opt/airflow/dags/dag_crime_pipeline.py took 0.154 seconds
[2026-05-30T20:38:01.454+0000] {processor.py:161} INFO - Started process (PID=1233) to work on /opt/airflow/dags/dag_crime_pipeline.py
[2026-05-30T20:38:01.456+0000] {processor.py:830} INFO - Processing file /opt/airflow/dags/dag_crime_pipeline.py for tasks to queue
[2026-05-30T20:38:01.460+0000] {logging_mixin.py:188} INFO - [2026-05-30T20:38:01.459+0000] {dagbag.py:538} INFO - Filling up the DagBag from /opt/airflow/dags/dag_crime_pipeline.py
[2026-05-30T20:38:01.507+0000] {processor.py:840} INFO - DAG(s) 'crime_analytics_pipeline' retrieved from /opt/airflow/dags/dag_crime_pipeline.py
[2026-05-30T20:38:01.555+0000] {logging_mixin.py:188} INFO - [2026-05-30T20:38:01.554+0000] {dag.py:3036} INFO - Sync 1 DAGs
[2026-05-30T20:38:01.587+0000] {logging_mixin.py:188} INFO - [2026-05-30T20:38:01.587+0000] {dag.py:3823} INFO - Setting next_dagrun for crime_analytics_pipeline to 2026-05-30 19:00:00+00:00, run_after=2026-06-06 19:00:00+00:00
[2026-05-30T20:38:01.621+0000] {processor.py:183} INFO - Processing /opt/airflow/dags/dag_crime_pipeline.py took 0.171 seconds
[2026-05-30T20:38:31.880+0000] {processor.py:161} INFO - Started process (PID=1238) to work on /opt/airflow/dags/dag_crime_pipeline.py
[2026-05-30T20:38:31.881+0000] {processor.py:830} INFO - Processing file /opt/airflow/dags/dag_crime_pipeline.py for tasks to queue
[2026-05-30T20:38:31.885+0000] {logging_mixin.py:188} INFO - [2026-05-30T20:38:31.885+0000] {dagbag.py:538} INFO - Filling up the DagBag from /opt/airflow/dags/dag_crime_pipeline.py
[2026-05-30T20:38:31.928+0000] {processor.py:840} INFO - DAG(s) 'crime_analytics_pipeline' retrieved from /opt/airflow/dags/dag_crime_pipeline.py
[2026-05-30T20:38:31.963+0000] {logging_mixin.py:188} INFO - [2026-05-30T20:38:31.962+0000] {dag.py:3036} INFO - Sync 1 DAGs
[2026-05-30T20:38:31.986+0000] {logging_mixin.py:188} INFO - [2026-05-30T20:38:31.986+0000] {dag.py:3823} INFO - Setting next_dagrun for crime_analytics_pipeline to 2026-05-30 19:00:00+00:00, run_after=2026-06-06 19:00:00+00:00
[2026-05-30T20:38:32.007+0000] {processor.py:183} INFO - Processing /opt/airflow/dags/dag_crime_pipeline.py took 0.133 seconds
[2026-05-30T20:39:02.356+0000] {processor.py:161} INFO - Started process (PID=1243) to work on /opt/airflow/dags/dag_crime_pipeline.py
[2026-05-30T20:39:02.358+0000] {processor.py:830} INFO - Processing file /opt/airflow/dags/dag_crime_pipeline.py for tasks to queue
[2026-05-30T20:39:02.361+0000] {logging_mixin.py:188} INFO - [2026-05-30T20:39:02.361+0000] {dagbag.py:538} INFO - Filling up the DagBag from /opt/airflow/dags/dag_crime_pipeline.py
[2026-05-30T20:39:02.409+0000] {processor.py:840} INFO - DAG(s) 'crime_analytics_pipeline' retrieved from /opt/airflow/dags/dag_crime_pipeline.py
[2026-05-30T20:39:02.450+0000] {logging_mixin.py:188} INFO - [2026-05-30T20:39:02.450+0000] {dag.py:3036} INFO - Sync 1 DAGs
[2026-05-30T20:39:02.487+0000] {logging_mixin.py:188} INFO - [2026-05-30T20:39:02.486+0000] {dag.py:3823} INFO - Setting next_dagrun for crime_analytics_pipeline to 2026-05-30 19:00:00+00:00, run_after=2026-06-06 19:00:00+00:00
[2026-05-30T20:39:02.512+0000] {processor.py:183} INFO - Processing /opt/airflow/dags/dag_crime_pipeline.py took 0.160 seconds
[2026-05-30T20:39:32.777+0000] {processor.py:161} INFO - Started process (PID=1248) to work on /opt/airflow/dags/dag_crime_pipeline.py
[2026-05-30T20:39:32.779+0000] {processor.py:830} INFO - Processing file /opt/airflow/dags/dag_crime_pipeline.py for tasks to queue
[2026-05-30T20:39:32.782+0000] {logging_mixin.py:188} INFO - [2026-05-30T20:39:32.782+0000] {dagbag.py:538} INFO - Filling up the DagBag from /opt/airflow/dags/dag_crime_pipeline.py
[2026-05-30T20:39:32.834+0000] {processor.py:840} INFO - DAG(s) 'crime_analytics_pipeline' retrieved from /opt/airflow/dags/dag_crime_pipeline.py
[2026-05-30T20:39:32.872+0000] {logging_mixin.py:188} INFO - [2026-05-30T20:39:32.872+0000] {dag.py:3036} INFO - Sync 1 DAGs
[2026-05-30T20:39:32.902+0000] {logging_mixin.py:188} INFO - [2026-05-30T20:39:32.902+0000] {dag.py:3823} INFO - Setting next_dagrun for crime_analytics_pipeline to 2026-05-30 19:00:00+00:00, run_after=2026-06-06 19:00:00+00:00
[2026-05-30T20:39:32.949+0000] {processor.py:183} INFO - Processing /opt/airflow/dags/dag_crime_pipeline.py took 0.178 seconds
[2026-05-30T20:40:03.247+0000] {processor.py:161} INFO - Started process (PID=1253) to work on /opt/airflow/dags/dag_crime_pipeline.py
[2026-05-30T20:40:03.249+0000] {processor.py:830} INFO - Processing file /opt/airflow/dags/dag_crime_pipeline.py for tasks to queue
[2026-05-30T20:40:03.254+0000] {logging_mixin.py:188} INFO - [2026-05-30T20:40:03.253+0000] {dagbag.py:538} INFO - Filling up the DagBag from /opt/airflow/dags/dag_crime_pipeline.py
[2026-05-30T20:40:03.298+0000] {processor.py:840} INFO - DAG(s) 'crime_analytics_pipeline' retrieved from /opt/airflow/dags/dag_crime_pipeline.py
[2026-05-30T20:40:03.336+0000] {logging_mixin.py:188} INFO - [2026-05-30T20:40:03.335+0000] {dag.py:3036} INFO - Sync 1 DAGs
[2026-05-30T20:40:03.367+0000] {logging_mixin.py:188} INFO - [2026-05-30T20:40:03.367+0000] {dag.py:3823} INFO - Setting next_dagrun for crime_analytics_pipeline to 2026-05-30 19:00:00+00:00, run_after=2026-06-06 19:00:00+00:00
[2026-05-30T20:40:03.391+0000] {processor.py:183} INFO - Processing /opt/airflow/dags/dag_crime_pipeline.py took 0.150 seconds
[2026-05-30T20:40:33.677+0000] {processor.py:161} INFO - Started process (PID=1258) to work on /opt/airflow/dags/dag_crime_pipeline.py
[2026-05-30T20:40:33.679+0000] {processor.py:830} INFO - Processing file /opt/airflow/dags/dag_crime_pipeline.py for tasks to queue
[2026-05-30T20:40:33.684+0000] {logging_mixin.py:188} INFO - [2026-05-30T20:40:33.683+0000] {dagbag.py:538} INFO - Filling up the DagBag from /opt/airflow/dags/dag_crime_pipeline.py
[2026-05-30T20:40:33.733+0000] {processor.py:840} INFO - DAG(s) 'crime_analytics_pipeline' retrieved from /opt/airflow/dags/dag_crime_pipeline.py
[2026-05-30T20:40:33.770+0000] {logging_mixin.py:188} INFO - [2026-05-30T20:40:33.770+0000] {dag.py:3036} INFO - Sync 1 DAGs
[2026-05-30T20:40:33.795+0000] {logging_mixin.py:188} INFO - [2026-05-30T20:40:33.794+0000] {dag.py:3823} INFO - Setting next_dagrun for crime_analytics_pipeline to 2026-05-30 19:00:00+00:00, run_after=2026-06-06 19:00:00+00:00
[2026-05-30T20:40:33.834+0000] {processor.py:183} INFO - Processing /opt/airflow/dags/dag_crime_pipeline.py took 0.163 seconds
[2026-05-30T20:41:04.113+0000] {processor.py:161} INFO - Started process (PID=1263) to work on /opt/airflow/dags/dag_crime_pipeline.py
[2026-05-30T20:41:04.115+0000] {processor.py:830} INFO - Processing file /opt/airflow/dags/dag_crime_pipeline.py for tasks to queue
[2026-05-30T20:41:04.121+0000] {logging_mixin.py:188} INFO - [2026-05-30T20:41:04.120+0000] {dagbag.py:538} INFO - Filling up the DagBag from /opt/airflow/dags/dag_crime_pipeline.py
[2026-05-30T20:41:04.176+0000] {processor.py:840} INFO - DAG(s) 'crime_analytics_pipeline' retrieved from /opt/airflow/dags/dag_crime_pipeline.py
[2026-05-30T20:41:04.220+0000] {logging_mixin.py:188} INFO - [2026-05-30T20:41:04.219+0000] {dag.py:3036} INFO - Sync 1 DAGs
[2026-05-30T20:41:04.253+0000] {logging_mixin.py:188} INFO - [2026-05-30T20:41:04.253+0000] {dag.py:3823} INFO - Setting next_dagrun for crime_analytics_pipeline to 2026-05-30 19:00:00+00:00, run_after=2026-06-06 19:00:00+00:00
[2026-05-30T20:41:04.278+0000] {processor.py:183} INFO - Processing /opt/airflow/dags/dag_crime_pipeline.py took 0.171 seconds
[2026-05-30T20:41:34.563+0000] {processor.py:161} INFO - Started process (PID=1268) to work on /opt/airflow/dags/dag_crime_pipeline.py
[2026-05-30T20:41:34.565+0000] {processor.py:830} INFO - Processing file /opt/airflow/dags/dag_crime_pipeline.py for tasks to queue
[2026-05-30T20:41:34.568+0000] {logging_mixin.py:188} INFO - [2026-05-30T20:41:34.568+0000] {dagbag.py:538} INFO - Filling up the DagBag from /opt/airflow/dags/dag_crime_pipeline.py
[2026-05-30T20:41:34.620+0000] {processor.py:840} INFO - DAG(s) 'crime_analytics_pipeline' retrieved from /opt/airflow/dags/dag_crime_pipeline.py
[2026-05-30T20:41:34.674+0000] {logging_mixin.py:188} INFO - [2026-05-30T20:41:34.673+0000] {dag.py:3036} INFO - Sync 1 DAGs
[2026-05-30T20:41:34.708+0000] {logging_mixin.py:188} INFO - [2026-05-30T20:41:34.707+0000] {dag.py:3823} INFO - Setting next_dagrun for crime_analytics_pipeline to 2026-05-30 19:00:00+00:00, run_after=2026-06-06 19:00:00+00:00
[2026-05-30T20:41:34.737+0000] {processor.py:183} INFO - Processing /opt/airflow/dags/dag_crime_pipeline.py took 0.179 seconds
[2026-05-30T20:42:05.080+0000] {processor.py:161} INFO - Started process (PID=1273) to work on /opt/airflow/dags/dag_crime_pipeline.py
[2026-05-30T20:42:05.081+0000] {processor.py:830} INFO - Processing file /opt/airflow/dags/dag_crime_pipeline.py for tasks to queue
[2026-05-30T20:42:05.085+0000] {logging_mixin.py:188} INFO - [2026-05-30T20:42:05.085+0000] {dagbag.py:538} INFO - Filling up the DagBag from /opt/airflow/dags/dag_crime_pipeline.py
[2026-05-30T20:42:05.133+0000] {processor.py:840} INFO - DAG(s) 'crime_analytics_pipeline' retrieved from /opt/airflow/dags/dag_crime_pipeline.py
[2026-05-30T20:42:05.175+0000] {logging_mixin.py:188} INFO - [2026-05-30T20:42:05.175+0000] {dag.py:3036} INFO - Sync 1 DAGs
[2026-05-30T20:42:05.208+0000] {logging_mixin.py:188} INFO - [2026-05-30T20:42:05.208+0000] {dag.py:3823} INFO - Setting next_dagrun for crime_analytics_pipeline to 2026-05-30 19:00:00+00:00, run_after=2026-06-06 19:00:00+00:00
[2026-05-30T20:42:05.235+0000] {processor.py:183} INFO - Processing /opt/airflow/dags/dag_crime_pipeline.py took 0.159 seconds
[2026-05-30T20:42:35.504+0000] {processor.py:161} INFO - Started process (PID=1278) to work on /opt/airflow/dags/dag_crime_pipeline.py
[2026-05-30T20:42:35.506+0000] {processor.py:830} INFO - Processing file /opt/airflow/dags/dag_crime_pipeline.py for tasks to queue
[2026-05-30T20:42:35.509+0000] {logging_mixin.py:188} INFO - [2026-05-30T20:42:35.509+0000] {dagbag.py:538} INFO - Filling up the DagBag from /opt/airflow/dags/dag_crime_pipeline.py
[2026-05-30T20:42:35.559+0000] {processor.py:840} INFO - DAG(s) 'crime_analytics_pipeline' retrieved from /opt/airflow/dags/dag_crime_pipeline.py
[2026-05-30T20:42:35.608+0000] {logging_mixin.py:188} INFO - [2026-05-30T20:42:35.607+0000] {dag.py:3036} INFO - Sync 1 DAGs
[2026-05-30T20:42:35.649+0000] {logging_mixin.py:188} INFO - [2026-05-30T20:42:35.649+0000] {dag.py:3823} INFO - Setting next_dagrun for crime_analytics_pipeline to 2026-05-30 19:00:00+00:00, run_after=2026-06-06 19:00:00+00:00
[2026-05-30T20:42:35.701+0000] {processor.py:183} INFO - Processing /opt/airflow/dags/dag_crime_pipeline.py took 0.202 seconds
[2026-05-30T20:43:06.018+0000] {processor.py:161} INFO - Started process (PID=1283) to work on /opt/airflow/dags/dag_crime_pipeline.py
[2026-05-30T20:43:06.020+0000] {processor.py:830} INFO - Processing file /opt/airflow/dags/dag_crime_pipeline.py for tasks to queue
[2026-05-30T20:43:06.025+0000] {logging_mixin.py:188} INFO - [2026-05-30T20:43:06.024+0000] {dagbag.py:538} INFO - Filling up the DagBag from /opt/airflow/dags/dag_crime_pipeline.py
[2026-05-30T20:43:06.095+0000] {processor.py:840} INFO - DAG(s) 'crime_analytics_pipeline' retrieved from /opt/airflow/dags/dag_crime_pipeline.py
[2026-05-30T20:43:06.151+0000] {logging_mixin.py:188} INFO - [2026-05-30T20:43:06.150+0000] {dag.py:3036} INFO - Sync 1 DAGs
[2026-05-30T20:43:06.181+0000] {logging_mixin.py:188} INFO - [2026-05-30T20:43:06.181+0000] {dag.py:3823} INFO - Setting next_dagrun for crime_analytics_pipeline to 2026-05-30 19:00:00+00:00, run_after=2026-06-06 19:00:00+00:00
[2026-05-30T20:43:06.206+0000] {processor.py:183} INFO - Processing /opt/airflow/dags/dag_crime_pipeline.py took 0.223 seconds
[2026-05-30T20:43:36.471+0000] {processor.py:161} INFO - Started process (PID=1288) to work on /opt/airflow/dags/dag_crime_pipeline.py
[2026-05-30T20:43:36.473+0000] {processor.py:830} INFO - Processing file /opt/airflow/dags/dag_crime_pipeline.py for tasks to queue
[2026-05-30T20:43:36.483+0000] {logging_mixin.py:188} INFO - [2026-05-30T20:43:36.482+0000] {dagbag.py:538} INFO - Filling up the DagBag from /opt/airflow/dags/dag_crime_pipeline.py
[2026-05-30T20:43:36.557+0000] {processor.py:840} INFO - DAG(s) 'crime_analytics_pipeline' retrieved from /opt/airflow/dags/dag_crime_pipeline.py
[2026-05-30T20:43:36.609+0000] {logging_mixin.py:188} INFO - [2026-05-30T20:43:36.609+0000] {dag.py:3036} INFO - Sync 1 DAGs
[2026-05-30T20:43:36.637+0000] {logging_mixin.py:188} INFO - [2026-05-30T20:43:36.637+0000] {dag.py:3823} INFO - Setting next_dagrun for crime_analytics_pipeline to 2026-05-30 19:00:00+00:00, run_after=2026-06-06 19:00:00+00:00
[2026-05-30T20:43:36.664+0000] {processor.py:183} INFO - Processing /opt/airflow/dags/dag_crime_pipeline.py took 0.202 seconds
[2026-05-30T20:44:07.056+0000] {processor.py:161} INFO - Started process (PID=1293) to work on /opt/airflow/dags/dag_crime_pipeline.py
[2026-05-30T20:44:07.058+0000] {processor.py:830} INFO - Processing file /opt/airflow/dags/dag_crime_pipeline.py for tasks to queue
[2026-05-30T20:44:07.062+0000] {logging_mixin.py:188} INFO - [2026-05-30T20:44:07.061+0000] {dagbag.py:538} INFO - Filling up the DagBag from /opt/airflow/dags/dag_crime_pipeline.py
[2026-05-30T20:44:07.114+0000] {processor.py:840} INFO - DAG(s) 'crime_analytics_pipeline' retrieved from /opt/airflow/dags/dag_crime_pipeline.py
[2026-05-30T20:44:07.160+0000] {logging_mixin.py:188} INFO - [2026-05-30T20:44:07.159+0000] {dag.py:3036} INFO - Sync 1 DAGs
[2026-05-30T20:44:07.189+0000] {logging_mixin.py:188} INFO - [2026-05-30T20:44:07.189+0000] {dag.py:3823} INFO - Setting next_dagrun for crime_analytics_pipeline to 2026-05-30 19:00:00+00:00, run_after=2026-06-06 19:00:00+00:00
[2026-05-30T20:44:07.217+0000] {processor.py:183} INFO - Processing /opt/airflow/dags/dag_crime_pipeline.py took 0.166 seconds
[2026-05-30T20:44:37.430+0000] {processor.py:161} INFO - Started process (PID=1298) to work on /opt/airflow/dags/dag_crime_pipeline.py
[2026-05-30T20:44:37.432+0000] {processor.py:830} INFO - Processing file /opt/airflow/dags/dag_crime_pipeline.py for tasks to queue
[2026-05-30T20:44:37.435+0000] {logging_mixin.py:188} INFO - [2026-05-30T20:44:37.435+0000] {dagbag.py:538} INFO - Filling up the DagBag from /opt/airflow/dags/dag_crime_pipeline.py
[2026-05-30T20:44:37.482+0000] {processor.py:840} INFO - DAG(s) 'crime_analytics_pipeline' retrieved from /opt/airflow/dags/dag_crime_pipeline.py
[2026-05-30T20:44:37.523+0000] {logging_mixin.py:188} INFO - [2026-05-30T20:44:37.522+0000] {dag.py:3036} INFO - Sync 1 DAGs
[2026-05-30T20:44:37.563+0000] {logging_mixin.py:188} INFO - [2026-05-30T20:44:37.562+0000] {dag.py:3823} INFO - Setting next_dagrun for crime_analytics_pipeline to 2026-05-30 19:00:00+00:00, run_after=2026-06-06 19:00:00+00:00
[2026-05-30T20:44:37.618+0000] {processor.py:183} INFO - Processing /opt/airflow/dags/dag_crime_pipeline.py took 0.194 seconds
[2026-05-30T20:45:07.921+0000] {processor.py:161} INFO - Started process (PID=1303) to work on /opt/airflow/dags/dag_crime_pipeline.py
[2026-05-30T20:45:07.923+0000] {processor.py:830} INFO - Processing file /opt/airflow/dags/dag_crime_pipeline.py for tasks to queue
[2026-05-30T20:45:07.928+0000] {logging_mixin.py:188} INFO - [2026-05-30T20:45:07.927+0000] {dagbag.py:538} INFO - Filling up the DagBag from /opt/airflow/dags/dag_crime_pipeline.py
[2026-05-30T20:45:07.980+0000] {processor.py:840} INFO - DAG(s) 'crime_analytics_pipeline' retrieved from /opt/airflow/dags/dag_crime_pipeline.py
[2026-05-30T20:45:08.024+0000] {logging_mixin.py:188} INFO - [2026-05-30T20:45:08.023+0000] {dag.py:3036} INFO - Sync 1 DAGs
[2026-05-30T20:45:08.066+0000] {logging_mixin.py:188} INFO - [2026-05-30T20:45:08.066+0000] {dag.py:3823} INFO - Setting next_dagrun for crime_analytics_pipeline to 2026-05-30 19:00:00+00:00, run_after=2026-06-06 19:00:00+00:00
[2026-05-30T20:45:08.096+0000] {processor.py:183} INFO - Processing /opt/airflow/dags/dag_crime_pipeline.py took 0.182 seconds
[2026-05-30T20:45:38.395+0000] {processor.py:161} INFO - Started process (PID=1308) to work on /opt/airflow/dags/dag_crime_pipeline.py
[2026-05-30T20:45:38.397+0000] {processor.py:830} INFO - Processing file /opt/airflow/dags/dag_crime_pipeline.py for tasks to queue
[2026-05-30T20:45:38.401+0000] {logging_mixin.py:188} INFO - [2026-05-30T20:45:38.400+0000] {dagbag.py:538} INFO - Filling up the DagBag from /opt/airflow/dags/dag_crime_pipeline.py
[2026-05-30T20:45:38.447+0000] {processor.py:840} INFO - DAG(s) 'crime_analytics_pipeline' retrieved from /opt/airflow/dags/dag_crime_pipeline.py
[2026-05-30T20:45:38.525+0000] {logging_mixin.py:188} INFO - [2026-05-30T20:45:38.524+0000] {dag.py:3036} INFO - Sync 1 DAGs
[2026-05-30T20:45:38.560+0000] {logging_mixin.py:188} INFO - [2026-05-30T20:45:38.560+0000] {dag.py:3823} INFO - Setting next_dagrun for crime_analytics_pipeline to 2026-05-30 19:00:00+00:00, run_after=2026-06-06 19:00:00+00:00
[2026-05-30T20:45:38.588+0000] {processor.py:183} INFO - Processing /opt/airflow/dags/dag_crime_pipeline.py took 0.199 seconds
[2026-05-30T20:46:08.837+0000] {processor.py:161} INFO - Started process (PID=1313) to work on /opt/airflow/dags/dag_crime_pipeline.py
[2026-05-30T20:46:08.839+0000] {processor.py:830} INFO - Processing file /opt/airflow/dags/dag_crime_pipeline.py for tasks to queue
[2026-05-30T20:46:08.842+0000] {logging_mixin.py:188} INFO - [2026-05-30T20:46:08.842+0000] {dagbag.py:538} INFO - Filling up the DagBag from /opt/airflow/dags/dag_crime_pipeline.py
[2026-05-30T20:46:08.886+0000] {processor.py:840} INFO - DAG(s) 'crime_analytics_pipeline' retrieved from /opt/airflow/dags/dag_crime_pipeline.py
[2026-05-30T20:46:08.922+0000] {logging_mixin.py:188} INFO - [2026-05-30T20:46:08.921+0000] {dag.py:3036} INFO - Sync 1 DAGs
[2026-05-30T20:46:08.950+0000] {logging_mixin.py:188} INFO - [2026-05-30T20:46:08.950+0000] {dag.py:3823} INFO - Setting next_dagrun for crime_analytics_pipeline to 2026-05-30 19:00:00+00:00, run_after=2026-06-06 19:00:00+00:00
[2026-05-30T20:46:08.977+0000] {processor.py:183} INFO - Processing /opt/airflow/dags/dag_crime_pipeline.py took 0.145 seconds
[2026-05-30T20:46:39.298+0000] {processor.py:161} INFO - Started process (PID=1318) to work on /opt/airflow/dags/dag_crime_pipeline.py
[2026-05-30T20:46:39.299+0000] {processor.py:830} INFO - Processing file /opt/airflow/dags/dag_crime_pipeline.py for tasks to queue
[2026-05-30T20:46:39.303+0000] {logging_mixin.py:188} INFO - [2026-05-30T20:46:39.302+0000] {dagbag.py:538} INFO - Filling up the DagBag from /opt/airflow/dags/dag_crime_pipeline.py
[2026-05-30T20:46:39.345+0000] {processor.py:840} INFO - DAG(s) 'crime_analytics_pipeline' retrieved from /opt/airflow/dags/dag_crime_pipeline.py
[2026-05-30T20:46:39.380+0000] {logging_mixin.py:188} INFO - [2026-05-30T20:46:39.380+0000] {dag.py:3036} INFO - Sync 1 DAGs
[2026-05-30T20:46:39.404+0000] {logging_mixin.py:188} INFO - [2026-05-30T20:46:39.404+0000] {dag.py:3823} INFO - Setting next_dagrun for crime_analytics_pipeline to 2026-05-30 19:00:00+00:00, run_after=2026-06-06 19:00:00+00:00
[2026-05-30T20:46:39.425+0000] {processor.py:183} INFO - Processing /opt/airflow/dags/dag_crime_pipeline.py took 0.132 seconds
[2026-05-30T20:47:09.664+0000] {processor.py:161} INFO - Started process (PID=1323) to work on /opt/airflow/dags/dag_crime_pipeline.py
[2026-05-30T20:47:09.666+0000] {processor.py:830} INFO - Processing file /opt/airflow/dags/dag_crime_pipeline.py for tasks to queue
[2026-05-30T20:47:09.670+0000] {logging_mixin.py:188} INFO - [2026-05-30T20:47:09.669+0000] {dagbag.py:538} INFO - Filling up the DagBag from /opt/airflow/dags/dag_crime_pipeline.py
[2026-05-30T20:47:09.714+0000] {processor.py:840} INFO - DAG(s) 'crime_analytics_pipeline' retrieved from /opt/airflow/dags/dag_crime_pipeline.py
[2026-05-30T20:47:09.751+0000] {logging_mixin.py:188} INFO - [2026-05-30T20:47:09.751+0000] {dag.py:3036} INFO - Sync 1 DAGs
[2026-05-30T20:47:09.776+0000] {logging_mixin.py:188} INFO - [2026-05-30T20:47:09.776+0000] {dag.py:3823} INFO - Setting next_dagrun for crime_analytics_pipeline to 2026-05-30 19:00:00+00:00, run_after=2026-06-06 19:00:00+00:00
[2026-05-30T20:47:09.796+0000] {processor.py:183} INFO - Processing /opt/airflow/dags/dag_crime_pipeline.py took 0.137 seconds
[2026-05-30T20:47:40.117+0000] {processor.py:161} INFO - Started process (PID=1328) to work on /opt/airflow/dags/dag_crime_pipeline.py
[2026-05-30T20:47:40.118+0000] {processor.py:830} INFO - Processing file /opt/airflow/dags/dag_crime_pipeline.py for tasks to queue
[2026-05-30T20:47:40.122+0000] {logging_mixin.py:188} INFO - [2026-05-30T20:47:40.122+0000] {dagbag.py:538} INFO - Filling up the DagBag from /opt/airflow/dags/dag_crime_pipeline.py
[2026-05-30T20:47:40.164+0000] {processor.py:840} INFO - DAG(s) 'crime_analytics_pipeline' retrieved from /opt/airflow/dags/dag_crime_pipeline.py
[2026-05-30T20:47:40.199+0000] {logging_mixin.py:188} INFO - [2026-05-30T20:47:40.198+0000] {dag.py:3036} INFO - Sync 1 DAGs
[2026-05-30T20:47:40.222+0000] {logging_mixin.py:188} INFO - [2026-05-30T20:47:40.221+0000] {dag.py:3823} INFO - Setting next_dagrun for crime_analytics_pipeline to 2026-05-30 19:00:00+00:00, run_after=2026-06-06 19:00:00+00:00
[2026-05-30T20:47:40.247+0000] {processor.py:183} INFO - Processing /opt/airflow/dags/dag_crime_pipeline.py took 0.135 seconds
[2026-05-30T20:48:10.500+0000] {processor.py:161} INFO - Started process (PID=1333) to work on /opt/airflow/dags/dag_crime_pipeline.py
[2026-05-30T20:48:10.502+0000] {processor.py:830} INFO - Processing file /opt/airflow/dags/dag_crime_pipeline.py for tasks to queue
[2026-05-30T20:48:10.506+0000] {logging_mixin.py:188} INFO - [2026-05-30T20:48:10.505+0000] {dagbag.py:538} INFO - Filling up the DagBag from /opt/airflow/dags/dag_crime_pipeline.py
[2026-05-30T20:48:10.551+0000] {processor.py:840} INFO - DAG(s) 'crime_analytics_pipeline' retrieved from /opt/airflow/dags/dag_crime_pipeline.py
[2026-05-30T20:48:10.585+0000] {logging_mixin.py:188} INFO - [2026-05-30T20:48:10.584+0000] {dag.py:3036} INFO - Sync 1 DAGs
[2026-05-30T20:48:10.607+0000] {logging_mixin.py:188} INFO - [2026-05-30T20:48:10.607+0000] {dag.py:3823} INFO - Setting next_dagrun for crime_analytics_pipeline to 2026-05-30 19:00:00+00:00, run_after=2026-06-06 19:00:00+00:00
[2026-05-30T20:48:10.624+0000] {processor.py:183} INFO - Processing /opt/airflow/dags/dag_crime_pipeline.py took 0.130 seconds
[2026-05-30T20:48:40.967+0000] {processor.py:161} INFO - Started process (PID=1338) to work on /opt/airflow/dags/dag_crime_pipeline.py
[2026-05-30T20:48:40.969+0000] {processor.py:830} INFO - Processing file /opt/airflow/dags/dag_crime_pipeline.py for tasks to queue
[2026-05-30T20:48:40.972+0000] {logging_mixin.py:188} INFO - [2026-05-30T20:48:40.972+0000] {dagbag.py:538} INFO - Filling up the DagBag from /opt/airflow/dags/dag_crime_pipeline.py
[2026-05-30T20:48:41.013+0000] {processor.py:840} INFO - DAG(s) 'crime_analytics_pipeline' retrieved from /opt/airflow/dags/dag_crime_pipeline.py
[2026-05-30T20:48:41.047+0000] {logging_mixin.py:188} INFO - [2026-05-30T20:48:41.047+0000] {dag.py:3036} INFO - Sync 1 DAGs
[2026-05-30T20:48:41.071+0000] {logging_mixin.py:188} INFO - [2026-05-30T20:48:41.071+0000] {dag.py:3823} INFO - Setting next_dagrun for crime_analytics_pipeline to 2026-05-30 19:00:00+00:00, run_after=2026-06-06 19:00:00+00:00
[2026-05-30T20:48:41.091+0000] {processor.py:183} INFO - Processing /opt/airflow/dags/dag_crime_pipeline.py took 0.128 seconds
[2026-05-30T20:49:11.302+0000] {processor.py:161} INFO - Started process (PID=1343) to work on /opt/airflow/dags/dag_crime_pipeline.py
[2026-05-30T20:49:11.304+0000] {processor.py:830} INFO - Processing file /opt/airflow/dags/dag_crime_pipeline.py for tasks to queue
[2026-05-30T20:49:11.308+0000] {logging_mixin.py:188} INFO - [2026-05-30T20:49:11.307+0000] {dagbag.py:538} INFO - Filling up the DagBag from /opt/airflow/dags/dag_crime_pipeline.py
[2026-05-30T20:49:11.352+0000] {processor.py:840} INFO - DAG(s) 'crime_analytics_pipeline' retrieved from /opt/airflow/dags/dag_crime_pipeline.py
[2026-05-30T20:49:11.391+0000] {logging_mixin.py:188} INFO - [2026-05-30T20:49:11.390+0000] {dag.py:3036} INFO - Sync 1 DAGs
[2026-05-30T20:49:11.418+0000] {logging_mixin.py:188} INFO - [2026-05-30T20:49:11.417+0000] {dag.py:3823} INFO - Setting next_dagrun for crime_analytics_pipeline to 2026-05-30 19:00:00+00:00, run_after=2026-06-06 19:00:00+00:00
[2026-05-30T20:49:11.442+0000] {processor.py:183} INFO - Processing /opt/airflow/dags/dag_crime_pipeline.py took 0.146 seconds
[2026-05-30T20:49:41.758+0000] {processor.py:161} INFO - Started process (PID=1348) to work on /opt/airflow/dags/dag_crime_pipeline.py
[2026-05-30T20:49:41.760+0000] {processor.py:830} INFO - Processing file /opt/airflow/dags/dag_crime_pipeline.py for tasks to queue
[2026-05-30T20:49:41.763+0000] {logging_mixin.py:188} INFO - [2026-05-30T20:49:41.762+0000] {dagbag.py:538} INFO - Filling up the DagBag from /opt/airflow/dags/dag_crime_pipeline.py
[2026-05-30T20:49:41.814+0000] {processor.py:840} INFO - DAG(s) 'crime_analytics_pipeline' retrieved from /opt/airflow/dags/dag_crime_pipeline.py
[2026-05-30T20:49:41.857+0000] {logging_mixin.py:188} INFO - [2026-05-30T20:49:41.856+0000] {dag.py:3036} INFO - Sync 1 DAGs
[2026-05-30T20:49:41.886+0000] {logging_mixin.py:188} INFO - [2026-05-30T20:49:41.885+0000] {dag.py:3823} INFO - Setting next_dagrun for crime_analytics_pipeline to 2026-05-30 19:00:00+00:00, run_after=2026-06-06 19:00:00+00:00
[2026-05-30T20:49:41.912+0000] {processor.py:183} INFO - Processing /opt/airflow/dags/dag_crime_pipeline.py took 0.160 seconds
[2026-05-30T20:50:12.272+0000] {processor.py:161} INFO - Started process (PID=1353) to work on /opt/airflow/dags/dag_crime_pipeline.py
[2026-05-30T20:50:12.273+0000] {processor.py:830} INFO - Processing file /opt/airflow/dags/dag_crime_pipeline.py for tasks to queue
[2026-05-30T20:50:12.277+0000] {logging_mixin.py:188} INFO - [2026-05-30T20:50:12.277+0000] {dagbag.py:538} INFO - Filling up the DagBag from /opt/airflow/dags/dag_crime_pipeline.py
[2026-05-30T20:50:12.322+0000] {processor.py:840} INFO - DAG(s) 'crime_analytics_pipeline' retrieved from /opt/airflow/dags/dag_crime_pipeline.py
[2026-05-30T20:50:12.356+0000] {logging_mixin.py:188} INFO - [2026-05-30T20:50:12.355+0000] {dag.py:3036} INFO - Sync 1 DAGs
[2026-05-30T20:50:12.378+0000] {logging_mixin.py:188} INFO - [2026-05-30T20:50:12.377+0000] {dag.py:3823} INFO - Setting next_dagrun for crime_analytics_pipeline to 2026-05-30 19:00:00+00:00, run_after=2026-06-06 19:00:00+00:00
[2026-05-30T20:50:12.398+0000] {processor.py:183} INFO - Processing /opt/airflow/dags/dag_crime_pipeline.py took 0.131 seconds
[2026-05-30T20:50:42.691+0000] {processor.py:161} INFO - Started process (PID=1358) to work on /opt/airflow/dags/dag_crime_pipeline.py
[2026-05-30T20:50:42.693+0000] {processor.py:830} INFO - Processing file /opt/airflow/dags/dag_crime_pipeline.py for tasks to queue
[2026-05-30T20:50:42.697+0000] {logging_mixin.py:188} INFO - [2026-05-30T20:50:42.696+0000] {dagbag.py:538} INFO - Filling up the DagBag from /opt/airflow/dags/dag_crime_pipeline.py
[2026-05-30T20:50:42.743+0000] {processor.py:840} INFO - DAG(s) 'crime_analytics_pipeline' retrieved from /opt/airflow/dags/dag_crime_pipeline.py
[2026-05-30T20:50:42.780+0000] {logging_mixin.py:188} INFO - [2026-05-30T20:50:42.779+0000] {dag.py:3036} INFO - Sync 1 DAGs
[2026-05-30T20:50:42.807+0000] {logging_mixin.py:188} INFO - [2026-05-30T20:50:42.806+0000] {dag.py:3823} INFO - Setting next_dagrun for crime_analytics_pipeline to 2026-05-30 19:00:00+00:00, run_after=2026-06-06 19:00:00+00:00
[2026-05-30T20:50:42.835+0000] {processor.py:183} INFO - Processing /opt/airflow/dags/dag_crime_pipeline.py took 0.150 seconds
