[2026-05-31T11:40:03.002+0000] {taskinstance.py:1956} INFO - Dependencies all met for dep_context=non-requeueable deps ti=<TaskInstance: crime_analytics_pipeline.ingest_poi manual__2026-05-31T11:39:59.406206+00:00 [queued]>
[2026-05-31T11:40:03.011+0000] {taskinstance.py:1956} INFO - Dependencies all met for dep_context=requeueable deps ti=<TaskInstance: crime_analytics_pipeline.ingest_poi manual__2026-05-31T11:39:59.406206+00:00 [queued]>
[2026-05-31T11:40:03.014+0000] {taskinstance.py:2170} INFO - Starting attempt 1 of 2
[2026-05-31T11:40:03.028+0000] {taskinstance.py:2191} INFO - Executing <Task(PythonOperator): ingest_poi> on 2026-05-31 11:39:59.406206+00:00
[2026-05-31T11:40:03.037+0000] {standard_task_runner.py:60} INFO - Started process 4758 to run task
[2026-05-31T11:40:03.042+0000] {standard_task_runner.py:87} INFO - Running: ['***', 'tasks', 'run', 'crime_analytics_pipeline', 'ingest_poi', 'manual__2026-05-31T11:39:59.406206+00:00', '--job-id', '373', '--raw', '--subdir', 'DAGS_FOLDER/dag_crime_pipeline.py', '--cfg-path', '/tmp/tmp8z75qm35']
[2026-05-31T11:40:03.047+0000] {standard_task_runner.py:88} INFO - Job 373: Subtask ingest_poi
[2026-05-31T11:40:03.121+0000] {task_command.py:423} INFO - Running <TaskInstance: crime_analytics_pipeline.ingest_poi manual__2026-05-31T11:39:59.406206+00:00 [running]> on host db8b8170dea9
[2026-05-31T11:40:03.234+0000] {taskinstance.py:2480} INFO - Exporting env vars: AIRFLOW_CTX_DAG_EMAIL='cdash-alerts@example.com' AIRFLOW_CTX_DAG_OWNER='crime-analytics' AIRFLOW_CTX_DAG_ID='crime_analytics_pipeline' AIRFLOW_CTX_TASK_ID='ingest_poi' AIRFLOW_CTX_EXECUTION_DATE='2026-05-31T11:39:59.406206+00:00' AIRFLOW_CTX_TRY_NUMBER='1' AIRFLOW_CTX_DAG_RUN_ID='manual__2026-05-31T11:39:59.406206+00:00'
[2026-05-31T11:40:07.600+0000] {logging_mixin.py:188} WARNING - /opt/***/dags/dag_crime_pipeline.py:391 UserWarning: Geometry is in a geographic CRS. Results from 'centroid' are likely incorrect. Use 'GeoSeries.to_crs()' to re-project geometries to a projected CRS before this operation.
[2026-05-31T11:40:07.609+0000] {logging_mixin.py:188} WARNING - /opt/***/dags/dag_crime_pipeline.py:392 UserWarning: Geometry is in a geographic CRS. Results from 'centroid' are likely incorrect. Use 'GeoSeries.to_crs()' to re-project geometries to a projected CRS before this operation.
[2026-05-31T11:40:07.614+0000] {logging_mixin.py:188} INFO -   ✓ transit_station: 190 POIs
[2026-05-31T11:40:08.388+0000] {logging_mixin.py:188} WARNING - /opt/***/dags/dag_crime_pipeline.py:391 UserWarning: Geometry is in a geographic CRS. Results from 'centroid' are likely incorrect. Use 'GeoSeries.to_crs()' to re-project geometries to a projected CRS before this operation.
[2026-05-31T11:40:08.403+0000] {logging_mixin.py:188} WARNING - /opt/***/dags/dag_crime_pipeline.py:392 UserWarning: Geometry is in a geographic CRS. Results from 'centroid' are likely incorrect. Use 'GeoSeries.to_crs()' to re-project geometries to a projected CRS before this operation.
[2026-05-31T11:40:08.411+0000] {logging_mixin.py:188} INFO -   ✓ bus_stop: 10316 POIs
[2026-05-31T11:40:08.759+0000] {logging_mixin.py:188} WARNING - /opt/***/dags/dag_crime_pipeline.py:391 UserWarning: Geometry is in a geographic CRS. Results from 'centroid' are likely incorrect. Use 'GeoSeries.to_crs()' to re-project geometries to a projected CRS before this operation.
[2026-05-31T11:40:08.770+0000] {logging_mixin.py:188} WARNING - /opt/***/dags/dag_crime_pipeline.py:392 UserWarning: Geometry is in a geographic CRS. Results from 'centroid' are likely incorrect. Use 'GeoSeries.to_crs()' to re-project geometries to a projected CRS before this operation.
[2026-05-31T11:40:08.775+0000] {logging_mixin.py:188} INFO -   ✓ school: 1051 POIs
[2026-05-31T11:40:09.272+0000] {logging_mixin.py:188} WARNING - /opt/***/dags/dag_crime_pipeline.py:391 UserWarning: Geometry is in a geographic CRS. Results from 'centroid' are likely incorrect. Use 'GeoSeries.to_crs()' to re-project geometries to a projected CRS before this operation.
[2026-05-31T11:40:09.283+0000] {logging_mixin.py:188} WARNING - /opt/***/dags/dag_crime_pipeline.py:392 UserWarning: Geometry is in a geographic CRS. Results from 'centroid' are likely incorrect. Use 'GeoSeries.to_crs()' to re-project geometries to a projected CRS before this operation.
[2026-05-31T11:40:09.289+0000] {logging_mixin.py:188} INFO -   ✓ park: 898 POIs
[2026-05-31T11:40:09.560+0000] {logging_mixin.py:188} WARNING - /opt/***/dags/dag_crime_pipeline.py:391 UserWarning: Geometry is in a geographic CRS. Results from 'centroid' are likely incorrect. Use 'GeoSeries.to_crs()' to re-project geometries to a projected CRS before this operation.
[2026-05-31T11:40:09.570+0000] {logging_mixin.py:188} WARNING - /opt/***/dags/dag_crime_pipeline.py:392 UserWarning: Geometry is in a geographic CRS. Results from 'centroid' are likely incorrect. Use 'GeoSeries.to_crs()' to re-project geometries to a projected CRS before this operation.
[2026-05-31T11:40:09.574+0000] {logging_mixin.py:188} INFO -   ✓ nightlife: 856 POIs
[2026-05-31T11:40:09.973+0000] {logging_mixin.py:188} WARNING - /opt/***/dags/dag_crime_pipeline.py:391 UserWarning: Geometry is in a geographic CRS. Results from 'centroid' are likely incorrect. Use 'GeoSeries.to_crs()' to re-project geometries to a projected CRS before this operation.
[2026-05-31T11:40:09.982+0000] {logging_mixin.py:188} WARNING - /opt/***/dags/dag_crime_pipeline.py:392 UserWarning: Geometry is in a geographic CRS. Results from 'centroid' are likely incorrect. Use 'GeoSeries.to_crs()' to re-project geometries to a projected CRS before this operation.
[2026-05-31T11:40:09.985+0000] {logging_mixin.py:188} INFO -   ✓ liquor_store: 128 POIs
[2026-05-31T11:40:10.178+0000] {logging_mixin.py:188} WARNING - /opt/***/dags/dag_crime_pipeline.py:391 UserWarning: Geometry is in a geographic CRS. Results from 'centroid' are likely incorrect. Use 'GeoSeries.to_crs()' to re-project geometries to a projected CRS before this operation.
[2026-05-31T11:40:10.186+0000] {logging_mixin.py:188} WARNING - /opt/***/dags/dag_crime_pipeline.py:392 UserWarning: Geometry is in a geographic CRS. Results from 'centroid' are likely incorrect. Use 'GeoSeries.to_crs()' to re-project geometries to a projected CRS before this operation.
[2026-05-31T11:40:10.189+0000] {logging_mixin.py:188} INFO -   ✓ atm: 123 POIs
[2026-05-31T11:40:12.211+0000] {logging_mixin.py:188} WARNING - /opt/***/dags/dag_crime_pipeline.py:391 UserWarning: Geometry is in a geographic CRS. Results from 'centroid' are likely incorrect. Use 'GeoSeries.to_crs()' to re-project geometries to a projected CRS before this operation.
[2026-05-31T11:40:12.229+0000] {logging_mixin.py:188} WARNING - /opt/***/dags/dag_crime_pipeline.py:392 UserWarning: Geometry is in a geographic CRS. Results from 'centroid' are likely incorrect. Use 'GeoSeries.to_crs()' to re-project geometries to a projected CRS before this operation.
[2026-05-31T11:40:12.241+0000] {logging_mixin.py:188} INFO -   ✓ parking: 14494 POIs
[2026-05-31T11:40:12.586+0000] {logging_mixin.py:188} WARNING - /opt/***/dags/dag_crime_pipeline.py:391 UserWarning: Geometry is in a geographic CRS. Results from 'centroid' are likely incorrect. Use 'GeoSeries.to_crs()' to re-project geometries to a projected CRS before this operation.
[2026-05-31T11:40:12.594+0000] {logging_mixin.py:188} WARNING - /opt/***/dags/dag_crime_pipeline.py:392 UserWarning: Geometry is in a geographic CRS. Results from 'centroid' are likely incorrect. Use 'GeoSeries.to_crs()' to re-project geometries to a projected CRS before this operation.
[2026-05-31T11:40:12.598+0000] {logging_mixin.py:188} INFO -   ✓ fast_food: 1539 POIs
[2026-05-31T11:40:12.849+0000] {logging_mixin.py:188} WARNING - /opt/***/dags/dag_crime_pipeline.py:391 UserWarning: Geometry is in a geographic CRS. Results from 'centroid' are likely incorrect. Use 'GeoSeries.to_crs()' to re-project geometries to a projected CRS before this operation.
[2026-05-31T11:40:12.858+0000] {logging_mixin.py:188} WARNING - /opt/***/dags/dag_crime_pipeline.py:392 UserWarning: Geometry is in a geographic CRS. Results from 'centroid' are likely incorrect. Use 'GeoSeries.to_crs()' to re-project geometries to a projected CRS before this operation.
[2026-05-31T11:40:12.862+0000] {logging_mixin.py:188} INFO -   ✓ convenience: 696 POIs
[2026-05-31T11:40:13.300+0000] {logging_mixin.py:188} WARNING - /opt/***/dags/dag_crime_pipeline.py:391 UserWarning: Geometry is in a geographic CRS. Results from 'centroid' are likely incorrect. Use 'GeoSeries.to_crs()' to re-project geometries to a projected CRS before this operation.
[2026-05-31T11:40:13.308+0000] {logging_mixin.py:188} WARNING - /opt/***/dags/dag_crime_pipeline.py:392 UserWarning: Geometry is in a geographic CRS. Results from 'centroid' are likely incorrect. Use 'GeoSeries.to_crs()' to re-project geometries to a projected CRS before this operation.
[2026-05-31T11:40:13.311+0000] {logging_mixin.py:188} INFO -   ✓ pawn_shop: 23 POIs
[2026-05-31T11:40:13.483+0000] {logging_mixin.py:188} WARNING - /opt/***/dags/dag_crime_pipeline.py:391 UserWarning: Geometry is in a geographic CRS. Results from 'centroid' are likely incorrect. Use 'GeoSeries.to_crs()' to re-project geometries to a projected CRS before this operation.
[2026-05-31T11:40:13.491+0000] {logging_mixin.py:188} WARNING - /opt/***/dags/dag_crime_pipeline.py:392 UserWarning: Geometry is in a geographic CRS. Results from 'centroid' are likely incorrect. Use 'GeoSeries.to_crs()' to re-project geometries to a projected CRS before this operation.
[2026-05-31T11:40:13.494+0000] {logging_mixin.py:188} INFO -   ✓ check_cashing: 81 POIs
[2026-05-31T11:40:15.900+0000] {logging_mixin.py:188} INFO - ✅ POI uploaded: 30392 records, 12 types.
[2026-05-31T11:40:15.902+0000] {python.py:201} INFO - Done. Returned value was: None
[2026-05-31T11:40:15.917+0000] {taskinstance.py:1138} INFO - Marking task as SUCCESS. dag_id=crime_analytics_pipeline, task_id=ingest_poi, execution_date=20260531T113959, start_date=20260531T114003, end_date=20260531T114015
[2026-05-31T11:40:16.032+0000] {local_task_job_runner.py:234} INFO - Task exited with return code 0
[2026-05-31T11:40:16.065+0000] {taskinstance.py:3280} INFO - 0 downstream tasks scheduled from follow-on schedule check
