[2026-05-27T10:33:00.360+0000] {taskinstance.py:1956} INFO - Dependencies all met for dep_context=non-requeueable deps ti=<TaskInstance: crime_analytics_pipeline.etl_bronze manual__2026-05-27T10:28:23.691752+00:00 [queued]>
[2026-05-27T10:33:00.368+0000] {taskinstance.py:1956} INFO - Dependencies all met for dep_context=requeueable deps ti=<TaskInstance: crime_analytics_pipeline.etl_bronze manual__2026-05-27T10:28:23.691752+00:00 [queued]>
[2026-05-27T10:33:00.368+0000] {taskinstance.py:2170} INFO - Starting attempt 1 of 2
[2026-05-27T10:33:00.380+0000] {taskinstance.py:2191} INFO - Executing <Task(DataprocSubmitJobOperator): etl_bronze> on 2026-05-27 10:28:23.691752+00:00
[2026-05-27T10:33:00.391+0000] {standard_task_runner.py:60} INFO - Started process 357 to run task
[2026-05-27T10:33:00.394+0000] {standard_task_runner.py:87} INFO - Running: ['***', 'tasks', 'run', 'crime_analytics_pipeline', 'etl_bronze', 'manual__2026-05-27T10:28:23.691752+00:00', '--job-id', '141', '--raw', '--subdir', 'DAGS_FOLDER/dag_crime_pipeline.py', '--cfg-path', '/tmp/tmpxbj60ezc']
[2026-05-27T10:33:00.397+0000] {standard_task_runner.py:88} INFO - Job 141: Subtask etl_bronze
[2026-05-27T10:33:00.468+0000] {task_command.py:423} INFO - Running <TaskInstance: crime_analytics_pipeline.etl_bronze manual__2026-05-27T10:28:23.691752+00:00 [running]> on host 93e8dbfc6168
[2026-05-27T10:33:00.580+0000] {taskinstance.py:2480} INFO - Exporting env vars: AIRFLOW_CTX_DAG_EMAIL='cdash-alerts@example.com' AIRFLOW_CTX_DAG_OWNER='crime-analytics' AIRFLOW_CTX_DAG_ID='crime_analytics_pipeline' AIRFLOW_CTX_TASK_ID='etl_bronze' AIRFLOW_CTX_EXECUTION_DATE='2026-05-27T10:28:23.691752+00:00' AIRFLOW_CTX_TRY_NUMBER='1' AIRFLOW_CTX_DAG_RUN_ID='manual__2026-05-27T10:28:23.691752+00:00'
[2026-05-27T10:33:00.582+0000] {dataproc.py:2208} INFO - Submitting job
[2026-05-27T10:33:00.595+0000] {connection.py:234} WARNING - Connection schemes (type: google_cloud_platform) shall not contain '_' according to RFC3986.
[2026-05-27T10:33:00.597+0000] {base.py:83} INFO - Using connection ID 'google_cloud_default' for task execution.
[2026-05-27T10:33:02.174+0000] {dataproc.py:2220} INFO - Job 069c3f05-d5e9-4e35-bd05-744971cfb113 submitted successfully.
[2026-05-27T10:33:02.221+0000] {dataproc.py:2254} INFO - Waiting for job 069c3f05-d5e9-4e35-bd05-744971cfb113 to complete
[2026-05-27T10:34:13.008+0000] {taskinstance.py:2698} ERROR - Task failed with exception
Traceback (most recent call last):
  File "/home/airflow/.local/lib/python3.11/site-packages/airflow/models/taskinstance.py", line 433, in _execute_task
    result = execute_callable(context=context, **execute_callable_kwargs)
             ^^^^^^^^^^^^^^^^^^^^^^^^^^^^^^^^^^^^^^^^^^^^^^^^^^^^^^^^^^^^
  File "/home/airflow/.local/lib/python3.11/site-packages/airflow/providers/google/cloud/operators/dataproc.py", line 2255, in execute
    self.hook.wait_for_job(
  File "/home/airflow/.local/lib/python3.11/site-packages/airflow/providers/google/common/hooks/base_google.py", line 477, in inner_wrapper
    return func(self, *args, **kwargs)
           ^^^^^^^^^^^^^^^^^^^^^^^^^^^
  File "/home/airflow/.local/lib/python3.11/site-packages/airflow/providers/google/cloud/hooks/dataproc.py", line 724, in wait_for_job
    raise AirflowException(f"Job failed:\n{job}")
airflow.exceptions.AirflowException: Job failed:
reference {
  project_id: "sage-mind-489618-n5"
  job_id: "069c3f05-d5e9-4e35-bd05-744971cfb113"
}
placement {
  cluster_name: "crime-etl-cluster"
  cluster_uuid: "f4363b8d-350e-4a91-90f5-6ace2c9683e5"
}
pyspark_job {
  main_python_file_uri: "gs://chicago-crime-raw-group15/scripts/stage2_bronze/data_ingestion.py"
  args: "--env=prod"
  args: "--raw_path=gs://chicago-crime-raw-group15/raw/chicago_crime"
  args: "--bronze_path=gs://chicago-crime-raw-group15/bronze/chicago_crime"
  python_file_uris: "gs://chicago-crime-raw-group15/scripts/utils.zip"
  properties {
    key: "spark.jars.packages"
    value: "com.google.cloud.spark:spark-bigquery-with-dependencies_2.12:0.32.2"
  }
}
status {
  state: ERROR
  details: "Job failed with message [pyspark.sql.utils.AnalysisException: Path does not exist: gs://chicago-crime-raw-group15/raw/chicago_crime/**/*.csv]. Additional details can be found at:\nhttps://console.cloud.google.com/dataproc/jobs/069c3f05-d5e9-4e35-bd05-744971cfb113?project=sage-mind-489618-n5&region=us-central1\ngcloud dataproc jobs wait \'069c3f05-d5e9-4e35-bd05-744971cfb113\' --region \'us-central1\' --project \'sage-mind-489618-n5\'\nhttps://console.cloud.google.com/storage/browser/dataproc-staging-us-central1-47706975998-p2ulnh4c/google-cloud-dataproc-metainfo/f4363b8d-350e-4a91-90f5-6ace2c9683e5/jobs/069c3f05-d5e9-4e35-bd05-744971cfb113/\ngs://dataproc-staging-us-central1-47706975998-p2ulnh4c/google-cloud-dataproc-metainfo/f4363b8d-350e-4a91-90f5-6ace2c9683e5/jobs/069c3f05-d5e9-4e35-bd05-744971cfb113/driveroutput.*"
  state_start_time {
    seconds: 1779878042
    nanos: 705871000
  }
}
status_history {
  state: PENDING
  state_start_time {
    seconds: 1779877982
    nanos: 646328000
  }
}
status_history {
  state: SETUP_DONE
  state_start_time {
    seconds: 1779877982
    nanos: 723715000
  }
}
status_history {
  state: RUNNING
  state_start_time {
    seconds: 1779877983
    nanos: 260278000
  }
}
yarn_applications {
  name: "Stage2_Bronze_Ingestion"
  state: FINISHED
  progress: 1
  tracking_url: "http://crime-etl-cluster-m.us-central1-a.c.sage-mind-489618-n5.internal.:8088/proxy/application_1779877869944_0001/"
}
driver_output_resource_uri: "gs://dataproc-staging-us-central1-47706975998-p2ulnh4c/google-cloud-dataproc-metainfo/f4363b8d-350e-4a91-90f5-6ace2c9683e5/jobs/069c3f05-d5e9-4e35-bd05-744971cfb113/driveroutput"
driver_control_files_uri: "gs://dataproc-staging-us-central1-47706975998-p2ulnh4c/google-cloud-dataproc-metainfo/f4363b8d-350e-4a91-90f5-6ace2c9683e5/jobs/069c3f05-d5e9-4e35-bd05-744971cfb113/"
job_uuid: "069c3f05-d5e9-4e35-bd05-744971cfb113"
done: true

[2026-05-27T10:34:13.013+0000] {taskinstance.py:1138} INFO - Marking task as UP_FOR_RETRY. dag_id=crime_analytics_pipeline, task_id=etl_bronze, execution_date=20260527T102823, start_date=20260527T103300, end_date=20260527T103413
[2026-05-27T10:34:13.027+0000] {standard_task_runner.py:107} ERROR - Failed to execute job 141 for task etl_bronze (Job failed:
reference {
  project_id: "sage-mind-489618-n5"
  job_id: "069c3f05-d5e9-4e35-bd05-744971cfb113"
}
placement {
  cluster_name: "crime-etl-cluster"
  cluster_uuid: "f4363b8d-350e-4a91-90f5-6ace2c9683e5"
}
pyspark_job {
  main_python_file_uri: "gs://chicago-crime-raw-group15/scripts/stage2_bronze/data_ingestion.py"
  args: "--env=prod"
  args: "--raw_path=gs://chicago-crime-raw-group15/raw/chicago_crime"
  args: "--bronze_path=gs://chicago-crime-raw-group15/bronze/chicago_crime"
  python_file_uris: "gs://chicago-crime-raw-group15/scripts/utils.zip"
  properties {
    key: "spark.jars.packages"
    value: "com.google.cloud.spark:spark-bigquery-with-dependencies_2.12:0.32.2"
  }
}
status {
  state: ERROR
  details: "Job failed with message [pyspark.sql.utils.AnalysisException: Path does not exist: gs://chicago-crime-raw-group15/raw/chicago_crime/**/*.csv]. Additional details can be found at:\nhttps://console.cloud.google.com/dataproc/jobs/069c3f05-d5e9-4e35-bd05-744971cfb113?project=sage-mind-489618-n5&region=us-central1\ngcloud dataproc jobs wait \'069c3f05-d5e9-4e35-bd05-744971cfb113\' --region \'us-central1\' --project \'sage-mind-489618-n5\'\nhttps://console.cloud.google.com/storage/browser/dataproc-staging-us-central1-47706975998-p2ulnh4c/google-cloud-dataproc-metainfo/f4363b8d-350e-4a91-90f5-6ace2c9683e5/jobs/069c3f05-d5e9-4e35-bd05-744971cfb113/\ngs://dataproc-staging-us-central1-47706975998-p2ulnh4c/google-cloud-dataproc-metainfo/f4363b8d-350e-4a91-90f5-6ace2c9683e5/jobs/069c3f05-d5e9-4e35-bd05-744971cfb113/driveroutput.*"
  state_start_time {
    seconds: 1779878042
    nanos: 705871000
  }
}
status_history {
  state: PENDING
  state_start_time {
    seconds: 1779877982
    nanos: 646328000
  }
}
status_history {
  state: SETUP_DONE
  state_start_time {
    seconds: 1779877982
    nanos: 723715000
  }
}
status_history {
  state: RUNNING
  state_start_time {
    seconds: 1779877983
    nanos: 260278000
  }
}
yarn_applications {
  name: "Stage2_Bronze_Ingestion"
  state: FINISHED
  progress: 1
  tracking_url: "http://crime-etl-cluster-m.us-central1-a.c.sage-mind-489618-n5.internal.:8088/proxy/application_1779877869944_0001/"
}
driver_output_resource_uri: "gs://dataproc-staging-us-central1-47706975998-p2ulnh4c/google-cloud-dataproc-metainfo/f4363b8d-350e-4a91-90f5-6ace2c9683e5/jobs/069c3f05-d5e9-4e35-bd05-744971cfb113/driveroutput"
driver_control_files_uri: "gs://dataproc-staging-us-central1-47706975998-p2ulnh4c/google-cloud-dataproc-metainfo/f4363b8d-350e-4a91-90f5-6ace2c9683e5/jobs/069c3f05-d5e9-4e35-bd05-744971cfb113/"
job_uuid: "069c3f05-d5e9-4e35-bd05-744971cfb113"
done: true
; 357)
[2026-05-27T10:34:13.083+0000] {local_task_job_runner.py:234} INFO - Task exited with return code 1
[2026-05-27T10:34:13.107+0000] {taskinstance.py:3280} INFO - 0 downstream tasks scheduled from follow-on schedule check
