[2026-05-30T20:11:35.839+0000] {taskinstance.py:1956} INFO - Dependencies all met for dep_context=non-requeueable deps ti=<TaskInstance: crime_analytics_pipeline.ingest_poi scheduled__2026-05-23T19:00:00+00:00 [queued]>
[2026-05-30T20:11:35.847+0000] {taskinstance.py:1956} INFO - Dependencies all met for dep_context=requeueable deps ti=<TaskInstance: crime_analytics_pipeline.ingest_poi scheduled__2026-05-23T19:00:00+00:00 [queued]>
[2026-05-30T20:11:35.848+0000] {taskinstance.py:2170} INFO - Starting attempt 1 of 2
[2026-05-30T20:11:35.860+0000] {taskinstance.py:2191} INFO - Executing <Task(PythonOperator): ingest_poi> on 2026-05-23 19:00:00+00:00
[2026-05-30T20:11:35.869+0000] {standard_task_runner.py:60} INFO - Started process 199 to run task
[2026-05-30T20:11:35.873+0000] {standard_task_runner.py:87} INFO - Running: ['***', 'tasks', 'run', 'crime_analytics_pipeline', 'ingest_poi', 'scheduled__2026-05-23T19:00:00+00:00', '--job-id', '319', '--raw', '--subdir', 'DAGS_FOLDER/dag_crime_pipeline.py', '--cfg-path', '/tmp/tmpqc362k09']
[2026-05-30T20:11:35.877+0000] {standard_task_runner.py:88} INFO - Job 319: Subtask ingest_poi
[2026-05-30T20:11:35.953+0000] {task_command.py:423} INFO - Running <TaskInstance: crime_analytics_pipeline.ingest_poi scheduled__2026-05-23T19:00:00+00:00 [running]> on host db8b8170dea9
[2026-05-30T20:11:36.077+0000] {taskinstance.py:2480} INFO - Exporting env vars: AIRFLOW_CTX_DAG_EMAIL='cdash-alerts@example.com' AIRFLOW_CTX_DAG_OWNER='crime-analytics' AIRFLOW_CTX_DAG_ID='crime_analytics_pipeline' AIRFLOW_CTX_TASK_ID='ingest_poi' AIRFLOW_CTX_EXECUTION_DATE='2026-05-23T19:00:00+00:00' AIRFLOW_CTX_TRY_NUMBER='1' AIRFLOW_CTX_DAG_RUN_ID='scheduled__2026-05-23T19:00:00+00:00'
[2026-05-30T20:11:39.846+0000] {logging_mixin.py:188} WARNING - /opt/***/dags/dag_crime_pipeline.py:279 UserWarning: Geometry is in a geographic CRS. Results from 'centroid' are likely incorrect. Use 'GeoSeries.to_crs()' to re-project geometries to a projected CRS before this operation.
[2026-05-30T20:11:39.856+0000] {logging_mixin.py:188} WARNING - /opt/***/dags/dag_crime_pipeline.py:280 UserWarning: Geometry is in a geographic CRS. Results from 'centroid' are likely incorrect. Use 'GeoSeries.to_crs()' to re-project geometries to a projected CRS before this operation.
[2026-05-30T20:11:40.236+0000] {logging_mixin.py:188} WARNING - /opt/***/dags/dag_crime_pipeline.py:279 UserWarning: Geometry is in a geographic CRS. Results from 'centroid' are likely incorrect. Use 'GeoSeries.to_crs()' to re-project geometries to a projected CRS before this operation.
[2026-05-30T20:11:40.248+0000] {logging_mixin.py:188} WARNING - /opt/***/dags/dag_crime_pipeline.py:280 UserWarning: Geometry is in a geographic CRS. Results from 'centroid' are likely incorrect. Use 'GeoSeries.to_crs()' to re-project geometries to a projected CRS before this operation.
[2026-05-30T20:11:40.780+0000] {logging_mixin.py:188} WARNING - /opt/***/dags/dag_crime_pipeline.py:279 UserWarning: Geometry is in a geographic CRS. Results from 'centroid' are likely incorrect. Use 'GeoSeries.to_crs()' to re-project geometries to a projected CRS before this operation.
[2026-05-30T20:11:40.792+0000] {logging_mixin.py:188} WARNING - /opt/***/dags/dag_crime_pipeline.py:280 UserWarning: Geometry is in a geographic CRS. Results from 'centroid' are likely incorrect. Use 'GeoSeries.to_crs()' to re-project geometries to a projected CRS before this operation.
[2026-05-30T20:11:41.049+0000] {logging_mixin.py:188} WARNING - /opt/***/dags/dag_crime_pipeline.py:279 UserWarning: Geometry is in a geographic CRS. Results from 'centroid' are likely incorrect. Use 'GeoSeries.to_crs()' to re-project geometries to a projected CRS before this operation.
[2026-05-30T20:11:41.056+0000] {logging_mixin.py:188} WARNING - /opt/***/dags/dag_crime_pipeline.py:280 UserWarning: Geometry is in a geographic CRS. Results from 'centroid' are likely incorrect. Use 'GeoSeries.to_crs()' to re-project geometries to a projected CRS before this operation.
[2026-05-30T20:11:42.340+0000] {python.py:201} INFO - Done. Returned value was: None
[2026-05-30T20:11:42.352+0000] {taskinstance.py:1138} INFO - Marking task as SUCCESS. dag_id=crime_analytics_pipeline, task_id=ingest_poi, execution_date=20260523T190000, start_date=20260530T201135, end_date=20260530T201142
[2026-05-30T20:11:42.482+0000] {local_task_job_runner.py:234} INFO - Task exited with return code 0
[2026-05-30T20:11:42.505+0000] {taskinstance.py:3280} INFO - 0 downstream tasks scheduled from follow-on schedule check
