[2026-06-08T17:06:54.458+0000] {taskinstance.py:1956} INFO - Dependencies all met for dep_context=non-requeueable deps ti=<TaskInstance: crime_analytics_pipeline.ingest_chicago_crime manual__2026-06-08T17:06:51.122721+00:00 [queued]>
[2026-06-08T17:06:54.469+0000] {taskinstance.py:1956} INFO - Dependencies all met for dep_context=requeueable deps ti=<TaskInstance: crime_analytics_pipeline.ingest_chicago_crime manual__2026-06-08T17:06:51.122721+00:00 [queued]>
[2026-06-08T17:06:54.470+0000] {taskinstance.py:2170} INFO - Starting attempt 1 of 2
[2026-06-08T17:06:54.498+0000] {taskinstance.py:2191} INFO - Executing <Task(PythonOperator): ingest_chicago_crime> on 2026-06-08 17:06:51.122721+00:00
[2026-06-08T17:06:54.508+0000] {standard_task_runner.py:60} INFO - Started process 325 to run task
[2026-06-08T17:06:54.512+0000] {standard_task_runner.py:87} INFO - Running: ['***', 'tasks', 'run', 'crime_analytics_pipeline', 'ingest_chicago_crime', 'manual__2026-06-08T17:06:51.122721+00:00', '--job-id', '730', '--raw', '--subdir', 'DAGS_FOLDER/dag_crime_pipeline.py', '--cfg-path', '/tmp/tmpvneyu_3k']
[2026-06-08T17:06:54.517+0000] {standard_task_runner.py:88} INFO - Job 730: Subtask ingest_chicago_crime
[2026-06-08T17:06:54.599+0000] {task_command.py:423} INFO - Running <TaskInstance: crime_analytics_pipeline.ingest_chicago_crime manual__2026-06-08T17:06:51.122721+00:00 [running]> on host d26a8a58ef02
[2026-06-08T17:06:54.707+0000] {taskinstance.py:2480} INFO - Exporting env vars: AIRFLOW_CTX_DAG_EMAIL='cdash-alerts@example.com' AIRFLOW_CTX_DAG_OWNER='crime-analytics' AIRFLOW_CTX_DAG_ID='crime_analytics_pipeline' AIRFLOW_CTX_TASK_ID='ingest_chicago_crime' AIRFLOW_CTX_EXECUTION_DATE='2026-06-08T17:06:51.122721+00:00' AIRFLOW_CTX_TRY_NUMBER='1' AIRFLOW_CTX_DAG_RUN_ID='manual__2026-06-08T17:06:51.122721+00:00'
[2026-06-08T17:06:56.861+0000] {ingest_chicago_crime.py:217} INFO - INCREMENTAL mode: 2026-05-19
[2026-06-08T17:06:58.446+0000] {ingest_chicago_crime.py:103} INFO - [2026-05-19] _SUCCESS marker exists, skipping.
[2026-06-08T17:06:58.690+0000] {ingest_chicago_crime.py:103} INFO - [2026-05-20] _SUCCESS marker exists, skipping.
[2026-06-08T17:06:59.588+0000] {ingest_chicago_crime.py:103} INFO - [2026-05-21] _SUCCESS marker exists, skipping.
[2026-06-08T17:06:59.830+0000] {ingest_chicago_crime.py:103} INFO - [2026-05-22] _SUCCESS marker exists, skipping.
[2026-06-08T17:07:00.743+0000] {ingest_chicago_crime.py:103} INFO - [2026-05-23] _SUCCESS marker exists, skipping.
[2026-06-08T17:07:00.990+0000] {ingest_chicago_crime.py:103} INFO - [2026-05-24] _SUCCESS marker exists, skipping.
[2026-06-08T17:07:01.233+0000] {ingest_chicago_crime.py:103} INFO - [2026-05-25] _SUCCESS marker exists, skipping.
[2026-06-08T17:07:02.138+0000] {ingest_chicago_crime.py:103} INFO - [2026-05-26] _SUCCESS marker exists, skipping.
[2026-06-08T17:07:02.384+0000] {ingest_chicago_crime.py:114} INFO - [2026-05-27] Querying BigQuery...
[2026-06-08T17:07:05.950+0000] {ingest_chicago_crime.py:142} INFO - [2026-05-27] Uploaded 598 rows → gs://chicago-crime-raw-group15/raw/chicago_crime/2026/05/27/data.csv
[2026-06-08T17:07:06.257+0000] {ingest_chicago_crime.py:149} INFO - [2026-05-27] _SUCCESS marker written.
[2026-06-08T17:07:07.099+0000] {ingest_chicago_crime.py:103} INFO - [2026-05-28] _SUCCESS marker exists, skipping.
[2026-06-08T17:07:07.421+0000] {ingest_chicago_crime.py:114} INFO - [2026-05-29] Querying BigQuery...
[2026-06-08T17:07:10.371+0000] {ingest_chicago_crime.py:142} INFO - [2026-05-29] Uploaded 615 rows → gs://chicago-crime-raw-group15/raw/chicago_crime/2026/05/29/data.csv
[2026-06-08T17:07:10.661+0000] {ingest_chicago_crime.py:149} INFO - [2026-05-29] _SUCCESS marker written.
[2026-06-08T17:07:11.519+0000] {ingest_chicago_crime.py:103} INFO - [2026-05-30] _SUCCESS marker exists, skipping.
[2026-06-08T17:07:11.814+0000] {ingest_chicago_crime.py:114} INFO - [2026-05-31] Querying BigQuery...
[2026-06-08T17:07:13.104+0000] {ingest_chicago_crime.py:119} INFO - [2026-05-31] No data found, skipping.
[2026-06-08T17:07:13.343+0000] {ingest_chicago_crime.py:114} INFO - [2026-06-01] Querying BigQuery...
[2026-06-08T17:07:14.862+0000] {ingest_chicago_crime.py:119} INFO - [2026-06-01] No data found, skipping.
[2026-06-08T17:07:15.155+0000] {ingest_chicago_crime.py:114} INFO - [2026-06-02] Querying BigQuery...
[2026-06-08T17:07:16.616+0000] {ingest_chicago_crime.py:119} INFO - [2026-06-02] No data found, skipping.
[2026-06-08T17:07:16.913+0000] {ingest_chicago_crime.py:114} INFO - [2026-06-03] Querying BigQuery...
[2026-06-08T17:07:18.356+0000] {ingest_chicago_crime.py:119} INFO - [2026-06-03] No data found, skipping.
[2026-06-08T17:07:18.655+0000] {ingest_chicago_crime.py:114} INFO - [2026-06-04] Querying BigQuery...
[2026-06-08T17:07:20.045+0000] {ingest_chicago_crime.py:119} INFO - [2026-06-04] No data found, skipping.
[2026-06-08T17:07:20.335+0000] {ingest_chicago_crime.py:114} INFO - [2026-06-05] Querying BigQuery...
[2026-06-08T17:07:22.005+0000] {ingest_chicago_crime.py:119} INFO - [2026-06-05] No data found, skipping.
[2026-06-08T17:07:22.006+0000] {ingest_chicago_crime.py:187} INFO - Ingestion complete: {'start_date': '2026-05-19', 'end_date': '2026-06-05', 'days_loaded': 2, 'days_skipped': 16, 'total_rows': 1213}
[2026-06-08T17:07:22.007+0000] {python.py:201} INFO - Done. Returned value was: None
[2026-06-08T17:07:22.025+0000] {taskinstance.py:1138} INFO - Marking task as SUCCESS. dag_id=crime_analytics_pipeline, task_id=ingest_chicago_crime, execution_date=20260608T170651, start_date=20260608T170654, end_date=20260608T170722
[2026-06-08T17:07:22.085+0000] {local_task_job_runner.py:234} INFO - Task exited with return code 0
[2026-06-08T17:07:22.115+0000] {taskinstance.py:3280} INFO - 0 downstream tasks scheduled from follow-on schedule check
