[2026-06-17T19:44:08.410+0000] {taskinstance.py:1956} INFO - Dependencies all met for dep_context=non-requeueable deps ti=<TaskInstance: crime_analytics_pipeline.ingest_chicago_crime scheduled__2026-06-06T19:00:00+00:00 [queued]>
[2026-06-17T19:44:08.418+0000] {taskinstance.py:1956} INFO - Dependencies all met for dep_context=requeueable deps ti=<TaskInstance: crime_analytics_pipeline.ingest_chicago_crime scheduled__2026-06-06T19:00:00+00:00 [queued]>
[2026-06-17T19:44:08.419+0000] {taskinstance.py:2170} INFO - Starting attempt 1 of 2
[2026-06-17T19:44:08.433+0000] {taskinstance.py:2191} INFO - Executing <Task(PythonOperator): ingest_chicago_crime> on 2026-06-06 19:00:00+00:00
[2026-06-17T19:44:08.442+0000] {standard_task_runner.py:60} INFO - Started process 200 to run task
[2026-06-17T19:44:08.448+0000] {standard_task_runner.py:87} INFO - Running: ['***', 'tasks', 'run', 'crime_analytics_pipeline', 'ingest_chicago_crime', 'scheduled__2026-06-06T19:00:00+00:00', '--job-id', '808', '--raw', '--subdir', 'DAGS_FOLDER/dag_crime_pipeline.py', '--cfg-path', '/tmp/tmp7lyqrxc5']
[2026-06-17T19:44:08.457+0000] {standard_task_runner.py:88} INFO - Job 808: Subtask ingest_chicago_crime
[2026-06-17T19:44:08.534+0000] {task_command.py:423} INFO - Running <TaskInstance: crime_analytics_pipeline.ingest_chicago_crime scheduled__2026-06-06T19:00:00+00:00 [running]> on host d26a8a58ef02
[2026-06-17T19:44:08.657+0000] {taskinstance.py:2480} INFO - Exporting env vars: AIRFLOW_CTX_DAG_EMAIL='cdash-alerts@example.com' AIRFLOW_CTX_DAG_OWNER='crime-analytics' AIRFLOW_CTX_DAG_ID='crime_analytics_pipeline' AIRFLOW_CTX_TASK_ID='ingest_chicago_crime' AIRFLOW_CTX_EXECUTION_DATE='2026-06-06T19:00:00+00:00' AIRFLOW_CTX_TRY_NUMBER='1' AIRFLOW_CTX_DAG_RUN_ID='scheduled__2026-06-06T19:00:00+00:00'
[2026-06-17T19:44:09.822+0000] {ingest_chicago_crime.py:217} INFO - INCREMENTAL mode: 2026-05-17
[2026-06-17T19:44:10.591+0000] {ingest_chicago_crime.py:103} INFO - [2026-05-17] _SUCCESS marker exists, skipping.
[2026-06-17T19:44:11.582+0000] {ingest_chicago_crime.py:103} INFO - [2026-05-18] _SUCCESS marker exists, skipping.
[2026-06-17T19:44:11.824+0000] {ingest_chicago_crime.py:103} INFO - [2026-05-19] _SUCCESS marker exists, skipping.
[2026-06-17T19:44:12.851+0000] {ingest_chicago_crime.py:103} INFO - [2026-05-20] _SUCCESS marker exists, skipping.
[2026-06-17T19:44:13.091+0000] {ingest_chicago_crime.py:103} INFO - [2026-05-21] _SUCCESS marker exists, skipping.
[2026-06-17T19:44:13.936+0000] {ingest_chicago_crime.py:103} INFO - [2026-05-22] _SUCCESS marker exists, skipping.
[2026-06-17T19:44:14.301+0000] {ingest_chicago_crime.py:103} INFO - [2026-05-23] _SUCCESS marker exists, skipping.
[2026-06-17T19:44:15.087+0000] {ingest_chicago_crime.py:103} INFO - [2026-05-24] _SUCCESS marker exists, skipping.
[2026-06-17T19:44:15.403+0000] {ingest_chicago_crime.py:103} INFO - [2026-05-25] _SUCCESS marker exists, skipping.
[2026-06-17T19:44:16.221+0000] {ingest_chicago_crime.py:103} INFO - [2026-05-26] _SUCCESS marker exists, skipping.
[2026-06-17T19:44:17.016+0000] {ingest_chicago_crime.py:103} INFO - [2026-05-27] _SUCCESS marker exists, skipping.
[2026-06-17T19:44:17.299+0000] {ingest_chicago_crime.py:103} INFO - [2026-05-28] _SUCCESS marker exists, skipping.
[2026-06-17T19:44:18.217+0000] {ingest_chicago_crime.py:103} INFO - [2026-05-29] _SUCCESS marker exists, skipping.
[2026-06-17T19:44:18.456+0000] {ingest_chicago_crime.py:103} INFO - [2026-05-30] _SUCCESS marker exists, skipping.
[2026-06-17T19:44:19.375+0000] {ingest_chicago_crime.py:103} INFO - [2026-05-31] _SUCCESS marker exists, skipping.
[2026-06-17T19:44:19.619+0000] {ingest_chicago_crime.py:103} INFO - [2026-06-01] _SUCCESS marker exists, skipping.
[2026-06-17T19:44:20.455+0000] {ingest_chicago_crime.py:103} INFO - [2026-06-02] _SUCCESS marker exists, skipping.
[2026-06-17T19:44:20.988+0000] {ingest_chicago_crime.py:114} INFO - [2026-06-03] Querying BigQuery...
[2026-06-17T19:44:24.772+0000] {ingest_chicago_crime.py:142} INFO - [2026-06-03] Uploaded 640 rows → gs://chicago-crime-raw-group15/raw/chicago_crime/2026/06/03/data.csv
[2026-06-17T19:44:25.065+0000] {ingest_chicago_crime.py:149} INFO - [2026-06-03] _SUCCESS marker written.
[2026-06-17T19:44:25.067+0000] {ingest_chicago_crime.py:187} INFO - Ingestion complete: {'start_date': '2026-05-17', 'end_date': '2026-06-03', 'days_loaded': 1, 'days_skipped': 17, 'total_rows': 640}
[2026-06-17T19:44:25.068+0000] {python.py:201} INFO - Done. Returned value was: None
[2026-06-17T19:44:25.084+0000] {taskinstance.py:1138} INFO - Marking task as SUCCESS. dag_id=crime_analytics_pipeline, task_id=ingest_chicago_crime, execution_date=20260606T190000, start_date=20260617T194408, end_date=20260617T194425
[2026-06-17T19:44:25.161+0000] {local_task_job_runner.py:234} INFO - Task exited with return code 0
[2026-06-17T19:44:25.195+0000] {taskinstance.py:3280} INFO - 0 downstream tasks scheduled from follow-on schedule check
