[2026-05-27T16:03:52.473+0000] {taskinstance.py:1956} INFO - Dependencies all met for dep_context=non-requeueable deps ti=<TaskInstance: crime_analytics_pipeline.etl_gold manual__2026-05-27T13:18:48.578287+00:00 [queued]>
[2026-05-27T16:03:52.481+0000] {taskinstance.py:1956} INFO - Dependencies all met for dep_context=requeueable deps ti=<TaskInstance: crime_analytics_pipeline.etl_gold manual__2026-05-27T13:18:48.578287+00:00 [queued]>
[2026-05-27T16:03:52.482+0000] {taskinstance.py:2170} INFO - Starting attempt 2 of 2
[2026-05-27T16:03:52.493+0000] {taskinstance.py:2191} INFO - Executing <Task(DataprocSubmitJobOperator): etl_gold> on 2026-05-27 13:18:48.578287+00:00
[2026-05-27T16:03:52.501+0000] {standard_task_runner.py:60} INFO - Started process 622 to run task
[2026-05-27T16:03:52.505+0000] {standard_task_runner.py:87} INFO - Running: ['***', 'tasks', 'run', 'crime_analytics_pipeline', 'etl_gold', 'manual__2026-05-27T13:18:48.578287+00:00', '--job-id', '171', '--raw', '--subdir', 'DAGS_FOLDER/dag_crime_pipeline.py', '--cfg-path', '/tmp/tmpf4tzi1wo']
[2026-05-27T16:03:52.509+0000] {standard_task_runner.py:88} INFO - Job 171: Subtask etl_gold
[2026-05-27T16:03:52.584+0000] {task_command.py:423} INFO - Running <TaskInstance: crime_analytics_pipeline.etl_gold manual__2026-05-27T13:18:48.578287+00:00 [running]> on host db8b8170dea9
[2026-05-27T16:03:52.685+0000] {taskinstance.py:2480} INFO - Exporting env vars: AIRFLOW_CTX_DAG_EMAIL='cdash-alerts@example.com' AIRFLOW_CTX_DAG_OWNER='crime-analytics' AIRFLOW_CTX_DAG_ID='crime_analytics_pipeline' AIRFLOW_CTX_TASK_ID='etl_gold' AIRFLOW_CTX_EXECUTION_DATE='2026-05-27T13:18:48.578287+00:00' AIRFLOW_CTX_TRY_NUMBER='2' AIRFLOW_CTX_DAG_RUN_ID='manual__2026-05-27T13:18:48.578287+00:00'
[2026-05-27T16:03:52.687+0000] {dataproc.py:2208} INFO - Submitting job
[2026-05-27T16:03:52.699+0000] {connection.py:234} WARNING - Connection schemes (type: google_cloud_platform) shall not contain '_' according to RFC3986.
[2026-05-27T16:03:52.701+0000] {base.py:83} INFO - Using connection ID 'google_cloud_default' for task execution.
[2026-05-27T16:03:54.742+0000] {dataproc.py:2220} INFO - Job 1762e3fc-6685-4d32-a529-a38a862a2dce submitted successfully.
[2026-05-27T16:03:54.761+0000] {dataproc.py:2254} INFO - Waiting for job 1762e3fc-6685-4d32-a529-a38a862a2dce to complete
[2026-05-27T16:04:17.610+0000] {taskinstance.py:2698} ERROR - Task failed with exception
Traceback (most recent call last):
  File "/home/airflow/.local/lib/python3.11/site-packages/airflow/models/taskinstance.py", line 433, in _execute_task
    result = execute_callable(context=context, **execute_callable_kwargs)
             ^^^^^^^^^^^^^^^^^^^^^^^^^^^^^^^^^^^^^^^^^^^^^^^^^^^^^^^^^^^^
  File "/home/airflow/.local/lib/python3.11/site-packages/airflow/providers/google/cloud/operators/dataproc.py", line 2255, in execute
    self.hook.wait_for_job(
  File "/home/airflow/.local/lib/python3.11/site-packages/airflow/providers/google/common/hooks/base_google.py", line 477, in inner_wrapper
    return func(self, *args, **kwargs)
           ^^^^^^^^^^^^^^^^^^^^^^^^^^^
  File "/home/airflow/.local/lib/python3.11/site-packages/airflow/providers/google/cloud/hooks/dataproc.py", line 724, in wait_for_job
    raise AirflowException(f"Job failed:\n{job}")
airflow.exceptions.AirflowException: Job failed:
reference {
  project_id: "sage-mind-489618-n5"
  job_id: "1762e3fc-6685-4d32-a529-a38a862a2dce"
}
placement {
  cluster_name: "crime-etl-cluster"
  cluster_uuid: "4bfcc221-2223-400c-a3cb-1ba78c6db5ef"
}
pyspark_job {
  main_python_file_uri: "gs://chicago-crime-raw-group15/scripts/stage4_gold/main.py"
  args: "--mode=append"
  args: "--project=sage-mind-489618-n5"
  args: "--dataset=cdash_warehouse"
  args: "--bucket=chicago-crime-raw-group15"
  python_file_uris: "gs://chicago-crime-raw-group15/scripts/utils.zip"
  properties {
    key: "spark.jars.packages"
    value: "com.google.cloud.spark:spark-bigquery-with-dependencies_2.12:0.32.2"
  }
}
status {
  state: ERROR
  details: "Job failed with message [ModuleNotFoundError: No module named \'stage4_gold\']. Additional details can be found at:\nhttps://console.cloud.google.com/dataproc/jobs/1762e3fc-6685-4d32-a529-a38a862a2dce?project=sage-mind-489618-n5&region=us-central1\ngcloud dataproc jobs wait \'1762e3fc-6685-4d32-a529-a38a862a2dce\' --region \'us-central1\' --project \'sage-mind-489618-n5\'\nhttps://console.cloud.google.com/storage/browser/dataproc-staging-us-central1-47706975998-p2ulnh4c/google-cloud-dataproc-metainfo/4bfcc221-2223-400c-a3cb-1ba78c6db5ef/jobs/1762e3fc-6685-4d32-a529-a38a862a2dce/\ngs://dataproc-staging-us-central1-47706975998-p2ulnh4c/google-cloud-dataproc-metainfo/4bfcc221-2223-400c-a3cb-1ba78c6db5ef/jobs/1762e3fc-6685-4d32-a529-a38a862a2dce/driveroutput.*"
  state_start_time {
    seconds: 1779897847
    nanos: 277973000
  }
}
status_history {
  state: PENDING
  state_start_time {
    seconds: 1779897834
    nanos: 246291000
  }
}
status_history {
  state: SETUP_DONE
  state_start_time {
    seconds: 1779897834
    nanos: 311105000
  }
}
status_history {
  state: RUNNING
  state_start_time {
    seconds: 1779897834
    nanos: 718862000
  }
}
driver_output_resource_uri: "gs://dataproc-staging-us-central1-47706975998-p2ulnh4c/google-cloud-dataproc-metainfo/4bfcc221-2223-400c-a3cb-1ba78c6db5ef/jobs/1762e3fc-6685-4d32-a529-a38a862a2dce/driveroutput"
driver_control_files_uri: "gs://dataproc-staging-us-central1-47706975998-p2ulnh4c/google-cloud-dataproc-metainfo/4bfcc221-2223-400c-a3cb-1ba78c6db5ef/jobs/1762e3fc-6685-4d32-a529-a38a862a2dce/"
job_uuid: "1762e3fc-6685-4d32-a529-a38a862a2dce"
done: true

[2026-05-27T16:04:17.638+0000] {taskinstance.py:1138} INFO - Marking task as FAILED. dag_id=crime_analytics_pipeline, task_id=etl_gold, execution_date=20260527T131848, start_date=20260527T160352, end_date=20260527T160417
[2026-05-27T16:04:17.655+0000] {standard_task_runner.py:107} ERROR - Failed to execute job 171 for task etl_gold (Job failed:
reference {
  project_id: "sage-mind-489618-n5"
  job_id: "1762e3fc-6685-4d32-a529-a38a862a2dce"
}
placement {
  cluster_name: "crime-etl-cluster"
  cluster_uuid: "4bfcc221-2223-400c-a3cb-1ba78c6db5ef"
}
pyspark_job {
  main_python_file_uri: "gs://chicago-crime-raw-group15/scripts/stage4_gold/main.py"
  args: "--mode=append"
  args: "--project=sage-mind-489618-n5"
  args: "--dataset=cdash_warehouse"
  args: "--bucket=chicago-crime-raw-group15"
  python_file_uris: "gs://chicago-crime-raw-group15/scripts/utils.zip"
  properties {
    key: "spark.jars.packages"
    value: "com.google.cloud.spark:spark-bigquery-with-dependencies_2.12:0.32.2"
  }
}
status {
  state: ERROR
  details: "Job failed with message [ModuleNotFoundError: No module named \'stage4_gold\']. Additional details can be found at:\nhttps://console.cloud.google.com/dataproc/jobs/1762e3fc-6685-4d32-a529-a38a862a2dce?project=sage-mind-489618-n5&region=us-central1\ngcloud dataproc jobs wait \'1762e3fc-6685-4d32-a529-a38a862a2dce\' --region \'us-central1\' --project \'sage-mind-489618-n5\'\nhttps://console.cloud.google.com/storage/browser/dataproc-staging-us-central1-47706975998-p2ulnh4c/google-cloud-dataproc-metainfo/4bfcc221-2223-400c-a3cb-1ba78c6db5ef/jobs/1762e3fc-6685-4d32-a529-a38a862a2dce/\ngs://dataproc-staging-us-central1-47706975998-p2ulnh4c/google-cloud-dataproc-metainfo/4bfcc221-2223-400c-a3cb-1ba78c6db5ef/jobs/1762e3fc-6685-4d32-a529-a38a862a2dce/driveroutput.*"
  state_start_time {
    seconds: 1779897847
    nanos: 277973000
  }
}
status_history {
  state: PENDING
  state_start_time {
    seconds: 1779897834
    nanos: 246291000
  }
}
status_history {
  state: SETUP_DONE
  state_start_time {
    seconds: 1779897834
    nanos: 311105000
  }
}
status_history {
  state: RUNNING
  state_start_time {
    seconds: 1779897834
    nanos: 718862000
  }
}
driver_output_resource_uri: "gs://dataproc-staging-us-central1-47706975998-p2ulnh4c/google-cloud-dataproc-metainfo/4bfcc221-2223-400c-a3cb-1ba78c6db5ef/jobs/1762e3fc-6685-4d32-a529-a38a862a2dce/driveroutput"
driver_control_files_uri: "gs://dataproc-staging-us-central1-47706975998-p2ulnh4c/google-cloud-dataproc-metainfo/4bfcc221-2223-400c-a3cb-1ba78c6db5ef/jobs/1762e3fc-6685-4d32-a529-a38a862a2dce/"
job_uuid: "1762e3fc-6685-4d32-a529-a38a862a2dce"
done: true
; 622)
[2026-05-27T16:04:17.698+0000] {local_task_job_runner.py:234} INFO - Task exited with return code 1
[2026-05-27T16:04:17.733+0000] {taskinstance.py:3280} INFO - 1 downstream tasks scheduled from follow-on schedule check
