[2026-06-08T09:24:13.197+0000] {taskinstance.py:1956} INFO - Dependencies all met for dep_context=non-requeueable deps ti=<TaskInstance: crime_analytics_pipeline.etl_silver manual__2026-06-08T09:15:33.493564+00:00 [queued]>
[2026-06-08T09:24:13.207+0000] {taskinstance.py:1956} INFO - Dependencies all met for dep_context=requeueable deps ti=<TaskInstance: crime_analytics_pipeline.etl_silver manual__2026-06-08T09:15:33.493564+00:00 [queued]>
[2026-06-08T09:24:13.208+0000] {taskinstance.py:2170} INFO - Starting attempt 1 of 2
[2026-06-08T09:24:13.221+0000] {taskinstance.py:2191} INFO - Executing <Task(DataprocSubmitJobOperator): etl_silver> on 2026-06-08 09:15:33.493564+00:00
[2026-06-08T09:24:13.233+0000] {standard_task_runner.py:60} INFO - Started process 826 to run task
[2026-06-08T09:24:13.238+0000] {standard_task_runner.py:87} INFO - Running: ['***', 'tasks', 'run', 'crime_analytics_pipeline', 'etl_silver', 'manual__2026-06-08T09:15:33.493564+00:00', '--job-id', '697', '--raw', '--subdir', 'DAGS_FOLDER/dag_crime_pipeline.py', '--cfg-path', '/tmp/tmpp7clun9x']
[2026-06-08T09:24:13.241+0000] {standard_task_runner.py:88} INFO - Job 697: Subtask etl_silver
[2026-06-08T09:24:13.314+0000] {task_command.py:423} INFO - Running <TaskInstance: crime_analytics_pipeline.etl_silver manual__2026-06-08T09:15:33.493564+00:00 [running]> on host d26a8a58ef02
[2026-06-08T09:24:13.426+0000] {taskinstance.py:2480} INFO - Exporting env vars: AIRFLOW_CTX_DAG_EMAIL='cdash-alerts@example.com' AIRFLOW_CTX_DAG_OWNER='crime-analytics' AIRFLOW_CTX_DAG_ID='crime_analytics_pipeline' AIRFLOW_CTX_TASK_ID='etl_silver' AIRFLOW_CTX_EXECUTION_DATE='2026-06-08T09:15:33.493564+00:00' AIRFLOW_CTX_TRY_NUMBER='1' AIRFLOW_CTX_DAG_RUN_ID='manual__2026-06-08T09:15:33.493564+00:00'
[2026-06-08T09:24:13.428+0000] {dataproc.py:2208} INFO - Submitting job
[2026-06-08T09:24:13.442+0000] {connection.py:234} WARNING - Connection schemes (type: google_cloud_platform) shall not contain '_' according to RFC3986.
[2026-06-08T09:24:13.444+0000] {base.py:83} INFO - Using connection ID 'google_cloud_default' for task execution.
[2026-06-08T09:24:15.428+0000] {dataproc.py:2220} INFO - Job 58d18e78-8175-47d0-9010-49fad1304ee4 submitted successfully.
[2026-06-08T09:24:15.450+0000] {dataproc.py:2254} INFO - Waiting for job 58d18e78-8175-47d0-9010-49fad1304ee4 to complete
[2026-06-08T09:28:07.113+0000] {taskinstance.py:2698} ERROR - Task failed with exception
Traceback (most recent call last):
  File "/home/airflow/.local/lib/python3.11/site-packages/airflow/models/taskinstance.py", line 433, in _execute_task
    result = execute_callable(context=context, **execute_callable_kwargs)
             ^^^^^^^^^^^^^^^^^^^^^^^^^^^^^^^^^^^^^^^^^^^^^^^^^^^^^^^^^^^^
  File "/home/airflow/.local/lib/python3.11/site-packages/airflow/providers/google/cloud/operators/dataproc.py", line 2255, in execute
    self.hook.wait_for_job(
  File "/home/airflow/.local/lib/python3.11/site-packages/airflow/providers/google/common/hooks/base_google.py", line 477, in inner_wrapper
    return func(self, *args, **kwargs)
           ^^^^^^^^^^^^^^^^^^^^^^^^^^^
  File "/home/airflow/.local/lib/python3.11/site-packages/airflow/providers/google/cloud/hooks/dataproc.py", line 724, in wait_for_job
    raise AirflowException(f"Job failed:\n{job}")
airflow.exceptions.AirflowException: Job failed:
reference {
  project_id: "sage-mind-489618-n5"
  job_id: "58d18e78-8175-47d0-9010-49fad1304ee4"
}
placement {
  cluster_name: "crime-etl-cluster"
  cluster_uuid: "0a75696b-3583-4738-93db-3a8b4298ebaa"
}
pyspark_job {
  main_python_file_uri: "gs://chicago-crime-raw-group15/scripts/stage3_silver_main.py"
  args: "--project=sage-mind-489618-n5"
  args: "--bronze_path=gs://chicago-crime-raw-group15/bronze/chicago_crime"
  args: "--silver_path=gs://chicago-crime-raw-group15/silver/chicago_crime"
  args: "--ds=2026-06-08"
  python_file_uris: "gs://chicago-crime-raw-group15/scripts/utils.zip"
  python_file_uris: "gs://chicago-crime-raw-group15/scripts/stage3_silver.zip"
  properties {
    key: "spark.jars.packages"
    value: "com.google.cloud.spark:spark-bigquery-with-dependencies_2.12:0.32.2"
  }
}
status {
  state: ERROR
  details: "Job failed with message [ValueError: DQC FAILED: Dữ liệu trống sau khi làm sạch!]. Additional details can be found at:\nhttps://console.cloud.google.com/dataproc/jobs/58d18e78-8175-47d0-9010-49fad1304ee4?project=sage-mind-489618-n5&region=us-central1\ngcloud dataproc jobs wait \'58d18e78-8175-47d0-9010-49fad1304ee4\' --region \'us-central1\' --project \'sage-mind-489618-n5\'\nhttps://console.cloud.google.com/storage/browser/dataproc-staging-us-central1-47706975998-p2ulnh4c/google-cloud-dataproc-metainfo/0a75696b-3583-4738-93db-3a8b4298ebaa/jobs/58d18e78-8175-47d0-9010-49fad1304ee4/\ngs://dataproc-staging-us-central1-47706975998-p2ulnh4c/google-cloud-dataproc-metainfo/0a75696b-3583-4738-93db-3a8b4298ebaa/jobs/58d18e78-8175-47d0-9010-49fad1304ee4/driveroutput.*"
  state_start_time {
    seconds: 1780910881
    nanos: 650152000
  }
}
status_history {
  state: PENDING
  state_start_time {
    seconds: 1780910655
    nanos: 233640000
  }
}
status_history {
  state: SETUP_DONE
  state_start_time {
    seconds: 1780910655
    nanos: 353508000
  }
}
status_history {
  state: RUNNING
  state_start_time {
    seconds: 1780910655
    nanos: 890618000
  }
}
yarn_applications {
  name: "ChicagoCrime_Stage3_Silver"
  state: FINISHED
  progress: 1
  tracking_url: "http://crime-etl-cluster-m.us-central1-f.c.sage-mind-489618-n5.internal.:8088/proxy/application_1780910338778_0002/"
}
driver_output_resource_uri: "gs://dataproc-staging-us-central1-47706975998-p2ulnh4c/google-cloud-dataproc-metainfo/0a75696b-3583-4738-93db-3a8b4298ebaa/jobs/58d18e78-8175-47d0-9010-49fad1304ee4/driveroutput"
driver_control_files_uri: "gs://dataproc-staging-us-central1-47706975998-p2ulnh4c/google-cloud-dataproc-metainfo/0a75696b-3583-4738-93db-3a8b4298ebaa/jobs/58d18e78-8175-47d0-9010-49fad1304ee4/"
job_uuid: "58d18e78-8175-47d0-9010-49fad1304ee4"
done: true

[2026-06-08T09:28:07.120+0000] {taskinstance.py:1138} INFO - Marking task as UP_FOR_RETRY. dag_id=crime_analytics_pipeline, task_id=etl_silver, execution_date=20260608T091533, start_date=20260608T092413, end_date=20260608T092807
[2026-06-08T09:28:07.138+0000] {standard_task_runner.py:107} ERROR - Failed to execute job 697 for task etl_silver (Job failed:
reference {
  project_id: "sage-mind-489618-n5"
  job_id: "58d18e78-8175-47d0-9010-49fad1304ee4"
}
placement {
  cluster_name: "crime-etl-cluster"
  cluster_uuid: "0a75696b-3583-4738-93db-3a8b4298ebaa"
}
pyspark_job {
  main_python_file_uri: "gs://chicago-crime-raw-group15/scripts/stage3_silver_main.py"
  args: "--project=sage-mind-489618-n5"
  args: "--bronze_path=gs://chicago-crime-raw-group15/bronze/chicago_crime"
  args: "--silver_path=gs://chicago-crime-raw-group15/silver/chicago_crime"
  args: "--ds=2026-06-08"
  python_file_uris: "gs://chicago-crime-raw-group15/scripts/utils.zip"
  python_file_uris: "gs://chicago-crime-raw-group15/scripts/stage3_silver.zip"
  properties {
    key: "spark.jars.packages"
    value: "com.google.cloud.spark:spark-bigquery-with-dependencies_2.12:0.32.2"
  }
}
status {
  state: ERROR
  details: "Job failed with message [ValueError: DQC FAILED: Dữ liệu trống sau khi làm sạch!]. Additional details can be found at:\nhttps://console.cloud.google.com/dataproc/jobs/58d18e78-8175-47d0-9010-49fad1304ee4?project=sage-mind-489618-n5&region=us-central1\ngcloud dataproc jobs wait \'58d18e78-8175-47d0-9010-49fad1304ee4\' --region \'us-central1\' --project \'sage-mind-489618-n5\'\nhttps://console.cloud.google.com/storage/browser/dataproc-staging-us-central1-47706975998-p2ulnh4c/google-cloud-dataproc-metainfo/0a75696b-3583-4738-93db-3a8b4298ebaa/jobs/58d18e78-8175-47d0-9010-49fad1304ee4/\ngs://dataproc-staging-us-central1-47706975998-p2ulnh4c/google-cloud-dataproc-metainfo/0a75696b-3583-4738-93db-3a8b4298ebaa/jobs/58d18e78-8175-47d0-9010-49fad1304ee4/driveroutput.*"
  state_start_time {
    seconds: 1780910881
    nanos: 650152000
  }
}
status_history {
  state: PENDING
  state_start_time {
    seconds: 1780910655
    nanos: 233640000
  }
}
status_history {
  state: SETUP_DONE
  state_start_time {
    seconds: 1780910655
    nanos: 353508000
  }
}
status_history {
  state: RUNNING
  state_start_time {
    seconds: 1780910655
    nanos: 890618000
  }
}
yarn_applications {
  name: "ChicagoCrime_Stage3_Silver"
  state: FINISHED
  progress: 1
  tracking_url: "http://crime-etl-cluster-m.us-central1-f.c.sage-mind-489618-n5.internal.:8088/proxy/application_1780910338778_0002/"
}
driver_output_resource_uri: "gs://dataproc-staging-us-central1-47706975998-p2ulnh4c/google-cloud-dataproc-metainfo/0a75696b-3583-4738-93db-3a8b4298ebaa/jobs/58d18e78-8175-47d0-9010-49fad1304ee4/driveroutput"
driver_control_files_uri: "gs://dataproc-staging-us-central1-47706975998-p2ulnh4c/google-cloud-dataproc-metainfo/0a75696b-3583-4738-93db-3a8b4298ebaa/jobs/58d18e78-8175-47d0-9010-49fad1304ee4/"
job_uuid: "58d18e78-8175-47d0-9010-49fad1304ee4"
done: true
; 826)
[2026-06-08T09:28:07.156+0000] {local_task_job_runner.py:234} INFO - Task exited with return code 1
[2026-06-08T09:28:07.181+0000] {taskinstance.py:3280} INFO - 0 downstream tasks scheduled from follow-on schedule check
