[2026-06-01T14:57:48.378+0000] {taskinstance.py:1956} INFO - Dependencies all met for dep_context=non-requeueable deps ti=<TaskInstance: crime_analytics_pipeline.etl_gold manual__2026-06-01T14:40:05.181248+00:00 [queued]>
[2026-06-01T14:57:48.385+0000] {taskinstance.py:1956} INFO - Dependencies all met for dep_context=requeueable deps ti=<TaskInstance: crime_analytics_pipeline.etl_gold manual__2026-06-01T14:40:05.181248+00:00 [queued]>
[2026-06-01T14:57:48.386+0000] {taskinstance.py:2170} INFO - Starting attempt 1 of 2
[2026-06-01T14:57:48.396+0000] {taskinstance.py:2191} INFO - Executing <Task(DataprocSubmitJobOperator): etl_gold> on 2026-06-01 14:40:05.181248+00:00
[2026-06-01T14:57:48.403+0000] {standard_task_runner.py:60} INFO - Started process 738 to run task
[2026-06-01T14:57:48.406+0000] {standard_task_runner.py:87} INFO - Running: ['***', 'tasks', 'run', 'crime_analytics_pipeline', 'etl_gold', 'manual__2026-06-01T14:40:05.181248+00:00', '--job-id', '397', '--raw', '--subdir', 'DAGS_FOLDER/dag_crime_pipeline.py', '--cfg-path', '/tmp/tmpewgsnxd0']
[2026-06-01T14:57:48.409+0000] {standard_task_runner.py:88} INFO - Job 397: Subtask etl_gold
[2026-06-01T14:57:48.467+0000] {task_command.py:423} INFO - Running <TaskInstance: crime_analytics_pipeline.etl_gold manual__2026-06-01T14:40:05.181248+00:00 [running]> on host db8b8170dea9
[2026-06-01T14:57:48.555+0000] {taskinstance.py:2480} INFO - Exporting env vars: AIRFLOW_CTX_DAG_EMAIL='cdash-alerts@example.com' AIRFLOW_CTX_DAG_OWNER='crime-analytics' AIRFLOW_CTX_DAG_ID='crime_analytics_pipeline' AIRFLOW_CTX_TASK_ID='etl_gold' AIRFLOW_CTX_EXECUTION_DATE='2026-06-01T14:40:05.181248+00:00' AIRFLOW_CTX_TRY_NUMBER='1' AIRFLOW_CTX_DAG_RUN_ID='manual__2026-06-01T14:40:05.181248+00:00'
[2026-06-01T14:57:48.557+0000] {dataproc.py:2208} INFO - Submitting job
[2026-06-01T14:57:48.568+0000] {connection.py:234} WARNING - Connection schemes (type: google_cloud_platform) shall not contain '_' according to RFC3986.
[2026-06-01T14:57:48.569+0000] {base.py:83} INFO - Using connection ID 'google_cloud_default' for task execution.
[2026-06-01T14:57:50.255+0000] {dataproc.py:2220} INFO - Job 1da9783d-005b-426e-812e-e9beb0fbbc67 submitted successfully.
[2026-06-01T14:57:50.292+0000] {dataproc.py:2254} INFO - Waiting for job 1da9783d-005b-426e-812e-e9beb0fbbc67 to complete
[2026-06-01T14:59:46.336+0000] {local_task_job_runner.py:302} WARNING - State of this instance has been externally set to restarting. Terminating instance.
[2026-06-01T14:59:46.340+0000] {process_utils.py:131} INFO - Sending 15 to group 738. PIDs of all processes in the group: [738]
[2026-06-01T14:59:46.340+0000] {process_utils.py:86} INFO - Sending the signal 15 to group 738
[2026-06-01T14:59:46.543+0000] {taskinstance.py:2450} ERROR - Received SIGTERM. Terminating subprocesses.
[2026-06-01T14:59:47.950+0000] {taskinstance.py:2698} ERROR - Task failed with exception
Traceback (most recent call last):
  File "/home/airflow/.local/lib/python3.11/site-packages/google/api_core/grpc_helpers.py", line 79, in error_remapped_callable
    return callable_(*args, **kwargs)
           ^^^^^^^^^^^^^^^^^^^^^^^^^^
  File "/home/airflow/.local/lib/python3.11/site-packages/grpc/_channel.py", line 1160, in __call__
    return _end_unary_response_blocking(state, call, False, None)
           ^^^^^^^^^^^^^^^^^^^^^^^^^^^^^^^^^^^^^^^^^^^^^^^^^^^^^^
  File "/home/airflow/.local/lib/python3.11/site-packages/grpc/_channel.py", line 1003, in _end_unary_response_blocking
    raise _InactiveRpcError(state)  # pytype: disable=not-instantiable
    ^^^^^^^^^^^^^^^^^^^^^^^^^^^^^^
grpc._channel._InactiveRpcError: <_InactiveRpcError of RPC that terminated with:
	status = StatusCode.FAILED_PRECONDITION
	details = "com.google.cloud.hadoop.services.common.error.DataprocException: Cannot cancel jobId '1da9783d-005b-426e-812e-e9beb0fbbc67' in projectId 'sage-mind-489618-n5' in state: 'DONE'; cancellable states: '[PENDING, SETUP_DONE, RUNNING, ATTEMPT_FAILURE]' (FAILED_PRECONDITION) (CONFIG)"
	debug_error_string = "UNKNOWN:Error received from peer ipv4:142.250.199.74:443 {grpc_message:"com.google.cloud.hadoop.services.common.error.DataprocException: Cannot cancel jobId \'1da9783d-005b-426e-812e-e9beb0fbbc67\' in projectId \'sage-mind-489618-n5\' in state: \'DONE\'; cancellable states: \'[PENDING, SETUP_DONE, RUNNING, ATTEMPT_FAILURE]\' (FAILED_PRECONDITION) (CONFIG)", grpc_status:9, created_time:"2026-06-01T14:59:47.949124265+00:00"}"
>

The above exception was the direct cause of the following exception:

Traceback (most recent call last):
  File "/home/airflow/.local/lib/python3.11/site-packages/airflow/models/taskinstance.py", line 433, in _execute_task
    result = execute_callable(context=context, **execute_callable_kwargs)
             ^^^^^^^^^^^^^^^^^^^^^^^^^^^^^^^^^^^^^^^^^^^^^^^^^^^^^^^^^^^^
  File "/home/airflow/.local/lib/python3.11/site-packages/airflow/providers/google/cloud/operators/dataproc.py", line 2255, in execute
    self.hook.wait_for_job(
  File "/home/airflow/.local/lib/python3.11/site-packages/airflow/providers/google/common/hooks/base_google.py", line 477, in inner_wrapper
    return func(self, *args, **kwargs)
           ^^^^^^^^^^^^^^^^^^^^^^^^^^^
  File "/home/airflow/.local/lib/python3.11/site-packages/airflow/providers/google/cloud/hooks/dataproc.py", line 718, in wait_for_job
    job = self.get_job(project_id=project_id, region=region, job_id=job_id)
          ^^^^^^^^^^^^^^^^^^^^^^^^^^^^^^^^^^^^^^^^^^^^^^^^^^^^^^^^^^^^^^^^^
  File "/home/airflow/.local/lib/python3.11/site-packages/airflow/providers/google/common/hooks/base_google.py", line 477, in inner_wrapper
    return func(self, *args, **kwargs)
           ^^^^^^^^^^^^^^^^^^^^^^^^^^^
  File "/home/airflow/.local/lib/python3.11/site-packages/airflow/providers/google/cloud/hooks/dataproc.py", line 753, in get_job
    job = client.get_job(
          ^^^^^^^^^^^^^^^
  File "/home/airflow/.local/lib/python3.11/site-packages/google/cloud/dataproc_v1/services/job_controller/client.py", line 821, in get_job
    response = rpc(
               ^^^^
  File "/home/airflow/.local/lib/python3.11/site-packages/google/api_core/gapic_v1/method.py", line 131, in __call__
    return wrapped_func(*args, **kwargs)
           ^^^^^^^^^^^^^^^^^^^^^^^^^^^^^
  File "/home/airflow/.local/lib/python3.11/site-packages/google/api_core/retry.py", line 372, in retry_wrapped_func
    return retry_target(
           ^^^^^^^^^^^^^
  File "/home/airflow/.local/lib/python3.11/site-packages/google/api_core/retry.py", line 207, in retry_target
    result = target()
             ^^^^^^^^
  File "/home/airflow/.local/lib/python3.11/site-packages/google/api_core/grpc_helpers.py", line 79, in error_remapped_callable
    return callable_(*args, **kwargs)
           ^^^^^^^^^^^^^^^^^^^^^^^^^^
  File "/home/airflow/.local/lib/python3.11/site-packages/grpc/_channel.py", line 1157, in __call__
    ) = self._blocking(
        ^^^^^^^^^^^^^^^
  File "/home/airflow/.local/lib/python3.11/site-packages/grpc/_channel.py", line 1141, in _blocking
    event = call.next_event()
            ^^^^^^^^^^^^^^^^^
  File "src/python/grpcio/grpc/_cython/_cygrpc/channel.pyx.pxi", line 366, in grpc._cython.cygrpc.SegregatedCall.next_event
  File "src/python/grpcio/grpc/_cython/_cygrpc/channel.pyx.pxi", line 187, in grpc._cython.cygrpc._next_call_event
  File "src/python/grpcio/grpc/_cython/_cygrpc/channel.pyx.pxi", line 181, in grpc._cython.cygrpc._next_call_event
  File "src/python/grpcio/grpc/_cython/_cygrpc/completion_queue.pyx.pxi", line 78, in grpc._cython.cygrpc._latent_event
  File "src/python/grpcio/grpc/_cython/_cygrpc/completion_queue.pyx.pxi", line 61, in grpc._cython.cygrpc._internal_latent_event
  File "src/python/grpcio/grpc/_cython/_cygrpc/completion_queue.pyx.pxi", line 42, in grpc._cython.cygrpc._next
  File "/home/airflow/.local/lib/python3.11/site-packages/airflow/models/taskinstance.py", line 2451, in signal_handler
    self.task.on_kill()
  File "/home/airflow/.local/lib/python3.11/site-packages/airflow/providers/google/cloud/operators/dataproc.py", line 2279, in on_kill
    self.hook.cancel_job(job_id=self.job_id, project_id=self.project_id, region=self.region)
  File "/home/airflow/.local/lib/python3.11/site-packages/airflow/providers/google/common/hooks/base_google.py", line 477, in inner_wrapper
    return func(self, *args, **kwargs)
           ^^^^^^^^^^^^^^^^^^^^^^^^^^^
  File "/home/airflow/.local/lib/python3.11/site-packages/airflow/providers/google/cloud/hooks/dataproc.py", line 822, in cancel_job
    job = client.cancel_job(
          ^^^^^^^^^^^^^^^^^^
  File "/home/airflow/.local/lib/python3.11/site-packages/google/cloud/dataproc_v1/services/job_controller/client.py", line 1198, in cancel_job
    response = rpc(
               ^^^^
  File "/home/airflow/.local/lib/python3.11/site-packages/google/api_core/gapic_v1/method.py", line 131, in __call__
    return wrapped_func(*args, **kwargs)
           ^^^^^^^^^^^^^^^^^^^^^^^^^^^^^
  File "/home/airflow/.local/lib/python3.11/site-packages/google/api_core/retry.py", line 372, in retry_wrapped_func
    return retry_target(
           ^^^^^^^^^^^^^
  File "/home/airflow/.local/lib/python3.11/site-packages/google/api_core/retry.py", line 207, in retry_target
    result = target()
             ^^^^^^^^
  File "/home/airflow/.local/lib/python3.11/site-packages/google/api_core/grpc_helpers.py", line 81, in error_remapped_callable
    raise exceptions.from_grpc_error(exc) from exc
google.api_core.exceptions.FailedPrecondition: 400 com.google.cloud.hadoop.services.common.error.DataprocException: Cannot cancel jobId '1da9783d-005b-426e-812e-e9beb0fbbc67' in projectId 'sage-mind-489618-n5' in state: 'DONE'; cancellable states: '[PENDING, SETUP_DONE, RUNNING, ATTEMPT_FAILURE]' (FAILED_PRECONDITION) (CONFIG)
[2026-06-01T14:59:48.007+0000] {taskinstance.py:1138} INFO - Marking task as UP_FOR_RETRY. dag_id=crime_analytics_pipeline, task_id=etl_gold, execution_date=20260601T144005, start_date=20260601T145748, end_date=20260601T145948
[2026-06-01T14:59:48.024+0000] {standard_task_runner.py:107} ERROR - Failed to execute job 397 for task etl_gold (400 com.google.cloud.hadoop.services.common.error.DataprocException: Cannot cancel jobId '1da9783d-005b-426e-812e-e9beb0fbbc67' in projectId 'sage-mind-489618-n5' in state: 'DONE'; cancellable states: '[PENDING, SETUP_DONE, RUNNING, ATTEMPT_FAILURE]' (FAILED_PRECONDITION) (CONFIG); 738)
[2026-06-01T14:59:48.053+0000] {process_utils.py:79} INFO - Process psutil.Process(pid=738, status='terminated', exitcode=1, started='14:57:48') (738) terminated with exit code 1
