[2026-05-27T16:58:30.390+0000] {taskinstance.py:1956} INFO - Dependencies all met for dep_context=non-requeueable deps ti=<TaskInstance: crime_analytics_pipeline.ingest_socioeconomic manual__2026-05-27T16:53:19.112956+00:00 [queued]>
[2026-05-27T16:58:30.399+0000] {taskinstance.py:1956} INFO - Dependencies all met for dep_context=requeueable deps ti=<TaskInstance: crime_analytics_pipeline.ingest_socioeconomic manual__2026-05-27T16:53:19.112956+00:00 [queued]>
[2026-05-27T16:58:30.400+0000] {taskinstance.py:2170} INFO - Starting attempt 2 of 2
[2026-05-27T16:58:30.412+0000] {taskinstance.py:2191} INFO - Executing <Task(PythonOperator): ingest_socioeconomic> on 2026-05-27 16:53:19.112956+00:00
[2026-05-27T16:58:30.420+0000] {standard_task_runner.py:60} INFO - Started process 2071 to run task
[2026-05-27T16:58:30.437+0000] {standard_task_runner.py:87} INFO - Running: ['***', 'tasks', 'run', 'crime_analytics_pipeline', 'ingest_socioeconomic', 'manual__2026-05-27T16:53:19.112956+00:00', '--job-id', '196', '--raw', '--subdir', 'DAGS_FOLDER/dag_crime_pipeline.py', '--cfg-path', '/tmp/tmp80s4lfm5']
[2026-05-27T16:58:30.453+0000] {standard_task_runner.py:88} INFO - Job 196: Subtask ingest_socioeconomic
[2026-05-27T16:58:30.533+0000] {task_command.py:423} INFO - Running <TaskInstance: crime_analytics_pipeline.ingest_socioeconomic manual__2026-05-27T16:53:19.112956+00:00 [running]> on host db8b8170dea9
[2026-05-27T16:58:30.631+0000] {taskinstance.py:2480} INFO - Exporting env vars: AIRFLOW_CTX_DAG_EMAIL='cdash-alerts@example.com' AIRFLOW_CTX_DAG_OWNER='crime-analytics' AIRFLOW_CTX_DAG_ID='crime_analytics_pipeline' AIRFLOW_CTX_TASK_ID='ingest_socioeconomic' AIRFLOW_CTX_EXECUTION_DATE='2026-05-27T16:53:19.112956+00:00' AIRFLOW_CTX_TRY_NUMBER='2' AIRFLOW_CTX_DAG_RUN_ID='manual__2026-05-27T16:53:19.112956+00:00'
[2026-05-27T16:58:35.586+0000] {logging_mixin.py:188} INFO - [ingest_socioeconomic] ACS 2023: 1332 tracts
[2026-05-27T16:58:36.895+0000] {taskinstance.py:2698} ERROR - Task failed with exception
Traceback (most recent call last):
  File "/home/airflow/.local/lib/python3.11/site-packages/airflow/models/taskinstance.py", line 433, in _execute_task
    result = execute_callable(context=context, **execute_callable_kwargs)
             ^^^^^^^^^^^^^^^^^^^^^^^^^^^^^^^^^^^^^^^^^^^^^^^^^^^^^^^^^^^^
  File "/home/airflow/.local/lib/python3.11/site-packages/airflow/operators/python.py", line 199, in execute
    return_value = self.execute_callable()
                   ^^^^^^^^^^^^^^^^^^^^^^^
  File "/home/airflow/.local/lib/python3.11/site-packages/airflow/operators/python.py", line 216, in execute_callable
    return self.python_callable(*self.op_args, **self.op_kwargs)
           ^^^^^^^^^^^^^^^^^^^^^^^^^^^^^^^^^^^^^^^^^^^^^^^^^^^^^
  File "/opt/airflow/dags/dag_crime_pipeline.py", line 275, in _ingest_socioeconomic
    xwalk_resp.raise_for_status()
  File "/home/airflow/.local/lib/python3.11/site-packages/requests/models.py", line 1021, in raise_for_status
    raise HTTPError(http_error_msg, response=self)
requests.exceptions.HTTPError: 403 Client Error: Forbidden for url: https://data.cityofchicago.org/api/v3/views/74p9-q2aq/query.json
[2026-05-27T16:58:36.926+0000] {taskinstance.py:1138} INFO - Marking task as FAILED. dag_id=crime_analytics_pipeline, task_id=ingest_socioeconomic, execution_date=20260527T165319, start_date=20260527T165830, end_date=20260527T165836
[2026-05-27T16:58:36.940+0000] {standard_task_runner.py:107} ERROR - Failed to execute job 196 for task ingest_socioeconomic (403 Client Error: Forbidden for url: https://data.cityofchicago.org/api/v3/views/74p9-q2aq/query.json; 2071)
[2026-05-27T16:58:36.979+0000] {local_task_job_runner.py:234} INFO - Task exited with return code 1
[2026-05-27T16:58:37.004+0000] {taskinstance.py:3280} INFO - 0 downstream tasks scheduled from follow-on schedule check
