[2026-05-28T16:16:32.009+0000] {taskinstance.py:1956} INFO - Dependencies all met for dep_context=non-requeueable deps ti=<TaskInstance: crime_analytics_pipeline.ml_train_and_predict manual__2026-05-28T15:56:01.293413+00:00 [queued]>
[2026-05-28T16:16:32.025+0000] {taskinstance.py:1956} INFO - Dependencies all met for dep_context=requeueable deps ti=<TaskInstance: crime_analytics_pipeline.ml_train_and_predict manual__2026-05-28T15:56:01.293413+00:00 [queued]>
[2026-05-28T16:16:32.026+0000] {taskinstance.py:2170} INFO - Starting attempt 2 of 2
[2026-05-28T16:16:32.043+0000] {taskinstance.py:2191} INFO - Executing <Task(PythonOperator): ml_train_and_predict> on 2026-05-28 15:56:01.293413+00:00
[2026-05-28T16:16:32.053+0000] {standard_task_runner.py:60} INFO - Started process 27719 to run task
[2026-05-28T16:16:32.059+0000] {standard_task_runner.py:87} INFO - Running: ['***', 'tasks', 'run', 'crime_analytics_pipeline', 'ml_train_and_predict', 'manual__2026-05-28T15:56:01.293413+00:00', '--job-id', '309', '--raw', '--subdir', 'DAGS_FOLDER/dag_crime_pipeline.py', '--cfg-path', '/tmp/tmpqcawndap']
[2026-05-28T16:16:32.063+0000] {standard_task_runner.py:88} INFO - Job 309: Subtask ml_train_and_predict
[2026-05-28T16:16:32.130+0000] {task_command.py:423} INFO - Running <TaskInstance: crime_analytics_pipeline.ml_train_and_predict manual__2026-05-28T15:56:01.293413+00:00 [running]> on host db8b8170dea9
[2026-05-28T16:16:32.231+0000] {taskinstance.py:2480} INFO - Exporting env vars: AIRFLOW_CTX_DAG_EMAIL='cdash-alerts@example.com' AIRFLOW_CTX_DAG_OWNER='crime-analytics' AIRFLOW_CTX_DAG_ID='crime_analytics_pipeline' AIRFLOW_CTX_TASK_ID='ml_train_and_predict' AIRFLOW_CTX_EXECUTION_DATE='2026-05-28T15:56:01.293413+00:00' AIRFLOW_CTX_TRY_NUMBER='2' AIRFLOW_CTX_DAG_RUN_ID='manual__2026-05-28T15:56:01.293413+00:00'
[2026-05-28T16:16:33.243+0000] {ml_pipeline.py:1341} INFO - ========================================================================
[2026-05-28T16:16:33.244+0000] {ml_pipeline.py:1342} INFO -   Chicago Crime Hotspot Forecasting  –  ml_pipeline v13 dynamic-spatial
[2026-05-28T16:16:33.244+0000] {ml_pipeline.py:1343} INFO -   Target: next_has_crime = (next_total >= 1) | schema OK
[2026-05-28T16:16:33.245+0000] {ml_pipeline.py:1344} INFO - ========================================================================
[2026-05-28T16:16:33.298+0000] {ml_pipeline.py:317} INFO - [ML] Loading enriched_crime_data from BigQuery (last 400 days)...
[2026-05-28T16:16:42.171+0000] {ml_pipeline.py:379} INFO - [ML] Loaded 250276 rows, date range: 2025-04-23 → 2026-05-18
[2026-05-28T16:16:42.172+0000] {ml_pipeline.py:393} INFO - [ML] Aggregating daily per H3...
[2026-05-28T16:16:57.281+0000] {ml_pipeline.py:465} INFO - [ML] Daily grid: 1,944,443 rows, 4973 H3 cells, 391 dates | RAM-safe downcast done
[2026-05-28T16:16:57.420+0000] {ml_pipeline.py:489} INFO - [ML] H3 neighbors built. Avg ring-1 in dataset: 5.5
[2026-05-28T16:16:57.873+0000] {ml_pipeline.py:1380} INFO - [ML] Split  Train: 2025-09-12→2026-04-19 (220 d)  Val: 2026-05-04→2026-05-10  Test: 2026-05-11→2026-05-17
[2026-05-28T16:16:58.567+0000] {ml_pipeline.py:524} INFO - [ML]   [4A] Own-cell lag/rolling features
[2026-05-28T16:17:39.305+0000] {ml_pipeline.py:569} INFO - [ML]   [4B] Burst/streak features
[2026-05-28T16:17:40.450+0000] {ml_pipeline.py:594} INFO - [ML]   [4C] Crime-type composition
[2026-05-28T16:17:52.951+0000] {ml_pipeline.py:611} INFO - [ML]   [4D] Weather/context features
[2026-05-28T16:17:56.539+0000] {ml_pipeline.py:627} INFO - [ML]   [4E] Community-level features
[2026-05-28T16:17:59.918+0000] {ml_pipeline.py:675} INFO - [ML]   [4F] City-level features
[2026-05-28T16:18:02.916+0000] {ml_pipeline.py:709} INFO - [ML]   [4G] H3 spatial spillover v13 dynamic-spatial
[2026-05-28T16:18:04.531+0000] {ml_pipeline.py:777} INFO - [ML]     computing nbr_r1 mean/sum/max/std/active-count + r2 + roll7 ...
[2026-05-28T16:18:11.016+0000] {ml_pipeline.py:841} INFO - [ML]     ✓ Spatial spillover features added, single-merge RAM-safe
[2026-05-28T16:18:11.017+0000] {ml_pipeline.py:856} INFO - [ML]   [4H] Train-only spatial priors
[2026-05-28T16:18:16.415+0000] {ml_pipeline.py:906} INFO - [ML]   [4I] Near-repeat victimization (Near-Repeat Theory)
[2026-05-28T16:18:16.507+0000] {ml_pipeline.py:919} INFO - [ML]   [4J] Cross-crime lead-lag (Escalation Theory)
[2026-05-28T16:18:16.537+0000] {ml_pipeline.py:932} INFO - [ML]   [4K] Arrest deterrence (Deterrence Theory)
[2026-05-28T16:18:18.271+0000] {ml_pipeline.py:958} INFO - [ML]   [4L] Density-normalized crime
[2026-05-28T16:18:18.317+0000] {ml_pipeline.py:975} INFO - [ML]   [4M] Holiday/event features (Routine Activity Theory)
[2026-05-28T16:18:38.677+0000] {ml_pipeline.py:985} INFO - [ML]   [4N] Momentum and trend direction
[2026-05-28T16:18:49.848+0000] {ml_pipeline.py:1007} INFO - [ML]   [4O] Hardship interaction (Social Disorganization Theory)
[2026-05-28T16:18:49.873+0000] {ml_pipeline.py:1023} INFO - [ML]   [4P] Prior-relative features
[2026-05-28T16:18:49.908+0000] {ml_pipeline.py:1043} INFO - [ML] Feature engineering done. Shape: (1944443, 277)
[2026-05-28T16:18:51.002+0000] {ml_pipeline.py:1068} INFO - [ML] Preparing train/calib/val/test splits...
[2026-05-28T16:18:51.036+0000] {ml_pipeline.py:1100} INFO - [ML] Prior de-dup/damping: removed 9 prior feature(s)
[2026-05-28T16:19:01.577+0000] {ml_pipeline.py:1139} INFO - [ML] Train=1094060  Calib=69622  Val=34811  Test=34811  features=259
[2026-05-28T16:19:01.579+0000] {ml_pipeline.py:1141} INFO - [ML] Dropped const/null=7 | Pos rate train=10.28% | scale_pos_weight raw=8.73 used=5.08 (power=0.75)
[2026-05-28T16:19:01.580+0000] {ml_pipeline.py:1143} INFO - [ML] Feature groups: spatial_nbr=23 temporal=148 criminology=10
[2026-05-28T16:19:06.463+0000] {logging_mixin.py:188} INFO - [0]	validation_0-aucpr:0.29497	validation_1-aucpr:0.28460
[2026-05-28T16:20:23.308+0000] {logging_mixin.py:188} INFO - [200]	validation_0-aucpr:0.31167	validation_1-aucpr:0.29970
[2026-05-28T16:20:49.473+0000] {logging_mixin.py:188} INFO - [275]	validation_0-aucpr:0.31235	validation_1-aucpr:0.29955
[2026-05-28T16:20:49.527+0000] {ml_pipeline.py:1157} INFO - [ML] Training done. Best iteration: 155
[2026-05-28T16:20:58.010+0000] {ml_pipeline.py:1165} INFO - [ML] Calibrated threshold guarded: 0.58 | F1_CALIB=0.3474 | calib_base=0.1076
[2026-05-28T16:20:58.014+0000] {ml_pipeline.py:1169} INFO - [ML] Threshold candidates near best:
 threshold       f1  pred_rate  guarded_score
      0.56 0.345225   0.221324       0.343089
      0.57 0.345670   0.209847       0.345670
      0.58 0.347435   0.198974       0.347435
      0.59 0.346827   0.188662       0.346827
      0.60 0.346158   0.178363       0.346158
[2026-05-28T16:20:58.716+0000] {ml_pipeline.py:1192} INFO - [ML] VAL  – P=0.2688 R=0.5139 F1=0.3530 AUC=0.7697 AP=0.3117 pred_rate=0.208
[2026-05-28T16:20:58.717+0000] {ml_pipeline.py:1195} INFO - [ML] TEST – P=0.2310 R=0.5120 F1=0.3183 AUC=0.7625 AP=0.2665 pred_rate=0.204
[2026-05-28T16:20:58.780+0000] {ml_pipeline.py:1223} INFO - [ML] Feature day: 2026-05-18  →  Prediction day: 2026-05-19  (4973 H3 cells)
[2026-05-28T16:20:58.979+0000] {ml_pipeline.py:1261} INFO - [ML] Predictions – cells=4973  predicted_crime=1036 (20.8%)
[2026-05-28T16:20:58.992+0000] {ml_pipeline.py:1265} INFO - [ML] Risk distribution:
risk_level
LOW         2003
MEDIUM      2044
HIGH         751
CRITICAL     175
[2026-05-28T16:20:58.993+0000] {ml_pipeline.py:1288} INFO - [ML] Writing 4973 predictions → sage-mind-489618-n5.cdash_warehouse.prediction_results (mode=WRITE_TRUNCATE)
[2026-05-28T16:21:04.405+0000] {ml_pipeline.py:1307} INFO - [ML] ✓ Predictions written to BigQuery.
[2026-05-28T16:21:04.455+0000] {ml_pipeline.py:1429} INFO - [ML] Model artifact saved → /tmp/crime_model_v13.pkl
[2026-05-28T16:21:04.456+0000] {ml_pipeline.py:1432} INFO - ========================================================================
[2026-05-28T16:21:04.457+0000] {ml_pipeline.py:1433} INFO -   SUMMARY v13 dynamic-spatial
[2026-05-28T16:21:04.457+0000] {ml_pipeline.py:1434} INFO -   VAL  AUC=0.7697  F1=0.3530  AP=0.3117
[2026-05-28T16:21:04.458+0000] {ml_pipeline.py:1435} INFO -   TEST AUC=0.7625  F1=0.3183  AP=0.2665
[2026-05-28T16:21:04.458+0000] {ml_pipeline.py:1436} INFO -   Threshold (F1-calib)=0.58  |  Predictions=4973
[2026-05-28T16:21:04.459+0000] {ml_pipeline.py:1437} INFO - ========================================================================
[2026-05-28T16:21:04.560+0000] {dag_crime_pipeline.py:312} WARNING - [ML] ⚠️ Model chưa đạt ngưỡng: val_auc=0.7697 val_f1=0.3530
[2026-05-28T16:21:04.561+0000] {python.py:201} INFO - Done. Returned value was: {'val_auc': 0.7697358741434827, 'val_f1': 0.352994555353902, 'test_auc': 0.7624869317890637, 'test_f1': 0.3183270403717688, 'threshold': 0.5800000000000002, 'n_predictions': 4973, 'model_version': '2026-05-28.crime_prob_v13_dynamic_spatial'}
[2026-05-28T16:21:04.587+0000] {taskinstance.py:1138} INFO - Marking task as SUCCESS. dag_id=crime_analytics_pipeline, task_id=ml_train_and_predict, execution_date=20260528T155601, start_date=20260528T161632, end_date=20260528T162104
[2026-05-28T16:21:04.917+0000] {local_task_job_runner.py:234} INFO - Task exited with return code 0
[2026-05-28T16:21:04.945+0000] {taskinstance.py:3280} INFO - 2 downstream tasks scheduled from follow-on schedule check
