[2026-05-27T10:17:07.979+0000] {taskinstance.py:1956} INFO - Dependencies all met for dep_context=non-requeueable deps ti=<TaskInstance: crime_analytics_pipeline.etl_bronze manual__2026-05-27T10:10:19.546338+00:00 [queued]>
[2026-05-27T10:17:07.987+0000] {taskinstance.py:1956} INFO - Dependencies all met for dep_context=requeueable deps ti=<TaskInstance: crime_analytics_pipeline.etl_bronze manual__2026-05-27T10:10:19.546338+00:00 [queued]>
[2026-05-27T10:17:07.988+0000] {taskinstance.py:2170} INFO - Starting attempt 2 of 2
[2026-05-27T10:17:08.002+0000] {taskinstance.py:2191} INFO - Executing <Task(DataprocSubmitJobOperator): etl_bronze> on 2026-05-27 10:10:19.546338+00:00
[2026-05-27T10:17:08.010+0000] {standard_task_runner.py:60} INFO - Started process 536 to run task
[2026-05-27T10:17:08.015+0000] {standard_task_runner.py:87} INFO - Running: ['***', 'tasks', 'run', 'crime_analytics_pipeline', 'etl_bronze', 'manual__2026-05-27T10:10:19.546338+00:00', '--job-id', '133', '--raw', '--subdir', 'DAGS_FOLDER/dag_crime_pipeline.py', '--cfg-path', '/tmp/tmp2__or163']
[2026-05-27T10:17:08.019+0000] {standard_task_runner.py:88} INFO - Job 133: Subtask etl_bronze
[2026-05-27T10:17:08.092+0000] {task_command.py:423} INFO - Running <TaskInstance: crime_analytics_pipeline.etl_bronze manual__2026-05-27T10:10:19.546338+00:00 [running]> on host 93e8dbfc6168
[2026-05-27T10:17:08.200+0000] {taskinstance.py:2480} INFO - Exporting env vars: AIRFLOW_CTX_DAG_EMAIL='cdash-alerts@example.com' AIRFLOW_CTX_DAG_OWNER='crime-analytics' AIRFLOW_CTX_DAG_ID='crime_analytics_pipeline' AIRFLOW_CTX_TASK_ID='etl_bronze' AIRFLOW_CTX_EXECUTION_DATE='2026-05-27T10:10:19.546338+00:00' AIRFLOW_CTX_TRY_NUMBER='2' AIRFLOW_CTX_DAG_RUN_ID='manual__2026-05-27T10:10:19.546338+00:00'
[2026-05-27T10:17:08.202+0000] {dataproc.py:2208} INFO - Submitting job
[2026-05-27T10:17:08.213+0000] {connection.py:234} WARNING - Connection schemes (type: google_cloud_platform) shall not contain '_' according to RFC3986.
[2026-05-27T10:17:08.215+0000] {base.py:83} INFO - Using connection ID 'google_cloud_default' for task execution.
[2026-05-27T10:17:10.035+0000] {dataproc.py:2220} INFO - Job 2b442099-4925-4ad0-8159-64d0ee51854a submitted successfully.
[2026-05-27T10:17:10.055+0000] {dataproc.py:2254} INFO - Waiting for job 2b442099-4925-4ad0-8159-64d0ee51854a to complete
[2026-05-27T10:17:46.482+0000] {taskinstance.py:2698} ERROR - Task failed with exception
Traceback (most recent call last):
  File "/home/airflow/.local/lib/python3.11/site-packages/airflow/models/taskinstance.py", line 433, in _execute_task
    result = execute_callable(context=context, **execute_callable_kwargs)
             ^^^^^^^^^^^^^^^^^^^^^^^^^^^^^^^^^^^^^^^^^^^^^^^^^^^^^^^^^^^^
  File "/home/airflow/.local/lib/python3.11/site-packages/airflow/providers/google/cloud/operators/dataproc.py", line 2255, in execute
    self.hook.wait_for_job(
  File "/home/airflow/.local/lib/python3.11/site-packages/airflow/providers/google/common/hooks/base_google.py", line 477, in inner_wrapper
    return func(self, *args, **kwargs)
           ^^^^^^^^^^^^^^^^^^^^^^^^^^^
  File "/home/airflow/.local/lib/python3.11/site-packages/airflow/providers/google/cloud/hooks/dataproc.py", line 724, in wait_for_job
    raise AirflowException(f"Job failed:\n{job}")
airflow.exceptions.AirflowException: Job failed:
reference {
  project_id: "sage-mind-489618-n5"
  job_id: "2b442099-4925-4ad0-8159-64d0ee51854a"
}
placement {
  cluster_name: "crime-etl-cluster"
  cluster_uuid: "b92e2a1a-fe15-463a-98db-f00fe42d0aae"
}
pyspark_job {
  main_python_file_uri: "gs://chicago-crime-raw-group15/scripts/stage2_bronze/data_ingestion.py"
  args: "--env=prod"
  args: "--raw_path=gs://chicago-crime-raw-group15/raw/chicago_crime"
  args: "--bronze_path=gs://chicago-crime-raw-group15/data/bronze/chicago_crime"
  python_file_uris: "gs://chicago-crime-raw-group15/scripts/utils.zip"
  properties {
    key: "spark.jars.packages"
    value: "com.google.cloud.spark:spark-bigquery-with-dependencies_2.12:0.32.2"
  }
}
status {
  state: ERROR
  details: "Job failed with message [pyspark.sql.utils.AnalysisException: Path does not exist: gs://chicago-crime-raw-group15/raw/chicago_crime/**/*.csv]. Additional details can be found at:\nhttps://console.cloud.google.com/dataproc/jobs/2b442099-4925-4ad0-8159-64d0ee51854a?project=sage-mind-489618-n5&region=us-central1\ngcloud dataproc jobs wait \'2b442099-4925-4ad0-8159-64d0ee51854a\' --region \'us-central1\' --project \'sage-mind-489618-n5\'\nhttps://console.cloud.google.com/storage/browser/dataproc-staging-us-central1-47706975998-p2ulnh4c/google-cloud-dataproc-metainfo/b92e2a1a-fe15-463a-98db-f00fe42d0aae/jobs/2b442099-4925-4ad0-8159-64d0ee51854a/\ngs://dataproc-staging-us-central1-47706975998-p2ulnh4c/google-cloud-dataproc-metainfo/b92e2a1a-fe15-463a-98db-f00fe42d0aae/jobs/2b442099-4925-4ad0-8159-64d0ee51854a/driveroutput.*"
  state_start_time {
    seconds: 1779877061
    nanos: 847435000
  }
}
status_history {
  state: PENDING
  state_start_time {
    seconds: 1779877030
    nanos: 771340000
  }
}
status_history {
  state: SETUP_DONE
  state_start_time {
    seconds: 1779877030
    nanos: 840172000
  }
}
status_history {
  state: RUNNING
  state_start_time {
    seconds: 1779877031
    nanos: 242956000
  }
}
yarn_applications {
  name: "Stage2_Bronze_Ingestion"
  state: FINISHED
  progress: 1
  tracking_url: "http://crime-etl-cluster-m.us-central1-a.c.sage-mind-489618-n5.internal.:8088/proxy/application_1779876547872_0002/"
}
driver_output_resource_uri: "gs://dataproc-staging-us-central1-47706975998-p2ulnh4c/google-cloud-dataproc-metainfo/b92e2a1a-fe15-463a-98db-f00fe42d0aae/jobs/2b442099-4925-4ad0-8159-64d0ee51854a/driveroutput"
driver_control_files_uri: "gs://dataproc-staging-us-central1-47706975998-p2ulnh4c/google-cloud-dataproc-metainfo/b92e2a1a-fe15-463a-98db-f00fe42d0aae/jobs/2b442099-4925-4ad0-8159-64d0ee51854a/"
job_uuid: "2b442099-4925-4ad0-8159-64d0ee51854a"
done: true

[2026-05-27T10:17:46.489+0000] {taskinstance.py:1138} INFO - Marking task as FAILED. dag_id=crime_analytics_pipeline, task_id=etl_bronze, execution_date=20260527T101019, start_date=20260527T101707, end_date=20260527T101746
[2026-05-27T10:17:46.508+0000] {logging_mixin.py:188} WARNING - /home/***/.local/lib/python3.11/site-packages/***/utils/email.py:154 RemovedInAirflow3Warning: Fetching SMTP credentials from configuration variables will be deprecated in a future release. Please set credentials using a connection instead.
[2026-05-27T10:17:46.509+0000] {configuration.py:1046} WARNING - section/key [smtp/smtp_user] not found in config
[2026-05-27T10:17:46.510+0000] {email.py:270} INFO - Email alerting: attempt 1
[2026-05-27T10:17:46.522+0000] {configuration.py:1046} WARNING - section/key [smtp/smtp_user] not found in config
[2026-05-27T10:17:46.523+0000] {email.py:270} INFO - Email alerting: attempt 1
[2026-05-27T10:17:46.524+0000] {taskinstance.py:826} ERROR - Failed to send email to: ['cdash-alerts@example.com']
Traceback (most recent call last):
  File "/home/airflow/.local/lib/python3.11/site-packages/airflow/models/taskinstance.py", line 2334, in _run_raw_task
    self._execute_task_with_callbacks(context, test_mode, session=session)
  File "/home/airflow/.local/lib/python3.11/site-packages/airflow/models/taskinstance.py", line 2499, in _execute_task_with_callbacks
    result = self._execute_task(context, task_orig)
             ^^^^^^^^^^^^^^^^^^^^^^^^^^^^^^^^^^^^^^
  File "/home/airflow/.local/lib/python3.11/site-packages/airflow/models/taskinstance.py", line 2516, in _execute_task
    return _execute_task(self, context, task_orig)
           ^^^^^^^^^^^^^^^^^^^^^^^^^^^^^^^^^^^^^^^
  File "/home/airflow/.local/lib/python3.11/site-packages/airflow/models/taskinstance.py", line 433, in _execute_task
    result = execute_callable(context=context, **execute_callable_kwargs)
             ^^^^^^^^^^^^^^^^^^^^^^^^^^^^^^^^^^^^^^^^^^^^^^^^^^^^^^^^^^^^
  File "/home/airflow/.local/lib/python3.11/site-packages/airflow/providers/google/cloud/operators/dataproc.py", line 2255, in execute
    self.hook.wait_for_job(
  File "/home/airflow/.local/lib/python3.11/site-packages/airflow/providers/google/common/hooks/base_google.py", line 477, in inner_wrapper
    return func(self, *args, **kwargs)
           ^^^^^^^^^^^^^^^^^^^^^^^^^^^
  File "/home/airflow/.local/lib/python3.11/site-packages/airflow/providers/google/cloud/hooks/dataproc.py", line 724, in wait_for_job
    raise AirflowException(f"Job failed:\n{job}")
airflow.exceptions.AirflowException: Job failed:
reference {
  project_id: "sage-mind-489618-n5"
  job_id: "2b442099-4925-4ad0-8159-64d0ee51854a"
}
placement {
  cluster_name: "crime-etl-cluster"
  cluster_uuid: "b92e2a1a-fe15-463a-98db-f00fe42d0aae"
}
pyspark_job {
  main_python_file_uri: "gs://chicago-crime-raw-group15/scripts/stage2_bronze/data_ingestion.py"
  args: "--env=prod"
  args: "--raw_path=gs://chicago-crime-raw-group15/raw/chicago_crime"
  args: "--bronze_path=gs://chicago-crime-raw-group15/data/bronze/chicago_crime"
  python_file_uris: "gs://chicago-crime-raw-group15/scripts/utils.zip"
  properties {
    key: "spark.jars.packages"
    value: "com.google.cloud.spark:spark-bigquery-with-dependencies_2.12:0.32.2"
  }
}
status {
  state: ERROR
  details: "Job failed with message [pyspark.sql.utils.AnalysisException: Path does not exist: gs://chicago-crime-raw-group15/raw/chicago_crime/**/*.csv]. Additional details can be found at:\nhttps://console.cloud.google.com/dataproc/jobs/2b442099-4925-4ad0-8159-64d0ee51854a?project=sage-mind-489618-n5&region=us-central1\ngcloud dataproc jobs wait \'2b442099-4925-4ad0-8159-64d0ee51854a\' --region \'us-central1\' --project \'sage-mind-489618-n5\'\nhttps://console.cloud.google.com/storage/browser/dataproc-staging-us-central1-47706975998-p2ulnh4c/google-cloud-dataproc-metainfo/b92e2a1a-fe15-463a-98db-f00fe42d0aae/jobs/2b442099-4925-4ad0-8159-64d0ee51854a/\ngs://dataproc-staging-us-central1-47706975998-p2ulnh4c/google-cloud-dataproc-metainfo/b92e2a1a-fe15-463a-98db-f00fe42d0aae/jobs/2b442099-4925-4ad0-8159-64d0ee51854a/driveroutput.*"
  state_start_time {
    seconds: 1779877061
    nanos: 847435000
  }
}
status_history {
  state: PENDING
  state_start_time {
    seconds: 1779877030
    nanos: 771340000
  }
}
status_history {
  state: SETUP_DONE
  state_start_time {
    seconds: 1779877030
    nanos: 840172000
  }
}
status_history {
  state: RUNNING
  state_start_time {
    seconds: 1779877031
    nanos: 242956000
  }
}
yarn_applications {
  name: "Stage2_Bronze_Ingestion"
  state: FINISHED
  progress: 1
  tracking_url: "http://crime-etl-cluster-m.us-central1-a.c.sage-mind-489618-n5.internal.:8088/proxy/application_1779876547872_0002/"
}
driver_output_resource_uri: "gs://dataproc-staging-us-central1-47706975998-p2ulnh4c/google-cloud-dataproc-metainfo/b92e2a1a-fe15-463a-98db-f00fe42d0aae/jobs/2b442099-4925-4ad0-8159-64d0ee51854a/driveroutput"
driver_control_files_uri: "gs://dataproc-staging-us-central1-47706975998-p2ulnh4c/google-cloud-dataproc-metainfo/b92e2a1a-fe15-463a-98db-f00fe42d0aae/jobs/2b442099-4925-4ad0-8159-64d0ee51854a/"
job_uuid: "2b442099-4925-4ad0-8159-64d0ee51854a"
done: true


During handling of the above exception, another exception occurred:

Traceback (most recent call last):
  File "/home/airflow/.local/lib/python3.11/site-packages/airflow/models/taskinstance.py", line 1000, in _email_alert
    send_email(task.email, subject, html_content)
  File "/home/airflow/.local/lib/python3.11/site-packages/airflow/utils/email.py", line 80, in send_email
    return backend(
           ^^^^^^^^
  File "/home/airflow/.local/lib/python3.11/site-packages/airflow/utils/email.py", line 154, in send_email_smtp
    send_mime_email(e_from=mail_from, e_to=recipients, mime_msg=msg, conn_id=conn_id, dryrun=dryrun)
  File "/home/airflow/.local/lib/python3.11/site-packages/airflow/utils/email.py", line 272, in send_mime_email
    smtp_conn = _get_smtp_connection(smtp_host, smtp_port, smtp_timeout, smtp_ssl)
                ^^^^^^^^^^^^^^^^^^^^^^^^^^^^^^^^^^^^^^^^^^^^^^^^^^^^^^^^^^^^^^^^^^
  File "/home/airflow/.local/lib/python3.11/site-packages/airflow/utils/email.py", line 316, in _get_smtp_connection
    return smtplib.SMTP(host=host, port=port, timeout=timeout)
           ^^^^^^^^^^^^^^^^^^^^^^^^^^^^^^^^^^^^^^^^^^^^^^^^^^^
  File "/usr/local/lib/python3.11/smtplib.py", line 255, in __init__
    (code, msg) = self.connect(host, port)
                  ^^^^^^^^^^^^^^^^^^^^^^^^
  File "/usr/local/lib/python3.11/smtplib.py", line 341, in connect
    self.sock = self._get_socket(host, port, self.timeout)
                ^^^^^^^^^^^^^^^^^^^^^^^^^^^^^^^^^^^^^^^^^^
  File "/usr/local/lib/python3.11/smtplib.py", line 312, in _get_socket
    return socket.create_connection((host, port), timeout,
           ^^^^^^^^^^^^^^^^^^^^^^^^^^^^^^^^^^^^^^^^^^^^^^^
  File "/usr/local/lib/python3.11/socket.py", line 851, in create_connection
    raise exceptions[0]
  File "/usr/local/lib/python3.11/socket.py", line 836, in create_connection
    sock.connect(sa)
ConnectionRefusedError: [Errno 111] Connection refused

During handling of the above exception, another exception occurred:

Traceback (most recent call last):
  File "/home/airflow/.local/lib/python3.11/site-packages/airflow/models/taskinstance.py", line 824, in _handle_failure
    task_instance.email_alert(error, failure_context["task"])
  File "/home/airflow/.local/lib/python3.11/site-packages/airflow/models/taskinstance.py", line 2946, in email_alert
    _email_alert(task_instance=self, exception=exception, task=task)
  File "/home/airflow/.local/lib/python3.11/site-packages/airflow/models/taskinstance.py", line 1002, in _email_alert
    send_email(task.email, subject, html_content_err)
  File "/home/airflow/.local/lib/python3.11/site-packages/airflow/utils/email.py", line 80, in send_email
    return backend(
           ^^^^^^^^
  File "/home/airflow/.local/lib/python3.11/site-packages/airflow/utils/email.py", line 154, in send_email_smtp
    send_mime_email(e_from=mail_from, e_to=recipients, mime_msg=msg, conn_id=conn_id, dryrun=dryrun)
  File "/home/airflow/.local/lib/python3.11/site-packages/airflow/utils/email.py", line 272, in send_mime_email
    smtp_conn = _get_smtp_connection(smtp_host, smtp_port, smtp_timeout, smtp_ssl)
                ^^^^^^^^^^^^^^^^^^^^^^^^^^^^^^^^^^^^^^^^^^^^^^^^^^^^^^^^^^^^^^^^^^
  File "/home/airflow/.local/lib/python3.11/site-packages/airflow/utils/email.py", line 316, in _get_smtp_connection
    return smtplib.SMTP(host=host, port=port, timeout=timeout)
           ^^^^^^^^^^^^^^^^^^^^^^^^^^^^^^^^^^^^^^^^^^^^^^^^^^^
  File "/usr/local/lib/python3.11/smtplib.py", line 255, in __init__
    (code, msg) = self.connect(host, port)
                  ^^^^^^^^^^^^^^^^^^^^^^^^
  File "/usr/local/lib/python3.11/smtplib.py", line 341, in connect
    self.sock = self._get_socket(host, port, self.timeout)
                ^^^^^^^^^^^^^^^^^^^^^^^^^^^^^^^^^^^^^^^^^^
  File "/usr/local/lib/python3.11/smtplib.py", line 312, in _get_socket
    return socket.create_connection((host, port), timeout,
           ^^^^^^^^^^^^^^^^^^^^^^^^^^^^^^^^^^^^^^^^^^^^^^^
  File "/usr/local/lib/python3.11/socket.py", line 851, in create_connection
    raise exceptions[0]
  File "/usr/local/lib/python3.11/socket.py", line 836, in create_connection
    sock.connect(sa)
ConnectionRefusedError: [Errno 111] Connection refused
[2026-05-27T10:17:46.545+0000] {standard_task_runner.py:107} ERROR - Failed to execute job 133 for task etl_bronze (Job failed:
reference {
  project_id: "sage-mind-489618-n5"
  job_id: "2b442099-4925-4ad0-8159-64d0ee51854a"
}
placement {
  cluster_name: "crime-etl-cluster"
  cluster_uuid: "b92e2a1a-fe15-463a-98db-f00fe42d0aae"
}
pyspark_job {
  main_python_file_uri: "gs://chicago-crime-raw-group15/scripts/stage2_bronze/data_ingestion.py"
  args: "--env=prod"
  args: "--raw_path=gs://chicago-crime-raw-group15/raw/chicago_crime"
  args: "--bronze_path=gs://chicago-crime-raw-group15/data/bronze/chicago_crime"
  python_file_uris: "gs://chicago-crime-raw-group15/scripts/utils.zip"
  properties {
    key: "spark.jars.packages"
    value: "com.google.cloud.spark:spark-bigquery-with-dependencies_2.12:0.32.2"
  }
}
status {
  state: ERROR
  details: "Job failed with message [pyspark.sql.utils.AnalysisException: Path does not exist: gs://chicago-crime-raw-group15/raw/chicago_crime/**/*.csv]. Additional details can be found at:\nhttps://console.cloud.google.com/dataproc/jobs/2b442099-4925-4ad0-8159-64d0ee51854a?project=sage-mind-489618-n5&region=us-central1\ngcloud dataproc jobs wait \'2b442099-4925-4ad0-8159-64d0ee51854a\' --region \'us-central1\' --project \'sage-mind-489618-n5\'\nhttps://console.cloud.google.com/storage/browser/dataproc-staging-us-central1-47706975998-p2ulnh4c/google-cloud-dataproc-metainfo/b92e2a1a-fe15-463a-98db-f00fe42d0aae/jobs/2b442099-4925-4ad0-8159-64d0ee51854a/\ngs://dataproc-staging-us-central1-47706975998-p2ulnh4c/google-cloud-dataproc-metainfo/b92e2a1a-fe15-463a-98db-f00fe42d0aae/jobs/2b442099-4925-4ad0-8159-64d0ee51854a/driveroutput.*"
  state_start_time {
    seconds: 1779877061
    nanos: 847435000
  }
}
status_history {
  state: PENDING
  state_start_time {
    seconds: 1779877030
    nanos: 771340000
  }
}
status_history {
  state: SETUP_DONE
  state_start_time {
    seconds: 1779877030
    nanos: 840172000
  }
}
status_history {
  state: RUNNING
  state_start_time {
    seconds: 1779877031
    nanos: 242956000
  }
}
yarn_applications {
  name: "Stage2_Bronze_Ingestion"
  state: FINISHED
  progress: 1
  tracking_url: "http://crime-etl-cluster-m.us-central1-a.c.sage-mind-489618-n5.internal.:8088/proxy/application_1779876547872_0002/"
}
driver_output_resource_uri: "gs://dataproc-staging-us-central1-47706975998-p2ulnh4c/google-cloud-dataproc-metainfo/b92e2a1a-fe15-463a-98db-f00fe42d0aae/jobs/2b442099-4925-4ad0-8159-64d0ee51854a/driveroutput"
driver_control_files_uri: "gs://dataproc-staging-us-central1-47706975998-p2ulnh4c/google-cloud-dataproc-metainfo/b92e2a1a-fe15-463a-98db-f00fe42d0aae/jobs/2b442099-4925-4ad0-8159-64d0ee51854a/"
job_uuid: "2b442099-4925-4ad0-8159-64d0ee51854a"
done: true
; 536)
[2026-05-27T10:17:46.598+0000] {local_task_job_runner.py:234} INFO - Task exited with return code 1
[2026-05-27T10:17:46.626+0000] {taskinstance.py:3280} INFO - 0 downstream tasks scheduled from follow-on schedule check
