[2026-05-27T13:18:50.766+0000] {taskinstance.py:1956} INFO - Dependencies all met for dep_context=non-requeueable deps ti=<TaskInstance: crime_analytics_pipeline.ingest_poi manual__2026-05-27T13:18:48.578287+00:00 [queued]>
[2026-05-27T13:18:50.774+0000] {taskinstance.py:1956} INFO - Dependencies all met for dep_context=requeueable deps ti=<TaskInstance: crime_analytics_pipeline.ingest_poi manual__2026-05-27T13:18:48.578287+00:00 [queued]>
[2026-05-27T13:18:50.776+0000] {taskinstance.py:2170} INFO - Starting attempt 1 of 2
[2026-05-27T13:18:50.794+0000] {taskinstance.py:2191} INFO - Executing <Task(PythonOperator): ingest_poi> on 2026-05-27 13:18:48.578287+00:00
[2026-05-27T13:18:50.805+0000] {standard_task_runner.py:60} INFO - Started process 222 to run task
[2026-05-27T13:18:50.819+0000] {standard_task_runner.py:87} INFO - Running: ['***', 'tasks', 'run', 'crime_analytics_pipeline', 'ingest_poi', 'manual__2026-05-27T13:18:48.578287+00:00', '--job-id', '161', '--raw', '--subdir', 'DAGS_FOLDER/dag_crime_pipeline.py', '--cfg-path', '/tmp/tmpat2ufyx9']
[2026-05-27T13:18:50.826+0000] {standard_task_runner.py:88} INFO - Job 161: Subtask ingest_poi
[2026-05-27T13:18:50.917+0000] {task_command.py:423} INFO - Running <TaskInstance: crime_analytics_pipeline.ingest_poi manual__2026-05-27T13:18:48.578287+00:00 [running]> on host db8b8170dea9
[2026-05-27T13:18:51.041+0000] {taskinstance.py:2480} INFO - Exporting env vars: AIRFLOW_CTX_DAG_EMAIL='cdash-alerts@example.com' AIRFLOW_CTX_DAG_OWNER='crime-analytics' AIRFLOW_CTX_DAG_ID='crime_analytics_pipeline' AIRFLOW_CTX_TASK_ID='ingest_poi' AIRFLOW_CTX_EXECUTION_DATE='2026-05-27T13:18:48.578287+00:00' AIRFLOW_CTX_TRY_NUMBER='1' AIRFLOW_CTX_DAG_RUN_ID='manual__2026-05-27T13:18:48.578287+00:00'
[2026-05-27T13:18:53.891+0000] {logging_mixin.py:188} INFO - [ingest_poi] Fetching transit_station ...
[2026-05-27T13:18:59.133+0000] {logging_mixin.py:188} WARNING - /opt/***/dags/dag_crime_pipeline.py:371 UserWarning: Geometry is in a geographic CRS. Results from 'centroid' are likely incorrect. Use 'GeoSeries.to_crs()' to re-project geometries to a projected CRS before this operation.
[2026-05-27T13:18:59.141+0000] {logging_mixin.py:188} WARNING - /opt/***/dags/dag_crime_pipeline.py:372 UserWarning: Geometry is in a geographic CRS. Results from 'centroid' are likely incorrect. Use 'GeoSeries.to_crs()' to re-project geometries to a projected CRS before this operation.
[2026-05-27T13:18:59.144+0000] {logging_mixin.py:188} INFO - [ingest_poi]   ✓ 190 transit_station
[2026-05-27T13:18:59.144+0000] {logging_mixin.py:188} INFO - [ingest_poi] Fetching school ...
[2026-05-27T13:19:11.727+0000] {logging_mixin.py:188} WARNING - /opt/***/dags/dag_crime_pipeline.py:371 UserWarning: Geometry is in a geographic CRS. Results from 'centroid' are likely incorrect. Use 'GeoSeries.to_crs()' to re-project geometries to a projected CRS before this operation.
[2026-05-27T13:19:11.737+0000] {logging_mixin.py:188} WARNING - /opt/***/dags/dag_crime_pipeline.py:372 UserWarning: Geometry is in a geographic CRS. Results from 'centroid' are likely incorrect. Use 'GeoSeries.to_crs()' to re-project geometries to a projected CRS before this operation.
[2026-05-27T13:19:11.742+0000] {logging_mixin.py:188} INFO - [ingest_poi]   ✓ 1051 school
[2026-05-27T13:19:11.742+0000] {logging_mixin.py:188} INFO - [ingest_poi] Fetching park ...
[2026-05-27T13:19:29.627+0000] {logging_mixin.py:188} WARNING - /opt/***/dags/dag_crime_pipeline.py:371 UserWarning: Geometry is in a geographic CRS. Results from 'centroid' are likely incorrect. Use 'GeoSeries.to_crs()' to re-project geometries to a projected CRS before this operation.
[2026-05-27T13:19:29.638+0000] {logging_mixin.py:188} WARNING - /opt/***/dags/dag_crime_pipeline.py:372 UserWarning: Geometry is in a geographic CRS. Results from 'centroid' are likely incorrect. Use 'GeoSeries.to_crs()' to re-project geometries to a projected CRS before this operation.
[2026-05-27T13:19:29.644+0000] {logging_mixin.py:188} INFO - [ingest_poi]   ✓ 898 park
[2026-05-27T13:19:29.644+0000] {logging_mixin.py:188} INFO - [ingest_poi] Fetching nightlife ...
[2026-05-27T13:19:39.744+0000] {logging_mixin.py:188} WARNING - /opt/***/dags/dag_crime_pipeline.py:371 UserWarning: Geometry is in a geographic CRS. Results from 'centroid' are likely incorrect. Use 'GeoSeries.to_crs()' to re-project geometries to a projected CRS before this operation.
[2026-05-27T13:19:39.753+0000] {logging_mixin.py:188} WARNING - /opt/***/dags/dag_crime_pipeline.py:372 UserWarning: Geometry is in a geographic CRS. Results from 'centroid' are likely incorrect. Use 'GeoSeries.to_crs()' to re-project geometries to a projected CRS before this operation.
[2026-05-27T13:19:39.758+0000] {logging_mixin.py:188} INFO - [ingest_poi]   ✓ 856 nightlife
[2026-05-27T13:19:41.083+0000] {logging_mixin.py:188} INFO - [ingest_poi] Uploaded 2995 POIs → gs://chicago-crime-raw-group15/raw/poi/chicago_pois.csv
[2026-05-27T13:19:41.086+0000] {python.py:201} INFO - Done. Returned value was: None
[2026-05-27T13:19:41.105+0000] {taskinstance.py:1138} INFO - Marking task as SUCCESS. dag_id=crime_analytics_pipeline, task_id=ingest_poi, execution_date=20260527T131848, start_date=20260527T131850, end_date=20260527T131941
[2026-05-27T13:19:41.214+0000] {local_task_job_runner.py:234} INFO - Task exited with return code 0
[2026-05-27T13:19:41.248+0000] {taskinstance.py:3280} INFO - 0 downstream tasks scheduled from follow-on schedule check
