[2026-06-08T20:04:41.281+0000] {taskinstance.py:1956} INFO - Dependencies all met for dep_context=non-requeueable deps ti=<TaskInstance: crime_analytics_pipeline.etl_silver manual__2026-06-08T17:06:51.122721+00:00 [queued]>
[2026-06-08T20:04:41.288+0000] {taskinstance.py:1956} INFO - Dependencies all met for dep_context=requeueable deps ti=<TaskInstance: crime_analytics_pipeline.etl_silver manual__2026-06-08T17:06:51.122721+00:00 [queued]>
[2026-06-08T20:04:41.289+0000] {taskinstance.py:2170} INFO - Starting attempt 10 of 11
[2026-06-08T20:04:41.299+0000] {taskinstance.py:2191} INFO - Executing <Task(DataprocSubmitJobOperator): etl_silver> on 2026-06-08 17:06:51.122721+00:00
[2026-06-08T20:04:41.307+0000] {standard_task_runner.py:60} INFO - Started process 8804 to run task
[2026-06-08T20:04:41.310+0000] {standard_task_runner.py:87} INFO - Running: ['***', 'tasks', 'run', 'crime_analytics_pipeline', 'etl_silver', 'manual__2026-06-08T17:06:51.122721+00:00', '--job-id', '769', '--raw', '--subdir', 'DAGS_FOLDER/dag_crime_pipeline.py', '--cfg-path', '/tmp/tmptaqkxqbf']
[2026-06-08T20:04:41.312+0000] {standard_task_runner.py:88} INFO - Job 769: Subtask etl_silver
[2026-06-08T20:04:41.372+0000] {task_command.py:423} INFO - Running <TaskInstance: crime_analytics_pipeline.etl_silver manual__2026-06-08T17:06:51.122721+00:00 [running]> on host d26a8a58ef02
[2026-06-08T20:04:41.476+0000] {taskinstance.py:2480} INFO - Exporting env vars: AIRFLOW_CTX_DAG_EMAIL='cdash-alerts@example.com' AIRFLOW_CTX_DAG_OWNER='crime-analytics' AIRFLOW_CTX_DAG_ID='crime_analytics_pipeline' AIRFLOW_CTX_TASK_ID='etl_silver' AIRFLOW_CTX_EXECUTION_DATE='2026-06-08T17:06:51.122721+00:00' AIRFLOW_CTX_TRY_NUMBER='10' AIRFLOW_CTX_DAG_RUN_ID='manual__2026-06-08T17:06:51.122721+00:00'
[2026-06-08T20:04:41.479+0000] {dataproc.py:2208} INFO - Submitting job
[2026-06-08T20:04:41.490+0000] {connection.py:234} WARNING - Connection schemes (type: google_cloud_platform) shall not contain '_' according to RFC3986.
[2026-06-08T20:04:41.491+0000] {base.py:83} INFO - Using connection ID 'google_cloud_default' for task execution.
[2026-06-08T20:04:43.099+0000] {dataproc.py:2220} INFO - Job 023a22e5-b65f-48f3-9f4c-829ded480ddf submitted successfully.
[2026-06-08T20:04:43.121+0000] {dataproc.py:2254} INFO - Waiting for job 023a22e5-b65f-48f3-9f4c-829ded480ddf to complete
[2026-06-08T20:08:33.601+0000] {taskinstance.py:2698} ERROR - Task failed with exception
Traceback (most recent call last):
  File "/home/airflow/.local/lib/python3.11/site-packages/airflow/models/taskinstance.py", line 433, in _execute_task
    result = execute_callable(context=context, **execute_callable_kwargs)
             ^^^^^^^^^^^^^^^^^^^^^^^^^^^^^^^^^^^^^^^^^^^^^^^^^^^^^^^^^^^^
  File "/home/airflow/.local/lib/python3.11/site-packages/airflow/providers/google/cloud/operators/dataproc.py", line 2255, in execute
    self.hook.wait_for_job(
  File "/home/airflow/.local/lib/python3.11/site-packages/airflow/providers/google/common/hooks/base_google.py", line 477, in inner_wrapper
    return func(self, *args, **kwargs)
           ^^^^^^^^^^^^^^^^^^^^^^^^^^^
  File "/home/airflow/.local/lib/python3.11/site-packages/airflow/providers/google/cloud/hooks/dataproc.py", line 724, in wait_for_job
    raise AirflowException(f"Job failed:\n{job}")
airflow.exceptions.AirflowException: Job failed:
reference {
  project_id: "sage-mind-489618-n5"
  job_id: "023a22e5-b65f-48f3-9f4c-829ded480ddf"
}
placement {
  cluster_name: "crime-etl-cluster"
  cluster_uuid: "5fff0cd1-fc21-4517-91a0-2b1ad347e639"
}
pyspark_job {
  main_python_file_uri: "gs://chicago-crime-raw-group15/scripts/stage3_silver_main.py"
  args: "--project=sage-mind-489618-n5"
  args: "--bronze_path=gs://chicago-crime-raw-group15/bronze/chicago_crime"
  args: "--silver_path=gs://chicago-crime-raw-group15/silver/chicago_crime"
  args: "--ds=2026-06-08"
  python_file_uris: "gs://chicago-crime-raw-group15/scripts/utils.zip"
  python_file_uris: "gs://chicago-crime-raw-group15/scripts/stage3_silver.zip"
  properties {
    key: "spark.jars.packages"
    value: "com.google.cloud.spark:spark-bigquery-with-dependencies_2.12:0.32.2"
  }
}
status {
  state: ERROR
  details: "Job failed with message [ValueError: DQC FAILED: Dữ liệu trống sau khi làm sạch!]. Additional details can be found at:\nhttps://console.cloud.google.com/dataproc/jobs/023a22e5-b65f-48f3-9f4c-829ded480ddf?project=sage-mind-489618-n5&region=us-central1\ngcloud dataproc jobs wait \'023a22e5-b65f-48f3-9f4c-829ded480ddf\' --region \'us-central1\' --project \'sage-mind-489618-n5\'\nhttps://console.cloud.google.com/storage/browser/dataproc-staging-us-central1-47706975998-p2ulnh4c/google-cloud-dataproc-metainfo/5fff0cd1-fc21-4517-91a0-2b1ad347e639/jobs/023a22e5-b65f-48f3-9f4c-829ded480ddf/\ngs://dataproc-staging-us-central1-47706975998-p2ulnh4c/google-cloud-dataproc-metainfo/5fff0cd1-fc21-4517-91a0-2b1ad347e639/jobs/023a22e5-b65f-48f3-9f4c-829ded480ddf/driveroutput.*"
  state_start_time {
    seconds: 1780949312
    nanos: 135607000
  }
}
status_history {
  state: PENDING
  state_start_time {
    seconds: 1780949084
    nanos: 152674000
  }
}
status_history {
  state: SETUP_DONE
  state_start_time {
    seconds: 1780949084
    nanos: 222941000
  }
}
status_history {
  state: RUNNING
  state_start_time {
    seconds: 1780949084
    nanos: 605317000
  }
}
yarn_applications {
  name: "ChicagoCrime_Stage3_Silver"
  state: FINISHED
  progress: 1
  tracking_url: "http://crime-etl-cluster-m.us-central1-a.c.sage-mind-489618-n5.internal.:8088/proxy/application_1780948811663_0002/"
}
driver_output_resource_uri: "gs://dataproc-staging-us-central1-47706975998-p2ulnh4c/google-cloud-dataproc-metainfo/5fff0cd1-fc21-4517-91a0-2b1ad347e639/jobs/023a22e5-b65f-48f3-9f4c-829ded480ddf/driveroutput"
driver_control_files_uri: "gs://dataproc-staging-us-central1-47706975998-p2ulnh4c/google-cloud-dataproc-metainfo/5fff0cd1-fc21-4517-91a0-2b1ad347e639/jobs/023a22e5-b65f-48f3-9f4c-829ded480ddf/"
job_uuid: "023a22e5-b65f-48f3-9f4c-829ded480ddf"
done: true

[2026-06-08T20:08:33.636+0000] {taskinstance.py:1138} INFO - Marking task as UP_FOR_RETRY. dag_id=crime_analytics_pipeline, task_id=etl_silver, execution_date=20260608T170651, start_date=20260608T200441, end_date=20260608T200833
[2026-06-08T20:08:33.649+0000] {standard_task_runner.py:107} ERROR - Failed to execute job 769 for task etl_silver (Job failed:
reference {
  project_id: "sage-mind-489618-n5"
  job_id: "023a22e5-b65f-48f3-9f4c-829ded480ddf"
}
placement {
  cluster_name: "crime-etl-cluster"
  cluster_uuid: "5fff0cd1-fc21-4517-91a0-2b1ad347e639"
}
pyspark_job {
  main_python_file_uri: "gs://chicago-crime-raw-group15/scripts/stage3_silver_main.py"
  args: "--project=sage-mind-489618-n5"
  args: "--bronze_path=gs://chicago-crime-raw-group15/bronze/chicago_crime"
  args: "--silver_path=gs://chicago-crime-raw-group15/silver/chicago_crime"
  args: "--ds=2026-06-08"
  python_file_uris: "gs://chicago-crime-raw-group15/scripts/utils.zip"
  python_file_uris: "gs://chicago-crime-raw-group15/scripts/stage3_silver.zip"
  properties {
    key: "spark.jars.packages"
    value: "com.google.cloud.spark:spark-bigquery-with-dependencies_2.12:0.32.2"
  }
}
status {
  state: ERROR
  details: "Job failed with message [ValueError: DQC FAILED: Dữ liệu trống sau khi làm sạch!]. Additional details can be found at:\nhttps://console.cloud.google.com/dataproc/jobs/023a22e5-b65f-48f3-9f4c-829ded480ddf?project=sage-mind-489618-n5&region=us-central1\ngcloud dataproc jobs wait \'023a22e5-b65f-48f3-9f4c-829ded480ddf\' --region \'us-central1\' --project \'sage-mind-489618-n5\'\nhttps://console.cloud.google.com/storage/browser/dataproc-staging-us-central1-47706975998-p2ulnh4c/google-cloud-dataproc-metainfo/5fff0cd1-fc21-4517-91a0-2b1ad347e639/jobs/023a22e5-b65f-48f3-9f4c-829ded480ddf/\ngs://dataproc-staging-us-central1-47706975998-p2ulnh4c/google-cloud-dataproc-metainfo/5fff0cd1-fc21-4517-91a0-2b1ad347e639/jobs/023a22e5-b65f-48f3-9f4c-829ded480ddf/driveroutput.*"
  state_start_time {
    seconds: 1780949312
    nanos: 135607000
  }
}
status_history {
  state: PENDING
  state_start_time {
    seconds: 1780949084
    nanos: 152674000
  }
}
status_history {
  state: SETUP_DONE
  state_start_time {
    seconds: 1780949084
    nanos: 222941000
  }
}
status_history {
  state: RUNNING
  state_start_time {
    seconds: 1780949084
    nanos: 605317000
  }
}
yarn_applications {
  name: "ChicagoCrime_Stage3_Silver"
  state: FINISHED
  progress: 1
  tracking_url: "http://crime-etl-cluster-m.us-central1-a.c.sage-mind-489618-n5.internal.:8088/proxy/application_1780948811663_0002/"
}
driver_output_resource_uri: "gs://dataproc-staging-us-central1-47706975998-p2ulnh4c/google-cloud-dataproc-metainfo/5fff0cd1-fc21-4517-91a0-2b1ad347e639/jobs/023a22e5-b65f-48f3-9f4c-829ded480ddf/driveroutput"
driver_control_files_uri: "gs://dataproc-staging-us-central1-47706975998-p2ulnh4c/google-cloud-dataproc-metainfo/5fff0cd1-fc21-4517-91a0-2b1ad347e639/jobs/023a22e5-b65f-48f3-9f4c-829ded480ddf/"
job_uuid: "023a22e5-b65f-48f3-9f4c-829ded480ddf"
done: true
; 8804)
[2026-06-08T20:08:33.689+0000] {local_task_job_runner.py:234} INFO - Task exited with return code 1
[2026-06-08T20:08:33.717+0000] {taskinstance.py:3280} INFO - 0 downstream tasks scheduled from follow-on schedule check
