[2026-06-08T18:34:17.620+0000] {taskinstance.py:1956} INFO - Dependencies all met for dep_context=non-requeueable deps ti=<TaskInstance: crime_analytics_pipeline.etl_silver manual__2026-06-08T17:06:51.122721+00:00 [queued]>
[2026-06-08T18:34:17.630+0000] {taskinstance.py:1956} INFO - Dependencies all met for dep_context=requeueable deps ti=<TaskInstance: crime_analytics_pipeline.etl_silver manual__2026-06-08T17:06:51.122721+00:00 [queued]>
[2026-06-08T18:34:17.631+0000] {taskinstance.py:2170} INFO - Starting attempt 4 of 5
[2026-06-08T18:34:17.645+0000] {taskinstance.py:2191} INFO - Executing <Task(DataprocSubmitJobOperator): etl_silver> on 2026-06-08 17:06:51.122721+00:00
[2026-06-08T18:34:17.657+0000] {standard_task_runner.py:60} INFO - Started process 3132 to run task
[2026-06-08T18:34:17.661+0000] {standard_task_runner.py:87} INFO - Running: ['***', 'tasks', 'run', 'crime_analytics_pipeline', 'etl_silver', 'manual__2026-06-08T17:06:51.122721+00:00', '--job-id', '742', '--raw', '--subdir', 'DAGS_FOLDER/dag_crime_pipeline.py', '--cfg-path', '/tmp/tmph9ismbjs']
[2026-06-08T18:34:17.665+0000] {standard_task_runner.py:88} INFO - Job 742: Subtask etl_silver
[2026-06-08T18:34:17.740+0000] {task_command.py:423} INFO - Running <TaskInstance: crime_analytics_pipeline.etl_silver manual__2026-06-08T17:06:51.122721+00:00 [running]> on host d26a8a58ef02
[2026-06-08T18:34:17.842+0000] {taskinstance.py:2480} INFO - Exporting env vars: AIRFLOW_CTX_DAG_EMAIL='cdash-alerts@example.com' AIRFLOW_CTX_DAG_OWNER='crime-analytics' AIRFLOW_CTX_DAG_ID='crime_analytics_pipeline' AIRFLOW_CTX_TASK_ID='etl_silver' AIRFLOW_CTX_EXECUTION_DATE='2026-06-08T17:06:51.122721+00:00' AIRFLOW_CTX_TRY_NUMBER='4' AIRFLOW_CTX_DAG_RUN_ID='manual__2026-06-08T17:06:51.122721+00:00'
[2026-06-08T18:34:17.844+0000] {dataproc.py:2208} INFO - Submitting job
[2026-06-08T18:34:17.858+0000] {connection.py:234} WARNING - Connection schemes (type: google_cloud_platform) shall not contain '_' according to RFC3986.
[2026-06-08T18:34:17.860+0000] {base.py:83} INFO - Using connection ID 'google_cloud_default' for task execution.
[2026-06-08T18:34:19.753+0000] {dataproc.py:2220} INFO - Job fc254a15-7b23-47f2-8812-a5c6e10134c9 submitted successfully.
[2026-06-08T18:34:19.789+0000] {dataproc.py:2254} INFO - Waiting for job fc254a15-7b23-47f2-8812-a5c6e10134c9 to complete
[2026-06-08T18:34:49.704+0000] {local_task_job_runner.py:280} WARNING - Recorded pid 3203 does not match the current pid 3132
[2026-06-08T18:34:49.710+0000] {process_utils.py:131} INFO - Sending 15 to group 3132. PIDs of all processes in the group: [3132]
[2026-06-08T18:34:49.711+0000] {process_utils.py:86} INFO - Sending the signal 15 to group 3132
[2026-06-08T18:34:49.712+0000] {taskinstance.py:2450} ERROR - Received SIGTERM. Terminating subprocesses.
[2026-06-08T18:34:51.218+0000] {taskinstance.py:2698} ERROR - Task failed with exception
Traceback (most recent call last):
  File "/home/airflow/.local/lib/python3.11/site-packages/airflow/models/taskinstance.py", line 433, in _execute_task
    result = execute_callable(context=context, **execute_callable_kwargs)
             ^^^^^^^^^^^^^^^^^^^^^^^^^^^^^^^^^^^^^^^^^^^^^^^^^^^^^^^^^^^^
  File "/home/airflow/.local/lib/python3.11/site-packages/airflow/providers/google/cloud/operators/dataproc.py", line 2255, in execute
    self.hook.wait_for_job(
  File "/home/airflow/.local/lib/python3.11/site-packages/airflow/providers/google/common/hooks/base_google.py", line 477, in inner_wrapper
    return func(self, *args, **kwargs)
           ^^^^^^^^^^^^^^^^^^^^^^^^^^^
  File "/home/airflow/.local/lib/python3.11/site-packages/airflow/providers/google/cloud/hooks/dataproc.py", line 716, in wait_for_job
    time.sleep(wait_time)
  File "/home/airflow/.local/lib/python3.11/site-packages/airflow/models/taskinstance.py", line 2452, in signal_handler
    raise AirflowException("Task received SIGTERM signal")
airflow.exceptions.AirflowException: Task received SIGTERM signal
[2026-06-08T18:34:51.225+0000] {taskinstance.py:1138} INFO - Marking task as UP_FOR_RETRY. dag_id=crime_analytics_pipeline, task_id=etl_silver, execution_date=20260608T170651, start_date=20260608T183446, end_date=20260608T183451
[2026-06-08T18:34:51.241+0000] {standard_task_runner.py:107} ERROR - Failed to execute job 742 for task etl_silver (Task received SIGTERM signal; 3132)
[2026-06-08T18:34:51.301+0000] {process_utils.py:79} INFO - Process psutil.Process(pid=3132, status='terminated', exitcode=1, started='18:34:16') (3132) terminated with exit code 1
