[2026-06-08T18:34:46.243+0000] {taskinstance.py:1956} INFO - Dependencies all met for dep_context=non-requeueable deps ti=<TaskInstance: crime_analytics_pipeline.etl_silver manual__2026-06-08T17:06:51.122721+00:00 [queued]>
[2026-06-08T18:34:46.253+0000] {taskinstance.py:1956} INFO - Dependencies all met for dep_context=requeueable deps ti=<TaskInstance: crime_analytics_pipeline.etl_silver manual__2026-06-08T17:06:51.122721+00:00 [queued]>
[2026-06-08T18:34:46.254+0000] {taskinstance.py:2170} INFO - Starting attempt 5 of 6
[2026-06-08T18:34:46.266+0000] {taskinstance.py:2191} INFO - Executing <Task(DataprocSubmitJobOperator): etl_silver> on 2026-06-08 17:06:51.122721+00:00
[2026-06-08T18:34:46.277+0000] {standard_task_runner.py:60} INFO - Started process 3203 to run task
[2026-06-08T18:34:46.282+0000] {standard_task_runner.py:87} INFO - Running: ['***', 'tasks', 'run', 'crime_analytics_pipeline', 'etl_silver', 'manual__2026-06-08T17:06:51.122721+00:00', '--job-id', '743', '--raw', '--subdir', 'DAGS_FOLDER/dag_crime_pipeline.py', '--cfg-path', '/tmp/tmpilz4esi1']
[2026-06-08T18:34:46.286+0000] {standard_task_runner.py:88} INFO - Job 743: Subtask etl_silver
[2026-06-08T18:34:46.373+0000] {task_command.py:423} INFO - Running <TaskInstance: crime_analytics_pipeline.etl_silver manual__2026-06-08T17:06:51.122721+00:00 [running]> on host d26a8a58ef02
[2026-06-08T18:34:46.502+0000] {taskinstance.py:2480} INFO - Exporting env vars: AIRFLOW_CTX_DAG_EMAIL='cdash-alerts@example.com' AIRFLOW_CTX_DAG_OWNER='crime-analytics' AIRFLOW_CTX_DAG_ID='crime_analytics_pipeline' AIRFLOW_CTX_TASK_ID='etl_silver' AIRFLOW_CTX_EXECUTION_DATE='2026-06-08T17:06:51.122721+00:00' AIRFLOW_CTX_TRY_NUMBER='5' AIRFLOW_CTX_DAG_RUN_ID='manual__2026-06-08T17:06:51.122721+00:00'
[2026-06-08T18:34:46.503+0000] {dataproc.py:2208} INFO - Submitting job
[2026-06-08T18:34:47.202+0000] {connection.py:234} WARNING - Connection schemes (type: google_cloud_platform) shall not contain '_' according to RFC3986.
[2026-06-08T18:34:47.203+0000] {base.py:83} INFO - Using connection ID 'google_cloud_default' for task execution.
[2026-06-08T18:34:49.953+0000] {dataproc.py:2220} INFO - Job b340abd6-a596-47bd-9035-33a56f56d145 submitted successfully.
[2026-06-08T18:34:49.991+0000] {dataproc.py:2254} INFO - Waiting for job b340abd6-a596-47bd-9035-33a56f56d145 to complete
[2026-06-08T18:34:58.061+0000] {local_task_job_runner.py:302} WARNING - State of this instance has been externally set to up_for_retry. Terminating instance.
[2026-06-08T18:34:58.065+0000] {process_utils.py:131} INFO - Sending 15 to group 3203. PIDs of all processes in the group: [3203]
[2026-06-08T18:34:58.066+0000] {process_utils.py:86} INFO - Sending the signal 15 to group 3203
[2026-06-08T18:34:58.067+0000] {taskinstance.py:2450} ERROR - Received SIGTERM. Terminating subprocesses.
[2026-06-08T18:34:59.563+0000] {taskinstance.py:2698} ERROR - Task failed with exception
Traceback (most recent call last):
  File "/home/airflow/.local/lib/python3.11/site-packages/airflow/models/taskinstance.py", line 433, in _execute_task
    result = execute_callable(context=context, **execute_callable_kwargs)
             ^^^^^^^^^^^^^^^^^^^^^^^^^^^^^^^^^^^^^^^^^^^^^^^^^^^^^^^^^^^^
  File "/home/airflow/.local/lib/python3.11/site-packages/airflow/providers/google/cloud/operators/dataproc.py", line 2255, in execute
    self.hook.wait_for_job(
  File "/home/airflow/.local/lib/python3.11/site-packages/airflow/providers/google/common/hooks/base_google.py", line 477, in inner_wrapper
    return func(self, *args, **kwargs)
           ^^^^^^^^^^^^^^^^^^^^^^^^^^^
  File "/home/airflow/.local/lib/python3.11/site-packages/airflow/providers/google/cloud/hooks/dataproc.py", line 716, in wait_for_job
    time.sleep(wait_time)
  File "/home/airflow/.local/lib/python3.11/site-packages/airflow/models/taskinstance.py", line 2452, in signal_handler
    raise AirflowException("Task received SIGTERM signal")
airflow.exceptions.AirflowException: Task received SIGTERM signal
[2026-06-08T18:34:59.569+0000] {taskinstance.py:1138} INFO - Marking task as FAILED. dag_id=crime_analytics_pipeline, task_id=etl_silver, execution_date=20260608T170651, start_date=20260608T183446, end_date=20260608T183459
[2026-06-08T18:34:59.589+0000] {standard_task_runner.py:107} ERROR - Failed to execute job 743 for task etl_silver (Task received SIGTERM signal; 3203)
[2026-06-08T18:34:59.616+0000] {process_utils.py:79} INFO - Process psutil.Process(pid=3203, status='terminated', exitcode=1, started='18:34:45') (3203) terminated with exit code 1
