[2026-05-30T20:21:08.018+0000] {taskinstance.py:1956} INFO - Dependencies all met for dep_context=non-requeueable deps ti=<TaskInstance: crime_analytics_pipeline.ml_train_and_predict scheduled__2026-05-23T19:00:00+00:00 [queued]>
[2026-05-30T20:21:08.028+0000] {taskinstance.py:1956} INFO - Dependencies all met for dep_context=requeueable deps ti=<TaskInstance: crime_analytics_pipeline.ml_train_and_predict scheduled__2026-05-23T19:00:00+00:00 [queued]>
[2026-05-30T20:21:08.029+0000] {taskinstance.py:2170} INFO - Starting attempt 1 of 2
[2026-05-30T20:21:08.042+0000] {taskinstance.py:2191} INFO - Executing <Task(PythonOperator): ml_train_and_predict> on 2026-05-23 19:00:00+00:00
[2026-05-30T20:21:08.054+0000] {standard_task_runner.py:60} INFO - Started process 923 to run task
[2026-05-30T20:21:08.058+0000] {standard_task_runner.py:87} INFO - Running: ['***', 'tasks', 'run', 'crime_analytics_pipeline', 'ml_train_and_predict', 'scheduled__2026-05-23T19:00:00+00:00', '--job-id', '325', '--raw', '--subdir', 'DAGS_FOLDER/dag_crime_pipeline.py', '--cfg-path', '/tmp/tmps0nmegdf']
[2026-05-30T20:21:08.061+0000] {standard_task_runner.py:88} INFO - Job 325: Subtask ml_train_and_predict
[2026-05-30T20:21:08.135+0000] {task_command.py:423} INFO - Running <TaskInstance: crime_analytics_pipeline.ml_train_and_predict scheduled__2026-05-23T19:00:00+00:00 [running]> on host db8b8170dea9
[2026-05-30T20:21:08.247+0000] {taskinstance.py:2480} INFO - Exporting env vars: AIRFLOW_CTX_DAG_EMAIL='cdash-alerts@example.com' AIRFLOW_CTX_DAG_OWNER='crime-analytics' AIRFLOW_CTX_DAG_ID='crime_analytics_pipeline' AIRFLOW_CTX_TASK_ID='ml_train_and_predict' AIRFLOW_CTX_EXECUTION_DATE='2026-05-23T19:00:00+00:00' AIRFLOW_CTX_TRY_NUMBER='1' AIRFLOW_CTX_DAG_RUN_ID='scheduled__2026-05-23T19:00:00+00:00'
[2026-05-30T20:21:09.181+0000] {ml_pipeline.py:1423} INFO - ========================================================================
[2026-05-30T20:21:09.182+0000] {ml_pipeline.py:1424} INFO -   Chicago Crime Hotspot Forecasting  –  ml_pipeline v14 precision
[2026-05-30T20:21:09.183+0000] {ml_pipeline.py:1425} INFO - ========================================================================
[2026-05-30T20:21:09.183+0000] {ml_pipeline.py:1429} INFO -   Model version: 2026-05-30.crime_prob_v14_precision
[2026-05-30T20:21:09.231+0000] {ml_pipeline.py:330} INFO - [ML] Loading enriched_crime_data from BigQuery (last 400 days)...
[2026-05-30T20:21:17.621+0000] {ml_pipeline.py:386} INFO - [ML] Loaded 248964 rows, date range: 2025-04-25 → 2026-05-18
[2026-05-30T20:21:17.623+0000] {ml_pipeline.py:396} INFO - [ML] Aggregating daily per H3...
[2026-05-30T20:21:34.097+0000] {ml_pipeline.py:464} INFO - [ML] Daily grid: 1,934,497 rows, 4973 H3 cells, 389 dates
[2026-05-30T20:21:34.166+0000] {taskinstance.py:2698} ERROR - Task failed with exception
Traceback (most recent call last):
  File "/home/airflow/.local/lib/python3.11/site-packages/airflow/models/taskinstance.py", line 433, in _execute_task
    result = execute_callable(context=context, **execute_callable_kwargs)
             ^^^^^^^^^^^^^^^^^^^^^^^^^^^^^^^^^^^^^^^^^^^^^^^^^^^^^^^^^^^^
  File "/home/airflow/.local/lib/python3.11/site-packages/airflow/operators/python.py", line 199, in execute
    return_value = self.execute_callable()
                   ^^^^^^^^^^^^^^^^^^^^^^^
  File "/home/airflow/.local/lib/python3.11/site-packages/airflow/operators/python.py", line 216, in execute_callable
    return self.python_callable(*self.op_args, **self.op_kwargs)
           ^^^^^^^^^^^^^^^^^^^^^^^^^^^^^^^^^^^^^^^^^^^^^^^^^^^^^
  File "/opt/airflow/dags/dag_crime_pipeline.py", line 298, in _run_ml_pipeline
    result = train_and_predict(
             ^^^^^^^^^^^^^^^^^^
  File "/opt/airflow/scripts/ml/ml_pipeline.py", line 1439, in train_and_predict
    nbr_r1, nbr_r2, has_h3 = build_neighbor_maps(all_h3)
                             ^^^^^^^^^^^^^^^^^^^^^^^^^^^
  File "/opt/airflow/scripts/ml/ml_pipeline.py", line 479, in build_neighbor_maps
    disk1 = set(h3_grid_disk_compat(h3lib, cell, 1))
                ^^^^^^^^^^^^^^^^^^^^^^^^^^^^^^^^^^^
  File "/opt/airflow/scripts/ml/ml_pipeline.py", line 315, in h3_grid_disk_compat
    return h3lib.k_ring(cell, k)
           ^^^^^^^^^^^^^^^^^^^^^
  File "/home/airflow/.local/lib/python3.11/site-packages/h3/api/_api_template.py", line 311, in k_ring
    mv = _cy.disk(self._in_scalar(h), k)
                  ^^^^^^^^^^^^^^^^^^
TypeError: Argument 'h' has incorrect type (expected str, got numpy.str_)
[2026-05-30T20:21:34.198+0000] {taskinstance.py:1138} INFO - Marking task as UP_FOR_RETRY. dag_id=crime_analytics_pipeline, task_id=ml_train_and_predict, execution_date=20260523T190000, start_date=20260530T202108, end_date=20260530T202134
[2026-05-30T20:21:34.221+0000] {standard_task_runner.py:107} ERROR - Failed to execute job 325 for task ml_train_and_predict (Argument 'h' has incorrect type (expected str, got numpy.str_); 923)
[2026-05-30T20:21:34.342+0000] {local_task_job_runner.py:234} INFO - Task exited with return code 1
[2026-05-30T20:21:34.375+0000] {taskinstance.py:3280} INFO - 0 downstream tasks scheduled from follow-on schedule check
