[2026-05-28T12:27:22.349+0000] {taskinstance.py:1956} INFO - Dependencies all met for dep_context=non-requeueable deps ti=<TaskInstance: crime_analytics_pipeline.etl_gold manual__2026-05-28T10:50:32.435865+00:00 [queued]>
[2026-05-28T12:27:22.360+0000] {taskinstance.py:1956} INFO - Dependencies all met for dep_context=requeueable deps ti=<TaskInstance: crime_analytics_pipeline.etl_gold manual__2026-05-28T10:50:32.435865+00:00 [queued]>
[2026-05-28T12:27:22.362+0000] {taskinstance.py:2170} INFO - Starting attempt 9 of 10
[2026-05-28T12:27:22.378+0000] {taskinstance.py:2191} INFO - Executing <Task(DataprocSubmitJobOperator): etl_gold> on 2026-05-28 10:50:32.435865+00:00
[2026-05-28T12:27:22.389+0000] {standard_task_runner.py:60} INFO - Started process 23462 to run task
[2026-05-28T12:27:22.393+0000] {standard_task_runner.py:87} INFO - Running: ['***', 'tasks', 'run', 'crime_analytics_pipeline', 'etl_gold', 'manual__2026-05-28T10:50:32.435865+00:00', '--job-id', '289', '--raw', '--subdir', 'DAGS_FOLDER/dag_crime_pipeline.py', '--cfg-path', '/tmp/tmp21xx_0zg']
[2026-05-28T12:27:22.397+0000] {standard_task_runner.py:88} INFO - Job 289: Subtask etl_gold
[2026-05-28T12:27:22.471+0000] {task_command.py:423} INFO - Running <TaskInstance: crime_analytics_pipeline.etl_gold manual__2026-05-28T10:50:32.435865+00:00 [running]> on host db8b8170dea9
[2026-05-28T12:27:22.594+0000] {taskinstance.py:2480} INFO - Exporting env vars: AIRFLOW_CTX_DAG_EMAIL='cdash-alerts@example.com' AIRFLOW_CTX_DAG_OWNER='crime-analytics' AIRFLOW_CTX_DAG_ID='crime_analytics_pipeline' AIRFLOW_CTX_TASK_ID='etl_gold' AIRFLOW_CTX_EXECUTION_DATE='2026-05-28T10:50:32.435865+00:00' AIRFLOW_CTX_TRY_NUMBER='9' AIRFLOW_CTX_DAG_RUN_ID='manual__2026-05-28T10:50:32.435865+00:00'
[2026-05-28T12:27:22.596+0000] {dataproc.py:2208} INFO - Submitting job
[2026-05-28T12:27:22.611+0000] {connection.py:234} WARNING - Connection schemes (type: google_cloud_platform) shall not contain '_' according to RFC3986.
[2026-05-28T12:27:22.613+0000] {base.py:83} INFO - Using connection ID 'google_cloud_default' for task execution.
[2026-05-28T12:27:24.139+0000] {dataproc.py:2220} INFO - Job b42aa7ad-67c9-420d-83af-d17e77f6e629 submitted successfully.
[2026-05-28T12:27:24.181+0000] {dataproc.py:2254} INFO - Waiting for job b42aa7ad-67c9-420d-83af-d17e77f6e629 to complete
[2026-05-28T12:30:59.244+0000] {taskinstance.py:2698} ERROR - Task failed with exception
Traceback (most recent call last):
  File "/home/airflow/.local/lib/python3.11/site-packages/airflow/models/taskinstance.py", line 433, in _execute_task
    result = execute_callable(context=context, **execute_callable_kwargs)
             ^^^^^^^^^^^^^^^^^^^^^^^^^^^^^^^^^^^^^^^^^^^^^^^^^^^^^^^^^^^^
  File "/home/airflow/.local/lib/python3.11/site-packages/airflow/providers/google/cloud/operators/dataproc.py", line 2255, in execute
    self.hook.wait_for_job(
  File "/home/airflow/.local/lib/python3.11/site-packages/airflow/providers/google/common/hooks/base_google.py", line 477, in inner_wrapper
    return func(self, *args, **kwargs)
           ^^^^^^^^^^^^^^^^^^^^^^^^^^^
  File "/home/airflow/.local/lib/python3.11/site-packages/airflow/providers/google/cloud/hooks/dataproc.py", line 724, in wait_for_job
    raise AirflowException(f"Job failed:\n{job}")
airflow.exceptions.AirflowException: Job failed:
reference {
  project_id: "sage-mind-489618-n5"
  job_id: "b42aa7ad-67c9-420d-83af-d17e77f6e629"
}
placement {
  cluster_name: "crime-etl-cluster"
  cluster_uuid: "11132a97-495d-44d5-ae2f-8cda9baa7257"
}
pyspark_job {
  main_python_file_uri: "gs://chicago-crime-raw-group15/scripts/stage4_gold_main.py"
  args: "--mode=append"
  args: "--project=sage-mind-489618-n5"
  args: "--dataset=cdash_warehouse"
  args: "--bucket=chicago-crime-raw-group15"
  python_file_uris: "gs://chicago-crime-raw-group15/scripts/utils.zip"
  python_file_uris: "gs://chicago-crime-raw-group15/scripts/stage4_gold.zip"
  properties {
    key: "spark.jars.packages"
    value: "com.google.cloud.spark:spark-bigquery-with-dependencies_2.12:0.32.2"
  }
}
status {
  state: ERROR
  details: "Google Cloud Dataproc Agent reports job failure. If logs are available, they can be found at:\nhttps://console.cloud.google.com/dataproc/jobs/b42aa7ad-67c9-420d-83af-d17e77f6e629?project=sage-mind-489618-n5&region=us-central1\ngcloud dataproc jobs wait \'b42aa7ad-67c9-420d-83af-d17e77f6e629\' --region \'us-central1\' --project \'sage-mind-489618-n5\'\nhttps://console.cloud.google.com/storage/browser/dataproc-staging-us-central1-47706975998-p2ulnh4c/google-cloud-dataproc-metainfo/11132a97-495d-44d5-ae2f-8cda9baa7257/jobs/b42aa7ad-67c9-420d-83af-d17e77f6e629/\ngs://dataproc-staging-us-central1-47706975998-p2ulnh4c/google-cloud-dataproc-metainfo/11132a97-495d-44d5-ae2f-8cda9baa7257/jobs/b42aa7ad-67c9-420d-83af-d17e77f6e629/driveroutput.*"
  state_start_time {
    seconds: 1779971448
    nanos: 731764000
  }
}
status_history {
  state: PENDING
  state_start_time {
    seconds: 1779971243
    nanos: 850964000
  }
}
status_history {
  state: SETUP_DONE
  state_start_time {
    seconds: 1779971243
    nanos: 909822000
  }
}
status_history {
  state: RUNNING
  state_start_time {
    seconds: 1779971244
    nanos: 252782000
  }
}
yarn_applications {
  name: "ChicagoCrime_Gold_Pipeline"
  state: FINISHED
  progress: 1
  tracking_url: "http://crime-etl-cluster-m.us-central1-b.c.sage-mind-489618-n5.internal.:8088/proxy/application_1779971076513_0003/"
}
driver_output_resource_uri: "gs://dataproc-staging-us-central1-47706975998-p2ulnh4c/google-cloud-dataproc-metainfo/11132a97-495d-44d5-ae2f-8cda9baa7257/jobs/b42aa7ad-67c9-420d-83af-d17e77f6e629/driveroutput"
driver_control_files_uri: "gs://dataproc-staging-us-central1-47706975998-p2ulnh4c/google-cloud-dataproc-metainfo/11132a97-495d-44d5-ae2f-8cda9baa7257/jobs/b42aa7ad-67c9-420d-83af-d17e77f6e629/"
job_uuid: "b42aa7ad-67c9-420d-83af-d17e77f6e629"
done: true

[2026-05-28T12:30:59.253+0000] {taskinstance.py:1138} INFO - Marking task as UP_FOR_RETRY. dag_id=crime_analytics_pipeline, task_id=etl_gold, execution_date=20260528T105032, start_date=20260528T122722, end_date=20260528T123059
[2026-05-28T12:30:59.274+0000] {standard_task_runner.py:107} ERROR - Failed to execute job 289 for task etl_gold (Job failed:
reference {
  project_id: "sage-mind-489618-n5"
  job_id: "b42aa7ad-67c9-420d-83af-d17e77f6e629"
}
placement {
  cluster_name: "crime-etl-cluster"
  cluster_uuid: "11132a97-495d-44d5-ae2f-8cda9baa7257"
}
pyspark_job {
  main_python_file_uri: "gs://chicago-crime-raw-group15/scripts/stage4_gold_main.py"
  args: "--mode=append"
  args: "--project=sage-mind-489618-n5"
  args: "--dataset=cdash_warehouse"
  args: "--bucket=chicago-crime-raw-group15"
  python_file_uris: "gs://chicago-crime-raw-group15/scripts/utils.zip"
  python_file_uris: "gs://chicago-crime-raw-group15/scripts/stage4_gold.zip"
  properties {
    key: "spark.jars.packages"
    value: "com.google.cloud.spark:spark-bigquery-with-dependencies_2.12:0.32.2"
  }
}
status {
  state: ERROR
  details: "Google Cloud Dataproc Agent reports job failure. If logs are available, they can be found at:\nhttps://console.cloud.google.com/dataproc/jobs/b42aa7ad-67c9-420d-83af-d17e77f6e629?project=sage-mind-489618-n5&region=us-central1\ngcloud dataproc jobs wait \'b42aa7ad-67c9-420d-83af-d17e77f6e629\' --region \'us-central1\' --project \'sage-mind-489618-n5\'\nhttps://console.cloud.google.com/storage/browser/dataproc-staging-us-central1-47706975998-p2ulnh4c/google-cloud-dataproc-metainfo/11132a97-495d-44d5-ae2f-8cda9baa7257/jobs/b42aa7ad-67c9-420d-83af-d17e77f6e629/\ngs://dataproc-staging-us-central1-47706975998-p2ulnh4c/google-cloud-dataproc-metainfo/11132a97-495d-44d5-ae2f-8cda9baa7257/jobs/b42aa7ad-67c9-420d-83af-d17e77f6e629/driveroutput.*"
  state_start_time {
    seconds: 1779971448
    nanos: 731764000
  }
}
status_history {
  state: PENDING
  state_start_time {
    seconds: 1779971243
    nanos: 850964000
  }
}
status_history {
  state: SETUP_DONE
  state_start_time {
    seconds: 1779971243
    nanos: 909822000
  }
}
status_history {
  state: RUNNING
  state_start_time {
    seconds: 1779971244
    nanos: 252782000
  }
}
yarn_applications {
  name: "ChicagoCrime_Gold_Pipeline"
  state: FINISHED
  progress: 1
  tracking_url: "http://crime-etl-cluster-m.us-central1-b.c.sage-mind-489618-n5.internal.:8088/proxy/application_1779971076513_0003/"
}
driver_output_resource_uri: "gs://dataproc-staging-us-central1-47706975998-p2ulnh4c/google-cloud-dataproc-metainfo/11132a97-495d-44d5-ae2f-8cda9baa7257/jobs/b42aa7ad-67c9-420d-83af-d17e77f6e629/driveroutput"
driver_control_files_uri: "gs://dataproc-staging-us-central1-47706975998-p2ulnh4c/google-cloud-dataproc-metainfo/11132a97-495d-44d5-ae2f-8cda9baa7257/jobs/b42aa7ad-67c9-420d-83af-d17e77f6e629/"
job_uuid: "b42aa7ad-67c9-420d-83af-d17e77f6e629"
done: true
; 23462)
[2026-05-28T12:30:59.324+0000] {local_task_job_runner.py:234} INFO - Task exited with return code 1
[2026-05-28T12:30:59.360+0000] {taskinstance.py:3280} INFO - 0 downstream tasks scheduled from follow-on schedule check
