[2026-05-28T11:41:15.553+0000] {taskinstance.py:1956} INFO - Dependencies all met for dep_context=non-requeueable deps ti=<TaskInstance: crime_analytics_pipeline.etl_gold manual__2026-05-28T10:50:32.435865+00:00 [queued]>
[2026-05-28T11:41:15.559+0000] {taskinstance.py:1956} INFO - Dependencies all met for dep_context=requeueable deps ti=<TaskInstance: crime_analytics_pipeline.etl_gold manual__2026-05-28T10:50:32.435865+00:00 [queued]>
[2026-05-28T11:41:15.560+0000] {taskinstance.py:2170} INFO - Starting attempt 2 of 2
[2026-05-28T11:41:15.573+0000] {taskinstance.py:2191} INFO - Executing <Task(DataprocSubmitJobOperator): etl_gold> on 2026-05-28 10:50:32.435865+00:00
[2026-05-28T11:41:15.581+0000] {standard_task_runner.py:60} INFO - Started process 20582 to run task
[2026-05-28T11:41:15.587+0000] {standard_task_runner.py:87} INFO - Running: ['***', 'tasks', 'run', 'crime_analytics_pipeline', 'etl_gold', 'manual__2026-05-28T10:50:32.435865+00:00', '--job-id', '273', '--raw', '--subdir', 'DAGS_FOLDER/dag_crime_pipeline.py', '--cfg-path', '/tmp/tmp9lro8bbe']
[2026-05-28T11:41:15.591+0000] {standard_task_runner.py:88} INFO - Job 273: Subtask etl_gold
[2026-05-28T11:41:15.656+0000] {task_command.py:423} INFO - Running <TaskInstance: crime_analytics_pipeline.etl_gold manual__2026-05-28T10:50:32.435865+00:00 [running]> on host db8b8170dea9
[2026-05-28T11:41:15.758+0000] {taskinstance.py:2480} INFO - Exporting env vars: AIRFLOW_CTX_DAG_EMAIL='cdash-alerts@example.com' AIRFLOW_CTX_DAG_OWNER='crime-analytics' AIRFLOW_CTX_DAG_ID='crime_analytics_pipeline' AIRFLOW_CTX_TASK_ID='etl_gold' AIRFLOW_CTX_EXECUTION_DATE='2026-05-28T10:50:32.435865+00:00' AIRFLOW_CTX_TRY_NUMBER='2' AIRFLOW_CTX_DAG_RUN_ID='manual__2026-05-28T10:50:32.435865+00:00'
[2026-05-28T11:41:15.759+0000] {dataproc.py:2208} INFO - Submitting job
[2026-05-28T11:41:15.771+0000] {connection.py:234} WARNING - Connection schemes (type: google_cloud_platform) shall not contain '_' according to RFC3986.
[2026-05-28T11:41:15.772+0000] {base.py:83} INFO - Using connection ID 'google_cloud_default' for task execution.
[2026-05-28T11:41:17.481+0000] {dataproc.py:2220} INFO - Job 8c6f5b1e-9db0-421f-891c-540dfd96e531 submitted successfully.
[2026-05-28T11:41:17.501+0000] {dataproc.py:2254} INFO - Waiting for job 8c6f5b1e-9db0-421f-891c-540dfd96e531 to complete
[2026-05-28T11:41:25.669+0000] {local_task_job_runner.py:302} WARNING - State of this instance has been externally set to restarting. Terminating instance.
[2026-05-28T11:41:25.672+0000] {process_utils.py:131} INFO - Sending 15 to group 20582. PIDs of all processes in the group: [20582]
[2026-05-28T11:41:25.673+0000] {process_utils.py:86} INFO - Sending the signal 15 to group 20582
[2026-05-28T11:41:25.674+0000] {taskinstance.py:2450} ERROR - Received SIGTERM. Terminating subprocesses.
[2026-05-28T11:41:27.009+0000] {taskinstance.py:2698} ERROR - Task failed with exception
Traceback (most recent call last):
  File "/home/airflow/.local/lib/python3.11/site-packages/airflow/models/taskinstance.py", line 433, in _execute_task
    result = execute_callable(context=context, **execute_callable_kwargs)
             ^^^^^^^^^^^^^^^^^^^^^^^^^^^^^^^^^^^^^^^^^^^^^^^^^^^^^^^^^^^^
  File "/home/airflow/.local/lib/python3.11/site-packages/airflow/providers/google/cloud/operators/dataproc.py", line 2255, in execute
    self.hook.wait_for_job(
  File "/home/airflow/.local/lib/python3.11/site-packages/airflow/providers/google/common/hooks/base_google.py", line 477, in inner_wrapper
    return func(self, *args, **kwargs)
           ^^^^^^^^^^^^^^^^^^^^^^^^^^^
  File "/home/airflow/.local/lib/python3.11/site-packages/airflow/providers/google/cloud/hooks/dataproc.py", line 716, in wait_for_job
    time.sleep(wait_time)
  File "/home/airflow/.local/lib/python3.11/site-packages/airflow/models/taskinstance.py", line 2452, in signal_handler
    raise AirflowException("Task received SIGTERM signal")
airflow.exceptions.AirflowException: Task received SIGTERM signal
[2026-05-28T11:41:27.027+0000] {taskinstance.py:1138} INFO - Marking task as UP_FOR_RETRY. dag_id=crime_analytics_pipeline, task_id=etl_gold, execution_date=20260528T105032, start_date=20260528T114115, end_date=20260528T114127
[2026-05-28T11:41:27.041+0000] {standard_task_runner.py:107} ERROR - Failed to execute job 273 for task etl_gold (Task received SIGTERM signal; 20582)
[2026-05-28T11:41:27.076+0000] {process_utils.py:79} INFO - Process psutil.Process(pid=20582, status='terminated', exitcode=1, started='11:41:14') (20582) terminated with exit code 1
