[2026-06-08T09:15:35.734+0000] {taskinstance.py:1956} INFO - Dependencies all met for dep_context=non-requeueable deps ti=<TaskInstance: crime_analytics_pipeline.ingest_chicago_crime manual__2026-06-08T09:15:33.493564+00:00 [queued]>
[2026-06-08T09:15:35.742+0000] {taskinstance.py:1956} INFO - Dependencies all met for dep_context=requeueable deps ti=<TaskInstance: crime_analytics_pipeline.ingest_chicago_crime manual__2026-06-08T09:15:33.493564+00:00 [queued]>
[2026-06-08T09:15:35.743+0000] {taskinstance.py:2170} INFO - Starting attempt 1 of 2
[2026-06-08T09:15:35.759+0000] {taskinstance.py:2191} INFO - Executing <Task(PythonOperator): ingest_chicago_crime> on 2026-06-08 09:15:33.493564+00:00
[2026-06-08T09:15:35.768+0000] {standard_task_runner.py:60} INFO - Started process 262 to run task
[2026-06-08T09:15:35.773+0000] {standard_task_runner.py:87} INFO - Running: ['***', 'tasks', 'run', 'crime_analytics_pipeline', 'ingest_chicago_crime', 'manual__2026-06-08T09:15:33.493564+00:00', '--job-id', '694', '--raw', '--subdir', 'DAGS_FOLDER/dag_crime_pipeline.py', '--cfg-path', '/tmp/tmpsnw2br12']
[2026-06-08T09:15:35.776+0000] {standard_task_runner.py:88} INFO - Job 694: Subtask ingest_chicago_crime
[2026-06-08T09:15:35.843+0000] {task_command.py:423} INFO - Running <TaskInstance: crime_analytics_pipeline.ingest_chicago_crime manual__2026-06-08T09:15:33.493564+00:00 [running]> on host d26a8a58ef02
[2026-06-08T09:15:35.952+0000] {taskinstance.py:2480} INFO - Exporting env vars: AIRFLOW_CTX_DAG_EMAIL='cdash-alerts@example.com' AIRFLOW_CTX_DAG_OWNER='crime-analytics' AIRFLOW_CTX_DAG_ID='crime_analytics_pipeline' AIRFLOW_CTX_TASK_ID='ingest_chicago_crime' AIRFLOW_CTX_EXECUTION_DATE='2026-06-08T09:15:33.493564+00:00' AIRFLOW_CTX_TRY_NUMBER='1' AIRFLOW_CTX_DAG_RUN_ID='manual__2026-06-08T09:15:33.493564+00:00'
[2026-06-08T09:15:37.064+0000] {ingest_chicago_crime.py:217} INFO - INCREMENTAL mode: 2026-05-19
[2026-06-08T09:15:38.926+0000] {ingest_chicago_crime.py:103} INFO - [2026-05-19] _SUCCESS marker exists, skipping.
[2026-06-08T09:15:39.188+0000] {ingest_chicago_crime.py:103} INFO - [2026-05-20] _SUCCESS marker exists, skipping.
[2026-06-08T09:15:40.133+0000] {ingest_chicago_crime.py:103} INFO - [2026-05-21] _SUCCESS marker exists, skipping.
[2026-06-08T09:15:40.398+0000] {ingest_chicago_crime.py:103} INFO - [2026-05-22] _SUCCESS marker exists, skipping.
[2026-06-08T09:15:41.333+0000] {ingest_chicago_crime.py:103} INFO - [2026-05-23] _SUCCESS marker exists, skipping.
[2026-06-08T09:15:41.725+0000] {ingest_chicago_crime.py:103} INFO - [2026-05-24] _SUCCESS marker exists, skipping.
[2026-06-08T09:15:42.535+0000] {ingest_chicago_crime.py:103} INFO - [2026-05-25] _SUCCESS marker exists, skipping.
[2026-06-08T09:15:42.926+0000] {ingest_chicago_crime.py:103} INFO - [2026-05-26] _SUCCESS marker exists, skipping.
[2026-06-08T09:15:43.736+0000] {ingest_chicago_crime.py:103} INFO - [2026-05-27] _SUCCESS marker exists, skipping.
[2026-06-08T09:15:44.144+0000] {ingest_chicago_crime.py:114} INFO - [2026-05-28] Querying BigQuery...
[2026-06-08T09:15:47.787+0000] {ingest_chicago_crime.py:142} INFO - [2026-05-28] Uploaded 625 rows → gs://chicago-crime-raw-group15/raw/chicago_crime/2026/05/28/data.csv
[2026-06-08T09:15:48.125+0000] {ingest_chicago_crime.py:149} INFO - [2026-05-28] _SUCCESS marker written.
[2026-06-08T09:15:49.021+0000] {ingest_chicago_crime.py:103} INFO - [2026-05-29] _SUCCESS marker exists, skipping.
[2026-06-08T09:15:49.390+0000] {ingest_chicago_crime.py:114} INFO - [2026-05-30] Querying BigQuery...
[2026-06-08T09:15:52.084+0000] {ingest_chicago_crime.py:142} INFO - [2026-05-30] Uploaded 18 rows → gs://chicago-crime-raw-group15/raw/chicago_crime/2026/05/30/data.csv
[2026-06-08T09:15:53.007+0000] {ingest_chicago_crime.py:149} INFO - [2026-05-30] _SUCCESS marker written.
[2026-06-08T09:15:53.289+0000] {ingest_chicago_crime.py:114} INFO - [2026-05-31] Querying BigQuery...
[2026-06-08T09:15:54.926+0000] {ingest_chicago_crime.py:119} INFO - [2026-05-31] No data found, skipping.
[2026-06-08T09:15:55.179+0000] {ingest_chicago_crime.py:114} INFO - [2026-06-01] Querying BigQuery...
[2026-06-08T09:15:56.636+0000] {ingest_chicago_crime.py:119} INFO - [2026-06-01] No data found, skipping.
[2026-06-08T09:15:56.895+0000] {ingest_chicago_crime.py:114} INFO - [2026-06-02] Querying BigQuery...
[2026-06-08T09:15:58.524+0000] {ingest_chicago_crime.py:119} INFO - [2026-06-02] No data found, skipping.
[2026-06-08T09:15:58.782+0000] {ingest_chicago_crime.py:114} INFO - [2026-06-03] Querying BigQuery...
[2026-06-08T09:16:00.287+0000] {ingest_chicago_crime.py:119} INFO - [2026-06-03] No data found, skipping.
[2026-06-08T09:16:00.593+0000] {ingest_chicago_crime.py:114} INFO - [2026-06-04] Querying BigQuery...
[2026-06-08T09:16:02.268+0000] {ingest_chicago_crime.py:119} INFO - [2026-06-04] No data found, skipping.
[2026-06-08T09:16:02.519+0000] {ingest_chicago_crime.py:114} INFO - [2026-06-05] Querying BigQuery...
[2026-06-08T09:16:04.267+0000] {ingest_chicago_crime.py:119} INFO - [2026-06-05] No data found, skipping.
[2026-06-08T09:16:04.268+0000] {ingest_chicago_crime.py:187} INFO - Ingestion complete: {'start_date': '2026-05-19', 'end_date': '2026-06-05', 'days_loaded': 2, 'days_skipped': 16, 'total_rows': 643}
[2026-06-08T09:16:04.269+0000] {python.py:201} INFO - Done. Returned value was: None
[2026-06-08T09:16:04.284+0000] {taskinstance.py:1138} INFO - Marking task as SUCCESS. dag_id=crime_analytics_pipeline, task_id=ingest_chicago_crime, execution_date=20260608T091533, start_date=20260608T091535, end_date=20260608T091604
[2026-06-08T09:16:04.383+0000] {local_task_job_runner.py:234} INFO - Task exited with return code 0
[2026-06-08T09:16:04.410+0000] {taskinstance.py:3280} INFO - 0 downstream tasks scheduled from follow-on schedule check
