[2026-04-14T16:54:46.748+0000] {processor.py:161} INFO - Started process (PID=199) to work on /opt/airflow/dags/dag_crime_pipeline.py
[2026-04-14T16:54:46.749+0000] {processor.py:830} INFO - Processing file /opt/airflow/dags/dag_crime_pipeline.py for tasks to queue
[2026-04-14T16:54:46.754+0000] {logging_mixin.py:188} INFO - [2026-04-14T16:54:46.754+0000] {dagbag.py:538} INFO - Filling up the DagBag from /opt/airflow/dags/dag_crime_pipeline.py
[2026-04-14T16:54:46.810+0000] {logging_mixin.py:188} INFO - [2026-04-14T16:54:46.804+0000] {dagbag.py:348} ERROR - Failed to import: /opt/airflow/dags/dag_crime_pipeline.py
Traceback (most recent call last):
  File "/home/airflow/.local/lib/python3.11/site-packages/airflow/models/dagbag.py", line 344, in parse
    loader.exec_module(new_module)
  File "<frozen importlib._bootstrap_external>", line 940, in exec_module
  File "<frozen importlib._bootstrap>", line 241, in _call_with_frames_removed
  File "/opt/airflow/dags/dag_crime_pipeline.py", line 233, in <module>
    python_callable=_run_ml_pipeline,
                    ^^^^^^^^^^^^^^^^
NameError: name '_run_ml_pipeline' is not defined
[2026-04-14T16:54:46.829+0000] {processor.py:842} WARNING - No viable dags retrieved from /opt/airflow/dags/dag_crime_pipeline.py
[2026-04-14T16:54:46.861+0000] {processor.py:183} INFO - Processing /opt/airflow/dags/dag_crime_pipeline.py took 0.118 seconds
[2026-04-14T16:55:17.283+0000] {processor.py:161} INFO - Started process (PID=204) to work on /opt/airflow/dags/dag_crime_pipeline.py
[2026-04-14T16:55:17.284+0000] {processor.py:830} INFO - Processing file /opt/airflow/dags/dag_crime_pipeline.py for tasks to queue
[2026-04-14T16:55:17.288+0000] {logging_mixin.py:188} INFO - [2026-04-14T16:55:17.288+0000] {dagbag.py:538} INFO - Filling up the DagBag from /opt/airflow/dags/dag_crime_pipeline.py
[2026-04-14T16:55:17.330+0000] {logging_mixin.py:188} INFO - [2026-04-14T16:55:17.324+0000] {dagbag.py:348} ERROR - Failed to import: /opt/airflow/dags/dag_crime_pipeline.py
Traceback (most recent call last):
  File "/home/airflow/.local/lib/python3.11/site-packages/airflow/models/dagbag.py", line 344, in parse
    loader.exec_module(new_module)
  File "<frozen importlib._bootstrap_external>", line 940, in exec_module
  File "<frozen importlib._bootstrap>", line 241, in _call_with_frames_removed
  File "/opt/airflow/dags/dag_crime_pipeline.py", line 233, in <module>
    python_callable=_run_ml_pipeline,
                    ^^^^^^^^^^^^^^^^
NameError: name '_run_ml_pipeline' is not defined
[2026-04-14T16:55:17.331+0000] {processor.py:842} WARNING - No viable dags retrieved from /opt/airflow/dags/dag_crime_pipeline.py
[2026-04-14T16:55:17.368+0000] {processor.py:183} INFO - Processing /opt/airflow/dags/dag_crime_pipeline.py took 0.090 seconds
[2026-04-14T16:55:47.943+0000] {processor.py:161} INFO - Started process (PID=209) to work on /opt/airflow/dags/dag_crime_pipeline.py
[2026-04-14T16:55:47.945+0000] {processor.py:830} INFO - Processing file /opt/airflow/dags/dag_crime_pipeline.py for tasks to queue
[2026-04-14T16:55:47.948+0000] {logging_mixin.py:188} INFO - [2026-04-14T16:55:47.947+0000] {dagbag.py:538} INFO - Filling up the DagBag from /opt/airflow/dags/dag_crime_pipeline.py
[2026-04-14T16:55:47.987+0000] {logging_mixin.py:188} INFO - [2026-04-14T16:55:47.981+0000] {dagbag.py:348} ERROR - Failed to import: /opt/airflow/dags/dag_crime_pipeline.py
Traceback (most recent call last):
  File "/home/airflow/.local/lib/python3.11/site-packages/airflow/models/dagbag.py", line 344, in parse
    loader.exec_module(new_module)
  File "<frozen importlib._bootstrap_external>", line 940, in exec_module
  File "<frozen importlib._bootstrap>", line 241, in _call_with_frames_removed
  File "/opt/airflow/dags/dag_crime_pipeline.py", line 233, in <module>
    python_callable=_run_ml_pipeline,
                    ^^^^^^^^^^^^^^^^
NameError: name '_run_ml_pipeline' is not defined
[2026-04-14T16:55:47.989+0000] {processor.py:842} WARNING - No viable dags retrieved from /opt/airflow/dags/dag_crime_pipeline.py
[2026-04-14T16:55:48.036+0000] {processor.py:183} INFO - Processing /opt/airflow/dags/dag_crime_pipeline.py took 0.097 seconds
[2026-04-14T16:56:18.482+0000] {processor.py:161} INFO - Started process (PID=214) to work on /opt/airflow/dags/dag_crime_pipeline.py
[2026-04-14T16:56:18.484+0000] {processor.py:830} INFO - Processing file /opt/airflow/dags/dag_crime_pipeline.py for tasks to queue
[2026-04-14T16:56:18.487+0000] {logging_mixin.py:188} INFO - [2026-04-14T16:56:18.487+0000] {dagbag.py:538} INFO - Filling up the DagBag from /opt/airflow/dags/dag_crime_pipeline.py
[2026-04-14T16:56:18.534+0000] {logging_mixin.py:188} INFO - [2026-04-14T16:56:18.527+0000] {dagbag.py:348} ERROR - Failed to import: /opt/airflow/dags/dag_crime_pipeline.py
Traceback (most recent call last):
  File "/home/airflow/.local/lib/python3.11/site-packages/airflow/models/dagbag.py", line 344, in parse
    loader.exec_module(new_module)
  File "<frozen importlib._bootstrap_external>", line 940, in exec_module
  File "<frozen importlib._bootstrap>", line 241, in _call_with_frames_removed
  File "/opt/airflow/dags/dag_crime_pipeline.py", line 233, in <module>
    python_callable=_run_ml_pipeline,
                    ^^^^^^^^^^^^^^^^
NameError: name '_run_ml_pipeline' is not defined
[2026-04-14T16:56:18.536+0000] {processor.py:842} WARNING - No viable dags retrieved from /opt/airflow/dags/dag_crime_pipeline.py
[2026-04-14T16:56:18.585+0000] {processor.py:183} INFO - Processing /opt/airflow/dags/dag_crime_pipeline.py took 0.107 seconds
[2026-04-14T16:56:49.198+0000] {processor.py:161} INFO - Started process (PID=219) to work on /opt/airflow/dags/dag_crime_pipeline.py
[2026-04-14T16:56:49.200+0000] {processor.py:830} INFO - Processing file /opt/airflow/dags/dag_crime_pipeline.py for tasks to queue
[2026-04-14T16:56:49.202+0000] {logging_mixin.py:188} INFO - [2026-04-14T16:56:49.202+0000] {dagbag.py:538} INFO - Filling up the DagBag from /opt/airflow/dags/dag_crime_pipeline.py
[2026-04-14T16:56:49.239+0000] {logging_mixin.py:188} INFO - [2026-04-14T16:56:49.234+0000] {dagbag.py:348} ERROR - Failed to import: /opt/airflow/dags/dag_crime_pipeline.py
Traceback (most recent call last):
  File "/home/airflow/.local/lib/python3.11/site-packages/airflow/models/dagbag.py", line 344, in parse
    loader.exec_module(new_module)
  File "<frozen importlib._bootstrap_external>", line 940, in exec_module
  File "<frozen importlib._bootstrap>", line 241, in _call_with_frames_removed
  File "/opt/airflow/dags/dag_crime_pipeline.py", line 233, in <module>
    python_callable=_run_ml_pipeline,
                    ^^^^^^^^^^^^^^^^
NameError: name '_run_ml_pipeline' is not defined
[2026-04-14T16:56:49.241+0000] {processor.py:842} WARNING - No viable dags retrieved from /opt/airflow/dags/dag_crime_pipeline.py
[2026-04-14T16:56:49.285+0000] {processor.py:183} INFO - Processing /opt/airflow/dags/dag_crime_pipeline.py took 0.090 seconds
[2026-04-14T16:57:19.757+0000] {processor.py:161} INFO - Started process (PID=224) to work on /opt/airflow/dags/dag_crime_pipeline.py
[2026-04-14T16:57:19.759+0000] {processor.py:830} INFO - Processing file /opt/airflow/dags/dag_crime_pipeline.py for tasks to queue
[2026-04-14T16:57:19.762+0000] {logging_mixin.py:188} INFO - [2026-04-14T16:57:19.761+0000] {dagbag.py:538} INFO - Filling up the DagBag from /opt/airflow/dags/dag_crime_pipeline.py
[2026-04-14T16:57:19.799+0000] {logging_mixin.py:188} INFO - [2026-04-14T16:57:19.794+0000] {dagbag.py:348} ERROR - Failed to import: /opt/airflow/dags/dag_crime_pipeline.py
Traceback (most recent call last):
  File "/home/airflow/.local/lib/python3.11/site-packages/airflow/models/dagbag.py", line 344, in parse
    loader.exec_module(new_module)
  File "<frozen importlib._bootstrap_external>", line 940, in exec_module
  File "<frozen importlib._bootstrap>", line 241, in _call_with_frames_removed
  File "/opt/airflow/dags/dag_crime_pipeline.py", line 233, in <module>
    python_callable=_run_ml_pipeline,
                    ^^^^^^^^^^^^^^^^
NameError: name '_run_ml_pipeline' is not defined
[2026-04-14T16:57:19.801+0000] {processor.py:842} WARNING - No viable dags retrieved from /opt/airflow/dags/dag_crime_pipeline.py
[2026-04-14T16:57:19.847+0000] {processor.py:183} INFO - Processing /opt/airflow/dags/dag_crime_pipeline.py took 0.094 seconds
[2026-04-14T16:57:50.334+0000] {processor.py:161} INFO - Started process (PID=229) to work on /opt/airflow/dags/dag_crime_pipeline.py
[2026-04-14T16:57:50.335+0000] {processor.py:830} INFO - Processing file /opt/airflow/dags/dag_crime_pipeline.py for tasks to queue
[2026-04-14T16:57:50.339+0000] {logging_mixin.py:188} INFO - [2026-04-14T16:57:50.338+0000] {dagbag.py:538} INFO - Filling up the DagBag from /opt/airflow/dags/dag_crime_pipeline.py
[2026-04-14T16:57:50.381+0000] {logging_mixin.py:188} INFO - [2026-04-14T16:57:50.374+0000] {dagbag.py:348} ERROR - Failed to import: /opt/airflow/dags/dag_crime_pipeline.py
Traceback (most recent call last):
  File "/home/airflow/.local/lib/python3.11/site-packages/airflow/models/dagbag.py", line 344, in parse
    loader.exec_module(new_module)
  File "<frozen importlib._bootstrap_external>", line 940, in exec_module
  File "<frozen importlib._bootstrap>", line 241, in _call_with_frames_removed
  File "/opt/airflow/dags/dag_crime_pipeline.py", line 233, in <module>
    python_callable=_run_ml_pipeline,
                    ^^^^^^^^^^^^^^^^
NameError: name '_run_ml_pipeline' is not defined
[2026-04-14T16:57:50.383+0000] {processor.py:842} WARNING - No viable dags retrieved from /opt/airflow/dags/dag_crime_pipeline.py
[2026-04-14T16:57:50.435+0000] {processor.py:183} INFO - Processing /opt/airflow/dags/dag_crime_pipeline.py took 0.107 seconds
[2026-04-14T16:58:20.915+0000] {processor.py:161} INFO - Started process (PID=234) to work on /opt/airflow/dags/dag_crime_pipeline.py
[2026-04-14T16:58:20.917+0000] {processor.py:830} INFO - Processing file /opt/airflow/dags/dag_crime_pipeline.py for tasks to queue
[2026-04-14T16:58:20.920+0000] {logging_mixin.py:188} INFO - [2026-04-14T16:58:20.920+0000] {dagbag.py:538} INFO - Filling up the DagBag from /opt/airflow/dags/dag_crime_pipeline.py
[2026-04-14T16:58:20.961+0000] {logging_mixin.py:188} INFO - [2026-04-14T16:58:20.956+0000] {dagbag.py:348} ERROR - Failed to import: /opt/airflow/dags/dag_crime_pipeline.py
Traceback (most recent call last):
  File "/home/airflow/.local/lib/python3.11/site-packages/airflow/models/dagbag.py", line 344, in parse
    loader.exec_module(new_module)
  File "<frozen importlib._bootstrap_external>", line 940, in exec_module
  File "<frozen importlib._bootstrap>", line 241, in _call_with_frames_removed
  File "/opt/airflow/dags/dag_crime_pipeline.py", line 233, in <module>
    python_callable=_run_ml_pipeline,
                    ^^^^^^^^^^^^^^^^
NameError: name '_run_ml_pipeline' is not defined
[2026-04-14T16:58:20.962+0000] {processor.py:842} WARNING - No viable dags retrieved from /opt/airflow/dags/dag_crime_pipeline.py
[2026-04-14T16:58:21.006+0000] {processor.py:183} INFO - Processing /opt/airflow/dags/dag_crime_pipeline.py took 0.096 seconds
[2026-04-14T16:58:51.461+0000] {processor.py:161} INFO - Started process (PID=239) to work on /opt/airflow/dags/dag_crime_pipeline.py
[2026-04-14T16:58:51.462+0000] {processor.py:830} INFO - Processing file /opt/airflow/dags/dag_crime_pipeline.py for tasks to queue
[2026-04-14T16:58:51.467+0000] {logging_mixin.py:188} INFO - [2026-04-14T16:58:51.466+0000] {dagbag.py:538} INFO - Filling up the DagBag from /opt/airflow/dags/dag_crime_pipeline.py
[2026-04-14T16:58:51.510+0000] {logging_mixin.py:188} INFO - [2026-04-14T16:58:51.504+0000] {dagbag.py:348} ERROR - Failed to import: /opt/airflow/dags/dag_crime_pipeline.py
Traceback (most recent call last):
  File "/home/airflow/.local/lib/python3.11/site-packages/airflow/models/dagbag.py", line 344, in parse
    loader.exec_module(new_module)
  File "<frozen importlib._bootstrap_external>", line 940, in exec_module
  File "<frozen importlib._bootstrap>", line 241, in _call_with_frames_removed
  File "/opt/airflow/dags/dag_crime_pipeline.py", line 233, in <module>
    python_callable=_run_ml_pipeline,
                    ^^^^^^^^^^^^^^^^
NameError: name '_run_ml_pipeline' is not defined
[2026-04-14T16:58:51.512+0000] {processor.py:842} WARNING - No viable dags retrieved from /opt/airflow/dags/dag_crime_pipeline.py
[2026-04-14T16:58:51.544+0000] {processor.py:183} INFO - Processing /opt/airflow/dags/dag_crime_pipeline.py took 0.087 seconds
[2026-04-14T16:59:22.114+0000] {processor.py:161} INFO - Started process (PID=244) to work on /opt/airflow/dags/dag_crime_pipeline.py
[2026-04-14T16:59:22.115+0000] {processor.py:830} INFO - Processing file /opt/airflow/dags/dag_crime_pipeline.py for tasks to queue
[2026-04-14T16:59:22.120+0000] {logging_mixin.py:188} INFO - [2026-04-14T16:59:22.119+0000] {dagbag.py:538} INFO - Filling up the DagBag from /opt/airflow/dags/dag_crime_pipeline.py
[2026-04-14T16:59:22.160+0000] {logging_mixin.py:188} INFO - [2026-04-14T16:59:22.155+0000] {dagbag.py:348} ERROR - Failed to import: /opt/airflow/dags/dag_crime_pipeline.py
Traceback (most recent call last):
  File "/home/airflow/.local/lib/python3.11/site-packages/airflow/models/dagbag.py", line 344, in parse
    loader.exec_module(new_module)
  File "<frozen importlib._bootstrap_external>", line 940, in exec_module
  File "<frozen importlib._bootstrap>", line 241, in _call_with_frames_removed
  File "/opt/airflow/dags/dag_crime_pipeline.py", line 233, in <module>
    python_callable=_run_ml_pipeline,
                    ^^^^^^^^^^^^^^^^
NameError: name '_run_ml_pipeline' is not defined
[2026-04-14T16:59:22.162+0000] {processor.py:842} WARNING - No viable dags retrieved from /opt/airflow/dags/dag_crime_pipeline.py
[2026-04-14T16:59:22.192+0000] {processor.py:183} INFO - Processing /opt/airflow/dags/dag_crime_pipeline.py took 0.081 seconds
[2026-04-14T16:59:52.663+0000] {processor.py:161} INFO - Started process (PID=249) to work on /opt/airflow/dags/dag_crime_pipeline.py
[2026-04-14T16:59:52.665+0000] {processor.py:830} INFO - Processing file /opt/airflow/dags/dag_crime_pipeline.py for tasks to queue
[2026-04-14T16:59:52.669+0000] {logging_mixin.py:188} INFO - [2026-04-14T16:59:52.668+0000] {dagbag.py:538} INFO - Filling up the DagBag from /opt/airflow/dags/dag_crime_pipeline.py
[2026-04-14T16:59:52.707+0000] {logging_mixin.py:188} INFO - [2026-04-14T16:59:52.702+0000] {dagbag.py:348} ERROR - Failed to import: /opt/airflow/dags/dag_crime_pipeline.py
Traceback (most recent call last):
  File "/home/airflow/.local/lib/python3.11/site-packages/airflow/models/dagbag.py", line 344, in parse
    loader.exec_module(new_module)
  File "<frozen importlib._bootstrap_external>", line 940, in exec_module
  File "<frozen importlib._bootstrap>", line 241, in _call_with_frames_removed
  File "/opt/airflow/dags/dag_crime_pipeline.py", line 233, in <module>
    python_callable=_run_ml_pipeline,
                    ^^^^^^^^^^^^^^^^
NameError: name '_run_ml_pipeline' is not defined
[2026-04-14T16:59:52.709+0000] {processor.py:842} WARNING - No viable dags retrieved from /opt/airflow/dags/dag_crime_pipeline.py
[2026-04-14T16:59:52.762+0000] {processor.py:183} INFO - Processing /opt/airflow/dags/dag_crime_pipeline.py took 0.103 seconds
[2026-04-14T17:00:23.365+0000] {processor.py:161} INFO - Started process (PID=254) to work on /opt/airflow/dags/dag_crime_pipeline.py
[2026-04-14T17:00:23.366+0000] {processor.py:830} INFO - Processing file /opt/airflow/dags/dag_crime_pipeline.py for tasks to queue
[2026-04-14T17:00:23.369+0000] {logging_mixin.py:188} INFO - [2026-04-14T17:00:23.368+0000] {dagbag.py:538} INFO - Filling up the DagBag from /opt/airflow/dags/dag_crime_pipeline.py
[2026-04-14T17:00:23.415+0000] {logging_mixin.py:188} INFO - [2026-04-14T17:00:23.408+0000] {dagbag.py:348} ERROR - Failed to import: /opt/airflow/dags/dag_crime_pipeline.py
Traceback (most recent call last):
  File "/home/airflow/.local/lib/python3.11/site-packages/airflow/models/dagbag.py", line 344, in parse
    loader.exec_module(new_module)
  File "<frozen importlib._bootstrap_external>", line 940, in exec_module
  File "<frozen importlib._bootstrap>", line 241, in _call_with_frames_removed
  File "/opt/airflow/dags/dag_crime_pipeline.py", line 233, in <module>
    python_callable=_run_ml_pipeline,
                    ^^^^^^^^^^^^^^^^
NameError: name '_run_ml_pipeline' is not defined
[2026-04-14T17:00:23.418+0000] {processor.py:842} WARNING - No viable dags retrieved from /opt/airflow/dags/dag_crime_pipeline.py
[2026-04-14T17:00:23.472+0000] {processor.py:183} INFO - Processing /opt/airflow/dags/dag_crime_pipeline.py took 0.111 seconds
[2026-04-14T17:00:53.966+0000] {processor.py:161} INFO - Started process (PID=259) to work on /opt/airflow/dags/dag_crime_pipeline.py
[2026-04-14T17:00:53.968+0000] {processor.py:830} INFO - Processing file /opt/airflow/dags/dag_crime_pipeline.py for tasks to queue
[2026-04-14T17:00:53.973+0000] {logging_mixin.py:188} INFO - [2026-04-14T17:00:53.973+0000] {dagbag.py:538} INFO - Filling up the DagBag from /opt/airflow/dags/dag_crime_pipeline.py
[2026-04-14T17:00:54.022+0000] {logging_mixin.py:188} INFO - [2026-04-14T17:00:54.013+0000] {dagbag.py:348} ERROR - Failed to import: /opt/airflow/dags/dag_crime_pipeline.py
Traceback (most recent call last):
  File "/home/airflow/.local/lib/python3.11/site-packages/airflow/models/dagbag.py", line 344, in parse
    loader.exec_module(new_module)
  File "<frozen importlib._bootstrap_external>", line 940, in exec_module
  File "<frozen importlib._bootstrap>", line 241, in _call_with_frames_removed
  File "/opt/airflow/dags/dag_crime_pipeline.py", line 233, in <module>
    python_callable=_run_ml_pipeline,
                    ^^^^^^^^^^^^^^^^
NameError: name '_run_ml_pipeline' is not defined
[2026-04-14T17:00:54.024+0000] {processor.py:842} WARNING - No viable dags retrieved from /opt/airflow/dags/dag_crime_pipeline.py
[2026-04-14T17:00:54.061+0000] {processor.py:183} INFO - Processing /opt/airflow/dags/dag_crime_pipeline.py took 0.103 seconds
[2026-04-14T17:00:57.080+0000] {processor.py:161} INFO - Started process (PID=264) to work on /opt/airflow/dags/dag_crime_pipeline.py
[2026-04-14T17:00:57.081+0000] {processor.py:830} INFO - Processing file /opt/airflow/dags/dag_crime_pipeline.py for tasks to queue
[2026-04-14T17:00:57.084+0000] {logging_mixin.py:188} INFO - [2026-04-14T17:00:57.084+0000] {dagbag.py:538} INFO - Filling up the DagBag from /opt/airflow/dags/dag_crime_pipeline.py
[2026-04-14T17:00:57.151+0000] {processor.py:840} INFO - DAG(s) 'crime_analytics_pipeline' retrieved from /opt/airflow/dags/dag_crime_pipeline.py
[2026-04-14T17:00:57.446+0000] {logging_mixin.py:188} INFO - [2026-04-14T17:00:57.445+0000] {override.py:1769} INFO - Created Permission View: can read on DAG:crime_analytics_pipeline
[2026-04-14T17:00:57.457+0000] {logging_mixin.py:188} INFO - [2026-04-14T17:00:57.457+0000] {override.py:1769} INFO - Created Permission View: can edit on DAG:crime_analytics_pipeline
[2026-04-14T17:00:57.464+0000] {logging_mixin.py:188} INFO - [2026-04-14T17:00:57.464+0000] {override.py:1769} INFO - Created Permission View: can delete on DAG:crime_analytics_pipeline
[2026-04-14T17:00:57.465+0000] {logging_mixin.py:188} INFO - [2026-04-14T17:00:57.464+0000] {dag.py:3036} INFO - Sync 1 DAGs
[2026-04-14T17:00:57.481+0000] {logging_mixin.py:188} INFO - [2026-04-14T17:00:57.480+0000] {dag.py:3058} INFO - Creating ORM DAG for crime_analytics_pipeline
[2026-04-14T17:00:57.496+0000] {logging_mixin.py:188} INFO - [2026-04-14T17:00:57.495+0000] {dag.py:3823} INFO - Setting next_dagrun for crime_analytics_pipeline to 2026-04-05 02:00:00+00:00, run_after=2026-04-12 02:00:00+00:00
[2026-04-14T17:00:57.527+0000] {processor.py:183} INFO - Processing /opt/airflow/dags/dag_crime_pipeline.py took 0.453 seconds
[2026-04-14T17:01:27.711+0000] {processor.py:161} INFO - Started process (PID=269) to work on /opt/airflow/dags/dag_crime_pipeline.py
[2026-04-14T17:01:27.713+0000] {processor.py:830} INFO - Processing file /opt/airflow/dags/dag_crime_pipeline.py for tasks to queue
[2026-04-14T17:01:27.715+0000] {logging_mixin.py:188} INFO - [2026-04-14T17:01:27.715+0000] {dagbag.py:538} INFO - Filling up the DagBag from /opt/airflow/dags/dag_crime_pipeline.py
[2026-04-14T17:01:27.749+0000] {processor.py:840} INFO - DAG(s) 'crime_analytics_pipeline' retrieved from /opt/airflow/dags/dag_crime_pipeline.py
[2026-04-14T17:01:27.779+0000] {logging_mixin.py:188} INFO - [2026-04-14T17:01:27.778+0000] {dag.py:3036} INFO - Sync 1 DAGs
[2026-04-14T17:01:27.798+0000] {logging_mixin.py:188} INFO - [2026-04-14T17:01:27.798+0000] {dag.py:3823} INFO - Setting next_dagrun for crime_analytics_pipeline to 2026-04-05 02:00:00+00:00, run_after=2026-04-12 02:00:00+00:00
[2026-04-14T17:01:27.816+0000] {processor.py:183} INFO - Processing /opt/airflow/dags/dag_crime_pipeline.py took 0.109 seconds
[2026-04-14T17:01:58.205+0000] {processor.py:161} INFO - Started process (PID=274) to work on /opt/airflow/dags/dag_crime_pipeline.py
[2026-04-14T17:01:58.209+0000] {processor.py:830} INFO - Processing file /opt/airflow/dags/dag_crime_pipeline.py for tasks to queue
[2026-04-14T17:01:58.214+0000] {logging_mixin.py:188} INFO - [2026-04-14T17:01:58.213+0000] {dagbag.py:538} INFO - Filling up the DagBag from /opt/airflow/dags/dag_crime_pipeline.py
[2026-04-14T17:01:58.263+0000] {processor.py:840} INFO - DAG(s) 'crime_analytics_pipeline' retrieved from /opt/airflow/dags/dag_crime_pipeline.py
[2026-04-14T17:01:58.309+0000] {logging_mixin.py:188} INFO - [2026-04-14T17:01:58.308+0000] {dag.py:3036} INFO - Sync 1 DAGs
[2026-04-14T17:01:58.336+0000] {logging_mixin.py:188} INFO - [2026-04-14T17:01:58.335+0000] {dag.py:3823} INFO - Setting next_dagrun for crime_analytics_pipeline to 2026-04-05 02:00:00+00:00, run_after=2026-04-12 02:00:00+00:00
[2026-04-14T17:01:58.359+0000] {processor.py:183} INFO - Processing /opt/airflow/dags/dag_crime_pipeline.py took 0.160 seconds
[2026-04-14T17:02:28.855+0000] {processor.py:161} INFO - Started process (PID=304) to work on /opt/airflow/dags/dag_crime_pipeline.py
[2026-04-14T17:02:28.857+0000] {processor.py:830} INFO - Processing file /opt/airflow/dags/dag_crime_pipeline.py for tasks to queue
[2026-04-14T17:02:28.860+0000] {logging_mixin.py:188} INFO - [2026-04-14T17:02:28.860+0000] {dagbag.py:538} INFO - Filling up the DagBag from /opt/airflow/dags/dag_crime_pipeline.py
[2026-04-14T17:02:28.904+0000] {processor.py:840} INFO - DAG(s) 'crime_analytics_pipeline' retrieved from /opt/airflow/dags/dag_crime_pipeline.py
[2026-04-14T17:02:28.938+0000] {logging_mixin.py:188} INFO - [2026-04-14T17:02:28.938+0000] {dag.py:3036} INFO - Sync 1 DAGs
[2026-04-14T17:02:28.977+0000] {processor.py:183} INFO - Processing /opt/airflow/dags/dag_crime_pipeline.py took 0.127 seconds
[2026-04-14T17:02:59.498+0000] {processor.py:161} INFO - Started process (PID=309) to work on /opt/airflow/dags/dag_crime_pipeline.py
[2026-04-14T17:02:59.500+0000] {processor.py:830} INFO - Processing file /opt/airflow/dags/dag_crime_pipeline.py for tasks to queue
[2026-04-14T17:02:59.504+0000] {logging_mixin.py:188} INFO - [2026-04-14T17:02:59.504+0000] {dagbag.py:538} INFO - Filling up the DagBag from /opt/airflow/dags/dag_crime_pipeline.py
[2026-04-14T17:02:59.547+0000] {processor.py:840} INFO - DAG(s) 'crime_analytics_pipeline' retrieved from /opt/airflow/dags/dag_crime_pipeline.py
[2026-04-14T17:02:59.586+0000] {logging_mixin.py:188} INFO - [2026-04-14T17:02:59.585+0000] {dag.py:3036} INFO - Sync 1 DAGs
[2026-04-14T17:02:59.650+0000] {processor.py:183} INFO - Processing /opt/airflow/dags/dag_crime_pipeline.py took 0.157 seconds
[2026-04-14T17:03:30.125+0000] {processor.py:161} INFO - Started process (PID=314) to work on /opt/airflow/dags/dag_crime_pipeline.py
[2026-04-14T17:03:30.127+0000] {processor.py:830} INFO - Processing file /opt/airflow/dags/dag_crime_pipeline.py for tasks to queue
[2026-04-14T17:03:30.131+0000] {logging_mixin.py:188} INFO - [2026-04-14T17:03:30.130+0000] {dagbag.py:538} INFO - Filling up the DagBag from /opt/airflow/dags/dag_crime_pipeline.py
[2026-04-14T17:03:30.183+0000] {processor.py:840} INFO - DAG(s) 'crime_analytics_pipeline' retrieved from /opt/airflow/dags/dag_crime_pipeline.py
[2026-04-14T17:03:30.226+0000] {logging_mixin.py:188} INFO - [2026-04-14T17:03:30.225+0000] {dag.py:3036} INFO - Sync 1 DAGs
[2026-04-14T17:03:30.295+0000] {processor.py:183} INFO - Processing /opt/airflow/dags/dag_crime_pipeline.py took 0.175 seconds
[2026-04-14T17:04:00.737+0000] {processor.py:161} INFO - Started process (PID=319) to work on /opt/airflow/dags/dag_crime_pipeline.py
[2026-04-14T17:04:00.738+0000] {processor.py:830} INFO - Processing file /opt/airflow/dags/dag_crime_pipeline.py for tasks to queue
[2026-04-14T17:04:00.741+0000] {logging_mixin.py:188} INFO - [2026-04-14T17:04:00.741+0000] {dagbag.py:538} INFO - Filling up the DagBag from /opt/airflow/dags/dag_crime_pipeline.py
[2026-04-14T17:04:00.780+0000] {processor.py:840} INFO - DAG(s) 'crime_analytics_pipeline' retrieved from /opt/airflow/dags/dag_crime_pipeline.py
[2026-04-14T17:04:00.816+0000] {logging_mixin.py:188} INFO - [2026-04-14T17:04:00.816+0000] {dag.py:3036} INFO - Sync 1 DAGs
[2026-04-14T17:04:00.861+0000] {processor.py:183} INFO - Processing /opt/airflow/dags/dag_crime_pipeline.py took 0.129 seconds
[2026-04-14T17:04:31.337+0000] {processor.py:161} INFO - Started process (PID=324) to work on /opt/airflow/dags/dag_crime_pipeline.py
[2026-04-14T17:04:31.338+0000] {processor.py:830} INFO - Processing file /opt/airflow/dags/dag_crime_pipeline.py for tasks to queue
[2026-04-14T17:04:31.341+0000] {logging_mixin.py:188} INFO - [2026-04-14T17:04:31.341+0000] {dagbag.py:538} INFO - Filling up the DagBag from /opt/airflow/dags/dag_crime_pipeline.py
[2026-04-14T17:04:31.376+0000] {processor.py:840} INFO - DAG(s) 'crime_analytics_pipeline' retrieved from /opt/airflow/dags/dag_crime_pipeline.py
[2026-04-14T17:04:31.406+0000] {logging_mixin.py:188} INFO - [2026-04-14T17:04:31.405+0000] {dag.py:3036} INFO - Sync 1 DAGs
[2026-04-14T17:04:31.467+0000] {processor.py:183} INFO - Processing /opt/airflow/dags/dag_crime_pipeline.py took 0.135 seconds
[2026-04-14T17:05:01.943+0000] {processor.py:161} INFO - Started process (PID=329) to work on /opt/airflow/dags/dag_crime_pipeline.py
[2026-04-14T17:05:01.944+0000] {processor.py:830} INFO - Processing file /opt/airflow/dags/dag_crime_pipeline.py for tasks to queue
[2026-04-14T17:05:01.947+0000] {logging_mixin.py:188} INFO - [2026-04-14T17:05:01.946+0000] {dagbag.py:538} INFO - Filling up the DagBag from /opt/airflow/dags/dag_crime_pipeline.py
[2026-04-14T17:05:01.982+0000] {processor.py:840} INFO - DAG(s) 'crime_analytics_pipeline' retrieved from /opt/airflow/dags/dag_crime_pipeline.py
[2026-04-14T17:05:02.013+0000] {logging_mixin.py:188} INFO - [2026-04-14T17:05:02.013+0000] {dag.py:3036} INFO - Sync 1 DAGs
[2026-04-14T17:05:02.068+0000] {processor.py:183} INFO - Processing /opt/airflow/dags/dag_crime_pipeline.py took 0.129 seconds
[2026-04-14T17:05:33.603+0000] {processor.py:161} INFO - Started process (PID=334) to work on /opt/airflow/dags/dag_crime_pipeline.py
[2026-04-14T17:05:33.605+0000] {processor.py:830} INFO - Processing file /opt/airflow/dags/dag_crime_pipeline.py for tasks to queue
[2026-04-14T17:05:33.608+0000] {logging_mixin.py:188} INFO - [2026-04-14T17:05:33.607+0000] {dagbag.py:538} INFO - Filling up the DagBag from /opt/airflow/dags/dag_crime_pipeline.py
[2026-04-14T17:05:33.642+0000] {processor.py:840} INFO - DAG(s) 'crime_analytics_pipeline' retrieved from /opt/airflow/dags/dag_crime_pipeline.py
[2026-04-14T17:05:33.672+0000] {logging_mixin.py:188} INFO - [2026-04-14T17:05:33.672+0000] {dag.py:3036} INFO - Sync 1 DAGs
[2026-04-14T17:05:33.706+0000] {processor.py:183} INFO - Processing /opt/airflow/dags/dag_crime_pipeline.py took 0.107 seconds
[2026-04-14T17:06:05.256+0000] {processor.py:161} INFO - Started process (PID=339) to work on /opt/airflow/dags/dag_crime_pipeline.py
[2026-04-14T17:06:05.257+0000] {processor.py:830} INFO - Processing file /opt/airflow/dags/dag_crime_pipeline.py for tasks to queue
[2026-04-14T17:06:05.260+0000] {logging_mixin.py:188} INFO - [2026-04-14T17:06:05.259+0000] {dagbag.py:538} INFO - Filling up the DagBag from /opt/airflow/dags/dag_crime_pipeline.py
[2026-04-14T17:06:05.293+0000] {processor.py:840} INFO - DAG(s) 'crime_analytics_pipeline' retrieved from /opt/airflow/dags/dag_crime_pipeline.py
[2026-04-14T17:06:05.326+0000] {logging_mixin.py:188} INFO - [2026-04-14T17:06:05.326+0000] {dag.py:3036} INFO - Sync 1 DAGs
[2026-04-14T17:06:05.364+0000] {processor.py:183} INFO - Processing /opt/airflow/dags/dag_crime_pipeline.py took 0.113 seconds
[2026-04-14T17:06:35.950+0000] {processor.py:161} INFO - Started process (PID=344) to work on /opt/airflow/dags/dag_crime_pipeline.py
[2026-04-14T17:06:35.952+0000] {processor.py:830} INFO - Processing file /opt/airflow/dags/dag_crime_pipeline.py for tasks to queue
[2026-04-14T17:06:35.954+0000] {logging_mixin.py:188} INFO - [2026-04-14T17:06:35.954+0000] {dagbag.py:538} INFO - Filling up the DagBag from /opt/airflow/dags/dag_crime_pipeline.py
[2026-04-14T17:06:35.993+0000] {processor.py:840} INFO - DAG(s) 'crime_analytics_pipeline' retrieved from /opt/airflow/dags/dag_crime_pipeline.py
[2026-04-14T17:06:36.035+0000] {logging_mixin.py:188} INFO - [2026-04-14T17:06:36.034+0000] {dag.py:3036} INFO - Sync 1 DAGs
[2026-04-14T17:06:36.088+0000] {processor.py:183} INFO - Processing /opt/airflow/dags/dag_crime_pipeline.py took 0.142 seconds
[2026-04-14T17:07:06.726+0000] {processor.py:161} INFO - Started process (PID=355) to work on /opt/airflow/dags/dag_crime_pipeline.py
[2026-04-14T17:07:06.727+0000] {processor.py:830} INFO - Processing file /opt/airflow/dags/dag_crime_pipeline.py for tasks to queue
[2026-04-14T17:07:06.730+0000] {logging_mixin.py:188} INFO - [2026-04-14T17:07:06.730+0000] {dagbag.py:538} INFO - Filling up the DagBag from /opt/airflow/dags/dag_crime_pipeline.py
[2026-04-14T17:07:06.770+0000] {processor.py:840} INFO - DAG(s) 'crime_analytics_pipeline' retrieved from /opt/airflow/dags/dag_crime_pipeline.py
[2026-04-14T17:07:06.813+0000] {logging_mixin.py:188} INFO - [2026-04-14T17:07:06.813+0000] {dag.py:3036} INFO - Sync 1 DAGs
[2026-04-14T17:07:06.865+0000] {processor.py:183} INFO - Processing /opt/airflow/dags/dag_crime_pipeline.py took 0.143 seconds
[2026-04-14T17:07:37.485+0000] {processor.py:161} INFO - Started process (PID=410) to work on /opt/airflow/dags/dag_crime_pipeline.py
[2026-04-14T17:07:37.487+0000] {processor.py:830} INFO - Processing file /opt/airflow/dags/dag_crime_pipeline.py for tasks to queue
[2026-04-14T17:07:37.491+0000] {logging_mixin.py:188} INFO - [2026-04-14T17:07:37.490+0000] {dagbag.py:538} INFO - Filling up the DagBag from /opt/airflow/dags/dag_crime_pipeline.py
[2026-04-14T17:07:37.531+0000] {processor.py:840} INFO - DAG(s) 'crime_analytics_pipeline' retrieved from /opt/airflow/dags/dag_crime_pipeline.py
[2026-04-14T17:07:37.570+0000] {logging_mixin.py:188} INFO - [2026-04-14T17:07:37.569+0000] {dag.py:3036} INFO - Sync 1 DAGs
[2026-04-14T17:07:37.566+0000] {processor.py:183} INFO - Processing /opt/airflow/dags/dag_crime_pipeline.py took 0.150 seconds
[2026-04-14T17:08:08.987+0000] {processor.py:161} INFO - Started process (PID=415) to work on /opt/airflow/dags/dag_crime_pipeline.py
[2026-04-14T17:08:08.988+0000] {processor.py:830} INFO - Processing file /opt/airflow/dags/dag_crime_pipeline.py for tasks to queue
[2026-04-14T17:08:08.991+0000] {logging_mixin.py:188} INFO - [2026-04-14T17:08:08.990+0000] {dagbag.py:538} INFO - Filling up the DagBag from /opt/airflow/dags/dag_crime_pipeline.py
[2026-04-14T17:08:09.030+0000] {processor.py:840} INFO - DAG(s) 'crime_analytics_pipeline' retrieved from /opt/airflow/dags/dag_crime_pipeline.py
[2026-04-14T17:08:09.068+0000] {logging_mixin.py:188} INFO - [2026-04-14T17:08:09.068+0000] {dag.py:3036} INFO - Sync 1 DAGs
[2026-04-14T17:08:09.127+0000] {processor.py:183} INFO - Processing /opt/airflow/dags/dag_crime_pipeline.py took 0.143 seconds
[2026-04-14T17:08:41.502+0000] {processor.py:161} INFO - Started process (PID=420) to work on /opt/airflow/dags/dag_crime_pipeline.py
[2026-04-14T17:08:41.519+0000] {processor.py:830} INFO - Processing file /opt/airflow/dags/dag_crime_pipeline.py for tasks to queue
[2026-04-14T17:08:41.522+0000] {logging_mixin.py:188} INFO - [2026-04-14T17:08:41.522+0000] {dagbag.py:538} INFO - Filling up the DagBag from /opt/airflow/dags/dag_crime_pipeline.py
[2026-04-14T17:08:41.570+0000] {processor.py:840} INFO - DAG(s) 'crime_analytics_pipeline' retrieved from /opt/airflow/dags/dag_crime_pipeline.py
[2026-04-14T17:08:41.602+0000] {logging_mixin.py:188} INFO - [2026-04-14T17:08:41.601+0000] {dag.py:3036} INFO - Sync 1 DAGs
[2026-04-14T17:08:41.639+0000] {processor.py:183} INFO - Processing /opt/airflow/dags/dag_crime_pipeline.py took 0.141 seconds
[2026-04-14T17:09:13.031+0000] {processor.py:161} INFO - Started process (PID=425) to work on /opt/airflow/dags/dag_crime_pipeline.py
[2026-04-14T17:09:13.032+0000] {processor.py:830} INFO - Processing file /opt/airflow/dags/dag_crime_pipeline.py for tasks to queue
[2026-04-14T17:09:13.035+0000] {logging_mixin.py:188} INFO - [2026-04-14T17:09:13.035+0000] {dagbag.py:538} INFO - Filling up the DagBag from /opt/airflow/dags/dag_crime_pipeline.py
[2026-04-14T17:09:13.072+0000] {processor.py:840} INFO - DAG(s) 'crime_analytics_pipeline' retrieved from /opt/airflow/dags/dag_crime_pipeline.py
[2026-04-14T17:09:13.102+0000] {logging_mixin.py:188} INFO - [2026-04-14T17:09:13.102+0000] {dag.py:3036} INFO - Sync 1 DAGs
[2026-04-14T17:09:13.140+0000] {processor.py:183} INFO - Processing /opt/airflow/dags/dag_crime_pipeline.py took 0.113 seconds
[2026-04-14T17:09:44.630+0000] {processor.py:161} INFO - Started process (PID=430) to work on /opt/airflow/dags/dag_crime_pipeline.py
[2026-04-14T17:09:44.632+0000] {processor.py:830} INFO - Processing file /opt/airflow/dags/dag_crime_pipeline.py for tasks to queue
[2026-04-14T17:09:44.635+0000] {logging_mixin.py:188} INFO - [2026-04-14T17:09:44.634+0000] {dagbag.py:538} INFO - Filling up the DagBag from /opt/airflow/dags/dag_crime_pipeline.py
[2026-04-14T17:09:44.668+0000] {processor.py:840} INFO - DAG(s) 'crime_analytics_pipeline' retrieved from /opt/airflow/dags/dag_crime_pipeline.py
[2026-04-14T17:09:44.699+0000] {logging_mixin.py:188} INFO - [2026-04-14T17:09:44.699+0000] {dag.py:3036} INFO - Sync 1 DAGs
[2026-04-14T17:09:44.758+0000] {processor.py:183} INFO - Processing /opt/airflow/dags/dag_crime_pipeline.py took 0.132 seconds
[2026-04-14T17:10:16.308+0000] {processor.py:161} INFO - Started process (PID=435) to work on /opt/airflow/dags/dag_crime_pipeline.py
[2026-04-14T17:10:16.309+0000] {processor.py:830} INFO - Processing file /opt/airflow/dags/dag_crime_pipeline.py for tasks to queue
[2026-04-14T17:10:16.312+0000] {logging_mixin.py:188} INFO - [2026-04-14T17:10:16.311+0000] {dagbag.py:538} INFO - Filling up the DagBag from /opt/airflow/dags/dag_crime_pipeline.py
[2026-04-14T17:10:16.350+0000] {processor.py:840} INFO - DAG(s) 'crime_analytics_pipeline' retrieved from /opt/airflow/dags/dag_crime_pipeline.py
[2026-04-14T17:10:16.381+0000] {logging_mixin.py:188} INFO - [2026-04-14T17:10:16.381+0000] {dag.py:3036} INFO - Sync 1 DAGs
[2026-04-14T17:10:16.436+0000] {processor.py:183} INFO - Processing /opt/airflow/dags/dag_crime_pipeline.py took 0.131 seconds
[2026-04-14T17:10:46.968+0000] {processor.py:161} INFO - Started process (PID=440) to work on /opt/airflow/dags/dag_crime_pipeline.py
[2026-04-14T17:10:46.969+0000] {processor.py:830} INFO - Processing file /opt/airflow/dags/dag_crime_pipeline.py for tasks to queue
[2026-04-14T17:10:46.973+0000] {logging_mixin.py:188} INFO - [2026-04-14T17:10:46.972+0000] {dagbag.py:538} INFO - Filling up the DagBag from /opt/airflow/dags/dag_crime_pipeline.py
[2026-04-14T17:10:47.058+0000] {processor.py:840} INFO - DAG(s) 'crime_analytics_pipeline' retrieved from /opt/airflow/dags/dag_crime_pipeline.py
[2026-04-14T17:10:47.128+0000] {logging_mixin.py:188} INFO - [2026-04-14T17:10:47.125+0000] {dag.py:3036} INFO - Sync 1 DAGs
[2026-04-14T17:10:47.212+0000] {processor.py:183} INFO - Processing /opt/airflow/dags/dag_crime_pipeline.py took 0.249 seconds
[2026-04-14T17:11:18.565+0000] {processor.py:161} INFO - Started process (PID=445) to work on /opt/airflow/dags/dag_crime_pipeline.py
[2026-04-14T17:11:18.566+0000] {processor.py:830} INFO - Processing file /opt/airflow/dags/dag_crime_pipeline.py for tasks to queue
[2026-04-14T17:11:18.569+0000] {logging_mixin.py:188} INFO - [2026-04-14T17:11:18.568+0000] {dagbag.py:538} INFO - Filling up the DagBag from /opt/airflow/dags/dag_crime_pipeline.py
[2026-04-14T17:11:18.605+0000] {processor.py:840} INFO - DAG(s) 'crime_analytics_pipeline' retrieved from /opt/airflow/dags/dag_crime_pipeline.py
[2026-04-14T17:11:18.641+0000] {logging_mixin.py:188} INFO - [2026-04-14T17:11:18.641+0000] {dag.py:3036} INFO - Sync 1 DAGs
[2026-04-14T17:11:18.697+0000] {processor.py:183} INFO - Processing /opt/airflow/dags/dag_crime_pipeline.py took 0.137 seconds
[2026-04-14T17:11:50.134+0000] {processor.py:161} INFO - Started process (PID=450) to work on /opt/airflow/dags/dag_crime_pipeline.py
[2026-04-14T17:11:50.135+0000] {processor.py:830} INFO - Processing file /opt/airflow/dags/dag_crime_pipeline.py for tasks to queue
[2026-04-14T17:11:50.138+0000] {logging_mixin.py:188} INFO - [2026-04-14T17:11:50.138+0000] {dagbag.py:538} INFO - Filling up the DagBag from /opt/airflow/dags/dag_crime_pipeline.py
[2026-04-14T17:11:50.176+0000] {processor.py:840} INFO - DAG(s) 'crime_analytics_pipeline' retrieved from /opt/airflow/dags/dag_crime_pipeline.py
[2026-04-14T17:11:50.210+0000] {logging_mixin.py:188} INFO - [2026-04-14T17:11:50.210+0000] {dag.py:3036} INFO - Sync 1 DAGs
[2026-04-14T17:11:50.248+0000] {processor.py:183} INFO - Processing /opt/airflow/dags/dag_crime_pipeline.py took 0.118 seconds
[2026-04-14T17:12:21.845+0000] {processor.py:161} INFO - Started process (PID=480) to work on /opt/airflow/dags/dag_crime_pipeline.py
[2026-04-14T17:12:21.847+0000] {processor.py:830} INFO - Processing file /opt/airflow/dags/dag_crime_pipeline.py for tasks to queue
[2026-04-14T17:12:21.851+0000] {logging_mixin.py:188} INFO - [2026-04-14T17:12:21.850+0000] {dagbag.py:538} INFO - Filling up the DagBag from /opt/airflow/dags/dag_crime_pipeline.py
[2026-04-14T17:12:21.903+0000] {processor.py:840} INFO - DAG(s) 'crime_analytics_pipeline' retrieved from /opt/airflow/dags/dag_crime_pipeline.py
[2026-04-14T17:12:21.939+0000] {logging_mixin.py:188} INFO - [2026-04-14T17:12:21.938+0000] {dag.py:3036} INFO - Sync 1 DAGs
[2026-04-14T17:12:21.984+0000] {processor.py:183} INFO - Processing /opt/airflow/dags/dag_crime_pipeline.py took 0.144 seconds
[2026-04-14T17:12:52.583+0000] {processor.py:161} INFO - Started process (PID=485) to work on /opt/airflow/dags/dag_crime_pipeline.py
[2026-04-14T17:12:52.585+0000] {processor.py:830} INFO - Processing file /opt/airflow/dags/dag_crime_pipeline.py for tasks to queue
[2026-04-14T17:12:52.587+0000] {logging_mixin.py:188} INFO - [2026-04-14T17:12:52.587+0000] {dagbag.py:538} INFO - Filling up the DagBag from /opt/airflow/dags/dag_crime_pipeline.py
[2026-04-14T17:12:52.622+0000] {processor.py:840} INFO - DAG(s) 'crime_analytics_pipeline' retrieved from /opt/airflow/dags/dag_crime_pipeline.py
[2026-04-14T17:12:52.652+0000] {logging_mixin.py:188} INFO - [2026-04-14T17:12:52.651+0000] {dag.py:3036} INFO - Sync 1 DAGs
[2026-04-14T17:12:52.670+0000] {logging_mixin.py:188} INFO - [2026-04-14T17:12:52.670+0000] {dag.py:3823} INFO - Setting next_dagrun for crime_analytics_pipeline to 2026-04-12 02:00:00+00:00, run_after=2026-04-19 02:00:00+00:00
[2026-04-14T17:12:52.688+0000] {processor.py:183} INFO - Processing /opt/airflow/dags/dag_crime_pipeline.py took 0.108 seconds
[2026-04-14T17:13:25.242+0000] {processor.py:161} INFO - Started process (PID=490) to work on /opt/airflow/dags/dag_crime_pipeline.py
[2026-04-14T17:13:25.243+0000] {processor.py:830} INFO - Processing file /opt/airflow/dags/dag_crime_pipeline.py for tasks to queue
[2026-04-14T17:13:25.246+0000] {logging_mixin.py:188} INFO - [2026-04-14T17:13:25.245+0000] {dagbag.py:538} INFO - Filling up the DagBag from /opt/airflow/dags/dag_crime_pipeline.py
[2026-04-14T17:13:25.298+0000] {processor.py:840} INFO - DAG(s) 'crime_analytics_pipeline' retrieved from /opt/airflow/dags/dag_crime_pipeline.py
[2026-04-14T17:13:25.333+0000] {logging_mixin.py:188} INFO - [2026-04-14T17:13:25.332+0000] {dag.py:3036} INFO - Sync 1 DAGs
[2026-04-14T17:13:25.355+0000] {logging_mixin.py:188} INFO - [2026-04-14T17:13:25.354+0000] {dag.py:3823} INFO - Setting next_dagrun for crime_analytics_pipeline to 2026-04-12 02:00:00+00:00, run_after=2026-04-19 02:00:00+00:00
[2026-04-14T17:13:25.375+0000] {processor.py:183} INFO - Processing /opt/airflow/dags/dag_crime_pipeline.py took 0.137 seconds
[2026-04-14T17:13:56.892+0000] {processor.py:161} INFO - Started process (PID=495) to work on /opt/airflow/dags/dag_crime_pipeline.py
[2026-04-14T17:13:56.893+0000] {processor.py:830} INFO - Processing file /opt/airflow/dags/dag_crime_pipeline.py for tasks to queue
[2026-04-14T17:13:56.895+0000] {logging_mixin.py:188} INFO - [2026-04-14T17:13:56.894+0000] {dagbag.py:538} INFO - Filling up the DagBag from /opt/airflow/dags/dag_crime_pipeline.py
[2026-04-14T17:13:56.927+0000] {processor.py:840} INFO - DAG(s) 'crime_analytics_pipeline' retrieved from /opt/airflow/dags/dag_crime_pipeline.py
[2026-04-14T17:13:56.956+0000] {logging_mixin.py:188} INFO - [2026-04-14T17:13:56.955+0000] {dag.py:3036} INFO - Sync 1 DAGs
[2026-04-14T17:13:56.978+0000] {logging_mixin.py:188} INFO - [2026-04-14T17:13:56.978+0000] {dag.py:3823} INFO - Setting next_dagrun for crime_analytics_pipeline to 2026-04-12 02:00:00+00:00, run_after=2026-04-19 02:00:00+00:00
[2026-04-14T17:13:56.997+0000] {processor.py:183} INFO - Processing /opt/airflow/dags/dag_crime_pipeline.py took 0.108 seconds
[2026-04-14T17:18:34.774+0000] {processor.py:161} INFO - Started process (PID=500) to work on /opt/airflow/dags/dag_crime_pipeline.py
[2026-04-14T17:18:34.775+0000] {processor.py:830} INFO - Processing file /opt/airflow/dags/dag_crime_pipeline.py for tasks to queue
[2026-04-14T17:18:34.778+0000] {logging_mixin.py:188} INFO - [2026-04-14T17:18:34.777+0000] {dagbag.py:538} INFO - Filling up the DagBag from /opt/airflow/dags/dag_crime_pipeline.py
[2026-04-14T17:18:34.809+0000] {processor.py:840} INFO - DAG(s) 'crime_analytics_pipeline' retrieved from /opt/airflow/dags/dag_crime_pipeline.py
[2026-04-14T17:18:35.628+0000] {logging_mixin.py:188} INFO - [2026-04-14T17:18:35.627+0000] {dag.py:3036} INFO - Sync 1 DAGs
[2026-04-14T17:18:35.650+0000] {logging_mixin.py:188} INFO - [2026-04-14T17:18:35.649+0000] {dag.py:3823} INFO - Setting next_dagrun for crime_analytics_pipeline to 2026-04-12 02:00:00+00:00, run_after=2026-04-19 02:00:00+00:00
[2026-04-14T17:18:35.666+0000] {processor.py:183} INFO - Processing /opt/airflow/dags/dag_crime_pipeline.py took 0.110 seconds
[2026-04-14T17:19:06.649+0000] {processor.py:161} INFO - Started process (PID=507) to work on /opt/airflow/dags/dag_crime_pipeline.py
[2026-04-14T17:19:06.651+0000] {processor.py:830} INFO - Processing file /opt/airflow/dags/dag_crime_pipeline.py for tasks to queue
[2026-04-14T17:19:06.654+0000] {logging_mixin.py:188} INFO - [2026-04-14T17:19:06.653+0000] {dagbag.py:538} INFO - Filling up the DagBag from /opt/airflow/dags/dag_crime_pipeline.py
[2026-04-14T17:19:06.687+0000] {processor.py:840} INFO - DAG(s) 'crime_analytics_pipeline' retrieved from /opt/airflow/dags/dag_crime_pipeline.py
[2026-04-14T17:19:06.716+0000] {logging_mixin.py:188} INFO - [2026-04-14T17:19:06.716+0000] {dag.py:3036} INFO - Sync 1 DAGs
[2026-04-14T17:19:06.737+0000] {logging_mixin.py:188} INFO - [2026-04-14T17:19:06.737+0000] {dag.py:3823} INFO - Setting next_dagrun for crime_analytics_pipeline to 2026-04-12 02:00:00+00:00, run_after=2026-04-19 02:00:00+00:00
[2026-04-14T17:19:06.755+0000] {processor.py:183} INFO - Processing /opt/airflow/dags/dag_crime_pipeline.py took 0.110 seconds
[2026-04-14T17:19:37.573+0000] {processor.py:161} INFO - Started process (PID=512) to work on /opt/airflow/dags/dag_crime_pipeline.py
[2026-04-14T17:19:37.575+0000] {processor.py:830} INFO - Processing file /opt/airflow/dags/dag_crime_pipeline.py for tasks to queue
[2026-04-14T17:19:37.579+0000] {logging_mixin.py:188} INFO - [2026-04-14T17:19:37.578+0000] {dagbag.py:538} INFO - Filling up the DagBag from /opt/airflow/dags/dag_crime_pipeline.py
[2026-04-14T17:19:37.625+0000] {processor.py:840} INFO - DAG(s) 'crime_analytics_pipeline' retrieved from /opt/airflow/dags/dag_crime_pipeline.py
[2026-04-14T17:19:37.669+0000] {logging_mixin.py:188} INFO - [2026-04-14T17:19:37.668+0000] {dag.py:3036} INFO - Sync 1 DAGs
[2026-04-14T17:19:37.697+0000] {logging_mixin.py:188} INFO - [2026-04-14T17:19:37.696+0000] {dag.py:3823} INFO - Setting next_dagrun for crime_analytics_pipeline to 2026-04-12 02:00:00+00:00, run_after=2026-04-19 02:00:00+00:00
[2026-04-14T17:19:37.722+0000] {processor.py:183} INFO - Processing /opt/airflow/dags/dag_crime_pipeline.py took 0.153 seconds
[2026-04-14T17:20:08.734+0000] {processor.py:161} INFO - Started process (PID=517) to work on /opt/airflow/dags/dag_crime_pipeline.py
[2026-04-14T17:20:08.735+0000] {processor.py:830} INFO - Processing file /opt/airflow/dags/dag_crime_pipeline.py for tasks to queue
[2026-04-14T17:20:08.738+0000] {logging_mixin.py:188} INFO - [2026-04-14T17:20:08.738+0000] {dagbag.py:538} INFO - Filling up the DagBag from /opt/airflow/dags/dag_crime_pipeline.py
[2026-04-14T17:20:08.775+0000] {processor.py:840} INFO - DAG(s) 'crime_analytics_pipeline' retrieved from /opt/airflow/dags/dag_crime_pipeline.py
[2026-04-14T17:20:08.803+0000] {logging_mixin.py:188} INFO - [2026-04-14T17:20:08.803+0000] {dag.py:3036} INFO - Sync 1 DAGs
[2026-04-14T17:20:08.825+0000] {logging_mixin.py:188} INFO - [2026-04-14T17:20:08.824+0000] {dag.py:3823} INFO - Setting next_dagrun for crime_analytics_pipeline to 2026-04-12 02:00:00+00:00, run_after=2026-04-19 02:00:00+00:00
[2026-04-14T17:20:08.855+0000] {processor.py:183} INFO - Processing /opt/airflow/dags/dag_crime_pipeline.py took 0.124 seconds
[2026-04-14T17:20:38.992+0000] {processor.py:161} INFO - Started process (PID=522) to work on /opt/airflow/dags/dag_crime_pipeline.py
[2026-04-14T17:20:38.994+0000] {processor.py:830} INFO - Processing file /opt/airflow/dags/dag_crime_pipeline.py for tasks to queue
[2026-04-14T17:20:38.997+0000] {logging_mixin.py:188} INFO - [2026-04-14T17:20:38.996+0000] {dagbag.py:538} INFO - Filling up the DagBag from /opt/airflow/dags/dag_crime_pipeline.py
[2026-04-14T17:20:39.034+0000] {processor.py:840} INFO - DAG(s) 'crime_analytics_pipeline' retrieved from /opt/airflow/dags/dag_crime_pipeline.py
[2026-04-14T17:20:39.067+0000] {logging_mixin.py:188} INFO - [2026-04-14T17:20:39.066+0000] {dag.py:3036} INFO - Sync 1 DAGs
[2026-04-14T17:20:39.091+0000] {logging_mixin.py:188} INFO - [2026-04-14T17:20:39.090+0000] {dag.py:3823} INFO - Setting next_dagrun for crime_analytics_pipeline to 2026-04-12 02:00:00+00:00, run_after=2026-04-19 02:00:00+00:00
[2026-04-14T17:20:39.114+0000] {processor.py:183} INFO - Processing /opt/airflow/dags/dag_crime_pipeline.py took 0.127 seconds
[2026-04-14T17:21:10.079+0000] {processor.py:161} INFO - Started process (PID=527) to work on /opt/airflow/dags/dag_crime_pipeline.py
[2026-04-14T17:21:10.081+0000] {processor.py:830} INFO - Processing file /opt/airflow/dags/dag_crime_pipeline.py for tasks to queue
[2026-04-14T17:21:10.085+0000] {logging_mixin.py:188} INFO - [2026-04-14T17:21:10.085+0000] {dagbag.py:538} INFO - Filling up the DagBag from /opt/airflow/dags/dag_crime_pipeline.py
[2026-04-14T17:21:10.128+0000] {processor.py:840} INFO - DAG(s) 'crime_analytics_pipeline' retrieved from /opt/airflow/dags/dag_crime_pipeline.py
[2026-04-14T17:21:10.167+0000] {logging_mixin.py:188} INFO - [2026-04-14T17:21:10.166+0000] {dag.py:3036} INFO - Sync 1 DAGs
[2026-04-14T17:21:10.196+0000] {logging_mixin.py:188} INFO - [2026-04-14T17:21:10.196+0000] {dag.py:3823} INFO - Setting next_dagrun for crime_analytics_pipeline to 2026-04-12 02:00:00+00:00, run_after=2026-04-19 02:00:00+00:00
[2026-04-14T17:21:10.218+0000] {processor.py:183} INFO - Processing /opt/airflow/dags/dag_crime_pipeline.py took 0.145 seconds
