[2026-06-05T22:58:34.776+0000] {taskinstance.py:1956} INFO - Dependencies all met for dep_context=non-requeueable deps ti=<TaskInstance: crime_analytics_pipeline.etl_bronze manual__2026-06-05T17:42:56.298855+00:00 [queued]>
[2026-06-05T22:58:34.786+0000] {taskinstance.py:1956} INFO - Dependencies all met for dep_context=requeueable deps ti=<TaskInstance: crime_analytics_pipeline.etl_bronze manual__2026-06-05T17:42:56.298855+00:00 [queued]>
[2026-06-05T22:58:34.787+0000] {taskinstance.py:2170} INFO - Starting attempt 17 of 18
[2026-06-05T22:58:34.800+0000] {taskinstance.py:2191} INFO - Executing <Task(DataprocSubmitJobOperator): etl_bronze> on 2026-06-05 17:42:56.298855+00:00
[2026-06-05T22:58:34.813+0000] {standard_task_runner.py:60} INFO - Started process 14710 to run task
[2026-06-05T22:58:34.816+0000] {standard_task_runner.py:87} INFO - Running: ['***', 'tasks', 'run', 'crime_analytics_pipeline', 'etl_bronze', 'manual__2026-06-05T17:42:56.298855+00:00', '--job-id', '564', '--raw', '--subdir', 'DAGS_FOLDER/dag_crime_pipeline.py', '--cfg-path', '/tmp/tmpsc7okiws']
[2026-06-05T22:58:34.821+0000] {standard_task_runner.py:88} INFO - Job 564: Subtask etl_bronze
[2026-06-05T22:58:34.900+0000] {task_command.py:423} INFO - Running <TaskInstance: crime_analytics_pipeline.etl_bronze manual__2026-06-05T17:42:56.298855+00:00 [running]> on host db8b8170dea9
[2026-06-05T22:58:35.022+0000] {taskinstance.py:2480} INFO - Exporting env vars: AIRFLOW_CTX_DAG_EMAIL='cdash-alerts@example.com' AIRFLOW_CTX_DAG_OWNER='crime-analytics' AIRFLOW_CTX_DAG_ID='crime_analytics_pipeline' AIRFLOW_CTX_TASK_ID='etl_bronze' AIRFLOW_CTX_EXECUTION_DATE='2026-06-05T17:42:56.298855+00:00' AIRFLOW_CTX_TRY_NUMBER='17' AIRFLOW_CTX_DAG_RUN_ID='manual__2026-06-05T17:42:56.298855+00:00'
[2026-06-05T22:58:35.025+0000] {dataproc.py:2208} INFO - Submitting job
[2026-06-05T22:58:35.041+0000] {connection.py:234} WARNING - Connection schemes (type: google_cloud_platform) shall not contain '_' according to RFC3986.
[2026-06-05T22:58:35.043+0000] {base.py:83} INFO - Using connection ID 'google_cloud_default' for task execution.
[2026-06-05T22:58:36.636+0000] {dataproc.py:2220} INFO - Job f8cd7f4f-d148-4d22-931d-35b4004c1888 submitted successfully.
[2026-06-05T22:58:36.658+0000] {dataproc.py:2254} INFO - Waiting for job f8cd7f4f-d148-4d22-931d-35b4004c1888 to complete
[2026-06-05T22:58:44.958+0000] {local_task_job_runner.py:302} WARNING - State of this instance has been externally set to up_for_retry. Terminating instance.
[2026-06-05T22:58:44.961+0000] {process_utils.py:131} INFO - Sending 15 to group 14710. PIDs of all processes in the group: [14710]
[2026-06-05T22:58:44.963+0000] {process_utils.py:86} INFO - Sending the signal 15 to group 14710
[2026-06-05T22:58:44.963+0000] {taskinstance.py:2450} ERROR - Received SIGTERM. Terminating subprocesses.
[2026-06-05T22:58:46.406+0000] {taskinstance.py:2698} ERROR - Task failed with exception
Traceback (most recent call last):
  File "/home/airflow/.local/lib/python3.11/site-packages/airflow/models/taskinstance.py", line 433, in _execute_task
    result = execute_callable(context=context, **execute_callable_kwargs)
             ^^^^^^^^^^^^^^^^^^^^^^^^^^^^^^^^^^^^^^^^^^^^^^^^^^^^^^^^^^^^
  File "/home/airflow/.local/lib/python3.11/site-packages/airflow/providers/google/cloud/operators/dataproc.py", line 2255, in execute
    self.hook.wait_for_job(
  File "/home/airflow/.local/lib/python3.11/site-packages/airflow/providers/google/common/hooks/base_google.py", line 477, in inner_wrapper
    return func(self, *args, **kwargs)
           ^^^^^^^^^^^^^^^^^^^^^^^^^^^
  File "/home/airflow/.local/lib/python3.11/site-packages/airflow/providers/google/cloud/hooks/dataproc.py", line 716, in wait_for_job
    time.sleep(wait_time)
  File "/home/airflow/.local/lib/python3.11/site-packages/airflow/models/taskinstance.py", line 2452, in signal_handler
    raise AirflowException("Task received SIGTERM signal")
airflow.exceptions.AirflowException: Task received SIGTERM signal
[2026-06-05T22:58:46.412+0000] {taskinstance.py:1138} INFO - Marking task as FAILED. dag_id=crime_analytics_pipeline, task_id=etl_bronze, execution_date=20260605T174256, start_date=20260605T225834, end_date=20260605T225846
[2026-06-05T22:58:46.427+0000] {standard_task_runner.py:107} ERROR - Failed to execute job 564 for task etl_bronze (Task received SIGTERM signal; 14710)
[2026-06-05T22:58:46.479+0000] {process_utils.py:79} INFO - Process psutil.Process(pid=14710, status='terminated', exitcode=1, started='22:58:34') (14710) terminated with exit code 1
