[2026-06-05T22:59:06.261+0000] {taskinstance.py:1956} INFO - Dependencies all met for dep_context=non-requeueable deps ti=<TaskInstance: crime_analytics_pipeline.etl_bronze manual__2026-06-05T17:42:56.298855+00:00 [queued]>
[2026-06-05T22:59:06.270+0000] {taskinstance.py:1956} INFO - Dependencies all met for dep_context=requeueable deps ti=<TaskInstance: crime_analytics_pipeline.etl_bronze manual__2026-06-05T17:42:56.298855+00:00 [queued]>
[2026-06-05T22:59:06.271+0000] {taskinstance.py:2170} INFO - Starting attempt 18 of 19
[2026-06-05T22:59:06.286+0000] {taskinstance.py:2191} INFO - Executing <Task(DataprocSubmitJobOperator): etl_bronze> on 2026-06-05 17:42:56.298855+00:00
[2026-06-05T22:59:06.297+0000] {standard_task_runner.py:60} INFO - Started process 14833 to run task
[2026-06-05T22:59:06.302+0000] {standard_task_runner.py:87} INFO - Running: ['***', 'tasks', 'run', 'crime_analytics_pipeline', 'etl_bronze', 'manual__2026-06-05T17:42:56.298855+00:00', '--job-id', '566', '--raw', '--subdir', 'DAGS_FOLDER/dag_crime_pipeline.py', '--cfg-path', '/tmp/tmpwehhmb3l']
[2026-06-05T22:59:06.306+0000] {standard_task_runner.py:88} INFO - Job 566: Subtask etl_bronze
[2026-06-05T22:59:06.382+0000] {task_command.py:423} INFO - Running <TaskInstance: crime_analytics_pipeline.etl_bronze manual__2026-06-05T17:42:56.298855+00:00 [running]> on host db8b8170dea9
[2026-06-05T22:59:06.511+0000] {taskinstance.py:2480} INFO - Exporting env vars: AIRFLOW_CTX_DAG_EMAIL='cdash-alerts@example.com' AIRFLOW_CTX_DAG_OWNER='crime-analytics' AIRFLOW_CTX_DAG_ID='crime_analytics_pipeline' AIRFLOW_CTX_TASK_ID='etl_bronze' AIRFLOW_CTX_EXECUTION_DATE='2026-06-05T17:42:56.298855+00:00' AIRFLOW_CTX_TRY_NUMBER='18' AIRFLOW_CTX_DAG_RUN_ID='manual__2026-06-05T17:42:56.298855+00:00'
[2026-06-05T22:59:06.513+0000] {dataproc.py:2208} INFO - Submitting job
[2026-06-05T22:59:06.525+0000] {connection.py:234} WARNING - Connection schemes (type: google_cloud_platform) shall not contain '_' according to RFC3986.
[2026-06-05T22:59:06.527+0000] {base.py:83} INFO - Using connection ID 'google_cloud_default' for task execution.
[2026-06-05T22:59:08.157+0000] {dataproc.py:2220} INFO - Job 35104c9c-a4b2-498e-a5ee-461300f7fb8f submitted successfully.
[2026-06-05T22:59:08.183+0000] {dataproc.py:2254} INFO - Waiting for job 35104c9c-a4b2-498e-a5ee-461300f7fb8f to complete
[2026-06-05T23:00:05.095+0000] {taskinstance.py:2698} ERROR - Task failed with exception
Traceback (most recent call last):
  File "/home/airflow/.local/lib/python3.11/site-packages/airflow/models/taskinstance.py", line 433, in _execute_task
    result = execute_callable(context=context, **execute_callable_kwargs)
             ^^^^^^^^^^^^^^^^^^^^^^^^^^^^^^^^^^^^^^^^^^^^^^^^^^^^^^^^^^^^
  File "/home/airflow/.local/lib/python3.11/site-packages/airflow/providers/google/cloud/operators/dataproc.py", line 2255, in execute
    self.hook.wait_for_job(
  File "/home/airflow/.local/lib/python3.11/site-packages/airflow/providers/google/common/hooks/base_google.py", line 477, in inner_wrapper
    return func(self, *args, **kwargs)
           ^^^^^^^^^^^^^^^^^^^^^^^^^^^
  File "/home/airflow/.local/lib/python3.11/site-packages/airflow/providers/google/cloud/hooks/dataproc.py", line 724, in wait_for_job
    raise AirflowException(f"Job failed:\n{job}")
airflow.exceptions.AirflowException: Job failed:
reference {
  project_id: "sage-mind-489618-n5"
  job_id: "35104c9c-a4b2-498e-a5ee-461300f7fb8f"
}
placement {
  cluster_name: "crime-etl-cluster"
  cluster_uuid: "4a3a9fc7-c5a7-4e2b-8784-9973ce1a197f"
}
pyspark_job {
  main_python_file_uri: "gs://chicago-crime-raw-group15/scripts/stage2_bronze/data_ingestion.py"
  args: "--env=prod"
  args: "--raw_path=gs://chicago-crime-raw-group15/raw/chicago_crime/*/*/*/data.csv"
  args: "--bronze_path=gs://chicago-crime-raw-group15/bronze/chicago_crime"
  args: "--ds=2026-06-05"
  python_file_uris: "gs://chicago-crime-raw-group15/scripts/utils.zip"
  properties {
    key: "spark.jars.packages"
    value: "com.google.cloud.spark:spark-bigquery-with-dependencies_2.12:0.32.2"
  }
}
status {
  state: ERROR
  details: "Google Cloud Dataproc Agent reports job failure. If logs are available, they can be found at:\nhttps://console.cloud.google.com/dataproc/jobs/35104c9c-a4b2-498e-a5ee-461300f7fb8f?project=sage-mind-489618-n5&region=us-central1\ngcloud dataproc jobs wait \'35104c9c-a4b2-498e-a5ee-461300f7fb8f\' --region \'us-central1\' --project \'sage-mind-489618-n5\'\nhttps://console.cloud.google.com/storage/browser/dataproc-staging-us-central1-47706975998-p2ulnh4c/google-cloud-dataproc-metainfo/4a3a9fc7-c5a7-4e2b-8784-9973ce1a197f/jobs/35104c9c-a4b2-498e-a5ee-461300f7fb8f/\ngs://dataproc-staging-us-central1-47706975998-p2ulnh4c/google-cloud-dataproc-metainfo/4a3a9fc7-c5a7-4e2b-8784-9973ce1a197f/jobs/35104c9c-a4b2-498e-a5ee-461300f7fb8f/driveroutput.*"
  state_start_time {
    seconds: 1780700393
    nanos: 488388000
  }
}
status_history {
  state: PENDING
  state_start_time {
    seconds: 1780700347
    nanos: 965700000
  }
}
status_history {
  state: SETUP_DONE
  state_start_time {
    seconds: 1780700348
    nanos: 42193000
  }
}
status_history {
  state: RUNNING
  state_start_time {
    seconds: 1780700348
    nanos: 414223000
  }
}
yarn_applications {
  name: "Stage2_Bronze_Ingestion"
  state: FINISHED
  progress: 1
  tracking_url: "http://crime-etl-cluster-m.us-central1-c.c.sage-mind-489618-n5.internal.:8088/proxy/application_1780696987769_0015/"
}
driver_output_resource_uri: "gs://dataproc-staging-us-central1-47706975998-p2ulnh4c/google-cloud-dataproc-metainfo/4a3a9fc7-c5a7-4e2b-8784-9973ce1a197f/jobs/35104c9c-a4b2-498e-a5ee-461300f7fb8f/driveroutput"
driver_control_files_uri: "gs://dataproc-staging-us-central1-47706975998-p2ulnh4c/google-cloud-dataproc-metainfo/4a3a9fc7-c5a7-4e2b-8784-9973ce1a197f/jobs/35104c9c-a4b2-498e-a5ee-461300f7fb8f/"
job_uuid: "35104c9c-a4b2-498e-a5ee-461300f7fb8f"
done: true

[2026-06-05T23:00:05.102+0000] {taskinstance.py:1138} INFO - Marking task as UP_FOR_RETRY. dag_id=crime_analytics_pipeline, task_id=etl_bronze, execution_date=20260605T174256, start_date=20260605T225906, end_date=20260605T230005
[2026-06-05T23:00:05.117+0000] {standard_task_runner.py:107} ERROR - Failed to execute job 566 for task etl_bronze (Job failed:
reference {
  project_id: "sage-mind-489618-n5"
  job_id: "35104c9c-a4b2-498e-a5ee-461300f7fb8f"
}
placement {
  cluster_name: "crime-etl-cluster"
  cluster_uuid: "4a3a9fc7-c5a7-4e2b-8784-9973ce1a197f"
}
pyspark_job {
  main_python_file_uri: "gs://chicago-crime-raw-group15/scripts/stage2_bronze/data_ingestion.py"
  args: "--env=prod"
  args: "--raw_path=gs://chicago-crime-raw-group15/raw/chicago_crime/*/*/*/data.csv"
  args: "--bronze_path=gs://chicago-crime-raw-group15/bronze/chicago_crime"
  args: "--ds=2026-06-05"
  python_file_uris: "gs://chicago-crime-raw-group15/scripts/utils.zip"
  properties {
    key: "spark.jars.packages"
    value: "com.google.cloud.spark:spark-bigquery-with-dependencies_2.12:0.32.2"
  }
}
status {
  state: ERROR
  details: "Google Cloud Dataproc Agent reports job failure. If logs are available, they can be found at:\nhttps://console.cloud.google.com/dataproc/jobs/35104c9c-a4b2-498e-a5ee-461300f7fb8f?project=sage-mind-489618-n5&region=us-central1\ngcloud dataproc jobs wait \'35104c9c-a4b2-498e-a5ee-461300f7fb8f\' --region \'us-central1\' --project \'sage-mind-489618-n5\'\nhttps://console.cloud.google.com/storage/browser/dataproc-staging-us-central1-47706975998-p2ulnh4c/google-cloud-dataproc-metainfo/4a3a9fc7-c5a7-4e2b-8784-9973ce1a197f/jobs/35104c9c-a4b2-498e-a5ee-461300f7fb8f/\ngs://dataproc-staging-us-central1-47706975998-p2ulnh4c/google-cloud-dataproc-metainfo/4a3a9fc7-c5a7-4e2b-8784-9973ce1a197f/jobs/35104c9c-a4b2-498e-a5ee-461300f7fb8f/driveroutput.*"
  state_start_time {
    seconds: 1780700393
    nanos: 488388000
  }
}
status_history {
  state: PENDING
  state_start_time {
    seconds: 1780700347
    nanos: 965700000
  }
}
status_history {
  state: SETUP_DONE
  state_start_time {
    seconds: 1780700348
    nanos: 42193000
  }
}
status_history {
  state: RUNNING
  state_start_time {
    seconds: 1780700348
    nanos: 414223000
  }
}
yarn_applications {
  name: "Stage2_Bronze_Ingestion"
  state: FINISHED
  progress: 1
  tracking_url: "http://crime-etl-cluster-m.us-central1-c.c.sage-mind-489618-n5.internal.:8088/proxy/application_1780696987769_0015/"
}
driver_output_resource_uri: "gs://dataproc-staging-us-central1-47706975998-p2ulnh4c/google-cloud-dataproc-metainfo/4a3a9fc7-c5a7-4e2b-8784-9973ce1a197f/jobs/35104c9c-a4b2-498e-a5ee-461300f7fb8f/driveroutput"
driver_control_files_uri: "gs://dataproc-staging-us-central1-47706975998-p2ulnh4c/google-cloud-dataproc-metainfo/4a3a9fc7-c5a7-4e2b-8784-9973ce1a197f/jobs/35104c9c-a4b2-498e-a5ee-461300f7fb8f/"
job_uuid: "35104c9c-a4b2-498e-a5ee-461300f7fb8f"
done: true
; 14833)
[2026-06-05T23:00:05.174+0000] {local_task_job_runner.py:234} INFO - Task exited with return code 1
[2026-06-05T23:00:05.202+0000] {taskinstance.py:3280} INFO - 0 downstream tasks scheduled from follow-on schedule check
