[2026-06-08T18:58:56.283+0000] {taskinstance.py:1956} INFO - Dependencies all met for dep_context=non-requeueable deps ti=<TaskInstance: crime_analytics_pipeline.etl_gold manual__2026-06-08T17:06:51.122721+00:00 [queued]>
[2026-06-08T18:58:56.291+0000] {taskinstance.py:1956} INFO - Dependencies all met for dep_context=requeueable deps ti=<TaskInstance: crime_analytics_pipeline.etl_gold manual__2026-06-08T17:06:51.122721+00:00 [queued]>
[2026-06-08T18:58:56.291+0000] {taskinstance.py:2170} INFO - Starting attempt 4 of 4
[2026-06-08T18:58:56.301+0000] {taskinstance.py:2191} INFO - Executing <Task(DataprocSubmitJobOperator): etl_gold> on 2026-06-08 17:06:51.122721+00:00
[2026-06-08T18:58:56.308+0000] {standard_task_runner.py:60} INFO - Started process 4868 to run task
[2026-06-08T18:58:56.311+0000] {standard_task_runner.py:87} INFO - Running: ['***', 'tasks', 'run', 'crime_analytics_pipeline', 'etl_gold', 'manual__2026-06-08T17:06:51.122721+00:00', '--job-id', '748', '--raw', '--subdir', 'DAGS_FOLDER/dag_crime_pipeline.py', '--cfg-path', '/tmp/tmpbb9hrtg2']
[2026-06-08T18:58:56.314+0000] {standard_task_runner.py:88} INFO - Job 748: Subtask etl_gold
[2026-06-08T18:58:56.376+0000] {task_command.py:423} INFO - Running <TaskInstance: crime_analytics_pipeline.etl_gold manual__2026-06-08T17:06:51.122721+00:00 [running]> on host d26a8a58ef02
[2026-06-08T18:58:56.466+0000] {taskinstance.py:2480} INFO - Exporting env vars: AIRFLOW_CTX_DAG_EMAIL='cdash-alerts@example.com' AIRFLOW_CTX_DAG_OWNER='crime-analytics' AIRFLOW_CTX_DAG_ID='crime_analytics_pipeline' AIRFLOW_CTX_TASK_ID='etl_gold' AIRFLOW_CTX_EXECUTION_DATE='2026-06-08T17:06:51.122721+00:00' AIRFLOW_CTX_TRY_NUMBER='4' AIRFLOW_CTX_DAG_RUN_ID='manual__2026-06-08T17:06:51.122721+00:00'
[2026-06-08T18:58:56.470+0000] {dataproc.py:2208} INFO - Submitting job
[2026-06-08T18:58:56.485+0000] {connection.py:234} WARNING - Connection schemes (type: google_cloud_platform) shall not contain '_' according to RFC3986.
[2026-06-08T18:58:56.487+0000] {base.py:83} INFO - Using connection ID 'google_cloud_default' for task execution.
[2026-06-08T18:58:58.323+0000] {dataproc.py:2220} INFO - Job 39e9e033-36ac-4e86-bb6a-40c3f023cf14 submitted successfully.
[2026-06-08T18:58:58.341+0000] {dataproc.py:2254} INFO - Waiting for job 39e9e033-36ac-4e86-bb6a-40c3f023cf14 to complete
[2026-06-08T19:02:46.503+0000] {taskinstance.py:2698} ERROR - Task failed with exception
Traceback (most recent call last):
  File "/home/airflow/.local/lib/python3.11/site-packages/airflow/models/taskinstance.py", line 433, in _execute_task
    result = execute_callable(context=context, **execute_callable_kwargs)
             ^^^^^^^^^^^^^^^^^^^^^^^^^^^^^^^^^^^^^^^^^^^^^^^^^^^^^^^^^^^^
  File "/home/airflow/.local/lib/python3.11/site-packages/airflow/providers/google/cloud/operators/dataproc.py", line 2255, in execute
    self.hook.wait_for_job(
  File "/home/airflow/.local/lib/python3.11/site-packages/airflow/providers/google/common/hooks/base_google.py", line 477, in inner_wrapper
    return func(self, *args, **kwargs)
           ^^^^^^^^^^^^^^^^^^^^^^^^^^^
  File "/home/airflow/.local/lib/python3.11/site-packages/airflow/providers/google/cloud/hooks/dataproc.py", line 724, in wait_for_job
    raise AirflowException(f"Job failed:\n{job}")
airflow.exceptions.AirflowException: Job failed:
reference {
  project_id: "sage-mind-489618-n5"
  job_id: "39e9e033-36ac-4e86-bb6a-40c3f023cf14"
}
placement {
  cluster_name: "crime-etl-cluster"
  cluster_uuid: "768885e3-87d1-43d8-97b5-9d11eaa50d56"
}
pyspark_job {
  main_python_file_uri: "gs://chicago-crime-raw-group15/scripts/stage4_gold_main.py"
  args: "--mode=append"
  args: "--project=sage-mind-489618-n5"
  args: "--dataset=cdash_warehouse"
  args: "--bucket=chicago-crime-raw-group15"
  python_file_uris: "gs://chicago-crime-raw-group15/scripts/utils.zip"
  python_file_uris: "gs://chicago-crime-raw-group15/scripts/stage4_gold.zip"
  properties {
    key: "spark.jars.packages"
    value: "com.google.cloud.spark:spark-bigquery-with-dependencies_2.12:0.32.2"
  }
}
status {
  state: ERROR
  details: "Google Cloud Dataproc Agent reports job failure. If logs are available, they can be found at:\nhttps://console.cloud.google.com/dataproc/jobs/39e9e033-36ac-4e86-bb6a-40c3f023cf14?project=sage-mind-489618-n5&region=us-central1\ngcloud dataproc jobs wait \'39e9e033-36ac-4e86-bb6a-40c3f023cf14\' --region \'us-central1\' --project \'sage-mind-489618-n5\'\nhttps://console.cloud.google.com/storage/browser/dataproc-staging-us-central1-47706975998-p2ulnh4c/google-cloud-dataproc-metainfo/768885e3-87d1-43d8-97b5-9d11eaa50d56/jobs/39e9e033-36ac-4e86-bb6a-40c3f023cf14/\ngs://dataproc-staging-us-central1-47706975998-p2ulnh4c/google-cloud-dataproc-metainfo/768885e3-87d1-43d8-97b5-9d11eaa50d56/jobs/39e9e033-36ac-4e86-bb6a-40c3f023cf14/driveroutput.*"
  state_start_time {
    seconds: 1780945361
    nanos: 66256000
  }
}
status_history {
  state: PENDING
  state_start_time {
    seconds: 1780945139
    nanos: 512929000
  }
}
status_history {
  state: SETUP_DONE
  state_start_time {
    seconds: 1780945139
    nanos: 591595000
  }
}
status_history {
  state: RUNNING
  state_start_time {
    seconds: 1780945139
    nanos: 986907000
  }
}
yarn_applications {
  name: "ChicagoCrime_Gold_Pipeline"
  state: FINISHED
  progress: 1
  tracking_url: "http://crime-etl-cluster-m.us-central1-a.c.sage-mind-489618-n5.internal.:8088/proxy/application_1780940125035_0011/"
}
driver_output_resource_uri: "gs://dataproc-staging-us-central1-47706975998-p2ulnh4c/google-cloud-dataproc-metainfo/768885e3-87d1-43d8-97b5-9d11eaa50d56/jobs/39e9e033-36ac-4e86-bb6a-40c3f023cf14/driveroutput"
driver_control_files_uri: "gs://dataproc-staging-us-central1-47706975998-p2ulnh4c/google-cloud-dataproc-metainfo/768885e3-87d1-43d8-97b5-9d11eaa50d56/jobs/39e9e033-36ac-4e86-bb6a-40c3f023cf14/"
job_uuid: "39e9e033-36ac-4e86-bb6a-40c3f023cf14"
done: true

[2026-06-08T19:02:46.516+0000] {taskinstance.py:1138} INFO - Marking task as FAILED. dag_id=crime_analytics_pipeline, task_id=etl_gold, execution_date=20260608T170651, start_date=20260608T185856, end_date=20260608T190246
[2026-06-08T19:02:46.528+0000] {standard_task_runner.py:107} ERROR - Failed to execute job 748 for task etl_gold (Job failed:
reference {
  project_id: "sage-mind-489618-n5"
  job_id: "39e9e033-36ac-4e86-bb6a-40c3f023cf14"
}
placement {
  cluster_name: "crime-etl-cluster"
  cluster_uuid: "768885e3-87d1-43d8-97b5-9d11eaa50d56"
}
pyspark_job {
  main_python_file_uri: "gs://chicago-crime-raw-group15/scripts/stage4_gold_main.py"
  args: "--mode=append"
  args: "--project=sage-mind-489618-n5"
  args: "--dataset=cdash_warehouse"
  args: "--bucket=chicago-crime-raw-group15"
  python_file_uris: "gs://chicago-crime-raw-group15/scripts/utils.zip"
  python_file_uris: "gs://chicago-crime-raw-group15/scripts/stage4_gold.zip"
  properties {
    key: "spark.jars.packages"
    value: "com.google.cloud.spark:spark-bigquery-with-dependencies_2.12:0.32.2"
  }
}
status {
  state: ERROR
  details: "Google Cloud Dataproc Agent reports job failure. If logs are available, they can be found at:\nhttps://console.cloud.google.com/dataproc/jobs/39e9e033-36ac-4e86-bb6a-40c3f023cf14?project=sage-mind-489618-n5&region=us-central1\ngcloud dataproc jobs wait \'39e9e033-36ac-4e86-bb6a-40c3f023cf14\' --region \'us-central1\' --project \'sage-mind-489618-n5\'\nhttps://console.cloud.google.com/storage/browser/dataproc-staging-us-central1-47706975998-p2ulnh4c/google-cloud-dataproc-metainfo/768885e3-87d1-43d8-97b5-9d11eaa50d56/jobs/39e9e033-36ac-4e86-bb6a-40c3f023cf14/\ngs://dataproc-staging-us-central1-47706975998-p2ulnh4c/google-cloud-dataproc-metainfo/768885e3-87d1-43d8-97b5-9d11eaa50d56/jobs/39e9e033-36ac-4e86-bb6a-40c3f023cf14/driveroutput.*"
  state_start_time {
    seconds: 1780945361
    nanos: 66256000
  }
}
status_history {
  state: PENDING
  state_start_time {
    seconds: 1780945139
    nanos: 512929000
  }
}
status_history {
  state: SETUP_DONE
  state_start_time {
    seconds: 1780945139
    nanos: 591595000
  }
}
status_history {
  state: RUNNING
  state_start_time {
    seconds: 1780945139
    nanos: 986907000
  }
}
yarn_applications {
  name: "ChicagoCrime_Gold_Pipeline"
  state: FINISHED
  progress: 1
  tracking_url: "http://crime-etl-cluster-m.us-central1-a.c.sage-mind-489618-n5.internal.:8088/proxy/application_1780940125035_0011/"
}
driver_output_resource_uri: "gs://dataproc-staging-us-central1-47706975998-p2ulnh4c/google-cloud-dataproc-metainfo/768885e3-87d1-43d8-97b5-9d11eaa50d56/jobs/39e9e033-36ac-4e86-bb6a-40c3f023cf14/driveroutput"
driver_control_files_uri: "gs://dataproc-staging-us-central1-47706975998-p2ulnh4c/google-cloud-dataproc-metainfo/768885e3-87d1-43d8-97b5-9d11eaa50d56/jobs/39e9e033-36ac-4e86-bb6a-40c3f023cf14/"
job_uuid: "39e9e033-36ac-4e86-bb6a-40c3f023cf14"
done: true
; 4868)
[2026-06-08T19:02:46.564+0000] {local_task_job_runner.py:234} INFO - Task exited with return code 1
[2026-06-08T19:02:46.596+0000] {taskinstance.py:3280} INFO - 1 downstream tasks scheduled from follow-on schedule check
