[2026-06-08T18:35:01.032+0000] {taskinstance.py:1956} INFO - Dependencies all met for dep_context=non-requeueable deps ti=<TaskInstance: crime_analytics_pipeline.etl_gold manual__2026-06-08T17:06:51.122721+00:00 [queued]>
[2026-06-08T18:35:01.042+0000] {taskinstance.py:1956} INFO - Dependencies all met for dep_context=requeueable deps ti=<TaskInstance: crime_analytics_pipeline.etl_gold manual__2026-06-08T17:06:51.122721+00:00 [queued]>
[2026-06-08T18:35:01.043+0000] {taskinstance.py:2170} INFO - Starting attempt 2 of 3
[2026-06-08T18:35:01.058+0000] {taskinstance.py:2191} INFO - Executing <Task(DataprocSubmitJobOperator): etl_gold> on 2026-06-08 17:06:51.122721+00:00
[2026-06-08T18:35:01.069+0000] {standard_task_runner.py:60} INFO - Started process 3279 to run task
[2026-06-08T18:35:01.073+0000] {standard_task_runner.py:87} INFO - Running: ['***', 'tasks', 'run', 'crime_analytics_pipeline', 'etl_gold', 'manual__2026-06-08T17:06:51.122721+00:00', '--job-id', '744', '--raw', '--subdir', 'DAGS_FOLDER/dag_crime_pipeline.py', '--cfg-path', '/tmp/tmpy6x87zi5']
[2026-06-08T18:35:01.076+0000] {standard_task_runner.py:88} INFO - Job 744: Subtask etl_gold
[2026-06-08T18:35:01.146+0000] {task_command.py:423} INFO - Running <TaskInstance: crime_analytics_pipeline.etl_gold manual__2026-06-08T17:06:51.122721+00:00 [running]> on host d26a8a58ef02
[2026-06-08T18:35:01.246+0000] {taskinstance.py:2480} INFO - Exporting env vars: AIRFLOW_CTX_DAG_EMAIL='cdash-alerts@example.com' AIRFLOW_CTX_DAG_OWNER='crime-analytics' AIRFLOW_CTX_DAG_ID='crime_analytics_pipeline' AIRFLOW_CTX_TASK_ID='etl_gold' AIRFLOW_CTX_EXECUTION_DATE='2026-06-08T17:06:51.122721+00:00' AIRFLOW_CTX_TRY_NUMBER='2' AIRFLOW_CTX_DAG_RUN_ID='manual__2026-06-08T17:06:51.122721+00:00'
[2026-06-08T18:35:01.248+0000] {dataproc.py:2208} INFO - Submitting job
[2026-06-08T18:35:01.264+0000] {connection.py:234} WARNING - Connection schemes (type: google_cloud_platform) shall not contain '_' according to RFC3986.
[2026-06-08T18:35:01.266+0000] {base.py:83} INFO - Using connection ID 'google_cloud_default' for task execution.
[2026-06-08T18:35:03.102+0000] {dataproc.py:2220} INFO - Job 002638c3-d33e-4937-9d7d-a3d70f35e58f submitted successfully.
[2026-06-08T18:35:03.120+0000] {dataproc.py:2254} INFO - Waiting for job 002638c3-d33e-4937-9d7d-a3d70f35e58f to complete
[2026-06-08T18:36:20.442+0000] {local_task_job_runner.py:302} WARNING - State of this instance has been externally set to restarting. Terminating instance.
[2026-06-08T18:36:20.448+0000] {process_utils.py:131} INFO - Sending 15 to group 3279. PIDs of all processes in the group: [3279]
[2026-06-08T18:36:20.448+0000] {process_utils.py:86} INFO - Sending the signal 15 to group 3279
[2026-06-08T18:36:20.449+0000] {taskinstance.py:2450} ERROR - Received SIGTERM. Terminating subprocesses.
[2026-06-08T18:36:23.507+0000] {taskinstance.py:2698} ERROR - Task failed with exception
Traceback (most recent call last):
  File "/home/airflow/.local/lib/python3.11/site-packages/airflow/models/taskinstance.py", line 433, in _execute_task
    result = execute_callable(context=context, **execute_callable_kwargs)
             ^^^^^^^^^^^^^^^^^^^^^^^^^^^^^^^^^^^^^^^^^^^^^^^^^^^^^^^^^^^^
  File "/home/airflow/.local/lib/python3.11/site-packages/airflow/providers/google/cloud/operators/dataproc.py", line 2255, in execute
    self.hook.wait_for_job(
  File "/home/airflow/.local/lib/python3.11/site-packages/airflow/providers/google/common/hooks/base_google.py", line 477, in inner_wrapper
    return func(self, *args, **kwargs)
           ^^^^^^^^^^^^^^^^^^^^^^^^^^^
  File "/home/airflow/.local/lib/python3.11/site-packages/airflow/providers/google/cloud/hooks/dataproc.py", line 716, in wait_for_job
    time.sleep(wait_time)
  File "/home/airflow/.local/lib/python3.11/site-packages/airflow/models/taskinstance.py", line 2452, in signal_handler
    raise AirflowException("Task received SIGTERM signal")
airflow.exceptions.AirflowException: Task received SIGTERM signal
[2026-06-08T18:36:23.566+0000] {taskinstance.py:1138} INFO - Marking task as UP_FOR_RETRY. dag_id=crime_analytics_pipeline, task_id=etl_gold, execution_date=20260608T170651, start_date=20260608T183501, end_date=20260608T183623
[2026-06-08T18:36:23.583+0000] {standard_task_runner.py:107} ERROR - Failed to execute job 744 for task etl_gold (Task received SIGTERM signal; 3279)
[2026-06-08T18:36:23.634+0000] {process_utils.py:79} INFO - Process psutil.Process(pid=3279, status='terminated', exitcode=1, started='18:35:00') (3279) terminated with exit code 1
