[2026-06-08T19:35:16.724+0000] {taskinstance.py:1956} INFO - Dependencies all met for dep_context=non-requeueable deps ti=<TaskInstance: crime_analytics_pipeline.etl_gold manual__2026-06-08T17:06:51.122721+00:00 [queued]>
[2026-06-08T19:35:16.734+0000] {taskinstance.py:1956} INFO - Dependencies all met for dep_context=requeueable deps ti=<TaskInstance: crime_analytics_pipeline.etl_gold manual__2026-06-08T17:06:51.122721+00:00 [queued]>
[2026-06-08T19:35:16.735+0000] {taskinstance.py:2170} INFO - Starting attempt 7 of 8
[2026-06-08T19:35:16.751+0000] {taskinstance.py:2191} INFO - Executing <Task(DataprocSubmitJobOperator): etl_gold> on 2026-06-08 17:06:51.122721+00:00
[2026-06-08T19:35:16.759+0000] {standard_task_runner.py:60} INFO - Started process 7115 to run task
[2026-06-08T19:35:16.762+0000] {standard_task_runner.py:87} INFO - Running: ['***', 'tasks', 'run', 'crime_analytics_pipeline', 'etl_gold', 'manual__2026-06-08T17:06:51.122721+00:00', '--job-id', '761', '--raw', '--subdir', 'DAGS_FOLDER/dag_crime_pipeline.py', '--cfg-path', '/tmp/tmpd_h9nfng']
[2026-06-08T19:35:16.765+0000] {standard_task_runner.py:88} INFO - Job 761: Subtask etl_gold
[2026-06-08T19:35:16.824+0000] {task_command.py:423} INFO - Running <TaskInstance: crime_analytics_pipeline.etl_gold manual__2026-06-08T17:06:51.122721+00:00 [running]> on host d26a8a58ef02
[2026-06-08T19:35:16.919+0000] {taskinstance.py:2480} INFO - Exporting env vars: AIRFLOW_CTX_DAG_EMAIL='cdash-alerts@example.com' AIRFLOW_CTX_DAG_OWNER='crime-analytics' AIRFLOW_CTX_DAG_ID='crime_analytics_pipeline' AIRFLOW_CTX_TASK_ID='etl_gold' AIRFLOW_CTX_EXECUTION_DATE='2026-06-08T17:06:51.122721+00:00' AIRFLOW_CTX_TRY_NUMBER='7' AIRFLOW_CTX_DAG_RUN_ID='manual__2026-06-08T17:06:51.122721+00:00'
[2026-06-08T19:35:16.921+0000] {dataproc.py:2208} INFO - Submitting job
[2026-06-08T19:35:16.933+0000] {connection.py:234} WARNING - Connection schemes (type: google_cloud_platform) shall not contain '_' according to RFC3986.
[2026-06-08T19:35:16.934+0000] {base.py:83} INFO - Using connection ID 'google_cloud_default' for task execution.
[2026-06-08T19:35:18.702+0000] {dataproc.py:2220} INFO - Job e63ccb88-84e8-4e0c-99aa-01204e0a6114 submitted successfully.
[2026-06-08T19:35:18.724+0000] {dataproc.py:2254} INFO - Waiting for job e63ccb88-84e8-4e0c-99aa-01204e0a6114 to complete
[2026-06-08T19:39:08.178+0000] {taskinstance.py:2698} ERROR - Task failed with exception
Traceback (most recent call last):
  File "/home/airflow/.local/lib/python3.11/site-packages/airflow/models/taskinstance.py", line 433, in _execute_task
    result = execute_callable(context=context, **execute_callable_kwargs)
             ^^^^^^^^^^^^^^^^^^^^^^^^^^^^^^^^^^^^^^^^^^^^^^^^^^^^^^^^^^^^
  File "/home/airflow/.local/lib/python3.11/site-packages/airflow/providers/google/cloud/operators/dataproc.py", line 2255, in execute
    self.hook.wait_for_job(
  File "/home/airflow/.local/lib/python3.11/site-packages/airflow/providers/google/common/hooks/base_google.py", line 477, in inner_wrapper
    return func(self, *args, **kwargs)
           ^^^^^^^^^^^^^^^^^^^^^^^^^^^
  File "/home/airflow/.local/lib/python3.11/site-packages/airflow/providers/google/cloud/hooks/dataproc.py", line 724, in wait_for_job
    raise AirflowException(f"Job failed:\n{job}")
airflow.exceptions.AirflowException: Job failed:
reference {
  project_id: "sage-mind-489618-n5"
  job_id: "e63ccb88-84e8-4e0c-99aa-01204e0a6114"
}
placement {
  cluster_name: "crime-etl-cluster"
  cluster_uuid: "840de6a1-e86e-4fb3-bdeb-fe639697f83f"
}
pyspark_job {
  main_python_file_uri: "gs://chicago-crime-raw-group15/scripts/stage4_gold_main.py"
  args: "--mode=append"
  args: "--project=sage-mind-489618-n5"
  args: "--dataset=cdash_warehouse"
  args: "--bucket=chicago-crime-raw-group15"
  python_file_uris: "gs://chicago-crime-raw-group15/scripts/utils.zip"
  python_file_uris: "gs://chicago-crime-raw-group15/scripts/stage4_gold.zip"
  properties {
    key: "spark.jars.packages"
    value: "com.google.cloud.spark:spark-bigquery-with-dependencies_2.12:0.32.2"
  }
}
status {
  state: ERROR
  details: "Google Cloud Dataproc Agent reports job failure. If logs are available, they can be found at:\nhttps://console.cloud.google.com/dataproc/jobs/e63ccb88-84e8-4e0c-99aa-01204e0a6114?project=sage-mind-489618-n5&region=us-central1\ngcloud dataproc jobs wait \'e63ccb88-84e8-4e0c-99aa-01204e0a6114\' --region \'us-central1\' --project \'sage-mind-489618-n5\'\nhttps://console.cloud.google.com/storage/browser/dataproc-staging-us-central1-47706975998-p2ulnh4c/google-cloud-dataproc-metainfo/840de6a1-e86e-4fb3-bdeb-fe639697f83f/jobs/e63ccb88-84e8-4e0c-99aa-01204e0a6114/\ngs://dataproc-staging-us-central1-47706975998-p2ulnh4c/google-cloud-dataproc-metainfo/840de6a1-e86e-4fb3-bdeb-fe639697f83f/jobs/e63ccb88-84e8-4e0c-99aa-01204e0a6114/driveroutput.*"
  state_start_time {
    seconds: 1780947548
    nanos: 583014000
  }
}
status_history {
  state: PENDING
  state_start_time {
    seconds: 1780947318
    nanos: 799326000
  }
}
status_history {
  state: SETUP_DONE
  state_start_time {
    seconds: 1780947318
    nanos: 968313000
  }
}
status_history {
  state: RUNNING
  state_start_time {
    seconds: 1780947319
    nanos: 379219000
  }
}
yarn_applications {
  name: "ChicagoCrime_Gold_Pipeline"
  state: FINISHED
  progress: 1
  tracking_url: "http://crime-etl-cluster-m.us-central1-a.c.sage-mind-489618-n5.internal.:8088/proxy/application_1780946289344_0004/"
}
driver_output_resource_uri: "gs://dataproc-staging-us-central1-47706975998-p2ulnh4c/google-cloud-dataproc-metainfo/840de6a1-e86e-4fb3-bdeb-fe639697f83f/jobs/e63ccb88-84e8-4e0c-99aa-01204e0a6114/driveroutput"
driver_control_files_uri: "gs://dataproc-staging-us-central1-47706975998-p2ulnh4c/google-cloud-dataproc-metainfo/840de6a1-e86e-4fb3-bdeb-fe639697f83f/jobs/e63ccb88-84e8-4e0c-99aa-01204e0a6114/"
job_uuid: "e63ccb88-84e8-4e0c-99aa-01204e0a6114"
done: true

[2026-06-08T19:39:08.214+0000] {taskinstance.py:1138} INFO - Marking task as UP_FOR_RETRY. dag_id=crime_analytics_pipeline, task_id=etl_gold, execution_date=20260608T170651, start_date=20260608T193516, end_date=20260608T193908
[2026-06-08T19:39:08.230+0000] {standard_task_runner.py:107} ERROR - Failed to execute job 761 for task etl_gold (Job failed:
reference {
  project_id: "sage-mind-489618-n5"
  job_id: "e63ccb88-84e8-4e0c-99aa-01204e0a6114"
}
placement {
  cluster_name: "crime-etl-cluster"
  cluster_uuid: "840de6a1-e86e-4fb3-bdeb-fe639697f83f"
}
pyspark_job {
  main_python_file_uri: "gs://chicago-crime-raw-group15/scripts/stage4_gold_main.py"
  args: "--mode=append"
  args: "--project=sage-mind-489618-n5"
  args: "--dataset=cdash_warehouse"
  args: "--bucket=chicago-crime-raw-group15"
  python_file_uris: "gs://chicago-crime-raw-group15/scripts/utils.zip"
  python_file_uris: "gs://chicago-crime-raw-group15/scripts/stage4_gold.zip"
  properties {
    key: "spark.jars.packages"
    value: "com.google.cloud.spark:spark-bigquery-with-dependencies_2.12:0.32.2"
  }
}
status {
  state: ERROR
  details: "Google Cloud Dataproc Agent reports job failure. If logs are available, they can be found at:\nhttps://console.cloud.google.com/dataproc/jobs/e63ccb88-84e8-4e0c-99aa-01204e0a6114?project=sage-mind-489618-n5&region=us-central1\ngcloud dataproc jobs wait \'e63ccb88-84e8-4e0c-99aa-01204e0a6114\' --region \'us-central1\' --project \'sage-mind-489618-n5\'\nhttps://console.cloud.google.com/storage/browser/dataproc-staging-us-central1-47706975998-p2ulnh4c/google-cloud-dataproc-metainfo/840de6a1-e86e-4fb3-bdeb-fe639697f83f/jobs/e63ccb88-84e8-4e0c-99aa-01204e0a6114/\ngs://dataproc-staging-us-central1-47706975998-p2ulnh4c/google-cloud-dataproc-metainfo/840de6a1-e86e-4fb3-bdeb-fe639697f83f/jobs/e63ccb88-84e8-4e0c-99aa-01204e0a6114/driveroutput.*"
  state_start_time {
    seconds: 1780947548
    nanos: 583014000
  }
}
status_history {
  state: PENDING
  state_start_time {
    seconds: 1780947318
    nanos: 799326000
  }
}
status_history {
  state: SETUP_DONE
  state_start_time {
    seconds: 1780947318
    nanos: 968313000
  }
}
status_history {
  state: RUNNING
  state_start_time {
    seconds: 1780947319
    nanos: 379219000
  }
}
yarn_applications {
  name: "ChicagoCrime_Gold_Pipeline"
  state: FINISHED
  progress: 1
  tracking_url: "http://crime-etl-cluster-m.us-central1-a.c.sage-mind-489618-n5.internal.:8088/proxy/application_1780946289344_0004/"
}
driver_output_resource_uri: "gs://dataproc-staging-us-central1-47706975998-p2ulnh4c/google-cloud-dataproc-metainfo/840de6a1-e86e-4fb3-bdeb-fe639697f83f/jobs/e63ccb88-84e8-4e0c-99aa-01204e0a6114/driveroutput"
driver_control_files_uri: "gs://dataproc-staging-us-central1-47706975998-p2ulnh4c/google-cloud-dataproc-metainfo/840de6a1-e86e-4fb3-bdeb-fe639697f83f/jobs/e63ccb88-84e8-4e0c-99aa-01204e0a6114/"
job_uuid: "e63ccb88-84e8-4e0c-99aa-01204e0a6114"
done: true
; 7115)
[2026-06-08T19:39:08.283+0000] {local_task_job_runner.py:234} INFO - Task exited with return code 1
[2026-06-08T19:39:08.312+0000] {taskinstance.py:3280} INFO - 0 downstream tasks scheduled from follow-on schedule check
