[2026-06-05T17:42:59.175+0000] {taskinstance.py:1956} INFO - Dependencies all met for dep_context=non-requeueable deps ti=<TaskInstance: crime_analytics_pipeline.ingest_poi manual__2026-06-05T17:42:56.298855+00:00 [queued]>
[2026-06-05T17:42:59.185+0000] {taskinstance.py:1956} INFO - Dependencies all met for dep_context=requeueable deps ti=<TaskInstance: crime_analytics_pipeline.ingest_poi manual__2026-06-05T17:42:56.298855+00:00 [queued]>
[2026-06-05T17:42:59.185+0000] {taskinstance.py:2170} INFO - Starting attempt 1 of 2
[2026-06-05T17:42:59.203+0000] {taskinstance.py:2191} INFO - Executing <Task(PythonOperator): ingest_poi> on 2026-06-05 17:42:56.298855+00:00
[2026-06-05T17:42:59.215+0000] {standard_task_runner.py:60} INFO - Started process 366 to run task
[2026-06-05T17:42:59.220+0000] {standard_task_runner.py:87} INFO - Running: ['***', 'tasks', 'run', 'crime_analytics_pipeline', 'ingest_poi', 'manual__2026-06-05T17:42:56.298855+00:00', '--job-id', '506', '--raw', '--subdir', 'DAGS_FOLDER/dag_crime_pipeline.py', '--cfg-path', '/tmp/tmpc3tecjnd']
[2026-06-05T17:42:59.225+0000] {standard_task_runner.py:88} INFO - Job 506: Subtask ingest_poi
[2026-06-05T17:42:59.306+0000] {task_command.py:423} INFO - Running <TaskInstance: crime_analytics_pipeline.ingest_poi manual__2026-06-05T17:42:56.298855+00:00 [running]> on host db8b8170dea9
[2026-06-05T17:42:59.424+0000] {taskinstance.py:2480} INFO - Exporting env vars: AIRFLOW_CTX_DAG_EMAIL='cdash-alerts@example.com' AIRFLOW_CTX_DAG_OWNER='crime-analytics' AIRFLOW_CTX_DAG_ID='crime_analytics_pipeline' AIRFLOW_CTX_TASK_ID='ingest_poi' AIRFLOW_CTX_EXECUTION_DATE='2026-06-05T17:42:56.298855+00:00' AIRFLOW_CTX_TRY_NUMBER='1' AIRFLOW_CTX_DAG_RUN_ID='manual__2026-06-05T17:42:56.298855+00:00'
[2026-06-05T17:43:03.584+0000] {logging_mixin.py:188} WARNING - /opt/***/dags/dag_crime_pipeline.py:271 UserWarning: Geometry is in a geographic CRS. Results from 'centroid' are likely incorrect. Use 'GeoSeries.to_crs()' to re-project geometries to a projected CRS before this operation.
[2026-06-05T17:43:03.595+0000] {logging_mixin.py:188} WARNING - /opt/***/dags/dag_crime_pipeline.py:272 UserWarning: Geometry is in a geographic CRS. Results from 'centroid' are likely incorrect. Use 'GeoSeries.to_crs()' to re-project geometries to a projected CRS before this operation.
[2026-06-05T17:43:03.902+0000] {logging_mixin.py:188} WARNING - /opt/***/dags/dag_crime_pipeline.py:271 UserWarning: Geometry is in a geographic CRS. Results from 'centroid' are likely incorrect. Use 'GeoSeries.to_crs()' to re-project geometries to a projected CRS before this operation.
[2026-06-05T17:43:03.912+0000] {logging_mixin.py:188} WARNING - /opt/***/dags/dag_crime_pipeline.py:272 UserWarning: Geometry is in a geographic CRS. Results from 'centroid' are likely incorrect. Use 'GeoSeries.to_crs()' to re-project geometries to a projected CRS before this operation.
[2026-06-05T17:43:04.437+0000] {logging_mixin.py:188} WARNING - /opt/***/dags/dag_crime_pipeline.py:271 UserWarning: Geometry is in a geographic CRS. Results from 'centroid' are likely incorrect. Use 'GeoSeries.to_crs()' to re-project geometries to a projected CRS before this operation.
[2026-06-05T17:43:04.448+0000] {logging_mixin.py:188} WARNING - /opt/***/dags/dag_crime_pipeline.py:272 UserWarning: Geometry is in a geographic CRS. Results from 'centroid' are likely incorrect. Use 'GeoSeries.to_crs()' to re-project geometries to a projected CRS before this operation.
[2026-06-05T17:43:04.734+0000] {logging_mixin.py:188} WARNING - /opt/***/dags/dag_crime_pipeline.py:271 UserWarning: Geometry is in a geographic CRS. Results from 'centroid' are likely incorrect. Use 'GeoSeries.to_crs()' to re-project geometries to a projected CRS before this operation.
[2026-06-05T17:43:04.746+0000] {logging_mixin.py:188} WARNING - /opt/***/dags/dag_crime_pipeline.py:272 UserWarning: Geometry is in a geographic CRS. Results from 'centroid' are likely incorrect. Use 'GeoSeries.to_crs()' to re-project geometries to a projected CRS before this operation.
[2026-06-05T17:43:06.157+0000] {python.py:201} INFO - Done. Returned value was: None
[2026-06-05T17:43:06.175+0000] {taskinstance.py:1138} INFO - Marking task as SUCCESS. dag_id=crime_analytics_pipeline, task_id=ingest_poi, execution_date=20260605T174256, start_date=20260605T174259, end_date=20260605T174306
[2026-06-05T17:43:06.269+0000] {local_task_job_runner.py:234} INFO - Task exited with return code 0
[2026-06-05T17:43:06.301+0000] {taskinstance.py:3280} INFO - 0 downstream tasks scheduled from follow-on schedule check
