[2026-06-05T21:19:31.333+0000] {taskinstance.py:1956} INFO - Dependencies all met for dep_context=non-requeueable deps ti=<TaskInstance: crime_analytics_pipeline.ingest_poi manual__2026-06-05T17:42:56.298855+00:00 [queued]>
[2026-06-05T21:19:31.340+0000] {taskinstance.py:1956} INFO - Dependencies all met for dep_context=requeueable deps ti=<TaskInstance: crime_analytics_pipeline.ingest_poi manual__2026-06-05T17:42:56.298855+00:00 [queued]>
[2026-06-05T21:19:31.341+0000] {taskinstance.py:2170} INFO - Starting attempt 2 of 3
[2026-06-05T21:19:31.355+0000] {taskinstance.py:2191} INFO - Executing <Task(PythonOperator): ingest_poi> on 2026-06-05 17:42:56.298855+00:00
[2026-06-05T21:19:31.368+0000] {standard_task_runner.py:60} INFO - Started process 6510 to run task
[2026-06-05T21:19:31.373+0000] {standard_task_runner.py:87} INFO - Running: ['***', 'tasks', 'run', 'crime_analytics_pipeline', 'ingest_poi', 'manual__2026-06-05T17:42:56.298855+00:00', '--job-id', '535', '--raw', '--subdir', 'DAGS_FOLDER/dag_crime_pipeline.py', '--cfg-path', '/tmp/tmpmmu4ja9s']
[2026-06-05T21:19:31.378+0000] {standard_task_runner.py:88} INFO - Job 535: Subtask ingest_poi
[2026-06-05T21:19:31.448+0000] {task_command.py:423} INFO - Running <TaskInstance: crime_analytics_pipeline.ingest_poi manual__2026-06-05T17:42:56.298855+00:00 [running]> on host db8b8170dea9
[2026-06-05T21:19:31.558+0000] {taskinstance.py:2480} INFO - Exporting env vars: AIRFLOW_CTX_DAG_EMAIL='cdash-alerts@example.com' AIRFLOW_CTX_DAG_OWNER='crime-analytics' AIRFLOW_CTX_DAG_ID='crime_analytics_pipeline' AIRFLOW_CTX_TASK_ID='ingest_poi' AIRFLOW_CTX_EXECUTION_DATE='2026-06-05T17:42:56.298855+00:00' AIRFLOW_CTX_TRY_NUMBER='2' AIRFLOW_CTX_DAG_RUN_ID='manual__2026-06-05T17:42:56.298855+00:00'
[2026-06-05T21:19:35.412+0000] {logging_mixin.py:188} WARNING - /opt/***/dags/dag_crime_pipeline.py:271 UserWarning: Geometry is in a geographic CRS. Results from 'centroid' are likely incorrect. Use 'GeoSeries.to_crs()' to re-project geometries to a projected CRS before this operation.
[2026-06-05T21:19:35.421+0000] {logging_mixin.py:188} WARNING - /opt/***/dags/dag_crime_pipeline.py:272 UserWarning: Geometry is in a geographic CRS. Results from 'centroid' are likely incorrect. Use 'GeoSeries.to_crs()' to re-project geometries to a projected CRS before this operation.
[2026-06-05T21:19:35.712+0000] {logging_mixin.py:188} WARNING - /opt/***/dags/dag_crime_pipeline.py:271 UserWarning: Geometry is in a geographic CRS. Results from 'centroid' are likely incorrect. Use 'GeoSeries.to_crs()' to re-project geometries to a projected CRS before this operation.
[2026-06-05T21:19:35.722+0000] {logging_mixin.py:188} WARNING - /opt/***/dags/dag_crime_pipeline.py:272 UserWarning: Geometry is in a geographic CRS. Results from 'centroid' are likely incorrect. Use 'GeoSeries.to_crs()' to re-project geometries to a projected CRS before this operation.
[2026-06-05T21:19:36.175+0000] {logging_mixin.py:188} WARNING - /opt/***/dags/dag_crime_pipeline.py:271 UserWarning: Geometry is in a geographic CRS. Results from 'centroid' are likely incorrect. Use 'GeoSeries.to_crs()' to re-project geometries to a projected CRS before this operation.
[2026-06-05T21:19:36.185+0000] {logging_mixin.py:188} WARNING - /opt/***/dags/dag_crime_pipeline.py:272 UserWarning: Geometry is in a geographic CRS. Results from 'centroid' are likely incorrect. Use 'GeoSeries.to_crs()' to re-project geometries to a projected CRS before this operation.
[2026-06-05T21:19:36.440+0000] {logging_mixin.py:188} WARNING - /opt/***/dags/dag_crime_pipeline.py:271 UserWarning: Geometry is in a geographic CRS. Results from 'centroid' are likely incorrect. Use 'GeoSeries.to_crs()' to re-project geometries to a projected CRS before this operation.
[2026-06-05T21:19:36.448+0000] {logging_mixin.py:188} WARNING - /opt/***/dags/dag_crime_pipeline.py:272 UserWarning: Geometry is in a geographic CRS. Results from 'centroid' are likely incorrect. Use 'GeoSeries.to_crs()' to re-project geometries to a projected CRS before this operation.
[2026-06-05T21:19:37.751+0000] {python.py:201} INFO - Done. Returned value was: None
[2026-06-05T21:19:37.766+0000] {taskinstance.py:1138} INFO - Marking task as SUCCESS. dag_id=crime_analytics_pipeline, task_id=ingest_poi, execution_date=20260605T174256, start_date=20260605T211931, end_date=20260605T211937
[2026-06-05T21:19:37.896+0000] {local_task_job_runner.py:234} INFO - Task exited with return code 0
[2026-06-05T21:19:37.922+0000] {taskinstance.py:3280} INFO - 0 downstream tasks scheduled from follow-on schedule check
