[2026-05-26T19:37:53.734+0000] {taskinstance.py:1956} INFO - Dependencies all met for dep_context=non-requeueable deps ti=<TaskInstance: crime_analytics_pipeline.etl_bronze manual__2026-05-26T19:33:08.344386+00:00 [queued]>
[2026-05-26T19:37:53.746+0000] {taskinstance.py:1956} INFO - Dependencies all met for dep_context=requeueable deps ti=<TaskInstance: crime_analytics_pipeline.etl_bronze manual__2026-05-26T19:33:08.344386+00:00 [queued]>
[2026-05-26T19:37:53.748+0000] {taskinstance.py:2170} INFO - Starting attempt 1 of 2
[2026-05-26T19:37:53.762+0000] {taskinstance.py:2191} INFO - Executing <Task(DataprocSubmitJobOperator): etl_bronze> on 2026-05-26 19:33:08.344386+00:00
[2026-05-26T19:37:53.772+0000] {standard_task_runner.py:60} INFO - Started process 1956 to run task
[2026-05-26T19:37:53.777+0000] {standard_task_runner.py:87} INFO - Running: ['***', 'tasks', 'run', 'crime_analytics_pipeline', 'etl_bronze', 'manual__2026-05-26T19:33:08.344386+00:00', '--job-id', '102', '--raw', '--subdir', 'DAGS_FOLDER/dag_crime_pipeline.py', '--cfg-path', '/tmp/tmp3tchoox5']
[2026-05-26T19:37:53.781+0000] {standard_task_runner.py:88} INFO - Job 102: Subtask etl_bronze
[2026-05-26T19:37:53.857+0000] {task_command.py:423} INFO - Running <TaskInstance: crime_analytics_pipeline.etl_bronze manual__2026-05-26T19:33:08.344386+00:00 [running]> on host 93e8dbfc6168
[2026-05-26T19:37:53.961+0000] {taskinstance.py:2480} INFO - Exporting env vars: AIRFLOW_CTX_DAG_EMAIL='cdash-alerts@example.com' AIRFLOW_CTX_DAG_OWNER='crime-analytics' AIRFLOW_CTX_DAG_ID='crime_analytics_pipeline' AIRFLOW_CTX_TASK_ID='etl_bronze' AIRFLOW_CTX_EXECUTION_DATE='2026-05-26T19:33:08.344386+00:00' AIRFLOW_CTX_TRY_NUMBER='1' AIRFLOW_CTX_DAG_RUN_ID='manual__2026-05-26T19:33:08.344386+00:00'
[2026-05-26T19:37:53.963+0000] {dataproc.py:2208} INFO - Submitting job
[2026-05-26T19:37:53.981+0000] {connection.py:234} WARNING - Connection schemes (type: google_cloud_platform) shall not contain '_' according to RFC3986.
[2026-05-26T19:37:53.983+0000] {base.py:83} INFO - Using connection ID 'google_cloud_default' for task execution.
[2026-05-26T19:37:55.791+0000] {dataproc.py:2220} INFO - Job 62db487f-74c9-41e3-8e43-5e009ffdca4e submitted successfully.
[2026-05-26T19:37:55.836+0000] {dataproc.py:2254} INFO - Waiting for job 62db487f-74c9-41e3-8e43-5e009ffdca4e to complete
[2026-05-26T19:38:57.040+0000] {taskinstance.py:2698} ERROR - Task failed with exception
Traceback (most recent call last):
  File "/home/airflow/.local/lib/python3.11/site-packages/airflow/models/taskinstance.py", line 433, in _execute_task
    result = execute_callable(context=context, **execute_callable_kwargs)
             ^^^^^^^^^^^^^^^^^^^^^^^^^^^^^^^^^^^^^^^^^^^^^^^^^^^^^^^^^^^^
  File "/home/airflow/.local/lib/python3.11/site-packages/airflow/providers/google/cloud/operators/dataproc.py", line 2255, in execute
    self.hook.wait_for_job(
  File "/home/airflow/.local/lib/python3.11/site-packages/airflow/providers/google/common/hooks/base_google.py", line 477, in inner_wrapper
    return func(self, *args, **kwargs)
           ^^^^^^^^^^^^^^^^^^^^^^^^^^^
  File "/home/airflow/.local/lib/python3.11/site-packages/airflow/providers/google/cloud/hooks/dataproc.py", line 724, in wait_for_job
    raise AirflowException(f"Job failed:\n{job}")
airflow.exceptions.AirflowException: Job failed:
reference {
  project_id: "sage-mind-489618-n5"
  job_id: "62db487f-74c9-41e3-8e43-5e009ffdca4e"
}
placement {
  cluster_name: "crime-etl-cluster"
  cluster_uuid: "3cb12497-e9bd-420d-98c7-bffa3b8805a5"
}
pyspark_job {
  main_python_file_uri: "gs://chicago-crime-raw-group15/scripts/stage2_bronze/data_ingestion.py"
  args: "--env=prod"
  args: "--raw_path=gs://chicago-crime-raw-group15/data/raw/chicago_crime"
  args: "--bronze_path=gs://chicago-crime-raw-group15/data/bronze/chicago_crime"
  python_file_uris: "gs://chicago-crime-raw-group15/scripts/utils.zip"
  properties {
    key: "spark.jars.packages"
    value: "com.google.cloud.spark:spark-bigquery-with-dependencies_2.12:0.32.2"
  }
}
status {
  state: ERROR
  details: "Task not found"
  state_start_time {
    seconds: 1779824331
    nanos: 502610000
  }
}
status_history {
  state: PENDING
  state_start_time {
    seconds: 1779824276
    nanos: 384413000
  }
}
status_history {
  state: SETUP_DONE
  state_start_time {
    seconds: 1779824276
    nanos: 459249000
  }
}
status_history {
  state: RUNNING
  state_start_time {
    seconds: 1779824277
    nanos: 45875000
  }
}
driver_output_resource_uri: "gs://dataproc-staging-us-central1-47706975998-p2ulnh4c/google-cloud-dataproc-metainfo/3cb12497-e9bd-420d-98c7-bffa3b8805a5/jobs/62db487f-74c9-41e3-8e43-5e009ffdca4e/driveroutput"
driver_control_files_uri: "gs://dataproc-staging-us-central1-47706975998-p2ulnh4c/google-cloud-dataproc-metainfo/3cb12497-e9bd-420d-98c7-bffa3b8805a5/jobs/62db487f-74c9-41e3-8e43-5e009ffdca4e/"
job_uuid: "62db487f-74c9-41e3-8e43-5e009ffdca4e"
done: true

[2026-05-26T19:38:57.046+0000] {taskinstance.py:1138} INFO - Marking task as UP_FOR_RETRY. dag_id=crime_analytics_pipeline, task_id=etl_bronze, execution_date=20260526T193308, start_date=20260526T193753, end_date=20260526T193857
[2026-05-26T19:38:57.060+0000] {standard_task_runner.py:107} ERROR - Failed to execute job 102 for task etl_bronze (Job failed:
reference {
  project_id: "sage-mind-489618-n5"
  job_id: "62db487f-74c9-41e3-8e43-5e009ffdca4e"
}
placement {
  cluster_name: "crime-etl-cluster"
  cluster_uuid: "3cb12497-e9bd-420d-98c7-bffa3b8805a5"
}
pyspark_job {
  main_python_file_uri: "gs://chicago-crime-raw-group15/scripts/stage2_bronze/data_ingestion.py"
  args: "--env=prod"
  args: "--raw_path=gs://chicago-crime-raw-group15/data/raw/chicago_crime"
  args: "--bronze_path=gs://chicago-crime-raw-group15/data/bronze/chicago_crime"
  python_file_uris: "gs://chicago-crime-raw-group15/scripts/utils.zip"
  properties {
    key: "spark.jars.packages"
    value: "com.google.cloud.spark:spark-bigquery-with-dependencies_2.12:0.32.2"
  }
}
status {
  state: ERROR
  details: "Task not found"
  state_start_time {
    seconds: 1779824331
    nanos: 502610000
  }
}
status_history {
  state: PENDING
  state_start_time {
    seconds: 1779824276
    nanos: 384413000
  }
}
status_history {
  state: SETUP_DONE
  state_start_time {
    seconds: 1779824276
    nanos: 459249000
  }
}
status_history {
  state: RUNNING
  state_start_time {
    seconds: 1779824277
    nanos: 45875000
  }
}
driver_output_resource_uri: "gs://dataproc-staging-us-central1-47706975998-p2ulnh4c/google-cloud-dataproc-metainfo/3cb12497-e9bd-420d-98c7-bffa3b8805a5/jobs/62db487f-74c9-41e3-8e43-5e009ffdca4e/driveroutput"
driver_control_files_uri: "gs://dataproc-staging-us-central1-47706975998-p2ulnh4c/google-cloud-dataproc-metainfo/3cb12497-e9bd-420d-98c7-bffa3b8805a5/jobs/62db487f-74c9-41e3-8e43-5e009ffdca4e/"
job_uuid: "62db487f-74c9-41e3-8e43-5e009ffdca4e"
done: true
; 1956)
[2026-05-26T19:38:57.078+0000] {local_task_job_runner.py:234} INFO - Task exited with return code 1
[2026-05-26T19:38:57.104+0000] {taskinstance.py:3280} INFO - 0 downstream tasks scheduled from follow-on schedule check
