[2026-06-07T18:09:58.213+0000] {taskinstance.py:1956} INFO - Dependencies all met for dep_context=non-requeueable deps ti=<TaskInstance: crime_analytics_pipeline.download_exports_local scheduled__2026-05-30T19:00:00+00:00 [queued]>
[2026-06-07T18:09:58.221+0000] {taskinstance.py:1956} INFO - Dependencies all met for dep_context=requeueable deps ti=<TaskInstance: crime_analytics_pipeline.download_exports_local scheduled__2026-05-30T19:00:00+00:00 [queued]>
[2026-06-07T18:09:58.222+0000] {taskinstance.py:2170} INFO - Starting attempt 3 of 3
[2026-06-07T18:09:58.239+0000] {taskinstance.py:2191} INFO - Executing <Task(PythonOperator): download_exports_local> on 2026-05-30 19:00:00+00:00
[2026-06-07T18:09:58.252+0000] {standard_task_runner.py:60} INFO - Started process 16146 to run task
[2026-06-07T18:09:58.257+0000] {standard_task_runner.py:87} INFO - Running: ['***', 'tasks', 'run', 'crime_analytics_pipeline', 'download_exports_local', 'scheduled__2026-05-30T19:00:00+00:00', '--job-id', '682', '--raw', '--subdir', 'DAGS_FOLDER/dag_crime_pipeline.py', '--cfg-path', '/tmp/tmpghqf7dgo']
[2026-06-07T18:09:58.261+0000] {standard_task_runner.py:88} INFO - Job 682: Subtask download_exports_local
[2026-06-07T18:09:58.334+0000] {task_command.py:423} INFO - Running <TaskInstance: crime_analytics_pipeline.download_exports_local scheduled__2026-05-30T19:00:00+00:00 [running]> on host d26a8a58ef02
[2026-06-07T18:09:58.442+0000] {taskinstance.py:2480} INFO - Exporting env vars: AIRFLOW_CTX_DAG_EMAIL='cdash-alerts@example.com' AIRFLOW_CTX_DAG_OWNER='crime-analytics' AIRFLOW_CTX_DAG_ID='crime_analytics_pipeline' AIRFLOW_CTX_TASK_ID='download_exports_local' AIRFLOW_CTX_EXECUTION_DATE='2026-05-30T19:00:00+00:00' AIRFLOW_CTX_TRY_NUMBER='3' AIRFLOW_CTX_DAG_RUN_ID='scheduled__2026-05-30T19:00:00+00:00'
[2026-06-07T18:09:58.449+0000] {taskinstance.py:2698} ERROR - Task failed with exception
Traceback (most recent call last):
  File "/home/airflow/.local/lib/python3.11/site-packages/urllib3/connection.py", line 203, in _new_conn
    sock = connection.create_connection(
           ^^^^^^^^^^^^^^^^^^^^^^^^^^^^^
  File "/home/airflow/.local/lib/python3.11/site-packages/urllib3/util/connection.py", line 85, in create_connection
    raise err
  File "/home/airflow/.local/lib/python3.11/site-packages/urllib3/util/connection.py", line 73, in create_connection
    sock.connect(sa)
ConnectionRefusedError: [Errno 111] Connection refused

The above exception was the direct cause of the following exception:

Traceback (most recent call last):
  File "/home/airflow/.local/lib/python3.11/site-packages/urllib3/connectionpool.py", line 791, in urlopen
    response = self._make_request(
               ^^^^^^^^^^^^^^^^^^^
  File "/home/airflow/.local/lib/python3.11/site-packages/urllib3/connectionpool.py", line 497, in _make_request
    conn.request(
  File "/home/airflow/.local/lib/python3.11/site-packages/urllib3/connection.py", line 395, in request
    self.endheaders()
  File "/usr/local/lib/python3.11/http/client.py", line 1293, in endheaders
    self._send_output(message_body, encode_chunked=encode_chunked)
  File "/usr/local/lib/python3.11/http/client.py", line 1052, in _send_output
    self.send(msg)
  File "/usr/local/lib/python3.11/http/client.py", line 990, in send
    self.connect()
  File "/home/airflow/.local/lib/python3.11/site-packages/urllib3/connection.py", line 243, in connect
    self.sock = self._new_conn()
                ^^^^^^^^^^^^^^^^
  File "/home/airflow/.local/lib/python3.11/site-packages/urllib3/connection.py", line 218, in _new_conn
    raise NewConnectionError(
urllib3.exceptions.NewConnectionError: <urllib3.connection.HTTPConnection object at 0x7ba7092259d0>: Failed to establish a new connection: [Errno 111] Connection refused

The above exception was the direct cause of the following exception:

Traceback (most recent call last):
  File "/home/airflow/.local/lib/python3.11/site-packages/requests/adapters.py", line 486, in send
    resp = conn.urlopen(
           ^^^^^^^^^^^^^
  File "/home/airflow/.local/lib/python3.11/site-packages/urllib3/connectionpool.py", line 845, in urlopen
    retries = retries.increment(
              ^^^^^^^^^^^^^^^^^^
  File "/home/airflow/.local/lib/python3.11/site-packages/urllib3/util/retry.py", line 515, in increment
    raise MaxRetryError(_pool, url, reason) from reason  # type: ignore[arg-type]
    ^^^^^^^^^^^^^^^^^^^^^^^^^^^^^^^^^^^^^^^^^^^^^^^^^^^
urllib3.exceptions.MaxRetryError: HTTPConnectionPool(host='localhost', port=3000): Max retries exceeded with url: /exports/crimes.geojson (Caused by NewConnectionError('<urllib3.connection.HTTPConnection object at 0x7ba7092259d0>: Failed to establish a new connection: [Errno 111] Connection refused'))

During handling of the above exception, another exception occurred:

Traceback (most recent call last):
  File "/home/airflow/.local/lib/python3.11/site-packages/airflow/models/taskinstance.py", line 433, in _execute_task
    result = execute_callable(context=context, **execute_callable_kwargs)
             ^^^^^^^^^^^^^^^^^^^^^^^^^^^^^^^^^^^^^^^^^^^^^^^^^^^^^^^^^^^^
  File "/home/airflow/.local/lib/python3.11/site-packages/airflow/operators/python.py", line 199, in execute
    return_value = self.execute_callable()
                   ^^^^^^^^^^^^^^^^^^^^^^^
  File "/home/airflow/.local/lib/python3.11/site-packages/airflow/operators/python.py", line 216, in execute_callable
    return self.python_callable(*self.op_args, **self.op_kwargs)
           ^^^^^^^^^^^^^^^^^^^^^^^^^^^^^^^^^^^^^^^^^^^^^^^^^^^^^
  File "/opt/airflow/dags/dag_crime_pipeline.py", line 332, in _download_exports
    r = requests.get(f"{base}/exports/{name}.geojson", timeout=120)
        ^^^^^^^^^^^^^^^^^^^^^^^^^^^^^^^^^^^^^^^^^^^^^^^^^^^^^^^^^^^
  File "/home/airflow/.local/lib/python3.11/site-packages/requests/api.py", line 73, in get
    return request("get", url, params=params, **kwargs)
           ^^^^^^^^^^^^^^^^^^^^^^^^^^^^^^^^^^^^^^^^^^^^
  File "/home/airflow/.local/lib/python3.11/site-packages/requests/api.py", line 59, in request
    return session.request(method=method, url=url, **kwargs)
           ^^^^^^^^^^^^^^^^^^^^^^^^^^^^^^^^^^^^^^^^^^^^^^^^^
  File "/home/airflow/.local/lib/python3.11/site-packages/requests/sessions.py", line 589, in request
    resp = self.send(prep, **send_kwargs)
           ^^^^^^^^^^^^^^^^^^^^^^^^^^^^^^
  File "/home/airflow/.local/lib/python3.11/site-packages/requests/sessions.py", line 703, in send
    r = adapter.send(request, **kwargs)
        ^^^^^^^^^^^^^^^^^^^^^^^^^^^^^^^
  File "/home/airflow/.local/lib/python3.11/site-packages/requests/adapters.py", line 519, in send
    raise ConnectionError(e, request=request)
requests.exceptions.ConnectionError: HTTPConnectionPool(host='localhost', port=3000): Max retries exceeded with url: /exports/crimes.geojson (Caused by NewConnectionError('<urllib3.connection.HTTPConnection object at 0x7ba7092259d0>: Failed to establish a new connection: [Errno 111] Connection refused'))
[2026-06-07T18:09:58.474+0000] {taskinstance.py:1138} INFO - Marking task as FAILED. dag_id=crime_analytics_pipeline, task_id=download_exports_local, execution_date=20260530T190000, start_date=20260607T180958, end_date=20260607T180958
[2026-06-07T18:09:58.486+0000] {standard_task_runner.py:107} ERROR - Failed to execute job 682 for task download_exports_local (HTTPConnectionPool(host='localhost', port=3000): Max retries exceeded with url: /exports/crimes.geojson (Caused by NewConnectionError('<urllib3.connection.HTTPConnection object at 0x7ba7092259d0>: Failed to establish a new connection: [Errno 111] Connection refused')); 16146)
[2026-06-07T18:09:58.511+0000] {local_task_job_runner.py:234} INFO - Task exited with return code 1
[2026-06-07T18:09:58.535+0000] {taskinstance.py:3280} INFO - 0 downstream tasks scheduled from follow-on schedule check
