[2026-05-27T16:38:29.742+0000] {taskinstance.py:1956} INFO - Dependencies all met for dep_context=non-requeueable deps ti=<TaskInstance: crime_analytics_pipeline.etl_gold manual__2026-05-27T16:16:57.988338+00:00 [queued]>
[2026-05-27T16:38:29.755+0000] {taskinstance.py:1956} INFO - Dependencies all met for dep_context=requeueable deps ti=<TaskInstance: crime_analytics_pipeline.etl_gold manual__2026-05-27T16:16:57.988338+00:00 [queued]>
[2026-05-27T16:38:29.756+0000] {taskinstance.py:2170} INFO - Starting attempt 2 of 2
[2026-05-27T16:38:29.772+0000] {taskinstance.py:2191} INFO - Executing <Task(DataprocSubmitJobOperator): etl_gold> on 2026-05-27 16:16:57.988338+00:00
[2026-05-27T16:38:29.784+0000] {standard_task_runner.py:60} INFO - Started process 1606 to run task
[2026-05-27T16:38:29.788+0000] {standard_task_runner.py:87} INFO - Running: ['***', 'tasks', 'run', 'crime_analytics_pipeline', 'etl_gold', 'manual__2026-05-27T16:16:57.988338+00:00', '--job-id', '186', '--raw', '--subdir', 'DAGS_FOLDER/dag_crime_pipeline.py', '--cfg-path', '/tmp/tmpbv1ewcpw']
[2026-05-27T16:38:29.792+0000] {standard_task_runner.py:88} INFO - Job 186: Subtask etl_gold
[2026-05-27T16:38:29.883+0000] {task_command.py:423} INFO - Running <TaskInstance: crime_analytics_pipeline.etl_gold manual__2026-05-27T16:16:57.988338+00:00 [running]> on host db8b8170dea9
[2026-05-27T16:38:30.010+0000] {taskinstance.py:2480} INFO - Exporting env vars: AIRFLOW_CTX_DAG_EMAIL='cdash-alerts@example.com' AIRFLOW_CTX_DAG_OWNER='crime-analytics' AIRFLOW_CTX_DAG_ID='crime_analytics_pipeline' AIRFLOW_CTX_TASK_ID='etl_gold' AIRFLOW_CTX_EXECUTION_DATE='2026-05-27T16:16:57.988338+00:00' AIRFLOW_CTX_TRY_NUMBER='2' AIRFLOW_CTX_DAG_RUN_ID='manual__2026-05-27T16:16:57.988338+00:00'
[2026-05-27T16:38:30.013+0000] {dataproc.py:2208} INFO - Submitting job
[2026-05-27T16:38:30.029+0000] {connection.py:234} WARNING - Connection schemes (type: google_cloud_platform) shall not contain '_' according to RFC3986.
[2026-05-27T16:38:30.030+0000] {base.py:83} INFO - Using connection ID 'google_cloud_default' for task execution.
[2026-05-27T16:38:31.735+0000] {dataproc.py:2220} INFO - Job e1985a89-fef8-430b-b436-91024050dc82 submitted successfully.
[2026-05-27T16:38:31.775+0000] {dataproc.py:2254} INFO - Waiting for job e1985a89-fef8-430b-b436-91024050dc82 to complete
[2026-05-27T16:38:54.609+0000] {taskinstance.py:2698} ERROR - Task failed with exception
Traceback (most recent call last):
  File "/home/airflow/.local/lib/python3.11/site-packages/airflow/models/taskinstance.py", line 433, in _execute_task
    result = execute_callable(context=context, **execute_callable_kwargs)
             ^^^^^^^^^^^^^^^^^^^^^^^^^^^^^^^^^^^^^^^^^^^^^^^^^^^^^^^^^^^^
  File "/home/airflow/.local/lib/python3.11/site-packages/airflow/providers/google/cloud/operators/dataproc.py", line 2255, in execute
    self.hook.wait_for_job(
  File "/home/airflow/.local/lib/python3.11/site-packages/airflow/providers/google/common/hooks/base_google.py", line 477, in inner_wrapper
    return func(self, *args, **kwargs)
           ^^^^^^^^^^^^^^^^^^^^^^^^^^^
  File "/home/airflow/.local/lib/python3.11/site-packages/airflow/providers/google/cloud/hooks/dataproc.py", line 724, in wait_for_job
    raise AirflowException(f"Job failed:\n{job}")
airflow.exceptions.AirflowException: Job failed:
reference {
  project_id: "sage-mind-489618-n5"
  job_id: "e1985a89-fef8-430b-b436-91024050dc82"
}
placement {
  cluster_name: "crime-etl-cluster"
  cluster_uuid: "e04c0de6-dd42-420b-8376-1ac805deebc4"
}
pyspark_job {
  main_python_file_uri: "gs://chicago-crime-raw-group15/scripts/stage4_gold/main.py"
  args: "--mode=append"
  args: "--project=sage-mind-489618-n5"
  args: "--dataset=cdash_warehouse"
  args: "--bucket=chicago-crime-raw-group15"
  python_file_uris: "gs://chicago-crime-raw-group15/scripts/utils.zip"
  properties {
    key: "spark.jars.packages"
    value: "com.google.cloud.spark:spark-bigquery-with-dependencies_2.12:0.32.2"
  }
}
status {
  state: ERROR
  details: "Job failed with message [ModuleNotFoundError: No module named \'stage4_gold\']. Additional details can be found at:\nhttps://console.cloud.google.com/dataproc/jobs/e1985a89-fef8-430b-b436-91024050dc82?project=sage-mind-489618-n5&region=us-central1\ngcloud dataproc jobs wait \'e1985a89-fef8-430b-b436-91024050dc82\' --region \'us-central1\' --project \'sage-mind-489618-n5\'\nhttps://console.cloud.google.com/storage/browser/dataproc-staging-us-central1-47706975998-p2ulnh4c/google-cloud-dataproc-metainfo/e04c0de6-dd42-420b-8376-1ac805deebc4/jobs/e1985a89-fef8-430b-b436-91024050dc82/\ngs://dataproc-staging-us-central1-47706975998-p2ulnh4c/google-cloud-dataproc-metainfo/e04c0de6-dd42-420b-8376-1ac805deebc4/jobs/e1985a89-fef8-430b-b436-91024050dc82/driveroutput.*"
  state_start_time {
    seconds: 1779899925
    nanos: 360875000
  }
}
status_history {
  state: PENDING
  state_start_time {
    seconds: 1779899911
    nanos: 226898000
  }
}
status_history {
  state: SETUP_DONE
  state_start_time {
    seconds: 1779899911
    nanos: 301862000
  }
}
status_history {
  state: RUNNING
  state_start_time {
    seconds: 1779899911
    nanos: 753987000
  }
}
driver_output_resource_uri: "gs://dataproc-staging-us-central1-47706975998-p2ulnh4c/google-cloud-dataproc-metainfo/e04c0de6-dd42-420b-8376-1ac805deebc4/jobs/e1985a89-fef8-430b-b436-91024050dc82/driveroutput"
driver_control_files_uri: "gs://dataproc-staging-us-central1-47706975998-p2ulnh4c/google-cloud-dataproc-metainfo/e04c0de6-dd42-420b-8376-1ac805deebc4/jobs/e1985a89-fef8-430b-b436-91024050dc82/"
job_uuid: "e1985a89-fef8-430b-b436-91024050dc82"
done: true

[2026-05-27T16:38:54.617+0000] {taskinstance.py:1138} INFO - Marking task as FAILED. dag_id=crime_analytics_pipeline, task_id=etl_gold, execution_date=20260527T161657, start_date=20260527T163829, end_date=20260527T163854
[2026-05-27T16:38:54.653+0000] {standard_task_runner.py:107} ERROR - Failed to execute job 186 for task etl_gold (Job failed:
reference {
  project_id: "sage-mind-489618-n5"
  job_id: "e1985a89-fef8-430b-b436-91024050dc82"
}
placement {
  cluster_name: "crime-etl-cluster"
  cluster_uuid: "e04c0de6-dd42-420b-8376-1ac805deebc4"
}
pyspark_job {
  main_python_file_uri: "gs://chicago-crime-raw-group15/scripts/stage4_gold/main.py"
  args: "--mode=append"
  args: "--project=sage-mind-489618-n5"
  args: "--dataset=cdash_warehouse"
  args: "--bucket=chicago-crime-raw-group15"
  python_file_uris: "gs://chicago-crime-raw-group15/scripts/utils.zip"
  properties {
    key: "spark.jars.packages"
    value: "com.google.cloud.spark:spark-bigquery-with-dependencies_2.12:0.32.2"
  }
}
status {
  state: ERROR
  details: "Job failed with message [ModuleNotFoundError: No module named \'stage4_gold\']. Additional details can be found at:\nhttps://console.cloud.google.com/dataproc/jobs/e1985a89-fef8-430b-b436-91024050dc82?project=sage-mind-489618-n5&region=us-central1\ngcloud dataproc jobs wait \'e1985a89-fef8-430b-b436-91024050dc82\' --region \'us-central1\' --project \'sage-mind-489618-n5\'\nhttps://console.cloud.google.com/storage/browser/dataproc-staging-us-central1-47706975998-p2ulnh4c/google-cloud-dataproc-metainfo/e04c0de6-dd42-420b-8376-1ac805deebc4/jobs/e1985a89-fef8-430b-b436-91024050dc82/\ngs://dataproc-staging-us-central1-47706975998-p2ulnh4c/google-cloud-dataproc-metainfo/e04c0de6-dd42-420b-8376-1ac805deebc4/jobs/e1985a89-fef8-430b-b436-91024050dc82/driveroutput.*"
  state_start_time {
    seconds: 1779899925
    nanos: 360875000
  }
}
status_history {
  state: PENDING
  state_start_time {
    seconds: 1779899911
    nanos: 226898000
  }
}
status_history {
  state: SETUP_DONE
  state_start_time {
    seconds: 1779899911
    nanos: 301862000
  }
}
status_history {
  state: RUNNING
  state_start_time {
    seconds: 1779899911
    nanos: 753987000
  }
}
driver_output_resource_uri: "gs://dataproc-staging-us-central1-47706975998-p2ulnh4c/google-cloud-dataproc-metainfo/e04c0de6-dd42-420b-8376-1ac805deebc4/jobs/e1985a89-fef8-430b-b436-91024050dc82/driveroutput"
driver_control_files_uri: "gs://dataproc-staging-us-central1-47706975998-p2ulnh4c/google-cloud-dataproc-metainfo/e04c0de6-dd42-420b-8376-1ac805deebc4/jobs/e1985a89-fef8-430b-b436-91024050dc82/"
job_uuid: "e1985a89-fef8-430b-b436-91024050dc82"
done: true
; 1606)
[2026-05-27T16:38:54.694+0000] {local_task_job_runner.py:234} INFO - Task exited with return code 1
[2026-05-27T16:38:54.731+0000] {taskinstance.py:3280} INFO - 1 downstream tasks scheduled from follow-on schedule check
