[2026-05-26T19:39:00.087+0000] {taskinstance.py:1956} INFO - Dependencies all met for dep_context=non-requeueable deps ti=<TaskInstance: crime_analytics_pipeline.ml_train_and_predict manual__2026-05-26T19:33:08.344386+00:00 [queued]>
[2026-05-26T19:39:00.097+0000] {taskinstance.py:1956} INFO - Dependencies all met for dep_context=requeueable deps ti=<TaskInstance: crime_analytics_pipeline.ml_train_and_predict manual__2026-05-26T19:33:08.344386+00:00 [queued]>
[2026-05-26T19:39:00.098+0000] {taskinstance.py:2170} INFO - Starting attempt 1 of 2
[2026-05-26T19:39:00.110+0000] {taskinstance.py:2191} INFO - Executing <Task(PythonOperator): ml_train_and_predict> on 2026-05-26 19:33:08.344386+00:00
[2026-05-26T19:39:00.122+0000] {standard_task_runner.py:60} INFO - Started process 2144 to run task
[2026-05-26T19:39:00.126+0000] {standard_task_runner.py:87} INFO - Running: ['***', 'tasks', 'run', 'crime_analytics_pipeline', 'ml_train_and_predict', 'manual__2026-05-26T19:33:08.344386+00:00', '--job-id', '105', '--raw', '--subdir', 'DAGS_FOLDER/dag_crime_pipeline.py', '--cfg-path', '/tmp/tmpg0eaf3n2']
[2026-05-26T19:39:00.129+0000] {standard_task_runner.py:88} INFO - Job 105: Subtask ml_train_and_predict
[2026-05-26T19:39:00.198+0000] {task_command.py:423} INFO - Running <TaskInstance: crime_analytics_pipeline.ml_train_and_predict manual__2026-05-26T19:33:08.344386+00:00 [running]> on host 93e8dbfc6168
[2026-05-26T19:39:00.302+0000] {taskinstance.py:2480} INFO - Exporting env vars: AIRFLOW_CTX_DAG_EMAIL='cdash-alerts@example.com' AIRFLOW_CTX_DAG_OWNER='crime-analytics' AIRFLOW_CTX_DAG_ID='crime_analytics_pipeline' AIRFLOW_CTX_TASK_ID='ml_train_and_predict' AIRFLOW_CTX_EXECUTION_DATE='2026-05-26T19:33:08.344386+00:00' AIRFLOW_CTX_TRY_NUMBER='1' AIRFLOW_CTX_DAG_RUN_ID='manual__2026-05-26T19:33:08.344386+00:00'
[2026-05-26T19:39:00.310+0000] {taskinstance.py:2698} ERROR - Task failed with exception
Traceback (most recent call last):
  File "/home/airflow/.local/lib/python3.11/site-packages/airflow/models/taskinstance.py", line 433, in _execute_task
    result = execute_callable(context=context, **execute_callable_kwargs)
             ^^^^^^^^^^^^^^^^^^^^^^^^^^^^^^^^^^^^^^^^^^^^^^^^^^^^^^^^^^^^
  File "/home/airflow/.local/lib/python3.11/site-packages/airflow/operators/python.py", line 199, in execute
    return_value = self.execute_callable()
                   ^^^^^^^^^^^^^^^^^^^^^^^
  File "/home/airflow/.local/lib/python3.11/site-packages/airflow/operators/python.py", line 216, in execute_callable
    return self.python_callable(*self.op_args, **self.op_kwargs)
           ^^^^^^^^^^^^^^^^^^^^^^^^^^^^^^^^^^^^^^^^^^^^^^^^^^^^^
  File "/opt/airflow/dags/dag_crime_pipeline.py", line 222, in _run_ml_pipeline
    from ml_pipeline import train_and_predict
ModuleNotFoundError: No module named 'ml_pipeline'
[2026-05-26T19:39:00.330+0000] {taskinstance.py:1138} INFO - Marking task as UP_FOR_RETRY. dag_id=crime_analytics_pipeline, task_id=ml_train_and_predict, execution_date=20260526T193308, start_date=20260526T193900, end_date=20260526T193900
[2026-05-26T19:39:00.344+0000] {standard_task_runner.py:107} ERROR - Failed to execute job 105 for task ml_train_and_predict (No module named 'ml_pipeline'; 2144)
[2026-05-26T19:39:00.379+0000] {local_task_job_runner.py:234} INFO - Task exited with return code 1
[2026-05-26T19:39:00.411+0000] {taskinstance.py:3280} INFO - 0 downstream tasks scheduled from follow-on schedule check
