[2026-05-27T15:51:50.306+0000] {taskinstance.py:1956} INFO - Dependencies all met for dep_context=non-requeueable deps ti=<TaskInstance: crime_analytics_pipeline.ingest_socioeconomic manual__2026-05-27T13:18:48.578287+00:00 [queued]>
[2026-05-27T15:51:50.313+0000] {taskinstance.py:1956} INFO - Dependencies all met for dep_context=requeueable deps ti=<TaskInstance: crime_analytics_pipeline.ingest_socioeconomic manual__2026-05-27T13:18:48.578287+00:00 [queued]>
[2026-05-27T15:51:50.314+0000] {taskinstance.py:2170} INFO - Starting attempt 2 of 2
[2026-05-27T15:51:50.329+0000] {taskinstance.py:2191} INFO - Executing <Task(PythonOperator): ingest_socioeconomic> on 2026-05-27 13:18:48.578287+00:00
[2026-05-27T15:51:50.342+0000] {standard_task_runner.py:60} INFO - Started process 196 to run task
[2026-05-27T15:51:50.346+0000] {standard_task_runner.py:87} INFO - Running: ['***', 'tasks', 'run', 'crime_analytics_pipeline', 'ingest_socioeconomic', 'manual__2026-05-27T13:18:48.578287+00:00', '--job-id', '166', '--raw', '--subdir', 'DAGS_FOLDER/dag_crime_pipeline.py', '--cfg-path', '/tmp/tmp9m21cagn']
[2026-05-27T15:51:50.349+0000] {standard_task_runner.py:88} INFO - Job 166: Subtask ingest_socioeconomic
[2026-05-27T15:51:50.428+0000] {task_command.py:423} INFO - Running <TaskInstance: crime_analytics_pipeline.ingest_socioeconomic manual__2026-05-27T13:18:48.578287+00:00 [running]> on host db8b8170dea9
[2026-05-27T15:51:50.535+0000] {taskinstance.py:2480} INFO - Exporting env vars: AIRFLOW_CTX_DAG_EMAIL='cdash-alerts@example.com' AIRFLOW_CTX_DAG_OWNER='crime-analytics' AIRFLOW_CTX_DAG_ID='crime_analytics_pipeline' AIRFLOW_CTX_TASK_ID='ingest_socioeconomic' AIRFLOW_CTX_EXECUTION_DATE='2026-05-27T13:18:48.578287+00:00' AIRFLOW_CTX_TRY_NUMBER='2' AIRFLOW_CTX_DAG_RUN_ID='manual__2026-05-27T13:18:48.578287+00:00'
[2026-05-27T15:51:55.362+0000] {logging_mixin.py:188} INFO - [ingest_socioeconomic] ACS 2023: 1332 tracts
[2026-05-27T15:51:56.991+0000] {taskinstance.py:2698} ERROR - Task failed with exception
Traceback (most recent call last):
  File "/home/airflow/.local/lib/python3.11/site-packages/airflow/models/taskinstance.py", line 433, in _execute_task
    result = execute_callable(context=context, **execute_callable_kwargs)
             ^^^^^^^^^^^^^^^^^^^^^^^^^^^^^^^^^^^^^^^^^^^^^^^^^^^^^^^^^^^^
  File "/home/airflow/.local/lib/python3.11/site-packages/airflow/operators/python.py", line 199, in execute
    return_value = self.execute_callable()
                   ^^^^^^^^^^^^^^^^^^^^^^^
  File "/home/airflow/.local/lib/python3.11/site-packages/airflow/operators/python.py", line 216, in execute_callable
    return self.python_callable(*self.op_args, **self.op_kwargs)
           ^^^^^^^^^^^^^^^^^^^^^^^^^^^^^^^^^^^^^^^^^^^^^^^^^^^^^
  File "/opt/airflow/dags/dag_crime_pipeline.py", line 275, in _ingest_socioeconomic
    xwalk_resp.raise_for_status()
  File "/home/airflow/.local/lib/python3.11/site-packages/requests/models.py", line 1021, in raise_for_status
    raise HTTPError(http_error_msg, response=self)
requests.exceptions.HTTPError: 403 Client Error: Forbidden for url: https://data.cityofchicago.org/api/v3/views/74p9-q2aq/query.json
[2026-05-27T15:51:57.014+0000] {taskinstance.py:1138} INFO - Marking task as FAILED. dag_id=crime_analytics_pipeline, task_id=ingest_socioeconomic, execution_date=20260527T131848, start_date=20260527T155150, end_date=20260527T155157
[2026-05-27T15:51:57.037+0000] {standard_task_runner.py:107} ERROR - Failed to execute job 166 for task ingest_socioeconomic (403 Client Error: Forbidden for url: https://data.cityofchicago.org/api/v3/views/74p9-q2aq/query.json; 196)
[2026-05-27T15:51:57.105+0000] {local_task_job_runner.py:234} INFO - Task exited with return code 1
[2026-05-27T15:51:57.137+0000] {taskinstance.py:3280} INFO - 0 downstream tasks scheduled from follow-on schedule check
