[2026-05-08T03:06:22.168+0000] {taskinstance.py:1956} INFO - Dependencies all met for dep_context=non-requeueable deps ti=<TaskInstance: crime_analytics_pipeline.ingest_weather scheduled__2026-04-26T02:00:00+00:00 [queued]>
[2026-05-08T03:06:22.179+0000] {taskinstance.py:1956} INFO - Dependencies all met for dep_context=requeueable deps ti=<TaskInstance: crime_analytics_pipeline.ingest_weather scheduled__2026-04-26T02:00:00+00:00 [queued]>
[2026-05-08T03:06:22.180+0000] {taskinstance.py:2170} INFO - Starting attempt 2 of 2
[2026-05-08T03:06:22.215+0000] {taskinstance.py:2191} INFO - Executing <Task(PythonOperator): ingest_weather> on 2026-04-26 02:00:00+00:00
[2026-05-08T03:06:22.229+0000] {standard_task_runner.py:60} INFO - Started process 298 to run task
[2026-05-08T03:06:22.234+0000] {standard_task_runner.py:87} INFO - Running: ['***', 'tasks', 'run', 'crime_analytics_pipeline', 'ingest_weather', 'scheduled__2026-04-26T02:00:00+00:00', '--job-id', '10', '--raw', '--subdir', 'DAGS_FOLDER/dag_crime_pipeline.py', '--cfg-path', '/tmp/tmpdzazrc1k']
[2026-05-08T03:06:22.240+0000] {standard_task_runner.py:88} INFO - Job 10: Subtask ingest_weather
[2026-05-08T03:06:22.364+0000] {task_command.py:423} INFO - Running <TaskInstance: crime_analytics_pipeline.ingest_weather scheduled__2026-04-26T02:00:00+00:00 [running]> on host 8d0fe12cd27e
[2026-05-08T03:06:22.547+0000] {taskinstance.py:2480} INFO - Exporting env vars: AIRFLOW_CTX_DAG_OWNER='crime-analytics' AIRFLOW_CTX_DAG_ID='crime_analytics_pipeline' AIRFLOW_CTX_TASK_ID='ingest_weather' AIRFLOW_CTX_EXECUTION_DATE='2026-04-26T02:00:00+00:00' AIRFLOW_CTX_TRY_NUMBER='2' AIRFLOW_CTX_DAG_RUN_ID='scheduled__2026-04-26T02:00:00+00:00'
[2026-05-08T03:06:22.551+0000] {taskinstance.py:2698} ERROR - Task failed with exception
Traceback (most recent call last):
  File "/home/airflow/.local/lib/python3.11/site-packages/airflow/models/taskinstance.py", line 433, in _execute_task
    result = execute_callable(context=context, **execute_callable_kwargs)
             ^^^^^^^^^^^^^^^^^^^^^^^^^^^^^^^^^^^^^^^^^^^^^^^^^^^^^^^^^^^^
  File "/home/airflow/.local/lib/python3.11/site-packages/airflow/operators/python.py", line 199, in execute
    return_value = self.execute_callable()
                   ^^^^^^^^^^^^^^^^^^^^^^^
  File "/home/airflow/.local/lib/python3.11/site-packages/airflow/operators/python.py", line 216, in execute_callable
    return self.python_callable(*self.op_args, **self.op_kwargs)
           ^^^^^^^^^^^^^^^^^^^^^^^^^^^^^^^^^^^^^^^^^^^^^^^^^^^^^
  File "/opt/airflow/dags/dag_crime_pipeline.py", line 114, in _ingest_weather
    headers = {"token": NOAA_API_TOKEN}  # khai báo NOAA_API_TOKEN trong config.py
                        ^^^^^^^^^^^^^^
NameError: name 'NOAA_API_TOKEN' is not defined
[2026-05-08T03:06:22.577+0000] {taskinstance.py:1138} INFO - Marking task as FAILED. dag_id=crime_analytics_pipeline, task_id=ingest_weather, execution_date=20260426T020000, start_date=20260508T030622, end_date=20260508T030622
[2026-05-08T03:06:22.614+0000] {standard_task_runner.py:107} ERROR - Failed to execute job 10 for task ingest_weather (name 'NOAA_API_TOKEN' is not defined; 298)
[2026-05-08T03:06:22.639+0000] {local_task_job_runner.py:234} INFO - Task exited with return code 1
[2026-05-08T03:06:22.677+0000] {taskinstance.py:3280} INFO - 0 downstream tasks scheduled from follow-on schedule check
