[2026-05-08T03:01:19.367+0000] {taskinstance.py:1956} INFO - Dependencies all met for dep_context=non-requeueable deps ti=<TaskInstance: crime_analytics_pipeline.ingest_weather scheduled__2026-04-26T02:00:00+00:00 [queued]>
[2026-05-08T03:01:19.380+0000] {taskinstance.py:1956} INFO - Dependencies all met for dep_context=requeueable deps ti=<TaskInstance: crime_analytics_pipeline.ingest_weather scheduled__2026-04-26T02:00:00+00:00 [queued]>
[2026-05-08T03:01:19.381+0000] {taskinstance.py:2170} INFO - Starting attempt 1 of 2
[2026-05-08T03:01:19.412+0000] {taskinstance.py:2191} INFO - Executing <Task(PythonOperator): ingest_weather> on 2026-04-26 02:00:00+00:00
[2026-05-08T03:01:19.426+0000] {standard_task_runner.py:60} INFO - Started process 221 to run task
[2026-05-08T03:01:19.432+0000] {standard_task_runner.py:87} INFO - Running: ['***', 'tasks', 'run', 'crime_analytics_pipeline', 'ingest_weather', 'scheduled__2026-04-26T02:00:00+00:00', '--job-id', '9', '--raw', '--subdir', 'DAGS_FOLDER/dag_crime_pipeline.py', '--cfg-path', '/tmp/tmpg5n7y4al']
[2026-05-08T03:01:19.438+0000] {standard_task_runner.py:88} INFO - Job 9: Subtask ingest_weather
[2026-05-08T03:01:19.544+0000] {task_command.py:423} INFO - Running <TaskInstance: crime_analytics_pipeline.ingest_weather scheduled__2026-04-26T02:00:00+00:00 [running]> on host 8d0fe12cd27e
[2026-05-08T03:01:19.711+0000] {taskinstance.py:2480} INFO - Exporting env vars: AIRFLOW_CTX_DAG_OWNER='crime-analytics' AIRFLOW_CTX_DAG_ID='crime_analytics_pipeline' AIRFLOW_CTX_TASK_ID='ingest_weather' AIRFLOW_CTX_EXECUTION_DATE='2026-04-26T02:00:00+00:00' AIRFLOW_CTX_TRY_NUMBER='1' AIRFLOW_CTX_DAG_RUN_ID='scheduled__2026-04-26T02:00:00+00:00'
[2026-05-08T03:01:19.714+0000] {taskinstance.py:2698} ERROR - Task failed with exception
Traceback (most recent call last):
  File "/home/airflow/.local/lib/python3.11/site-packages/airflow/models/taskinstance.py", line 433, in _execute_task
    result = execute_callable(context=context, **execute_callable_kwargs)
             ^^^^^^^^^^^^^^^^^^^^^^^^^^^^^^^^^^^^^^^^^^^^^^^^^^^^^^^^^^^^
  File "/home/airflow/.local/lib/python3.11/site-packages/airflow/operators/python.py", line 199, in execute
    return_value = self.execute_callable()
                   ^^^^^^^^^^^^^^^^^^^^^^^
  File "/home/airflow/.local/lib/python3.11/site-packages/airflow/operators/python.py", line 216, in execute_callable
    return self.python_callable(*self.op_args, **self.op_kwargs)
           ^^^^^^^^^^^^^^^^^^^^^^^^^^^^^^^^^^^^^^^^^^^^^^^^^^^^^
  File "/opt/airflow/dags/dag_crime_pipeline.py", line 114, in _ingest_weather
    headers = {"token": NOAA_API_TOKEN}  # khai báo NOAA_API_TOKEN trong config.py
                        ^^^^^^^^^^^^^^
NameError: name 'NOAA_API_TOKEN' is not defined
[2026-05-08T03:01:19.744+0000] {taskinstance.py:1138} INFO - Marking task as UP_FOR_RETRY. dag_id=crime_analytics_pipeline, task_id=ingest_weather, execution_date=20260426T020000, start_date=20260508T030119, end_date=20260508T030119
[2026-05-08T03:01:19.762+0000] {standard_task_runner.py:107} ERROR - Failed to execute job 9 for task ingest_weather (name 'NOAA_API_TOKEN' is not defined; 221)
[2026-05-08T03:01:19.809+0000] {local_task_job_runner.py:234} INFO - Task exited with return code 1
[2026-05-08T03:01:19.848+0000] {taskinstance.py:3280} INFO - 0 downstream tasks scheduled from follow-on schedule check
[2026-05-09T07:45:06.059+0000] {taskinstance.py:1956} INFO - Dependencies all met for dep_context=non-requeueable deps ti=<TaskInstance: crime_analytics_pipeline.ingest_weather scheduled__2026-04-26T02:00:00+00:00 [queued]>
[2026-05-09T07:45:06.070+0000] {taskinstance.py:1956} INFO - Dependencies all met for dep_context=requeueable deps ti=<TaskInstance: crime_analytics_pipeline.ingest_weather scheduled__2026-04-26T02:00:00+00:00 [queued]>
[2026-05-09T07:45:06.071+0000] {taskinstance.py:2170} INFO - Starting attempt 1 of 2
[2026-05-09T07:45:06.085+0000] {taskinstance.py:2191} INFO - Executing <Task(PythonOperator): ingest_weather> on 2026-04-26 02:00:00+00:00
[2026-05-09T07:45:06.095+0000] {standard_task_runner.py:60} INFO - Started process 233 to run task
[2026-05-09T07:45:06.102+0000] {standard_task_runner.py:87} INFO - Running: ['***', 'tasks', 'run', 'crime_analytics_pipeline', 'ingest_weather', 'scheduled__2026-04-26T02:00:00+00:00', '--job-id', '4', '--raw', '--subdir', 'DAGS_FOLDER/dag_crime_pipeline.py', '--cfg-path', '/tmp/tmpahl1b4cr']
[2026-05-09T07:45:06.107+0000] {standard_task_runner.py:88} INFO - Job 4: Subtask ingest_weather
[2026-05-09T07:45:06.189+0000] {task_command.py:423} INFO - Running <TaskInstance: crime_analytics_pipeline.ingest_weather scheduled__2026-04-26T02:00:00+00:00 [running]> on host 93e8dbfc6168
[2026-05-09T07:45:06.304+0000] {taskinstance.py:2480} INFO - Exporting env vars: AIRFLOW_CTX_DAG_OWNER='crime-analytics' AIRFLOW_CTX_DAG_ID='crime_analytics_pipeline' AIRFLOW_CTX_TASK_ID='ingest_weather' AIRFLOW_CTX_EXECUTION_DATE='2026-04-26T02:00:00+00:00' AIRFLOW_CTX_TRY_NUMBER='1' AIRFLOW_CTX_DAG_RUN_ID='scheduled__2026-04-26T02:00:00+00:00'
[2026-05-09T07:45:06.307+0000] {taskinstance.py:2698} ERROR - Task failed with exception
Traceback (most recent call last):
  File "/home/airflow/.local/lib/python3.11/site-packages/airflow/models/taskinstance.py", line 433, in _execute_task
    result = execute_callable(context=context, **execute_callable_kwargs)
             ^^^^^^^^^^^^^^^^^^^^^^^^^^^^^^^^^^^^^^^^^^^^^^^^^^^^^^^^^^^^
  File "/home/airflow/.local/lib/python3.11/site-packages/airflow/operators/python.py", line 199, in execute
    return_value = self.execute_callable()
                   ^^^^^^^^^^^^^^^^^^^^^^^
  File "/home/airflow/.local/lib/python3.11/site-packages/airflow/operators/python.py", line 216, in execute_callable
    return self.python_callable(*self.op_args, **self.op_kwargs)
           ^^^^^^^^^^^^^^^^^^^^^^^^^^^^^^^^^^^^^^^^^^^^^^^^^^^^^
  File "/opt/airflow/dags/dag_crime_pipeline.py", line 115, in _ingest_weather
    headers = {"token": NOAA_API_TOKEN}  # khai báo NOAA_API_TOKEN trong config.py
                        ^^^^^^^^^^^^^^
NameError: name 'NOAA_API_TOKEN' is not defined
[2026-05-09T07:45:06.325+0000] {taskinstance.py:1138} INFO - Marking task as UP_FOR_RETRY. dag_id=crime_analytics_pipeline, task_id=ingest_weather, execution_date=20260426T020000, start_date=20260509T074506, end_date=20260509T074506
[2026-05-09T07:45:06.338+0000] {standard_task_runner.py:107} ERROR - Failed to execute job 4 for task ingest_weather (name 'NOAA_API_TOKEN' is not defined; 233)
[2026-05-09T07:45:06.356+0000] {local_task_job_runner.py:234} INFO - Task exited with return code 1
[2026-05-09T07:45:06.384+0000] {taskinstance.py:3280} INFO - 0 downstream tasks scheduled from follow-on schedule check
