[2026-06-08T11:00:22.486+0000] {taskinstance.py:1956} INFO - Dependencies all met for dep_context=non-requeueable deps ti=<TaskInstance: crime_analytics_pipeline.export_crimes_geojson manual__2026-06-08T09:15:33.493564+00:00 [queued]>
[2026-06-08T11:00:22.494+0000] {taskinstance.py:1956} INFO - Dependencies all met for dep_context=requeueable deps ti=<TaskInstance: crime_analytics_pipeline.export_crimes_geojson manual__2026-06-08T09:15:33.493564+00:00 [queued]>
[2026-06-08T11:00:22.495+0000] {taskinstance.py:2170} INFO - Starting attempt 3 of 4
[2026-06-08T11:00:22.507+0000] {taskinstance.py:2191} INFO - Executing <Task(PythonOperator): export_crimes_geojson> on 2026-06-08 09:15:33.493564+00:00
[2026-06-08T11:00:22.518+0000] {standard_task_runner.py:60} INFO - Started process 3384 to run task
[2026-06-08T11:00:22.522+0000] {standard_task_runner.py:87} INFO - Running: ['***', 'tasks', 'run', 'crime_analytics_pipeline', 'export_crimes_geojson', 'manual__2026-06-08T09:15:33.493564+00:00', '--job-id', '709', '--raw', '--subdir', 'DAGS_FOLDER/dag_crime_pipeline.py', '--cfg-path', '/tmp/tmp603gi9i_']
[2026-06-08T11:00:22.526+0000] {standard_task_runner.py:88} INFO - Job 709: Subtask export_crimes_geojson
[2026-06-08T11:00:22.600+0000] {task_command.py:423} INFO - Running <TaskInstance: crime_analytics_pipeline.export_crimes_geojson manual__2026-06-08T09:15:33.493564+00:00 [running]> on host d26a8a58ef02
[2026-06-08T11:00:22.724+0000] {taskinstance.py:2480} INFO - Exporting env vars: AIRFLOW_CTX_DAG_EMAIL='cdash-alerts@example.com' AIRFLOW_CTX_DAG_OWNER='crime-analytics' AIRFLOW_CTX_DAG_ID='crime_analytics_pipeline' AIRFLOW_CTX_TASK_ID='export_crimes_geojson' AIRFLOW_CTX_EXECUTION_DATE='2026-06-08T09:15:33.493564+00:00' AIRFLOW_CTX_TRY_NUMBER='3' AIRFLOW_CTX_DAG_RUN_ID='manual__2026-06-08T09:15:33.493564+00:00'
[2026-06-08T11:00:37.850+0000] {local_task_job_runner.py:302} WARNING - State of this instance has been externally set to restarting. Terminating instance.
[2026-06-08T11:00:37.856+0000] {process_utils.py:131} INFO - Sending 15 to group 3384. PIDs of all processes in the group: [3384]
[2026-06-08T11:00:37.856+0000] {process_utils.py:86} INFO - Sending the signal 15 to group 3384
[2026-06-08T11:00:37.857+0000] {taskinstance.py:2450} ERROR - Received SIGTERM. Terminating subprocesses.
[2026-06-08T11:00:37.870+0000] {taskinstance.py:2698} ERROR - Task failed with exception
Traceback (most recent call last):
  File "/home/airflow/.local/lib/python3.11/site-packages/airflow/models/taskinstance.py", line 433, in _execute_task
    result = execute_callable(context=context, **execute_callable_kwargs)
             ^^^^^^^^^^^^^^^^^^^^^^^^^^^^^^^^^^^^^^^^^^^^^^^^^^^^^^^^^^^^
  File "/home/airflow/.local/lib/python3.11/site-packages/airflow/operators/python.py", line 199, in execute
    return_value = self.execute_callable()
                   ^^^^^^^^^^^^^^^^^^^^^^^
  File "/home/airflow/.local/lib/python3.11/site-packages/airflow/operators/python.py", line 216, in execute_callable
    return self.python_callable(*self.op_args, **self.op_kwargs)
           ^^^^^^^^^^^^^^^^^^^^^^^^^^^^^^^^^^^^^^^^^^^^^^^^^^^^^
  File "/opt/airflow/dags/dag_crime_pipeline.py", line 310, in _export_crimes
    r = _requests.post("http://exporter:5000/export/crimes", timeout=300)
        ^^^^^^^^^^^^^^^^^^^^^^^^^^^^^^^^^^^^^^^^^^^^^^^^^^^^^^^^^^^^^^^^^
  File "/home/airflow/.local/lib/python3.11/site-packages/requests/api.py", line 115, in post
    return request("post", url, data=data, json=json, **kwargs)
           ^^^^^^^^^^^^^^^^^^^^^^^^^^^^^^^^^^^^^^^^^^^^^^^^^^^^
  File "/home/airflow/.local/lib/python3.11/site-packages/requests/api.py", line 59, in request
    return session.request(method=method, url=url, **kwargs)
           ^^^^^^^^^^^^^^^^^^^^^^^^^^^^^^^^^^^^^^^^^^^^^^^^^
  File "/home/airflow/.local/lib/python3.11/site-packages/requests/sessions.py", line 589, in request
    resp = self.send(prep, **send_kwargs)
           ^^^^^^^^^^^^^^^^^^^^^^^^^^^^^^
  File "/home/airflow/.local/lib/python3.11/site-packages/requests/sessions.py", line 703, in send
    r = adapter.send(request, **kwargs)
        ^^^^^^^^^^^^^^^^^^^^^^^^^^^^^^^
  File "/home/airflow/.local/lib/python3.11/site-packages/requests/adapters.py", line 486, in send
    resp = conn.urlopen(
           ^^^^^^^^^^^^^
  File "/home/airflow/.local/lib/python3.11/site-packages/urllib3/connectionpool.py", line 791, in urlopen
    response = self._make_request(
               ^^^^^^^^^^^^^^^^^^^
  File "/home/airflow/.local/lib/python3.11/site-packages/urllib3/connectionpool.py", line 537, in _make_request
    response = conn.getresponse()
               ^^^^^^^^^^^^^^^^^^
  File "/home/airflow/.local/lib/python3.11/site-packages/urllib3/connection.py", line 461, in getresponse
    httplib_response = super().getresponse()
                       ^^^^^^^^^^^^^^^^^^^^^
  File "/usr/local/lib/python3.11/http/client.py", line 1390, in getresponse
    response.begin()
  File "/usr/local/lib/python3.11/http/client.py", line 325, in begin
    version, status, reason = self._read_status()
                              ^^^^^^^^^^^^^^^^^^^
  File "/usr/local/lib/python3.11/http/client.py", line 286, in _read_status
    line = str(self.fp.readline(_MAXLINE + 1), "iso-8859-1")
               ^^^^^^^^^^^^^^^^^^^^^^^^^^^^^^
  File "/usr/local/lib/python3.11/socket.py", line 706, in readinto
    return self._sock.recv_into(b)
           ^^^^^^^^^^^^^^^^^^^^^^^
  File "/home/airflow/.local/lib/python3.11/site-packages/airflow/models/taskinstance.py", line 2452, in signal_handler
    raise AirflowException("Task received SIGTERM signal")
airflow.exceptions.AirflowException: Task received SIGTERM signal
[2026-06-08T11:00:37.893+0000] {taskinstance.py:1138} INFO - Marking task as UP_FOR_RETRY. dag_id=crime_analytics_pipeline, task_id=export_crimes_geojson, execution_date=20260608T091533, start_date=20260608T110022, end_date=20260608T110037
[2026-06-08T11:00:37.911+0000] {standard_task_runner.py:107} ERROR - Failed to execute job 709 for task export_crimes_geojson (Task received SIGTERM signal; 3384)
[2026-06-08T11:00:37.950+0000] {process_utils.py:79} INFO - Process psutil.Process(pid=3384, status='terminated', exitcode=1, started='11:00:22') (3384) terminated with exit code 1
