[2026-05-24T21:06:17.399+0000] {taskinstance.py:1956} INFO - Dependencies all met for dep_context=non-requeueable deps ti=<TaskInstance: crime_analytics_pipeline.delete_dataproc_cluster manual__2026-05-24T21:01:09.979459+00:00 [queued]>
[2026-05-24T21:06:17.410+0000] {taskinstance.py:1956} INFO - Dependencies all met for dep_context=requeueable deps ti=<TaskInstance: crime_analytics_pipeline.delete_dataproc_cluster manual__2026-05-24T21:01:09.979459+00:00 [queued]>
[2026-05-24T21:06:17.410+0000] {taskinstance.py:2170} INFO - Starting attempt 1 of 2
[2026-05-24T21:06:17.424+0000] {taskinstance.py:2191} INFO - Executing <Task(DataprocDeleteClusterOperator): delete_dataproc_cluster> on 2026-05-24 21:01:09.979459+00:00
[2026-05-24T21:06:17.434+0000] {standard_task_runner.py:60} INFO - Started process 700 to run task
[2026-05-24T21:06:17.439+0000] {standard_task_runner.py:87} INFO - Running: ['***', 'tasks', 'run', 'crime_analytics_pipeline', 'delete_dataproc_cluster', 'manual__2026-05-24T21:01:09.979459+00:00', '--job-id', '47', '--raw', '--subdir', 'DAGS_FOLDER/dag_crime_pipeline.py', '--cfg-path', '/tmp/tmp7ml30b0d']
[2026-05-24T21:06:17.443+0000] {standard_task_runner.py:88} INFO - Job 47: Subtask delete_dataproc_cluster
[2026-05-24T21:06:17.514+0000] {task_command.py:423} INFO - Running <TaskInstance: crime_analytics_pipeline.delete_dataproc_cluster manual__2026-05-24T21:01:09.979459+00:00 [running]> on host 93e8dbfc6168
[2026-05-24T21:06:17.617+0000] {taskinstance.py:2480} INFO - Exporting env vars: AIRFLOW_CTX_DAG_EMAIL='cdash-alerts@example.com' AIRFLOW_CTX_DAG_OWNER='crime-analytics' AIRFLOW_CTX_DAG_ID='crime_analytics_pipeline' AIRFLOW_CTX_TASK_ID='delete_dataproc_cluster' AIRFLOW_CTX_EXECUTION_DATE='2026-05-24T21:01:09.979459+00:00' AIRFLOW_CTX_TRY_NUMBER='1' AIRFLOW_CTX_DAG_RUN_ID='manual__2026-05-24T21:01:09.979459+00:00'
[2026-05-24T21:06:17.638+0000] {connection.py:234} WARNING - Connection schemes (type: google_cloud_platform) shall not contain '_' according to RFC3986.
[2026-05-24T21:06:17.640+0000] {base.py:83} INFO - Using connection ID 'google_cloud_default' for task execution.
[2026-05-24T21:06:17.641+0000] {dataproc.py:1047} INFO - Deleting cluster: crime-etl-cluster
[2026-05-24T21:06:19.241+0000] {taskinstance.py:2698} ERROR - Task failed with exception
Traceback (most recent call last):
  File "/home/airflow/.local/lib/python3.11/site-packages/google/api_core/grpc_helpers.py", line 79, in error_remapped_callable
    return callable_(*args, **kwargs)
           ^^^^^^^^^^^^^^^^^^^^^^^^^^
  File "/home/airflow/.local/lib/python3.11/site-packages/grpc/_channel.py", line 1160, in __call__
    return _end_unary_response_blocking(state, call, False, None)
           ^^^^^^^^^^^^^^^^^^^^^^^^^^^^^^^^^^^^^^^^^^^^^^^^^^^^^^
  File "/home/airflow/.local/lib/python3.11/site-packages/grpc/_channel.py", line 1003, in _end_unary_response_blocking
    raise _InactiveRpcError(state)  # pytype: disable=not-instantiable
    ^^^^^^^^^^^^^^^^^^^^^^^^^^^^^^
grpc._channel._InactiveRpcError: <_InactiveRpcError of RPC that terminated with:
	status = StatusCode.NOT_FOUND
	details = "Not found: Cluster projects/sage-mind-489618-n5/regions/us-central1/clusters/crime-etl-cluster"
	debug_error_string = "UNKNOWN:Error received from peer ipv4:142.250.199.202:443 {grpc_message:"Not found: Cluster projects/sage-mind-489618-n5/regions/us-central1/clusters/crime-etl-cluster", grpc_status:5, created_time:"2026-05-24T21:06:19.240109843+00:00"}"
>

The above exception was the direct cause of the following exception:

Traceback (most recent call last):
  File "/home/airflow/.local/lib/python3.11/site-packages/airflow/models/taskinstance.py", line 433, in _execute_task
    result = execute_callable(context=context, **execute_callable_kwargs)
             ^^^^^^^^^^^^^^^^^^^^^^^^^^^^^^^^^^^^^^^^^^^^^^^^^^^^^^^^^^^^
  File "/home/airflow/.local/lib/python3.11/site-packages/airflow/providers/google/cloud/operators/dataproc.py", line 1014, in execute
    operation = self._delete_cluster(hook)
                ^^^^^^^^^^^^^^^^^^^^^^^^^^
  File "/home/airflow/.local/lib/python3.11/site-packages/airflow/providers/google/cloud/operators/dataproc.py", line 1048, in _delete_cluster
    return hook.delete_cluster(
           ^^^^^^^^^^^^^^^^^^^^
  File "/home/airflow/.local/lib/python3.11/site-packages/airflow/providers/google/common/hooks/base_google.py", line 477, in inner_wrapper
    return func(self, *args, **kwargs)
           ^^^^^^^^^^^^^^^^^^^^^^^^^^^
  File "/home/airflow/.local/lib/python3.11/site-packages/airflow/providers/google/cloud/hooks/dataproc.py", line 369, in delete_cluster
    result = client.delete_cluster(
             ^^^^^^^^^^^^^^^^^^^^^^
  File "/home/airflow/.local/lib/python3.11/site-packages/google/cloud/dataproc_v1/services/cluster_controller/client.py", line 1221, in delete_cluster
    response = rpc(
               ^^^^
  File "/home/airflow/.local/lib/python3.11/site-packages/google/api_core/gapic_v1/method.py", line 131, in __call__
    return wrapped_func(*args, **kwargs)
           ^^^^^^^^^^^^^^^^^^^^^^^^^^^^^
  File "/home/airflow/.local/lib/python3.11/site-packages/google/api_core/retry.py", line 372, in retry_wrapped_func
    return retry_target(
           ^^^^^^^^^^^^^
  File "/home/airflow/.local/lib/python3.11/site-packages/google/api_core/retry.py", line 207, in retry_target
    result = target()
             ^^^^^^^^
  File "/home/airflow/.local/lib/python3.11/site-packages/google/api_core/timeout.py", line 120, in func_with_timeout
    return func(*args, **kwargs)
           ^^^^^^^^^^^^^^^^^^^^^
  File "/home/airflow/.local/lib/python3.11/site-packages/google/api_core/grpc_helpers.py", line 81, in error_remapped_callable
    raise exceptions.from_grpc_error(exc) from exc
google.api_core.exceptions.NotFound: 404 Not found: Cluster projects/sage-mind-489618-n5/regions/us-central1/clusters/crime-etl-cluster
[2026-05-24T21:06:19.266+0000] {taskinstance.py:1138} INFO - Marking task as UP_FOR_RETRY. dag_id=crime_analytics_pipeline, task_id=delete_dataproc_cluster, execution_date=20260524T210109, start_date=20260524T210617, end_date=20260524T210619
[2026-05-24T21:06:19.282+0000] {standard_task_runner.py:107} ERROR - Failed to execute job 47 for task delete_dataproc_cluster (404 Not found: Cluster projects/sage-mind-489618-n5/regions/us-central1/clusters/crime-etl-cluster; 700)
[2026-05-24T21:06:19.339+0000] {local_task_job_runner.py:234} INFO - Task exited with return code 1
[2026-05-24T21:06:19.371+0000] {taskinstance.py:3280} INFO - 0 downstream tasks scheduled from follow-on schedule check
