[2026-05-28T11:26:44.320+0000] {taskinstance.py:1956} INFO - Dependencies all met for dep_context=non-requeueable deps ti=<TaskInstance: crime_analytics_pipeline.etl_silver manual__2026-05-28T10:50:32.435865+00:00 [queued]>
[2026-05-28T11:26:44.331+0000] {taskinstance.py:1956} INFO - Dependencies all met for dep_context=requeueable deps ti=<TaskInstance: crime_analytics_pipeline.etl_silver manual__2026-05-28T10:50:32.435865+00:00 [queued]>
[2026-05-28T11:26:44.332+0000] {taskinstance.py:2170} INFO - Starting attempt 2 of 3
[2026-05-28T11:26:44.346+0000] {taskinstance.py:2191} INFO - Executing <Task(DataprocSubmitJobOperator): etl_silver> on 2026-05-28 10:50:32.435865+00:00
[2026-05-28T11:26:44.354+0000] {standard_task_runner.py:60} INFO - Started process 19926 to run task
[2026-05-28T11:26:44.359+0000] {standard_task_runner.py:87} INFO - Running: ['***', 'tasks', 'run', 'crime_analytics_pipeline', 'etl_silver', 'manual__2026-05-28T10:50:32.435865+00:00', '--job-id', '268', '--raw', '--subdir', 'DAGS_FOLDER/dag_crime_pipeline.py', '--cfg-path', '/tmp/tmp1i57zcsn']
[2026-05-28T11:26:44.363+0000] {standard_task_runner.py:88} INFO - Job 268: Subtask etl_silver
[2026-05-28T11:26:44.438+0000] {task_command.py:423} INFO - Running <TaskInstance: crime_analytics_pipeline.etl_silver manual__2026-05-28T10:50:32.435865+00:00 [running]> on host db8b8170dea9
[2026-05-28T11:26:44.559+0000] {taskinstance.py:2480} INFO - Exporting env vars: AIRFLOW_CTX_DAG_EMAIL='cdash-alerts@example.com' AIRFLOW_CTX_DAG_OWNER='crime-analytics' AIRFLOW_CTX_DAG_ID='crime_analytics_pipeline' AIRFLOW_CTX_TASK_ID='etl_silver' AIRFLOW_CTX_EXECUTION_DATE='2026-05-28T10:50:32.435865+00:00' AIRFLOW_CTX_TRY_NUMBER='2' AIRFLOW_CTX_DAG_RUN_ID='manual__2026-05-28T10:50:32.435865+00:00'
[2026-05-28T11:26:44.561+0000] {dataproc.py:2208} INFO - Submitting job
[2026-05-28T11:26:44.576+0000] {connection.py:234} WARNING - Connection schemes (type: google_cloud_platform) shall not contain '_' according to RFC3986.
[2026-05-28T11:26:44.577+0000] {base.py:83} INFO - Using connection ID 'google_cloud_default' for task execution.
[2026-05-28T11:26:46.396+0000] {dataproc.py:2220} INFO - Job d88d176c-b62c-4bfd-91da-66675e9d128f submitted successfully.
[2026-05-28T11:26:46.419+0000] {dataproc.py:2254} INFO - Waiting for job d88d176c-b62c-4bfd-91da-66675e9d128f to complete
[2026-05-28T11:27:20.394+0000] {taskinstance.py:2698} ERROR - Task failed with exception
Traceback (most recent call last):
  File "/home/airflow/.local/lib/python3.11/site-packages/airflow/models/taskinstance.py", line 433, in _execute_task
    result = execute_callable(context=context, **execute_callable_kwargs)
             ^^^^^^^^^^^^^^^^^^^^^^^^^^^^^^^^^^^^^^^^^^^^^^^^^^^^^^^^^^^^
  File "/home/airflow/.local/lib/python3.11/site-packages/airflow/providers/google/cloud/operators/dataproc.py", line 2255, in execute
    self.hook.wait_for_job(
  File "/home/airflow/.local/lib/python3.11/site-packages/airflow/providers/google/common/hooks/base_google.py", line 477, in inner_wrapper
    return func(self, *args, **kwargs)
           ^^^^^^^^^^^^^^^^^^^^^^^^^^^
  File "/home/airflow/.local/lib/python3.11/site-packages/airflow/providers/google/cloud/hooks/dataproc.py", line 724, in wait_for_job
    raise AirflowException(f"Job failed:\n{job}")
airflow.exceptions.AirflowException: Job failed:
reference {
  project_id: "sage-mind-489618-n5"
  job_id: "d88d176c-b62c-4bfd-91da-66675e9d128f"
}
placement {
  cluster_name: "crime-etl-cluster"
  cluster_uuid: "3fb0c97a-8db6-4ad7-b637-2a8de197dd64"
}
pyspark_job {
  main_python_file_uri: "gs://chicago-crime-raw-group15/scripts/stage3_silver_main.py"
  args: "--project=sage-mind-489618-n5"
  args: "--bronze_path=gs://chicago-crime-raw-group15/bronze/chicago_crime"
  args: "--silver_path=gs://chicago-crime-raw-group15/silver/chicago_crime"
  args: "--ds=2026-05-28"
  python_file_uris: "gs://chicago-crime-raw-group15/scripts/utils.zip"
  python_file_uris: "gs://chicago-crime-raw-group15/scripts/stage3_silver.zip"
  properties {
    key: "spark.jars.packages"
    value: "com.google.cloud.spark:spark-bigquery-with-dependencies_2.12:0.32.2"
  }
}
status {
  state: ERROR
  details: "Job failed with message [pyspark.sql.utils.AnalysisException: Path does not exist: gs://chicago-crime-raw-group15/bronze/chicago_crime/part_year=2026/part_month=5/part_day=28]. Additional details can be found at:\nhttps://console.cloud.google.com/dataproc/jobs/d88d176c-b62c-4bfd-91da-66675e9d128f?project=sage-mind-489618-n5&region=us-central1\ngcloud dataproc jobs wait \'d88d176c-b62c-4bfd-91da-66675e9d128f\' --region \'us-central1\' --project \'sage-mind-489618-n5\'\nhttps://console.cloud.google.com/storage/browser/dataproc-staging-us-central1-47706975998-p2ulnh4c/google-cloud-dataproc-metainfo/3fb0c97a-8db6-4ad7-b637-2a8de197dd64/jobs/d88d176c-b62c-4bfd-91da-66675e9d128f/\ngs://dataproc-staging-us-central1-47706975998-p2ulnh4c/google-cloud-dataproc-metainfo/3fb0c97a-8db6-4ad7-b637-2a8de197dd64/jobs/d88d176c-b62c-4bfd-91da-66675e9d128f/driveroutput.*"
  state_start_time {
    seconds: 1779967632
    nanos: 551167000
  }
}
status_history {
  state: PENDING
  state_start_time {
    seconds: 1779967605
    nanos: 974756000
  }
}
status_history {
  state: SETUP_DONE
  state_start_time {
    seconds: 1779967606
    nanos: 55157000
  }
}
status_history {
  state: RUNNING
  state_start_time {
    seconds: 1779967606
    nanos: 460380000
  }
}
yarn_applications {
  name: "ChicagoCrime_Stage3_Silver"
  state: FINISHED
  progress: 1
  tracking_url: "http://crime-etl-cluster-m.us-central1-a.c.sage-mind-489618-n5.internal.:8088/proxy/application_1779965563052_0003/"
}
driver_output_resource_uri: "gs://dataproc-staging-us-central1-47706975998-p2ulnh4c/google-cloud-dataproc-metainfo/3fb0c97a-8db6-4ad7-b637-2a8de197dd64/jobs/d88d176c-b62c-4bfd-91da-66675e9d128f/driveroutput"
driver_control_files_uri: "gs://dataproc-staging-us-central1-47706975998-p2ulnh4c/google-cloud-dataproc-metainfo/3fb0c97a-8db6-4ad7-b637-2a8de197dd64/jobs/d88d176c-b62c-4bfd-91da-66675e9d128f/"
job_uuid: "d88d176c-b62c-4bfd-91da-66675e9d128f"
done: true

[2026-05-28T11:27:20.429+0000] {taskinstance.py:1138} INFO - Marking task as UP_FOR_RETRY. dag_id=crime_analytics_pipeline, task_id=etl_silver, execution_date=20260528T105032, start_date=20260528T112644, end_date=20260528T112720
[2026-05-28T11:27:20.445+0000] {standard_task_runner.py:107} ERROR - Failed to execute job 268 for task etl_silver (Job failed:
reference {
  project_id: "sage-mind-489618-n5"
  job_id: "d88d176c-b62c-4bfd-91da-66675e9d128f"
}
placement {
  cluster_name: "crime-etl-cluster"
  cluster_uuid: "3fb0c97a-8db6-4ad7-b637-2a8de197dd64"
}
pyspark_job {
  main_python_file_uri: "gs://chicago-crime-raw-group15/scripts/stage3_silver_main.py"
  args: "--project=sage-mind-489618-n5"
  args: "--bronze_path=gs://chicago-crime-raw-group15/bronze/chicago_crime"
  args: "--silver_path=gs://chicago-crime-raw-group15/silver/chicago_crime"
  args: "--ds=2026-05-28"
  python_file_uris: "gs://chicago-crime-raw-group15/scripts/utils.zip"
  python_file_uris: "gs://chicago-crime-raw-group15/scripts/stage3_silver.zip"
  properties {
    key: "spark.jars.packages"
    value: "com.google.cloud.spark:spark-bigquery-with-dependencies_2.12:0.32.2"
  }
}
status {
  state: ERROR
  details: "Job failed with message [pyspark.sql.utils.AnalysisException: Path does not exist: gs://chicago-crime-raw-group15/bronze/chicago_crime/part_year=2026/part_month=5/part_day=28]. Additional details can be found at:\nhttps://console.cloud.google.com/dataproc/jobs/d88d176c-b62c-4bfd-91da-66675e9d128f?project=sage-mind-489618-n5&region=us-central1\ngcloud dataproc jobs wait \'d88d176c-b62c-4bfd-91da-66675e9d128f\' --region \'us-central1\' --project \'sage-mind-489618-n5\'\nhttps://console.cloud.google.com/storage/browser/dataproc-staging-us-central1-47706975998-p2ulnh4c/google-cloud-dataproc-metainfo/3fb0c97a-8db6-4ad7-b637-2a8de197dd64/jobs/d88d176c-b62c-4bfd-91da-66675e9d128f/\ngs://dataproc-staging-us-central1-47706975998-p2ulnh4c/google-cloud-dataproc-metainfo/3fb0c97a-8db6-4ad7-b637-2a8de197dd64/jobs/d88d176c-b62c-4bfd-91da-66675e9d128f/driveroutput.*"
  state_start_time {
    seconds: 1779967632
    nanos: 551167000
  }
}
status_history {
  state: PENDING
  state_start_time {
    seconds: 1779967605
    nanos: 974756000
  }
}
status_history {
  state: SETUP_DONE
  state_start_time {
    seconds: 1779967606
    nanos: 55157000
  }
}
status_history {
  state: RUNNING
  state_start_time {
    seconds: 1779967606
    nanos: 460380000
  }
}
yarn_applications {
  name: "ChicagoCrime_Stage3_Silver"
  state: FINISHED
  progress: 1
  tracking_url: "http://crime-etl-cluster-m.us-central1-a.c.sage-mind-489618-n5.internal.:8088/proxy/application_1779965563052_0003/"
}
driver_output_resource_uri: "gs://dataproc-staging-us-central1-47706975998-p2ulnh4c/google-cloud-dataproc-metainfo/3fb0c97a-8db6-4ad7-b637-2a8de197dd64/jobs/d88d176c-b62c-4bfd-91da-66675e9d128f/driveroutput"
driver_control_files_uri: "gs://dataproc-staging-us-central1-47706975998-p2ulnh4c/google-cloud-dataproc-metainfo/3fb0c97a-8db6-4ad7-b637-2a8de197dd64/jobs/d88d176c-b62c-4bfd-91da-66675e9d128f/"
job_uuid: "d88d176c-b62c-4bfd-91da-66675e9d128f"
done: true
; 19926)
[2026-05-28T11:27:20.487+0000] {local_task_job_runner.py:234} INFO - Task exited with return code 1
[2026-05-28T11:27:20.521+0000] {taskinstance.py:3280} INFO - 0 downstream tasks scheduled from follow-on schedule check
