[2026-06-06T21:18:10.423+0000] {taskinstance.py:1956} INFO - Dependencies all met for dep_context=non-requeueable deps ti=<TaskInstance: crime_analytics_pipeline.ingest_poi scheduled__2026-05-30T19:00:00+00:00 [queued]>
[2026-06-06T21:18:10.433+0000] {taskinstance.py:1956} INFO - Dependencies all met for dep_context=requeueable deps ti=<TaskInstance: crime_analytics_pipeline.ingest_poi scheduled__2026-05-30T19:00:00+00:00 [queued]>
[2026-06-06T21:18:10.434+0000] {taskinstance.py:2170} INFO - Starting attempt 1 of 2
[2026-06-06T21:18:10.449+0000] {taskinstance.py:2191} INFO - Executing <Task(PythonOperator): ingest_poi> on 2026-05-30 19:00:00+00:00
[2026-06-06T21:18:10.458+0000] {standard_task_runner.py:60} INFO - Started process 219 to run task
[2026-06-06T21:18:10.464+0000] {standard_task_runner.py:87} INFO - Running: ['***', 'tasks', 'run', 'crime_analytics_pipeline', 'ingest_poi', 'scheduled__2026-05-30T19:00:00+00:00', '--job-id', '610', '--raw', '--subdir', 'DAGS_FOLDER/dag_crime_pipeline.py', '--cfg-path', '/tmp/tmpaa_brd2q']
[2026-06-06T21:18:10.469+0000] {standard_task_runner.py:88} INFO - Job 610: Subtask ingest_poi
[2026-06-06T21:18:10.550+0000] {task_command.py:423} INFO - Running <TaskInstance: crime_analytics_pipeline.ingest_poi scheduled__2026-05-30T19:00:00+00:00 [running]> on host db8b8170dea9
[2026-06-06T21:18:10.677+0000] {taskinstance.py:2480} INFO - Exporting env vars: AIRFLOW_CTX_DAG_EMAIL='cdash-alerts@example.com' AIRFLOW_CTX_DAG_OWNER='crime-analytics' AIRFLOW_CTX_DAG_ID='crime_analytics_pipeline' AIRFLOW_CTX_TASK_ID='ingest_poi' AIRFLOW_CTX_EXECUTION_DATE='2026-05-30T19:00:00+00:00' AIRFLOW_CTX_TRY_NUMBER='1' AIRFLOW_CTX_DAG_RUN_ID='scheduled__2026-05-30T19:00:00+00:00'
[2026-06-06T21:18:13.521+0000] {logging_mixin.py:188} WARNING - /opt/***/dags/dag_crime_pipeline.py:271 UserWarning: Geometry is in a geographic CRS. Results from 'centroid' are likely incorrect. Use 'GeoSeries.to_crs()' to re-project geometries to a projected CRS before this operation.
[2026-06-06T21:18:13.531+0000] {logging_mixin.py:188} WARNING - /opt/***/dags/dag_crime_pipeline.py:272 UserWarning: Geometry is in a geographic CRS. Results from 'centroid' are likely incorrect. Use 'GeoSeries.to_crs()' to re-project geometries to a projected CRS before this operation.
[2026-06-06T21:18:13.931+0000] {logging_mixin.py:188} WARNING - /opt/***/dags/dag_crime_pipeline.py:271 UserWarning: Geometry is in a geographic CRS. Results from 'centroid' are likely incorrect. Use 'GeoSeries.to_crs()' to re-project geometries to a projected CRS before this operation.
[2026-06-06T21:18:13.950+0000] {logging_mixin.py:188} WARNING - /opt/***/dags/dag_crime_pipeline.py:272 UserWarning: Geometry is in a geographic CRS. Results from 'centroid' are likely incorrect. Use 'GeoSeries.to_crs()' to re-project geometries to a projected CRS before this operation.
[2026-06-06T21:18:14.506+0000] {logging_mixin.py:188} WARNING - /opt/***/dags/dag_crime_pipeline.py:271 UserWarning: Geometry is in a geographic CRS. Results from 'centroid' are likely incorrect. Use 'GeoSeries.to_crs()' to re-project geometries to a projected CRS before this operation.
[2026-06-06T21:18:14.526+0000] {logging_mixin.py:188} WARNING - /opt/***/dags/dag_crime_pipeline.py:272 UserWarning: Geometry is in a geographic CRS. Results from 'centroid' are likely incorrect. Use 'GeoSeries.to_crs()' to re-project geometries to a projected CRS before this operation.
[2026-06-06T21:18:14.828+0000] {logging_mixin.py:188} WARNING - /opt/***/dags/dag_crime_pipeline.py:271 UserWarning: Geometry is in a geographic CRS. Results from 'centroid' are likely incorrect. Use 'GeoSeries.to_crs()' to re-project geometries to a projected CRS before this operation.
[2026-06-06T21:18:14.840+0000] {logging_mixin.py:188} WARNING - /opt/***/dags/dag_crime_pipeline.py:272 UserWarning: Geometry is in a geographic CRS. Results from 'centroid' are likely incorrect. Use 'GeoSeries.to_crs()' to re-project geometries to a projected CRS before this operation.
[2026-06-06T21:18:17.563+0000] {python.py:201} INFO - Done. Returned value was: None
[2026-06-06T21:18:17.578+0000] {taskinstance.py:1138} INFO - Marking task as SUCCESS. dag_id=crime_analytics_pipeline, task_id=ingest_poi, execution_date=20260530T190000, start_date=20260606T211810, end_date=20260606T211817
[2026-06-06T21:18:17.701+0000] {local_task_job_runner.py:234} INFO - Task exited with return code 0
[2026-06-06T21:18:17.727+0000] {taskinstance.py:3280} INFO - 0 downstream tasks scheduled from follow-on schedule check
