[2026-06-05T22:33:06.032+0000] {taskinstance.py:1956} INFO - Dependencies all met for dep_context=non-requeueable deps ti=<TaskInstance: crime_analytics_pipeline.etl_silver manual__2026-06-05T17:42:56.298855+00:00 [queued]>
[2026-06-05T22:33:06.044+0000] {taskinstance.py:1956} INFO - Dependencies all met for dep_context=requeueable deps ti=<TaskInstance: crime_analytics_pipeline.etl_silver manual__2026-06-05T17:42:56.298855+00:00 [queued]>
[2026-06-05T22:33:06.045+0000] {taskinstance.py:2170} INFO - Starting attempt 12 of 13
[2026-06-05T22:33:06.080+0000] {taskinstance.py:2191} INFO - Executing <Task(DataprocSubmitJobOperator): etl_silver> on 2026-06-05 17:42:56.298855+00:00
[2026-06-05T22:33:06.095+0000] {standard_task_runner.py:60} INFO - Started process 12157 to run task
[2026-06-05T22:33:06.100+0000] {standard_task_runner.py:87} INFO - Running: ['***', 'tasks', 'run', 'crime_analytics_pipeline', 'etl_silver', 'manual__2026-06-05T17:42:56.298855+00:00', '--job-id', '555', '--raw', '--subdir', 'DAGS_FOLDER/dag_crime_pipeline.py', '--cfg-path', '/tmp/tmpuvga6ifh']
[2026-06-05T22:33:06.104+0000] {standard_task_runner.py:88} INFO - Job 555: Subtask etl_silver
[2026-06-05T22:33:06.185+0000] {task_command.py:423} INFO - Running <TaskInstance: crime_analytics_pipeline.etl_silver manual__2026-06-05T17:42:56.298855+00:00 [running]> on host db8b8170dea9
[2026-06-05T22:33:06.341+0000] {taskinstance.py:2480} INFO - Exporting env vars: AIRFLOW_CTX_DAG_EMAIL='cdash-alerts@example.com' AIRFLOW_CTX_DAG_OWNER='crime-analytics' AIRFLOW_CTX_DAG_ID='crime_analytics_pipeline' AIRFLOW_CTX_TASK_ID='etl_silver' AIRFLOW_CTX_EXECUTION_DATE='2026-06-05T17:42:56.298855+00:00' AIRFLOW_CTX_TRY_NUMBER='12' AIRFLOW_CTX_DAG_RUN_ID='manual__2026-06-05T17:42:56.298855+00:00'
[2026-06-05T22:33:06.344+0000] {dataproc.py:2208} INFO - Submitting job
[2026-06-05T22:33:06.362+0000] {connection.py:234} WARNING - Connection schemes (type: google_cloud_platform) shall not contain '_' according to RFC3986.
[2026-06-05T22:33:06.364+0000] {base.py:83} INFO - Using connection ID 'google_cloud_default' for task execution.
[2026-06-05T22:33:08.218+0000] {dataproc.py:2220} INFO - Job e6255d76-7041-4519-b058-bba4957a9cde submitted successfully.
[2026-06-05T22:33:08.247+0000] {dataproc.py:2254} INFO - Waiting for job e6255d76-7041-4519-b058-bba4957a9cde to complete
[2026-06-05T22:37:45.120+0000] {taskinstance.py:2698} ERROR - Task failed with exception
Traceback (most recent call last):
  File "/home/airflow/.local/lib/python3.11/site-packages/airflow/models/taskinstance.py", line 433, in _execute_task
    result = execute_callable(context=context, **execute_callable_kwargs)
             ^^^^^^^^^^^^^^^^^^^^^^^^^^^^^^^^^^^^^^^^^^^^^^^^^^^^^^^^^^^^
  File "/home/airflow/.local/lib/python3.11/site-packages/airflow/providers/google/cloud/operators/dataproc.py", line 2255, in execute
    self.hook.wait_for_job(
  File "/home/airflow/.local/lib/python3.11/site-packages/airflow/providers/google/common/hooks/base_google.py", line 477, in inner_wrapper
    return func(self, *args, **kwargs)
           ^^^^^^^^^^^^^^^^^^^^^^^^^^^
  File "/home/airflow/.local/lib/python3.11/site-packages/airflow/providers/google/cloud/hooks/dataproc.py", line 724, in wait_for_job
    raise AirflowException(f"Job failed:\n{job}")
airflow.exceptions.AirflowException: Job failed:
reference {
  project_id: "sage-mind-489618-n5"
  job_id: "e6255d76-7041-4519-b058-bba4957a9cde"
}
placement {
  cluster_name: "crime-etl-cluster"
  cluster_uuid: "4a3a9fc7-c5a7-4e2b-8784-9973ce1a197f"
}
pyspark_job {
  main_python_file_uri: "gs://chicago-crime-raw-group15/scripts/stage3_silver_main.py"
  args: "--project=sage-mind-489618-n5"
  args: "--bronze_path=gs://chicago-crime-raw-group15/bronze/chicago_crime"
  args: "--silver_path=gs://chicago-crime-raw-group15/silver/chicago_crime"
  args: "--ds=2026-06-05"
  python_file_uris: "gs://chicago-crime-raw-group15/scripts/utils.zip"
  python_file_uris: "gs://chicago-crime-raw-group15/scripts/stage3_silver.zip"
  properties {
    key: "spark.jars.packages"
    value: "com.google.cloud.spark:spark-bigquery-with-dependencies_2.12:0.32.2"
  }
}
status {
  state: ERROR
  details: "Google Cloud Dataproc Agent reports job failure. If logs are available, they can be found at:\nhttps://console.cloud.google.com/dataproc/jobs/e6255d76-7041-4519-b058-bba4957a9cde?project=sage-mind-489618-n5&region=us-central1\ngcloud dataproc jobs wait \'e6255d76-7041-4519-b058-bba4957a9cde\' --region \'us-central1\' --project \'sage-mind-489618-n5\'\nhttps://console.cloud.google.com/storage/browser/dataproc-staging-us-central1-47706975998-p2ulnh4c/google-cloud-dataproc-metainfo/4a3a9fc7-c5a7-4e2b-8784-9973ce1a197f/jobs/e6255d76-7041-4519-b058-bba4957a9cde/\ngs://dataproc-staging-us-central1-47706975998-p2ulnh4c/google-cloud-dataproc-metainfo/4a3a9fc7-c5a7-4e2b-8784-9973ce1a197f/jobs/e6255d76-7041-4519-b058-bba4957a9cde/driveroutput.*"
  state_start_time {
    seconds: 1780699058
    nanos: 86262000
  }
}
status_history {
  state: PENDING
  state_start_time {
    seconds: 1780698787
    nanos: 936178000
  }
}
status_history {
  state: SETUP_DONE
  state_start_time {
    seconds: 1780698788
    nanos: 752000
  }
}
status_history {
  state: RUNNING
  state_start_time {
    seconds: 1780698788
    nanos: 413068000
  }
}
yarn_applications {
  name: "ChicagoCrime_Stage3_Silver"
  state: FINISHED
  progress: 1
  tracking_url: "http://crime-etl-cluster-m.us-central1-c.c.sage-mind-489618-n5.internal.:8088/proxy/application_1780696987769_0008/"
}
driver_output_resource_uri: "gs://dataproc-staging-us-central1-47706975998-p2ulnh4c/google-cloud-dataproc-metainfo/4a3a9fc7-c5a7-4e2b-8784-9973ce1a197f/jobs/e6255d76-7041-4519-b058-bba4957a9cde/driveroutput"
driver_control_files_uri: "gs://dataproc-staging-us-central1-47706975998-p2ulnh4c/google-cloud-dataproc-metainfo/4a3a9fc7-c5a7-4e2b-8784-9973ce1a197f/jobs/e6255d76-7041-4519-b058-bba4957a9cde/"
job_uuid: "e6255d76-7041-4519-b058-bba4957a9cde"
done: true

[2026-06-05T22:37:45.128+0000] {taskinstance.py:1138} INFO - Marking task as UP_FOR_RETRY. dag_id=crime_analytics_pipeline, task_id=etl_silver, execution_date=20260605T174256, start_date=20260605T223306, end_date=20260605T223745
[2026-06-05T22:37:45.145+0000] {standard_task_runner.py:107} ERROR - Failed to execute job 555 for task etl_silver (Job failed:
reference {
  project_id: "sage-mind-489618-n5"
  job_id: "e6255d76-7041-4519-b058-bba4957a9cde"
}
placement {
  cluster_name: "crime-etl-cluster"
  cluster_uuid: "4a3a9fc7-c5a7-4e2b-8784-9973ce1a197f"
}
pyspark_job {
  main_python_file_uri: "gs://chicago-crime-raw-group15/scripts/stage3_silver_main.py"
  args: "--project=sage-mind-489618-n5"
  args: "--bronze_path=gs://chicago-crime-raw-group15/bronze/chicago_crime"
  args: "--silver_path=gs://chicago-crime-raw-group15/silver/chicago_crime"
  args: "--ds=2026-06-05"
  python_file_uris: "gs://chicago-crime-raw-group15/scripts/utils.zip"
  python_file_uris: "gs://chicago-crime-raw-group15/scripts/stage3_silver.zip"
  properties {
    key: "spark.jars.packages"
    value: "com.google.cloud.spark:spark-bigquery-with-dependencies_2.12:0.32.2"
  }
}
status {
  state: ERROR
  details: "Google Cloud Dataproc Agent reports job failure. If logs are available, they can be found at:\nhttps://console.cloud.google.com/dataproc/jobs/e6255d76-7041-4519-b058-bba4957a9cde?project=sage-mind-489618-n5&region=us-central1\ngcloud dataproc jobs wait \'e6255d76-7041-4519-b058-bba4957a9cde\' --region \'us-central1\' --project \'sage-mind-489618-n5\'\nhttps://console.cloud.google.com/storage/browser/dataproc-staging-us-central1-47706975998-p2ulnh4c/google-cloud-dataproc-metainfo/4a3a9fc7-c5a7-4e2b-8784-9973ce1a197f/jobs/e6255d76-7041-4519-b058-bba4957a9cde/\ngs://dataproc-staging-us-central1-47706975998-p2ulnh4c/google-cloud-dataproc-metainfo/4a3a9fc7-c5a7-4e2b-8784-9973ce1a197f/jobs/e6255d76-7041-4519-b058-bba4957a9cde/driveroutput.*"
  state_start_time {
    seconds: 1780699058
    nanos: 86262000
  }
}
status_history {
  state: PENDING
  state_start_time {
    seconds: 1780698787
    nanos: 936178000
  }
}
status_history {
  state: SETUP_DONE
  state_start_time {
    seconds: 1780698788
    nanos: 752000
  }
}
status_history {
  state: RUNNING
  state_start_time {
    seconds: 1780698788
    nanos: 413068000
  }
}
yarn_applications {
  name: "ChicagoCrime_Stage3_Silver"
  state: FINISHED
  progress: 1
  tracking_url: "http://crime-etl-cluster-m.us-central1-c.c.sage-mind-489618-n5.internal.:8088/proxy/application_1780696987769_0008/"
}
driver_output_resource_uri: "gs://dataproc-staging-us-central1-47706975998-p2ulnh4c/google-cloud-dataproc-metainfo/4a3a9fc7-c5a7-4e2b-8784-9973ce1a197f/jobs/e6255d76-7041-4519-b058-bba4957a9cde/driveroutput"
driver_control_files_uri: "gs://dataproc-staging-us-central1-47706975998-p2ulnh4c/google-cloud-dataproc-metainfo/4a3a9fc7-c5a7-4e2b-8784-9973ce1a197f/jobs/e6255d76-7041-4519-b058-bba4957a9cde/"
job_uuid: "e6255d76-7041-4519-b058-bba4957a9cde"
done: true
; 12157)
[2026-06-05T22:37:45.184+0000] {local_task_job_runner.py:234} INFO - Task exited with return code 1
[2026-06-05T22:37:45.218+0000] {taskinstance.py:3280} INFO - 0 downstream tasks scheduled from follow-on schedule check
