[2026-06-05T18:03:43.274+0000] {taskinstance.py:1956} INFO - Dependencies all met for dep_context=non-requeueable deps ti=<TaskInstance: crime_analytics_pipeline.etl_silver manual__2026-06-05T17:42:56.298855+00:00 [queued]>
[2026-06-05T18:03:43.284+0000] {taskinstance.py:1956} INFO - Dependencies all met for dep_context=requeueable deps ti=<TaskInstance: crime_analytics_pipeline.etl_silver manual__2026-06-05T17:42:56.298855+00:00 [queued]>
[2026-06-05T18:03:43.284+0000] {taskinstance.py:2170} INFO - Starting attempt 2 of 3
[2026-06-05T18:03:43.298+0000] {taskinstance.py:2191} INFO - Executing <Task(DataprocSubmitJobOperator): etl_silver> on 2026-06-05 17:42:56.298855+00:00
[2026-06-05T18:03:43.309+0000] {standard_task_runner.py:60} INFO - Started process 1293 to run task
[2026-06-05T18:03:43.314+0000] {standard_task_runner.py:87} INFO - Running: ['***', 'tasks', 'run', 'crime_analytics_pipeline', 'etl_silver', 'manual__2026-06-05T17:42:56.298855+00:00', '--job-id', '517', '--raw', '--subdir', 'DAGS_FOLDER/dag_crime_pipeline.py', '--cfg-path', '/tmp/tmp0do5xa9u']
[2026-06-05T18:03:43.319+0000] {standard_task_runner.py:88} INFO - Job 517: Subtask etl_silver
[2026-06-05T18:03:43.395+0000] {task_command.py:423} INFO - Running <TaskInstance: crime_analytics_pipeline.etl_silver manual__2026-06-05T17:42:56.298855+00:00 [running]> on host db8b8170dea9
[2026-06-05T18:03:43.531+0000] {taskinstance.py:2480} INFO - Exporting env vars: AIRFLOW_CTX_DAG_EMAIL='cdash-alerts@example.com' AIRFLOW_CTX_DAG_OWNER='crime-analytics' AIRFLOW_CTX_DAG_ID='crime_analytics_pipeline' AIRFLOW_CTX_TASK_ID='etl_silver' AIRFLOW_CTX_EXECUTION_DATE='2026-06-05T17:42:56.298855+00:00' AIRFLOW_CTX_TRY_NUMBER='2' AIRFLOW_CTX_DAG_RUN_ID='manual__2026-06-05T17:42:56.298855+00:00'
[2026-06-05T18:03:43.533+0000] {dataproc.py:2208} INFO - Submitting job
[2026-06-05T18:03:43.550+0000] {connection.py:234} WARNING - Connection schemes (type: google_cloud_platform) shall not contain '_' according to RFC3986.
[2026-06-05T18:03:43.552+0000] {base.py:83} INFO - Using connection ID 'google_cloud_default' for task execution.
[2026-06-05T18:03:45.184+0000] {dataproc.py:2220} INFO - Job ce30645f-3ee8-4758-94cc-15fd9ba39f2c submitted successfully.
[2026-06-05T18:03:45.226+0000] {dataproc.py:2254} INFO - Waiting for job ce30645f-3ee8-4758-94cc-15fd9ba39f2c to complete
[2026-06-05T18:04:19.207+0000] {taskinstance.py:2698} ERROR - Task failed with exception
Traceback (most recent call last):
  File "/home/airflow/.local/lib/python3.11/site-packages/airflow/models/taskinstance.py", line 433, in _execute_task
    result = execute_callable(context=context, **execute_callable_kwargs)
             ^^^^^^^^^^^^^^^^^^^^^^^^^^^^^^^^^^^^^^^^^^^^^^^^^^^^^^^^^^^^
  File "/home/airflow/.local/lib/python3.11/site-packages/airflow/providers/google/cloud/operators/dataproc.py", line 2255, in execute
    self.hook.wait_for_job(
  File "/home/airflow/.local/lib/python3.11/site-packages/airflow/providers/google/common/hooks/base_google.py", line 477, in inner_wrapper
    return func(self, *args, **kwargs)
           ^^^^^^^^^^^^^^^^^^^^^^^^^^^
  File "/home/airflow/.local/lib/python3.11/site-packages/airflow/providers/google/cloud/hooks/dataproc.py", line 724, in wait_for_job
    raise AirflowException(f"Job failed:\n{job}")
airflow.exceptions.AirflowException: Job failed:
reference {
  project_id: "sage-mind-489618-n5"
  job_id: "ce30645f-3ee8-4758-94cc-15fd9ba39f2c"
}
placement {
  cluster_name: "crime-etl-cluster"
  cluster_uuid: "63e7cdd4-3348-418d-9011-8af86c20c02c"
}
pyspark_job {
  main_python_file_uri: "gs://chicago-crime-raw-group15/scripts/stage3_silver_main.py"
  args: "--project=sage-mind-489618-n5"
  args: "--bronze_path=gs://chicago-crime-raw-group15/bronze/chicago_crime"
  args: "--silver_path=gs://chicago-crime-raw-group15/silver/chicago_crime"
  args: "--ds=2026-06-05"
  python_file_uris: "gs://chicago-crime-raw-group15/scripts/utils.zip"
  python_file_uris: "gs://chicago-crime-raw-group15/scripts/stage3_silver.zip"
  properties {
    key: "spark.jars.packages"
    value: "com.google.cloud.spark:spark-bigquery-with-dependencies_2.12:0.32.2"
  }
}
status {
  state: ERROR
  details: "Job failed with message [ModuleNotFoundError: No module named \'src\']. Additional details can be found at:\nhttps://console.cloud.google.com/dataproc/jobs/ce30645f-3ee8-4758-94cc-15fd9ba39f2c?project=sage-mind-489618-n5&region=us-central1\ngcloud dataproc jobs wait \'ce30645f-3ee8-4758-94cc-15fd9ba39f2c\' --region \'us-central1\' --project \'sage-mind-489618-n5\'\nhttps://console.cloud.google.com/storage/browser/dataproc-staging-us-central1-47706975998-p2ulnh4c/google-cloud-dataproc-metainfo/63e7cdd4-3348-418d-9011-8af86c20c02c/jobs/ce30645f-3ee8-4758-94cc-15fd9ba39f2c/\ngs://dataproc-staging-us-central1-47706975998-p2ulnh4c/google-cloud-dataproc-metainfo/63e7cdd4-3348-418d-9011-8af86c20c02c/jobs/ce30645f-3ee8-4758-94cc-15fd9ba39f2c/driveroutput.*"
  state_start_time {
    seconds: 1780682650
    nanos: 857098000
  }
}
status_history {
  state: PENDING
  state_start_time {
    seconds: 1780682624
    nanos: 294262000
  }
}
status_history {
  state: SETUP_DONE
  state_start_time {
    seconds: 1780682624
    nanos: 365866000
  }
}
status_history {
  state: RUNNING
  state_start_time {
    seconds: 1780682624
    nanos: 773876000
  }
}
driver_output_resource_uri: "gs://dataproc-staging-us-central1-47706975998-p2ulnh4c/google-cloud-dataproc-metainfo/63e7cdd4-3348-418d-9011-8af86c20c02c/jobs/ce30645f-3ee8-4758-94cc-15fd9ba39f2c/driveroutput"
driver_control_files_uri: "gs://dataproc-staging-us-central1-47706975998-p2ulnh4c/google-cloud-dataproc-metainfo/63e7cdd4-3348-418d-9011-8af86c20c02c/jobs/ce30645f-3ee8-4758-94cc-15fd9ba39f2c/"
job_uuid: "ce30645f-3ee8-4758-94cc-15fd9ba39f2c"
done: true

[2026-06-05T18:04:19.235+0000] {taskinstance.py:1138} INFO - Marking task as UP_FOR_RETRY. dag_id=crime_analytics_pipeline, task_id=etl_silver, execution_date=20260605T174256, start_date=20260605T180343, end_date=20260605T180419
[2026-06-05T18:04:19.255+0000] {standard_task_runner.py:107} ERROR - Failed to execute job 517 for task etl_silver (Job failed:
reference {
  project_id: "sage-mind-489618-n5"
  job_id: "ce30645f-3ee8-4758-94cc-15fd9ba39f2c"
}
placement {
  cluster_name: "crime-etl-cluster"
  cluster_uuid: "63e7cdd4-3348-418d-9011-8af86c20c02c"
}
pyspark_job {
  main_python_file_uri: "gs://chicago-crime-raw-group15/scripts/stage3_silver_main.py"
  args: "--project=sage-mind-489618-n5"
  args: "--bronze_path=gs://chicago-crime-raw-group15/bronze/chicago_crime"
  args: "--silver_path=gs://chicago-crime-raw-group15/silver/chicago_crime"
  args: "--ds=2026-06-05"
  python_file_uris: "gs://chicago-crime-raw-group15/scripts/utils.zip"
  python_file_uris: "gs://chicago-crime-raw-group15/scripts/stage3_silver.zip"
  properties {
    key: "spark.jars.packages"
    value: "com.google.cloud.spark:spark-bigquery-with-dependencies_2.12:0.32.2"
  }
}
status {
  state: ERROR
  details: "Job failed with message [ModuleNotFoundError: No module named \'src\']. Additional details can be found at:\nhttps://console.cloud.google.com/dataproc/jobs/ce30645f-3ee8-4758-94cc-15fd9ba39f2c?project=sage-mind-489618-n5&region=us-central1\ngcloud dataproc jobs wait \'ce30645f-3ee8-4758-94cc-15fd9ba39f2c\' --region \'us-central1\' --project \'sage-mind-489618-n5\'\nhttps://console.cloud.google.com/storage/browser/dataproc-staging-us-central1-47706975998-p2ulnh4c/google-cloud-dataproc-metainfo/63e7cdd4-3348-418d-9011-8af86c20c02c/jobs/ce30645f-3ee8-4758-94cc-15fd9ba39f2c/\ngs://dataproc-staging-us-central1-47706975998-p2ulnh4c/google-cloud-dataproc-metainfo/63e7cdd4-3348-418d-9011-8af86c20c02c/jobs/ce30645f-3ee8-4758-94cc-15fd9ba39f2c/driveroutput.*"
  state_start_time {
    seconds: 1780682650
    nanos: 857098000
  }
}
status_history {
  state: PENDING
  state_start_time {
    seconds: 1780682624
    nanos: 294262000
  }
}
status_history {
  state: SETUP_DONE
  state_start_time {
    seconds: 1780682624
    nanos: 365866000
  }
}
status_history {
  state: RUNNING
  state_start_time {
    seconds: 1780682624
    nanos: 773876000
  }
}
driver_output_resource_uri: "gs://dataproc-staging-us-central1-47706975998-p2ulnh4c/google-cloud-dataproc-metainfo/63e7cdd4-3348-418d-9011-8af86c20c02c/jobs/ce30645f-3ee8-4758-94cc-15fd9ba39f2c/driveroutput"
driver_control_files_uri: "gs://dataproc-staging-us-central1-47706975998-p2ulnh4c/google-cloud-dataproc-metainfo/63e7cdd4-3348-418d-9011-8af86c20c02c/jobs/ce30645f-3ee8-4758-94cc-15fd9ba39f2c/"
job_uuid: "ce30645f-3ee8-4758-94cc-15fd9ba39f2c"
done: true
; 1293)
[2026-06-05T18:04:19.287+0000] {local_task_job_runner.py:234} INFO - Task exited with return code 1
[2026-06-05T18:04:19.315+0000] {taskinstance.py:3280} INFO - 0 downstream tasks scheduled from follow-on schedule check
