[2026-05-27T17:06:01.656+0000] {taskinstance.py:1956} INFO - Dependencies all met for dep_context=non-requeueable deps ti=<TaskInstance: crime_analytics_pipeline.etl_gold manual__2026-05-27T16:53:19.112956+00:00 [queued]>
[2026-05-27T17:06:01.665+0000] {taskinstance.py:1956} INFO - Dependencies all met for dep_context=requeueable deps ti=<TaskInstance: crime_analytics_pipeline.etl_gold manual__2026-05-27T16:53:19.112956+00:00 [queued]>
[2026-05-27T17:06:01.666+0000] {taskinstance.py:2170} INFO - Starting attempt 1 of 2
[2026-05-27T17:06:01.677+0000] {taskinstance.py:2191} INFO - Executing <Task(DataprocSubmitJobOperator): etl_gold> on 2026-05-27 16:53:19.112956+00:00
[2026-05-27T17:06:01.687+0000] {standard_task_runner.py:60} INFO - Started process 2388 to run task
[2026-05-27T17:06:01.694+0000] {standard_task_runner.py:87} INFO - Running: ['***', 'tasks', 'run', 'crime_analytics_pipeline', 'etl_gold', 'manual__2026-05-27T16:53:19.112956+00:00', '--job-id', '199', '--raw', '--subdir', 'DAGS_FOLDER/dag_crime_pipeline.py', '--cfg-path', '/tmp/tmpeaasw_15']
[2026-05-27T17:06:01.699+0000] {standard_task_runner.py:88} INFO - Job 199: Subtask etl_gold
[2026-05-27T17:06:01.768+0000] {task_command.py:423} INFO - Running <TaskInstance: crime_analytics_pipeline.etl_gold manual__2026-05-27T16:53:19.112956+00:00 [running]> on host db8b8170dea9
[2026-05-27T17:06:01.867+0000] {taskinstance.py:2480} INFO - Exporting env vars: AIRFLOW_CTX_DAG_EMAIL='cdash-alerts@example.com' AIRFLOW_CTX_DAG_OWNER='crime-analytics' AIRFLOW_CTX_DAG_ID='crime_analytics_pipeline' AIRFLOW_CTX_TASK_ID='etl_gold' AIRFLOW_CTX_EXECUTION_DATE='2026-05-27T16:53:19.112956+00:00' AIRFLOW_CTX_TRY_NUMBER='1' AIRFLOW_CTX_DAG_RUN_ID='manual__2026-05-27T16:53:19.112956+00:00'
[2026-05-27T17:06:01.870+0000] {dataproc.py:2208} INFO - Submitting job
[2026-05-27T17:06:01.885+0000] {connection.py:234} WARNING - Connection schemes (type: google_cloud_platform) shall not contain '_' according to RFC3986.
[2026-05-27T17:06:01.886+0000] {base.py:83} INFO - Using connection ID 'google_cloud_default' for task execution.
[2026-05-27T17:06:03.621+0000] {dataproc.py:2220} INFO - Job 31c1abae-f297-42ac-8ca9-4d70f54a2af8 submitted successfully.
[2026-05-27T17:06:03.662+0000] {dataproc.py:2254} INFO - Waiting for job 31c1abae-f297-42ac-8ca9-4d70f54a2af8 to complete
[2026-05-27T17:06:26.436+0000] {taskinstance.py:2698} ERROR - Task failed with exception
Traceback (most recent call last):
  File "/home/airflow/.local/lib/python3.11/site-packages/airflow/models/taskinstance.py", line 433, in _execute_task
    result = execute_callable(context=context, **execute_callable_kwargs)
             ^^^^^^^^^^^^^^^^^^^^^^^^^^^^^^^^^^^^^^^^^^^^^^^^^^^^^^^^^^^^
  File "/home/airflow/.local/lib/python3.11/site-packages/airflow/providers/google/cloud/operators/dataproc.py", line 2255, in execute
    self.hook.wait_for_job(
  File "/home/airflow/.local/lib/python3.11/site-packages/airflow/providers/google/common/hooks/base_google.py", line 477, in inner_wrapper
    return func(self, *args, **kwargs)
           ^^^^^^^^^^^^^^^^^^^^^^^^^^^
  File "/home/airflow/.local/lib/python3.11/site-packages/airflow/providers/google/cloud/hooks/dataproc.py", line 724, in wait_for_job
    raise AirflowException(f"Job failed:\n{job}")
airflow.exceptions.AirflowException: Job failed:
reference {
  project_id: "sage-mind-489618-n5"
  job_id: "31c1abae-f297-42ac-8ca9-4d70f54a2af8"
}
placement {
  cluster_name: "crime-etl-cluster"
  cluster_uuid: "e8d78f77-af0c-4bc9-9313-8f057541749d"
}
pyspark_job {
  main_python_file_uri: "gs://chicago-crime-raw-group15/scripts/stage4_gold/main.py"
  args: "--mode=append"
  args: "--project=sage-mind-489618-n5"
  args: "--dataset=cdash_warehouse"
  args: "--bucket=chicago-crime-raw-group15"
  python_file_uris: "gs://chicago-crime-raw-group15/scripts/logger.zip"
  properties {
    key: "spark.jars.packages"
    value: "com.google.cloud.spark:spark-bigquery-with-dependencies_2.12:0.32.2"
  }
}
status {
  state: ERROR
  details: "Job failed with message [ModuleNotFoundError: No module named \'stage4_gold\']. Additional details can be found at:\nhttps://console.cloud.google.com/dataproc/jobs/31c1abae-f297-42ac-8ca9-4d70f54a2af8?project=sage-mind-489618-n5&region=us-central1\ngcloud dataproc jobs wait \'31c1abae-f297-42ac-8ca9-4d70f54a2af8\' --region \'us-central1\' --project \'sage-mind-489618-n5\'\nhttps://console.cloud.google.com/storage/browser/dataproc-staging-us-central1-47706975998-p2ulnh4c/google-cloud-dataproc-metainfo/e8d78f77-af0c-4bc9-9313-8f057541749d/jobs/31c1abae-f297-42ac-8ca9-4d70f54a2af8/\ngs://dataproc-staging-us-central1-47706975998-p2ulnh4c/google-cloud-dataproc-metainfo/e8d78f77-af0c-4bc9-9313-8f057541749d/jobs/31c1abae-f297-42ac-8ca9-4d70f54a2af8/driveroutput.*"
  state_start_time {
    seconds: 1779901577
    nanos: 380011000
  }
}
status_history {
  state: PENDING
  state_start_time {
    seconds: 1779901563
    nanos: 247883000
  }
}
status_history {
  state: SETUP_DONE
  state_start_time {
    seconds: 1779901563
    nanos: 322232000
  }
}
status_history {
  state: RUNNING
  state_start_time {
    seconds: 1779901563
    nanos: 768374000
  }
}
driver_output_resource_uri: "gs://dataproc-staging-us-central1-47706975998-p2ulnh4c/google-cloud-dataproc-metainfo/e8d78f77-af0c-4bc9-9313-8f057541749d/jobs/31c1abae-f297-42ac-8ca9-4d70f54a2af8/driveroutput"
driver_control_files_uri: "gs://dataproc-staging-us-central1-47706975998-p2ulnh4c/google-cloud-dataproc-metainfo/e8d78f77-af0c-4bc9-9313-8f057541749d/jobs/31c1abae-f297-42ac-8ca9-4d70f54a2af8/"
job_uuid: "31c1abae-f297-42ac-8ca9-4d70f54a2af8"
done: true

[2026-05-27T17:06:26.442+0000] {taskinstance.py:1138} INFO - Marking task as UP_FOR_RETRY. dag_id=crime_analytics_pipeline, task_id=etl_gold, execution_date=20260527T165319, start_date=20260527T170601, end_date=20260527T170626
[2026-05-27T17:06:26.455+0000] {standard_task_runner.py:107} ERROR - Failed to execute job 199 for task etl_gold (Job failed:
reference {
  project_id: "sage-mind-489618-n5"
  job_id: "31c1abae-f297-42ac-8ca9-4d70f54a2af8"
}
placement {
  cluster_name: "crime-etl-cluster"
  cluster_uuid: "e8d78f77-af0c-4bc9-9313-8f057541749d"
}
pyspark_job {
  main_python_file_uri: "gs://chicago-crime-raw-group15/scripts/stage4_gold/main.py"
  args: "--mode=append"
  args: "--project=sage-mind-489618-n5"
  args: "--dataset=cdash_warehouse"
  args: "--bucket=chicago-crime-raw-group15"
  python_file_uris: "gs://chicago-crime-raw-group15/scripts/logger.zip"
  properties {
    key: "spark.jars.packages"
    value: "com.google.cloud.spark:spark-bigquery-with-dependencies_2.12:0.32.2"
  }
}
status {
  state: ERROR
  details: "Job failed with message [ModuleNotFoundError: No module named \'stage4_gold\']. Additional details can be found at:\nhttps://console.cloud.google.com/dataproc/jobs/31c1abae-f297-42ac-8ca9-4d70f54a2af8?project=sage-mind-489618-n5&region=us-central1\ngcloud dataproc jobs wait \'31c1abae-f297-42ac-8ca9-4d70f54a2af8\' --region \'us-central1\' --project \'sage-mind-489618-n5\'\nhttps://console.cloud.google.com/storage/browser/dataproc-staging-us-central1-47706975998-p2ulnh4c/google-cloud-dataproc-metainfo/e8d78f77-af0c-4bc9-9313-8f057541749d/jobs/31c1abae-f297-42ac-8ca9-4d70f54a2af8/\ngs://dataproc-staging-us-central1-47706975998-p2ulnh4c/google-cloud-dataproc-metainfo/e8d78f77-af0c-4bc9-9313-8f057541749d/jobs/31c1abae-f297-42ac-8ca9-4d70f54a2af8/driveroutput.*"
  state_start_time {
    seconds: 1779901577
    nanos: 380011000
  }
}
status_history {
  state: PENDING
  state_start_time {
    seconds: 1779901563
    nanos: 247883000
  }
}
status_history {
  state: SETUP_DONE
  state_start_time {
    seconds: 1779901563
    nanos: 322232000
  }
}
status_history {
  state: RUNNING
  state_start_time {
    seconds: 1779901563
    nanos: 768374000
  }
}
driver_output_resource_uri: "gs://dataproc-staging-us-central1-47706975998-p2ulnh4c/google-cloud-dataproc-metainfo/e8d78f77-af0c-4bc9-9313-8f057541749d/jobs/31c1abae-f297-42ac-8ca9-4d70f54a2af8/driveroutput"
driver_control_files_uri: "gs://dataproc-staging-us-central1-47706975998-p2ulnh4c/google-cloud-dataproc-metainfo/e8d78f77-af0c-4bc9-9313-8f057541749d/jobs/31c1abae-f297-42ac-8ca9-4d70f54a2af8/"
job_uuid: "31c1abae-f297-42ac-8ca9-4d70f54a2af8"
done: true
; 2388)
[2026-05-27T17:06:26.505+0000] {local_task_job_runner.py:234} INFO - Task exited with return code 1
[2026-05-27T17:06:26.539+0000] {taskinstance.py:3280} INFO - 0 downstream tasks scheduled from follow-on schedule check
