[2026-05-28T15:56:04.697+0000] {taskinstance.py:1956} INFO - Dependencies all met for dep_context=non-requeueable deps ti=<TaskInstance: crime_analytics_pipeline.ingest_poi manual__2026-05-28T15:56:01.293413+00:00 [queued]>
[2026-05-28T15:56:04.708+0000] {taskinstance.py:1956} INFO - Dependencies all met for dep_context=requeueable deps ti=<TaskInstance: crime_analytics_pipeline.ingest_poi manual__2026-05-28T15:56:01.293413+00:00 [queued]>
[2026-05-28T15:56:04.709+0000] {taskinstance.py:2170} INFO - Starting attempt 1 of 2
[2026-05-28T15:56:04.737+0000] {taskinstance.py:2191} INFO - Executing <Task(PythonOperator): ingest_poi> on 2026-05-28 15:56:01.293413+00:00
[2026-05-28T15:56:04.752+0000] {standard_task_runner.py:60} INFO - Started process 26836 to run task
[2026-05-28T15:56:04.757+0000] {standard_task_runner.py:87} INFO - Running: ['***', 'tasks', 'run', 'crime_analytics_pipeline', 'ingest_poi', 'manual__2026-05-28T15:56:01.293413+00:00', '--job-id', '303', '--raw', '--subdir', 'DAGS_FOLDER/dag_crime_pipeline.py', '--cfg-path', '/tmp/tmp9m2hnai6']
[2026-05-28T15:56:04.763+0000] {standard_task_runner.py:88} INFO - Job 303: Subtask ingest_poi
[2026-05-28T15:56:04.839+0000] {task_command.py:423} INFO - Running <TaskInstance: crime_analytics_pipeline.ingest_poi manual__2026-05-28T15:56:01.293413+00:00 [running]> on host db8b8170dea9
[2026-05-28T15:56:04.946+0000] {taskinstance.py:2480} INFO - Exporting env vars: AIRFLOW_CTX_DAG_EMAIL='cdash-alerts@example.com' AIRFLOW_CTX_DAG_OWNER='crime-analytics' AIRFLOW_CTX_DAG_ID='crime_analytics_pipeline' AIRFLOW_CTX_TASK_ID='ingest_poi' AIRFLOW_CTX_EXECUTION_DATE='2026-05-28T15:56:01.293413+00:00' AIRFLOW_CTX_TRY_NUMBER='1' AIRFLOW_CTX_DAG_RUN_ID='manual__2026-05-28T15:56:01.293413+00:00'
[2026-05-28T15:56:09.320+0000] {logging_mixin.py:188} WARNING - /opt/***/dags/dag_crime_pipeline.py:279 UserWarning: Geometry is in a geographic CRS. Results from 'centroid' are likely incorrect. Use 'GeoSeries.to_crs()' to re-project geometries to a projected CRS before this operation.
[2026-05-28T15:56:09.328+0000] {logging_mixin.py:188} WARNING - /opt/***/dags/dag_crime_pipeline.py:280 UserWarning: Geometry is in a geographic CRS. Results from 'centroid' are likely incorrect. Use 'GeoSeries.to_crs()' to re-project geometries to a projected CRS before this operation.
[2026-05-28T15:56:09.639+0000] {logging_mixin.py:188} WARNING - /opt/***/dags/dag_crime_pipeline.py:279 UserWarning: Geometry is in a geographic CRS. Results from 'centroid' are likely incorrect. Use 'GeoSeries.to_crs()' to re-project geometries to a projected CRS before this operation.
[2026-05-28T15:56:09.647+0000] {logging_mixin.py:188} WARNING - /opt/***/dags/dag_crime_pipeline.py:280 UserWarning: Geometry is in a geographic CRS. Results from 'centroid' are likely incorrect. Use 'GeoSeries.to_crs()' to re-project geometries to a projected CRS before this operation.
[2026-05-28T15:56:10.113+0000] {logging_mixin.py:188} WARNING - /opt/***/dags/dag_crime_pipeline.py:279 UserWarning: Geometry is in a geographic CRS. Results from 'centroid' are likely incorrect. Use 'GeoSeries.to_crs()' to re-project geometries to a projected CRS before this operation.
[2026-05-28T15:56:10.123+0000] {logging_mixin.py:188} WARNING - /opt/***/dags/dag_crime_pipeline.py:280 UserWarning: Geometry is in a geographic CRS. Results from 'centroid' are likely incorrect. Use 'GeoSeries.to_crs()' to re-project geometries to a projected CRS before this operation.
[2026-05-28T15:56:10.365+0000] {logging_mixin.py:188} WARNING - /opt/***/dags/dag_crime_pipeline.py:279 UserWarning: Geometry is in a geographic CRS. Results from 'centroid' are likely incorrect. Use 'GeoSeries.to_crs()' to re-project geometries to a projected CRS before this operation.
[2026-05-28T15:56:10.374+0000] {logging_mixin.py:188} WARNING - /opt/***/dags/dag_crime_pipeline.py:280 UserWarning: Geometry is in a geographic CRS. Results from 'centroid' are likely incorrect. Use 'GeoSeries.to_crs()' to re-project geometries to a projected CRS before this operation.
[2026-05-28T15:56:11.700+0000] {python.py:201} INFO - Done. Returned value was: None
[2026-05-28T15:56:11.717+0000] {taskinstance.py:1138} INFO - Marking task as SUCCESS. dag_id=crime_analytics_pipeline, task_id=ingest_poi, execution_date=20260528T155601, start_date=20260528T155604, end_date=20260528T155611
[2026-05-28T15:56:11.805+0000] {local_task_job_runner.py:234} INFO - Task exited with return code 0
[2026-05-28T15:56:11.835+0000] {taskinstance.py:3280} INFO - 0 downstream tasks scheduled from follow-on schedule check
