[2026-05-26T19:25:17.311+0000] {taskinstance.py:1956} INFO - Dependencies all met for dep_context=non-requeueable deps ti=<TaskInstance: crime_analytics_pipeline.etl_bronze manual__2026-05-26T19:21:42.565313+00:00 [queued]>
[2026-05-26T19:25:17.320+0000] {taskinstance.py:1956} INFO - Dependencies all met for dep_context=requeueable deps ti=<TaskInstance: crime_analytics_pipeline.etl_bronze manual__2026-05-26T19:21:42.565313+00:00 [queued]>
[2026-05-26T19:25:17.321+0000] {taskinstance.py:2170} INFO - Starting attempt 1 of 2
[2026-05-26T19:25:17.334+0000] {taskinstance.py:2191} INFO - Executing <Task(DataprocSubmitJobOperator): etl_bronze> on 2026-05-26 19:21:42.565313+00:00
[2026-05-26T19:25:17.344+0000] {standard_task_runner.py:60} INFO - Started process 1577 to run task
[2026-05-26T19:25:17.347+0000] {standard_task_runner.py:87} INFO - Running: ['***', 'tasks', 'run', 'crime_analytics_pipeline', 'etl_bronze', 'manual__2026-05-26T19:21:42.565313+00:00', '--job-id', '92', '--raw', '--subdir', 'DAGS_FOLDER/dag_crime_pipeline.py', '--cfg-path', '/tmp/tmp_u2ssdf4']
[2026-05-26T19:25:17.350+0000] {standard_task_runner.py:88} INFO - Job 92: Subtask etl_bronze
[2026-05-26T19:25:17.416+0000] {task_command.py:423} INFO - Running <TaskInstance: crime_analytics_pipeline.etl_bronze manual__2026-05-26T19:21:42.565313+00:00 [running]> on host 93e8dbfc6168
[2026-05-26T19:25:17.521+0000] {taskinstance.py:2480} INFO - Exporting env vars: AIRFLOW_CTX_DAG_EMAIL='cdash-alerts@example.com' AIRFLOW_CTX_DAG_OWNER='crime-analytics' AIRFLOW_CTX_DAG_ID='crime_analytics_pipeline' AIRFLOW_CTX_TASK_ID='etl_bronze' AIRFLOW_CTX_EXECUTION_DATE='2026-05-26T19:21:42.565313+00:00' AIRFLOW_CTX_TRY_NUMBER='1' AIRFLOW_CTX_DAG_RUN_ID='manual__2026-05-26T19:21:42.565313+00:00'
[2026-05-26T19:25:17.524+0000] {dataproc.py:2208} INFO - Submitting job
[2026-05-26T19:25:17.542+0000] {connection.py:234} WARNING - Connection schemes (type: google_cloud_platform) shall not contain '_' according to RFC3986.
[2026-05-26T19:25:17.544+0000] {base.py:83} INFO - Using connection ID 'google_cloud_default' for task execution.
[2026-05-26T19:25:19.616+0000] {dataproc.py:2220} INFO - Job 8d98e82d-b583-4c74-bdd8-9652296a600b submitted successfully.
[2026-05-26T19:25:19.637+0000] {dataproc.py:2254} INFO - Waiting for job 8d98e82d-b583-4c74-bdd8-9652296a600b to complete
[2026-05-26T19:26:09.307+0000] {taskinstance.py:2698} ERROR - Task failed with exception
Traceback (most recent call last):
  File "/home/airflow/.local/lib/python3.11/site-packages/airflow/models/taskinstance.py", line 433, in _execute_task
    result = execute_callable(context=context, **execute_callable_kwargs)
             ^^^^^^^^^^^^^^^^^^^^^^^^^^^^^^^^^^^^^^^^^^^^^^^^^^^^^^^^^^^^
  File "/home/airflow/.local/lib/python3.11/site-packages/airflow/providers/google/cloud/operators/dataproc.py", line 2255, in execute
    self.hook.wait_for_job(
  File "/home/airflow/.local/lib/python3.11/site-packages/airflow/providers/google/common/hooks/base_google.py", line 477, in inner_wrapper
    return func(self, *args, **kwargs)
           ^^^^^^^^^^^^^^^^^^^^^^^^^^^
  File "/home/airflow/.local/lib/python3.11/site-packages/airflow/providers/google/cloud/hooks/dataproc.py", line 724, in wait_for_job
    raise AirflowException(f"Job failed:\n{job}")
airflow.exceptions.AirflowException: Job failed:
reference {
  project_id: "sage-mind-489618-n5"
  job_id: "8d98e82d-b583-4c74-bdd8-9652296a600b"
}
placement {
  cluster_name: "crime-etl-cluster"
  cluster_uuid: "3cfaab9e-853d-447f-8210-f8b8500d3aa3"
}
pyspark_job {
  main_python_file_uri: "gs://chicago-crime-raw-group15/scripts/stage2_bronze/data_ingestion.py"
  args: "--env=prod"
  args: "--raw_path=gs://chicago-crime-raw-group15/raw/chicago_crime"
  args: "--bronze_path=gs://chicago-crime-raw-group15/bronze/chicago_crime"
  python_file_uris: "gs://chicago-crime-raw-group15/scripts/utils.zip"
  properties {
    key: "spark.jars.packages"
    value: "com.google.cloud.spark:spark-bigquery-with-dependencies_2.12:0.32.2"
  }
}
status {
  state: ERROR
  details: "Job failed with message [pyspark.sql.utils.AnalysisException: Unable to infer schema for CSV. It must be specified manually.]. Additional details can be found at:\nhttps://console.cloud.google.com/dataproc/jobs/8d98e82d-b583-4c74-bdd8-9652296a600b?project=sage-mind-489618-n5&region=us-central1\ngcloud dataproc jobs wait \'8d98e82d-b583-4c74-bdd8-9652296a600b\' --region \'us-central1\' --project \'sage-mind-489618-n5\'\nhttps://console.cloud.google.com/storage/browser/dataproc-staging-us-central1-47706975998-p2ulnh4c/google-cloud-dataproc-metainfo/3cfaab9e-853d-447f-8210-f8b8500d3aa3/jobs/8d98e82d-b583-4c74-bdd8-9652296a600b/\ngs://dataproc-staging-us-central1-47706975998-p2ulnh4c/google-cloud-dataproc-metainfo/3cfaab9e-853d-447f-8210-f8b8500d3aa3/jobs/8d98e82d-b583-4c74-bdd8-9652296a600b/driveroutput.*"
  state_start_time {
    seconds: 1779823561
    nanos: 530681000
  }
}
status_history {
  state: PENDING
  state_start_time {
    seconds: 1779823520
    nanos: 586508000
  }
}
status_history {
  state: SETUP_DONE
  state_start_time {
    seconds: 1779823520
    nanos: 664471000
  }
}
status_history {
  state: RUNNING
  state_start_time {
    seconds: 1779823521
    nanos: 138739000
  }
}
yarn_applications {
  name: "Stage2_Bronze_Ingestion"
  state: FINISHED
  progress: 1
  tracking_url: "http://crime-etl-cluster-m.us-central1-b.c.sage-mind-489618-n5.internal.:8088/proxy/application_1779823433934_0001/"
}
driver_output_resource_uri: "gs://dataproc-staging-us-central1-47706975998-p2ulnh4c/google-cloud-dataproc-metainfo/3cfaab9e-853d-447f-8210-f8b8500d3aa3/jobs/8d98e82d-b583-4c74-bdd8-9652296a600b/driveroutput"
driver_control_files_uri: "gs://dataproc-staging-us-central1-47706975998-p2ulnh4c/google-cloud-dataproc-metainfo/3cfaab9e-853d-447f-8210-f8b8500d3aa3/jobs/8d98e82d-b583-4c74-bdd8-9652296a600b/"
job_uuid: "8d98e82d-b583-4c74-bdd8-9652296a600b"
done: true

[2026-05-26T19:26:09.313+0000] {taskinstance.py:1138} INFO - Marking task as UP_FOR_RETRY. dag_id=crime_analytics_pipeline, task_id=etl_bronze, execution_date=20260526T192142, start_date=20260526T192517, end_date=20260526T192609
[2026-05-26T19:26:09.325+0000] {standard_task_runner.py:107} ERROR - Failed to execute job 92 for task etl_bronze (Job failed:
reference {
  project_id: "sage-mind-489618-n5"
  job_id: "8d98e82d-b583-4c74-bdd8-9652296a600b"
}
placement {
  cluster_name: "crime-etl-cluster"
  cluster_uuid: "3cfaab9e-853d-447f-8210-f8b8500d3aa3"
}
pyspark_job {
  main_python_file_uri: "gs://chicago-crime-raw-group15/scripts/stage2_bronze/data_ingestion.py"
  args: "--env=prod"
  args: "--raw_path=gs://chicago-crime-raw-group15/raw/chicago_crime"
  args: "--bronze_path=gs://chicago-crime-raw-group15/bronze/chicago_crime"
  python_file_uris: "gs://chicago-crime-raw-group15/scripts/utils.zip"
  properties {
    key: "spark.jars.packages"
    value: "com.google.cloud.spark:spark-bigquery-with-dependencies_2.12:0.32.2"
  }
}
status {
  state: ERROR
  details: "Job failed with message [pyspark.sql.utils.AnalysisException: Unable to infer schema for CSV. It must be specified manually.]. Additional details can be found at:\nhttps://console.cloud.google.com/dataproc/jobs/8d98e82d-b583-4c74-bdd8-9652296a600b?project=sage-mind-489618-n5&region=us-central1\ngcloud dataproc jobs wait \'8d98e82d-b583-4c74-bdd8-9652296a600b\' --region \'us-central1\' --project \'sage-mind-489618-n5\'\nhttps://console.cloud.google.com/storage/browser/dataproc-staging-us-central1-47706975998-p2ulnh4c/google-cloud-dataproc-metainfo/3cfaab9e-853d-447f-8210-f8b8500d3aa3/jobs/8d98e82d-b583-4c74-bdd8-9652296a600b/\ngs://dataproc-staging-us-central1-47706975998-p2ulnh4c/google-cloud-dataproc-metainfo/3cfaab9e-853d-447f-8210-f8b8500d3aa3/jobs/8d98e82d-b583-4c74-bdd8-9652296a600b/driveroutput.*"
  state_start_time {
    seconds: 1779823561
    nanos: 530681000
  }
}
status_history {
  state: PENDING
  state_start_time {
    seconds: 1779823520
    nanos: 586508000
  }
}
status_history {
  state: SETUP_DONE
  state_start_time {
    seconds: 1779823520
    nanos: 664471000
  }
}
status_history {
  state: RUNNING
  state_start_time {
    seconds: 1779823521
    nanos: 138739000
  }
}
yarn_applications {
  name: "Stage2_Bronze_Ingestion"
  state: FINISHED
  progress: 1
  tracking_url: "http://crime-etl-cluster-m.us-central1-b.c.sage-mind-489618-n5.internal.:8088/proxy/application_1779823433934_0001/"
}
driver_output_resource_uri: "gs://dataproc-staging-us-central1-47706975998-p2ulnh4c/google-cloud-dataproc-metainfo/3cfaab9e-853d-447f-8210-f8b8500d3aa3/jobs/8d98e82d-b583-4c74-bdd8-9652296a600b/driveroutput"
driver_control_files_uri: "gs://dataproc-staging-us-central1-47706975998-p2ulnh4c/google-cloud-dataproc-metainfo/3cfaab9e-853d-447f-8210-f8b8500d3aa3/jobs/8d98e82d-b583-4c74-bdd8-9652296a600b/"
job_uuid: "8d98e82d-b583-4c74-bdd8-9652296a600b"
done: true
; 1577)
[2026-05-26T19:26:09.375+0000] {local_task_job_runner.py:234} INFO - Task exited with return code 1
[2026-05-26T19:26:09.404+0000] {taskinstance.py:3280} INFO - 0 downstream tasks scheduled from follow-on schedule check
