[2026-06-02T16:34:21.713+0000] {taskinstance.py:1956} INFO - Dependencies all met for dep_context=non-requeueable deps ti=<TaskInstance: crime_analytics_pipeline.ml_train_and_predict manual__2026-06-02T16:00:23.902592+00:00 [queued]>
[2026-06-02T16:34:21.720+0000] {taskinstance.py:1956} INFO - Dependencies all met for dep_context=requeueable deps ti=<TaskInstance: crime_analytics_pipeline.ml_train_and_predict manual__2026-06-02T16:00:23.902592+00:00 [queued]>
[2026-06-02T16:34:21.721+0000] {taskinstance.py:2170} INFO - Starting attempt 5 of 6
[2026-06-02T16:34:21.734+0000] {taskinstance.py:2191} INFO - Executing <Task(PythonOperator): ml_train_and_predict> on 2026-06-02 16:00:23.902592+00:00
[2026-06-02T16:34:21.743+0000] {standard_task_runner.py:60} INFO - Started process 1531 to run task
[2026-06-02T16:34:21.748+0000] {standard_task_runner.py:87} INFO - Running: ['***', 'tasks', 'run', 'crime_analytics_pipeline', 'ml_train_and_predict', 'manual__2026-06-02T16:00:23.902592+00:00', '--job-id', '476', '--raw', '--subdir', 'DAGS_FOLDER/dag_crime_pipeline.py', '--cfg-path', '/tmp/tmpjzs2s9ca']
[2026-06-02T16:34:21.751+0000] {standard_task_runner.py:88} INFO - Job 476: Subtask ml_train_and_predict
[2026-06-02T16:34:21.822+0000] {task_command.py:423} INFO - Running <TaskInstance: crime_analytics_pipeline.ml_train_and_predict manual__2026-06-02T16:00:23.902592+00:00 [running]> on host db8b8170dea9
[2026-06-02T16:34:21.939+0000] {taskinstance.py:2480} INFO - Exporting env vars: AIRFLOW_CTX_DAG_EMAIL='cdash-alerts@example.com' AIRFLOW_CTX_DAG_OWNER='crime-analytics' AIRFLOW_CTX_DAG_ID='crime_analytics_pipeline' AIRFLOW_CTX_TASK_ID='ml_train_and_predict' AIRFLOW_CTX_EXECUTION_DATE='2026-06-02T16:00:23.902592+00:00' AIRFLOW_CTX_TRY_NUMBER='5' AIRFLOW_CTX_DAG_RUN_ID='manual__2026-06-02T16:00:23.902592+00:00'
[2026-06-02T16:34:22.883+0000] {ml_pipeline.py:1520} INFO - ========================================================================
[2026-06-02T16:34:22.884+0000] {ml_pipeline.py:1521} INFO -   Chicago Crime Hotspot Forecasting – ml_pipeline v20 target-safe
[2026-06-02T16:34:22.885+0000] {ml_pipeline.py:1522} INFO -   Target: next_hotspot = (next_total >= 2)
[2026-06-02T16:34:22.885+0000] {ml_pipeline.py:1523} INFO -   Dashboard risk: CRITICAL=top5%%, HIGH+=top15%%, MEDIUM+=top30%%
[2026-06-02T16:34:22.886+0000] {ml_pipeline.py:1524} INFO - ========================================================================
[2026-06-02T16:34:22.935+0000] {ml_pipeline.py:441} INFO - [ML] Loading enriched_crime_data from BigQuery (last 400 days)...
[2026-06-02T16:34:28.994+0000] {ml_pipeline.py:517} INFO - [ML] Loaded 256909 rows, date range: 2025-04-13 → 2026-05-18
[2026-06-02T16:34:28.995+0000] {ml_pipeline.py:531} INFO - [ML] Aggregating daily per H3...
[2026-06-02T16:34:32.525+0000] {ml_pipeline.py:609} INFO - [ML] Daily grid: 341,652 rows, 852 H3 cells, 401 dates | RAM-safe downcast done
[2026-06-02T16:34:32.568+0000] {ml_pipeline.py:633} INFO - [ML] H3 neighbors built. Avg ring-1 in dataset: 5.4
[2026-06-02T16:34:32.654+0000] {ml_pipeline.py:1549} INFO - [ML] Split Train: 2025-09-05→2026-04-12 (220 d) Calib: 2026-04-13→2026-05-03 Val: 2026-05-04→2026-05-10 Test: 2026-05-11→2026-05-17
[2026-06-02T16:34:32.741+0000] {ml_pipeline.py:668} INFO - [ML]   [4A] Own-cell lag/rolling features
[2026-06-02T16:34:37.336+0000] {ml_pipeline.py:713} INFO - [ML]   [4B] Burst/streak features
[2026-06-02T16:34:37.535+0000] {ml_pipeline.py:761} INFO - [ML]   [4C] Crime-type composition
[2026-06-02T16:34:40.703+0000] {ml_pipeline.py:778} INFO - [ML]   [4D] Weather/context features
[2026-06-02T16:34:41.154+0000] {ml_pipeline.py:794} INFO - [ML]   [4E] Community-level features
[2026-06-02T16:34:42.215+0000] {ml_pipeline.py:842} INFO - [ML]   [4F] City-level features
[2026-06-02T16:34:42.936+0000] {ml_pipeline.py:876} INFO - [ML]   [4G] H3 spatial spillover v20 target-safe
[2026-06-02T16:34:43.323+0000] {ml_pipeline.py:944} INFO - [ML]     computing nbr_r1 mean/sum/max/std/active-count + r2 + roll7 ...
[2026-06-02T16:34:46.129+0000] {ml_pipeline.py:1028} INFO - [ML]     ✓ Spatial spillover features added, single-merge RAM-safe
[2026-06-02T16:34:46.131+0000] {ml_pipeline.py:1043} INFO - [ML]   [4H] Train-only spatial priors
[2026-06-02T16:34:47.946+0000] {ml_pipeline.py:1093} INFO - [ML]   [4I] Near-repeat victimization (Near-Repeat Theory)
[2026-06-02T16:34:47.975+0000] {ml_pipeline.py:1106} INFO - [ML]   [4J] Cross-crime lead-lag (Escalation Theory)
[2026-06-02T16:34:47.982+0000] {ml_pipeline.py:1119} INFO - [ML]   [4K] Arrest deterrence (Deterrence Theory)
[2026-06-02T16:34:48.211+0000] {ml_pipeline.py:1145} INFO - [ML]   [4L] Density-normalized crime
[2026-06-02T16:34:48.222+0000] {ml_pipeline.py:1162} INFO - [ML]   [4M] Holiday/event features (Routine Activity Theory)
[2026-06-02T16:34:51.927+0000] {ml_pipeline.py:1172} INFO - [ML]   [4N] Momentum and trend direction
[2026-06-02T16:34:53.443+0000] {ml_pipeline.py:1194} INFO - [ML]   [4O] Hardship interaction (Social Disorganization Theory)
[2026-06-02T16:34:53.453+0000] {ml_pipeline.py:1210} INFO - [ML]   [4P] Prior-relative features
[2026-06-02T16:34:53.467+0000] {ml_pipeline.py:1230} INFO - [ML] Feature engineering done. Shape: (341652, 294)
[2026-06-02T16:34:53.503+0000] {ml_pipeline.py:1570} INFO - [ML] train next_has_crime=39.83% | next_hotspot>=2=17.30%
[2026-06-02T16:34:53.508+0000] {ml_pipeline.py:1570} INFO - [ML] calib next_has_crime=40.85% | next_hotspot>=2=18.05%
[2026-06-02T16:34:53.512+0000] {ml_pipeline.py:1570} INFO - [ML] val next_has_crime=41.43% | next_hotspot>=2=18.66%
[2026-06-02T16:34:53.516+0000] {ml_pipeline.py:1570} INFO - [ML] test next_has_crime=34.93% | next_hotspot>=2=18.71%
[2026-06-02T16:34:54.367+0000] {ml_pipeline.py:1254} INFO - [ML] Preparing train/calib/val/test splits for v20 HOTSPOT ranker...
[2026-06-02T16:34:54.380+0000] {ml_pipeline.py:1293} INFO - [ML] Removed guarded/redundant features: 21
[2026-06-02T16:34:57.465+0000] {ml_pipeline.py:1336} INFO - [ML] Train=187440  Calib=17892  Val=5964  Test=5964  features=271
[2026-06-02T16:34:57.467+0000] {ml_pipeline.py:1338} INFO - [ML] Dropped const/null=7 | Hotspot train rate=17.299% | scale_pos_weight raw=4.78 used=3.74
[2026-06-02T16:34:57.468+0000] {ml_pipeline.py:1340} INFO - [ML] Feature groups: spatial_nbr=28 temporal=151 prior=7 shock=9
[2026-06-02T16:34:58.593+0000] {logging_mixin.py:188} INFO - [0]	validation_0-aucpr:0.53799	validation_1-aucpr:0.53680
[2026-06-02T16:35:16.046+0000] {logging_mixin.py:188} INFO - [200]	validation_0-aucpr:0.56054	validation_1-aucpr:0.55788
[2026-06-02T16:35:32.153+0000] {logging_mixin.py:188} INFO - [400]	validation_0-aucpr:0.56598	validation_1-aucpr:0.55836
[2026-06-02T16:35:40.677+0000] {logging_mixin.py:188} INFO - [506]	validation_0-aucpr:0.56844	validation_1-aucpr:0.55801
[2026-06-02T16:35:40.695+0000] {ml_pipeline.py:1355} INFO - [ML] Training done. Best iteration: 387
[2026-06-02T16:35:43.589+0000] {ml_pipeline.py:1363} INFO - [ML] Calibrated diagnostic threshold guarded: 0.63 | F1_CALIB=0.5513 | calib_base=0.1805
[2026-06-02T16:35:43.711+0000] {ml_pipeline.py:1372} INFO - [ML] VAL  – AUC=0.8472 AP=0.5769 F1=0.5581 Top05_R=0.2063 Top05_L=4.09x Top15_R=0.4704 Top30_R=0.7101
[2026-06-02T16:35:43.712+0000] {ml_pipeline.py:1376} INFO - [ML] TEST – AUC=0.8251 AP=0.5110 F1=0.5257 Top05_R=0.1543 Top05_L=3.06x Top15_R=0.3895 Top30_R=0.5982
[2026-06-02T16:35:43.735+0000] {ml_pipeline.py:1405} INFO - [ML] Feature day: 2026-05-18  →  Prediction day: 2026-05-19  (852 H3 cells)
[2026-06-02T16:35:43.868+0000] {ml_pipeline.py:1453} INFO - [ML] Predictions – cells=852 | diagnostic pred_hotspot=197 (23.1%)
[2026-06-02T16:35:43.870+0000] {ml_pipeline.py:1455} INFO - [ML] Rank-bounded risk distribution:
risk_level
LOW         597
MEDIUM      128
HIGH         85
CRITICAL     42
[2026-06-02T16:35:43.890+0000] {ml_pipeline.py:1477} INFO - [ML] Writing 852 predictions → sage-mind-489618-n5.cdash_warehouse.prediction_results (mode=WRITE_TRUNCATE)
[2026-06-02T16:35:47.274+0000] {ml_pipeline.py:1496} INFO - [ML] ✓ Predictions written to BigQuery.
[2026-06-02T16:35:47.285+0000] {ml_pipeline.py:1599} INFO - [ML] Model artifact saved → /tmp/crime_model_v20.pkl
[2026-06-02T16:35:47.290+0000] {ml_pipeline.py:1602} INFO - ========================================================================
[2026-06-02T16:35:47.291+0000] {ml_pipeline.py:1603} INFO -   SUMMARY v20 target-safe
[2026-06-02T16:35:47.292+0000] {ml_pipeline.py:1604} INFO -   VAL  AUC=0.8472 AP=0.5769 F1=0.5581 Top05_R=0.2063 Top05_L=4.09x Top15_R=0.4704 Top30_R=0.7101
[2026-06-02T16:35:47.293+0000] {ml_pipeline.py:1606} INFO -   TEST AUC=0.8251 AP=0.5110 F1=0.5257 Top05_R=0.1543 Top05_L=3.06x Top15_R=0.3895 Top30_R=0.5982
[2026-06-02T16:35:47.294+0000] {ml_pipeline.py:1608} INFO -   Risk counts: {'LOW': 597, 'MEDIUM': 128, 'HIGH': 85, 'CRITICAL': 42}
[2026-06-02T16:35:47.294+0000] {ml_pipeline.py:1609} INFO - ========================================================================
[2026-06-02T16:35:47.383+0000] {dag_crime_pipeline.py:312} WARNING - [ML] ⚠️ Model chưa đạt ngưỡng: val_auc=0.8472 val_f1=0.5581
[2026-06-02T16:35:47.384+0000] {python.py:201} INFO - Done. Returned value was: {'val_auc': 0.8472453971106262, 'val_ap': 0.5768784919274743, 'val_f1': 0.558102766798419, 'test_auc': 0.8251187349917787, 'test_ap': 0.5109959865007764, 'test_f1': 0.5257009345794392, 'val_top05_recall': 0.20625718163703524, 'val_top05_lift': 4.08677020359893, 'test_top05_recall': 0.15431994747278344, 'test_top05_lift': 3.057688261553755, 'threshold_diagnostic': 0.6300000000000001, 'risk_counts': {'LOW': 597, 'MEDIUM': 128, 'HIGH': 85, 'CRITICAL': 42}, 'n_predictions': 852, 'model_version': '2026-06-02.hotspot_v20_target_safe_ranker'}
[2026-06-02T16:35:47.418+0000] {taskinstance.py:1138} INFO - Marking task as SUCCESS. dag_id=crime_analytics_pipeline, task_id=ml_train_and_predict, execution_date=20260602T160023, start_date=20260602T163421, end_date=20260602T163547
[2026-06-02T16:35:47.627+0000] {local_task_job_runner.py:234} INFO - Task exited with return code 0
[2026-06-02T16:35:47.660+0000] {taskinstance.py:3280} INFO - 2 downstream tasks scheduled from follow-on schedule check
