[2026-06-02T16:58:41.494+0000] {logging_mixin.py:188} INFO - Changing /opt/***/logs/dag_id=crime_analytics_pipeline/run_id=manual__2026-06-02T16:00:23.902592+00:00/task_id=ml_train_and_predict permission to 509
[2026-06-02T16:58:41.495+0000] {logging_mixin.py:188} INFO - Failed to change /opt/***/logs/dag_id=crime_analytics_pipeline/run_id=manual__2026-06-02T16:00:23.902592+00:00/task_id=ml_train_and_predict permission to 509: [Errno 1] Operation not permitted: '/opt/***/logs/dag_id=crime_analytics_pipeline/run_id=manual__2026-06-02T16:00:23.902592+00:00/task_id=ml_train_and_predict'
[2026-06-02T16:58:41.551+0000] {logging_mixin.py:188} INFO - Changing /opt/***/logs/dag_id=crime_analytics_pipeline/run_id=manual__2026-06-02T16:00:23.902592+00:00/task_id=ml_train_and_predict permission to 509
[2026-06-02T16:58:41.551+0000] {logging_mixin.py:188} INFO - Failed to change /opt/***/logs/dag_id=crime_analytics_pipeline/run_id=manual__2026-06-02T16:00:23.902592+00:00/task_id=ml_train_and_predict permission to 509: [Errno 1] Operation not permitted: '/opt/***/logs/dag_id=crime_analytics_pipeline/run_id=manual__2026-06-02T16:00:23.902592+00:00/task_id=ml_train_and_predict'
[2026-06-02T16:58:41.577+0000] {taskinstance.py:1956} INFO - Dependencies all met for dep_context=non-requeueable deps ti=<TaskInstance: crime_analytics_pipeline.ml_train_and_predict manual__2026-06-02T16:00:23.902592+00:00 [queued]>
[2026-06-02T16:58:41.585+0000] {taskinstance.py:1956} INFO - Dependencies all met for dep_context=requeueable deps ti=<TaskInstance: crime_analytics_pipeline.ml_train_and_predict manual__2026-06-02T16:00:23.902592+00:00 [queued]>
[2026-06-02T16:58:41.587+0000] {taskinstance.py:2170} INFO - Starting attempt 8 of 9
[2026-06-02T16:58:41.601+0000] {taskinstance.py:2191} INFO - Executing <Task(PythonOperator): ml_train_and_predict> on 2026-06-02 16:00:23.902592+00:00
[2026-06-02T16:58:41.612+0000] {standard_task_runner.py:60} INFO - Started process 1925 to run task
[2026-06-02T16:58:41.617+0000] {standard_task_runner.py:87} INFO - Running: ['***', 'tasks', 'run', 'crime_analytics_pipeline', 'ml_train_and_predict', 'manual__2026-06-02T16:00:23.902592+00:00', '--job-id', '481', '--raw', '--subdir', 'DAGS_FOLDER/dag_crime_pipeline.py', '--cfg-path', '/tmp/tmpblod1nyq']
[2026-06-02T16:58:41.621+0000] {standard_task_runner.py:88} INFO - Job 481: Subtask ml_train_and_predict
[2026-06-02T16:58:41.693+0000] {logging_mixin.py:188} INFO - Changing /opt/***/logs/dag_id=crime_analytics_pipeline/run_id=manual__2026-06-02T16:00:23.902592+00:00/task_id=ml_train_and_predict permission to 509
[2026-06-02T16:58:41.694+0000] {logging_mixin.py:188} INFO - Failed to change /opt/***/logs/dag_id=crime_analytics_pipeline/run_id=manual__2026-06-02T16:00:23.902592+00:00/task_id=ml_train_and_predict permission to 509: [Errno 1] Operation not permitted: '/opt/***/logs/dag_id=crime_analytics_pipeline/run_id=manual__2026-06-02T16:00:23.902592+00:00/task_id=ml_train_and_predict'
[2026-06-02T16:58:41.697+0000] {task_command.py:423} INFO - Running <TaskInstance: crime_analytics_pipeline.ml_train_and_predict manual__2026-06-02T16:00:23.902592+00:00 [running]> on host db8b8170dea9
[2026-06-02T16:58:41.815+0000] {taskinstance.py:2480} INFO - Exporting env vars: AIRFLOW_CTX_DAG_EMAIL='cdash-alerts@example.com' AIRFLOW_CTX_DAG_OWNER='crime-analytics' AIRFLOW_CTX_DAG_ID='crime_analytics_pipeline' AIRFLOW_CTX_TASK_ID='ml_train_and_predict' AIRFLOW_CTX_EXECUTION_DATE='2026-06-02T16:00:23.902592+00:00' AIRFLOW_CTX_TRY_NUMBER='8' AIRFLOW_CTX_DAG_RUN_ID='manual__2026-06-02T16:00:23.902592+00:00'
[2026-06-02T16:58:42.747+0000] {ml_pipeline.py:1767} INFO - ========================================================================
[2026-06-02T16:58:42.748+0000] {ml_pipeline.py:1768} INFO -   Chicago Crime Hotspot Forecasting – ml_pipeline v20 target-safe
[2026-06-02T16:58:42.749+0000] {ml_pipeline.py:1769} INFO -   Target: next_hotspot = (next_total >= 2)
[2026-06-02T16:58:42.749+0000] {ml_pipeline.py:1770} INFO -   Dashboard risk: CRITICAL=top5%%, HIGH+=top15%%, MEDIUM+=top30%%
[2026-06-02T16:58:42.750+0000] {ml_pipeline.py:1771} INFO - ========================================================================
[2026-06-02T16:58:42.803+0000] {ml_pipeline.py:441} INFO - [ML] Loading enriched_crime_data from BigQuery (last 400 days)...
[2026-06-02T16:58:48.734+0000] {ml_pipeline.py:517} INFO - [ML] Loaded 256909 rows, date range: 2025-04-13 → 2026-05-18
[2026-06-02T16:58:48.736+0000] {ml_pipeline.py:531} INFO - [ML] Aggregating daily per H3...
[2026-06-02T16:58:52.017+0000] {ml_pipeline.py:609} INFO - [ML] Daily grid: 341,652 rows, 852 H3 cells, 401 dates | RAM-safe downcast done
[2026-06-02T16:58:52.060+0000] {ml_pipeline.py:633} INFO - [ML] H3 neighbors built. Avg ring-1 in dataset: 5.4
[2026-06-02T16:58:52.144+0000] {ml_pipeline.py:1796} INFO - [ML] Split Train: 2025-09-05→2026-04-12 (220 d) Calib: 2026-04-13→2026-05-03 Val: 2026-05-04→2026-05-10 Test: 2026-05-11→2026-05-17
[2026-06-02T16:58:52.231+0000] {ml_pipeline.py:668} INFO - [ML]   [4A] Own-cell lag/rolling features
[2026-06-02T16:58:56.759+0000] {ml_pipeline.py:713} INFO - [ML]   [4B] Burst/streak features
[2026-06-02T16:58:56.956+0000] {ml_pipeline.py:761} INFO - [ML]   [4C] Crime-type composition
[2026-06-02T16:58:58.720+0000] {ml_pipeline.py:778} INFO - [ML]   [4D] Weather/context features
[2026-06-02T16:58:59.211+0000] {ml_pipeline.py:794} INFO - [ML]   [4E] Community-level features
[2026-06-02T16:59:00.181+0000] {ml_pipeline.py:842} INFO - [ML]   [4F] City-level features
[2026-06-02T16:59:01.042+0000] {ml_pipeline.py:876} INFO - [ML]   [4G] H3 spatial spillover v20 target-safe
[2026-06-02T16:59:01.446+0000] {ml_pipeline.py:944} INFO - [ML]     computing nbr_r1 mean/sum/max/std/active-count + r2 + roll7 ...
[2026-06-02T16:59:04.360+0000] {ml_pipeline.py:1028} INFO - [ML]     ✓ Spatial spillover features added, single-merge RAM-safe
[2026-06-02T16:59:04.363+0000] {ml_pipeline.py:1043} INFO - [ML]   [4H] Train-only spatial priors
[2026-06-02T16:59:05.894+0000] {ml_pipeline.py:1093} INFO - [ML]   [4I] Near-repeat victimization (Near-Repeat Theory)
[2026-06-02T16:59:05.920+0000] {ml_pipeline.py:1106} INFO - [ML]   [4J] Cross-crime lead-lag (Escalation Theory)
[2026-06-02T16:59:05.929+0000] {ml_pipeline.py:1119} INFO - [ML]   [4K] Arrest deterrence (Deterrence Theory)
[2026-06-02T16:59:06.172+0000] {ml_pipeline.py:1145} INFO - [ML]   [4L] Density-normalized crime
[2026-06-02T16:59:06.185+0000] {ml_pipeline.py:1162} INFO - [ML]   [4M] Holiday/event features (Routine Activity Theory)
[2026-06-02T16:59:09.875+0000] {ml_pipeline.py:1172} INFO - [ML]   [4N] Momentum and trend direction
[2026-06-02T16:59:12.810+0000] {ml_pipeline.py:1194} INFO - [ML]   [4O] Hardship interaction (Social Disorganization Theory)
[2026-06-02T16:59:12.820+0000] {ml_pipeline.py:1210} INFO - [ML]   [4P] Prior-relative features
[2026-06-02T16:59:12.831+0000] {ml_pipeline.py:1230} INFO - [ML] Feature engineering done. Shape: (341652, 294)
[2026-06-02T16:59:12.864+0000] {ml_pipeline.py:1817} INFO - [ML] train next_has_crime=39.83% | next_hotspot>=2=17.30%
[2026-06-02T16:59:12.869+0000] {ml_pipeline.py:1817} INFO - [ML] calib next_has_crime=40.85% | next_hotspot>=2=18.05%
[2026-06-02T16:59:12.872+0000] {ml_pipeline.py:1817} INFO - [ML] val next_has_crime=41.43% | next_hotspot>=2=18.66%
[2026-06-02T16:59:12.875+0000] {ml_pipeline.py:1817} INFO - [ML] test next_has_crime=34.93% | next_hotspot>=2=18.71%
[2026-06-02T16:59:13.803+0000] {ml_pipeline.py:1412} INFO - [ML] Preparing train/calib/val/test splits for v20 HOTSPOT ranker...
[2026-06-02T16:59:13.818+0000] {ml_pipeline.py:1451} INFO - [ML] Removed guarded/redundant features: 21
[2026-06-02T16:59:16.700+0000] {ml_pipeline.py:1494} INFO - [ML] Train=187440  Calib=17892  Val=5964  Test=5964  features=271
[2026-06-02T16:59:16.702+0000] {ml_pipeline.py:1496} INFO - [ML] Dropped const/null=7 | Hotspot train rate=17.299% | scale_pos_weight raw=4.78 used=3.74
[2026-06-02T16:59:16.703+0000] {ml_pipeline.py:1498} INFO - [ML] Feature groups: spatial_nbr=28 temporal=151 prior=7 shock=9
[2026-06-02T16:59:17.902+0000] {logging_mixin.py:188} INFO - [0]	validation_0-aucpr:0.53799	validation_1-aucpr:0.53680
[2026-06-02T16:59:33.536+0000] {logging_mixin.py:188} INFO - [200]	validation_0-aucpr:0.56054	validation_1-aucpr:0.55788
[2026-06-02T16:59:49.996+0000] {logging_mixin.py:188} INFO - [400]	validation_0-aucpr:0.56598	validation_1-aucpr:0.55836
[2026-06-02T16:59:57.862+0000] {logging_mixin.py:188} INFO - [507]	validation_0-aucpr:0.56845	validation_1-aucpr:0.55800
[2026-06-02T16:59:57.880+0000] {ml_pipeline.py:1513} INFO - [ML] Training done. Best iteration: 387
[2026-06-02T16:59:57.886+0000] {ml_pipeline.py:1537} INFO - [ML][FI/WEIGHT] Top-30 features:
                   feature  score
       h3_train_percentile  786.0
      h3_train_active_rate  282.0
                   doy_cos  114.0
        city_property_lag1  113.0
          h3_vs_comm_prior  102.0
 crime_vs_density_expected   95.0
                 dayofyear   89.0
               is_property   87.0
                   doy_sin   83.0
           city_total_lag1   83.0
                crime_z_90   80.0
                    ewm_60   80.0
     violent_roll_ratio_30   78.0
           comm_burst_7_30   74.0
                    ewm_90   72.0
  city_violent_roll_mean_7   70.0
          comm_active_rate   64.0
 city_property_roll_mean_7   62.0
       same_dow_vs_overall   61.0
local_sudden_activation_3d   60.0
   city_total_roll_mean_30   60.0
        crime_acceleration   60.0
    property_roll_ratio_30   58.0
            same_dow_roll8   57.0
               burst_14_60   57.0
      active_rate_vs_train   57.0
               zero_streak   56.0
     active_recent_vs_long   56.0
           days_to_holiday   54.0
                   dow_sin   52.0
[2026-06-02T16:59:57.889+0000] {ml_pipeline.py:1537} INFO - [ML][FI/GAIN] Top-30 features:
                   feature       score
                    ewm_90 2558.263916
       h3_train_percentile 1779.944824
      h3_train_active_rate 1468.011841
              roll_mean_90 1226.104126
            active_rate_60  336.287140
                    ewm_60  279.644531
               roll_sum_21  257.339142
              roll_mean_60  231.531509
              roll_mean_45  146.287048
               roll_sum_45  117.966599
               crime_today  110.229935
                    ewm_30   99.794327
              total_crimes   89.440651
              roll_mean_30   66.006630
                   doy_cos   59.954403
local_sudden_activation_3d   54.010742
               is_property   53.837879
               roll_sum_30   52.235313
     nbr_r1_new_activation   50.804371
  city_active_roll_mean_30   49.119907
              roll_mean_21   48.507210
            same_dow_roll8   47.986244
            active_rate_30   46.349808
          city_active_lag1   45.903908
            holiday_window   45.296864
                crime_z_90   44.815575
      narcotics_roll_sum_7   43.580322
                roll_sum_7   43.579746
                crime_z_30   43.216240
   city_total_roll_mean_30   42.337551
[2026-06-02T16:59:57.892+0000] {ml_pipeline.py:1537} INFO - [ML][FI/COVER] Top-30 features:
                   feature        score
               crime_today 44848.195312
                roll_sum_7 39522.132812
         deterrence_signal 38940.925781
                   dow_sin 37926.851562
                     lag_1 37633.808594
          theft_roll_sum_7 33839.343750
               zero_streak 33255.167969
              total_crimes 32559.976562
local_sudden_activation_3d 32027.320312
           days_to_holiday 30734.175781
               roll_max_14 29914.810547
   narcotics_roll_ratio_30 29782.408203
       precipitation_diff1 29692.021484
   narcotics_roll_ratio_14 28903.837891
        precipitation_lag1 28602.414062
    narcotics_roll_ratio_7 27114.224609
       h3_train_percentile 24965.587891
      high_prior_x_holiday 24560.791016
            holiday_window 24529.296875
            active_rate_60 23787.583984
                roll_max_7 22886.628906
                shock_3_60 22719.443359
        violent_roll_sum_7 22678.271484
              h3_above_nbr 22307.802734
            active_rate_30 22250.498047
               roll_sum_30 21761.646484
                     lag_3 21514.916016
       theft_roll_ratio_14 21489.857422
               theft_lag_2 21353.599609
                    ewm_90 21314.097656
[2026-06-02T16:59:57.895+0000] {ml_pipeline.py:1582} INFO - [ML][FI/GROUP] Feature group contribution (by GAIN):
            group       score  pct
 temporal_rolling 7112.946667 74.6
    spatial_prior 1779.944824 18.7
            other  395.551022  4.1
         calendar  107.940647  1.1
spatial_spillover   50.804371  0.5
   community_city   45.903908  0.5
          weather   45.296864  0.5
[2026-06-02T16:59:57.896+0000] {ml_pipeline.py:1591} WARNING - [ML][FI] ⚠️  Nhóm 'temporal_rolling' chiếm 74.6% tổng GAIN — nguy cơ model phụ thuộc quá nhiều vào 1 loại feature. Xem xét tăng reg_alpha/reg_lambda hoặc giảm colsample_bytree.
[2026-06-02T16:59:59.489+0000] {ml_pipeline.py:1610} INFO - [ML] Calibrated diagnostic threshold guarded: 0.63 | F1_CALIB=0.5513 | calib_base=0.1805
[2026-06-02T16:59:59.608+0000] {ml_pipeline.py:1619} INFO - [ML] VAL  – AUC=0.8472 AP=0.5769 F1=0.5581 Top05_R=0.2063 Top05_L=4.09x Top15_R=0.4704 Top30_R=0.7101
[2026-06-02T16:59:59.616+0000] {ml_pipeline.py:1623} INFO - [ML] TEST – AUC=0.8251 AP=0.5110 F1=0.5257 Top05_R=0.1543 Top05_L=3.06x Top15_R=0.3895 Top30_R=0.5982
[2026-06-02T16:59:59.637+0000] {ml_pipeline.py:1652} INFO - [ML] Feature day: 2026-05-18  →  Prediction day: 2026-05-19  (852 H3 cells)
[2026-06-02T16:59:59.764+0000] {ml_pipeline.py:1700} INFO - [ML] Predictions – cells=852 | diagnostic pred_hotspot=197 (23.1%)
[2026-06-02T16:59:59.765+0000] {ml_pipeline.py:1702} INFO - [ML] Rank-bounded risk distribution:
risk_level
LOW         597
MEDIUM      128
HIGH         85
CRITICAL     42
[2026-06-02T16:59:59.767+0000] {ml_pipeline.py:1724} INFO - [ML] Writing 852 predictions → sage-mind-489618-n5.cdash_warehouse.prediction_results (mode=WRITE_TRUNCATE)
[2026-06-02T17:00:04.601+0000] {ml_pipeline.py:1743} INFO - [ML] ✓ Predictions written to BigQuery.
[2026-06-02T17:00:04.602+0000] {ml_pipeline.py:1254} INFO - ========================================================================
[2026-06-02T17:00:04.603+0000] {ml_pipeline.py:1255} INFO -   ABLATION STUDY — Feature Group Contribution
[2026-06-02T17:00:04.603+0000] {ml_pipeline.py:1256} INFO - ========================================================================
[2026-06-02T17:00:08.614+0000] {ml_pipeline.py:1369} INFO - [ABLATION] 1_temporal_only                     | features=149 | Val AUC=0.8309 AP=0.7645 F1=0.6996 | Test AUC=0.8044 AP=0.6598 F1=0.6448
[2026-06-02T17:00:13.467+0000] {ml_pipeline.py:1369} INFO - [ABLATION] 2_temporal_spatial                  | features=177 | Val AUC=0.8309 AP=0.7641 F1=0.6980 | Test AUC=0.8042 AP=0.6599 F1=0.6446
[2026-06-02T17:00:21.254+0000] {ml_pipeline.py:1369} INFO - [ABLATION] 3_temporal_spatial_context          | features=218 | Val AUC=0.8308 AP=0.7645 F1=0.7014 | Test AUC=0.8040 AP=0.6599 F1=0.6451
[2026-06-02T17:00:32.636+0000] {ml_pipeline.py:1369} INFO - [ABLATION] 4_full                              | features=271 | Val AUC=0.8308 AP=0.7649 F1=0.7083 | Test AUC=0.8038 AP=0.6616 F1=0.6479
[2026-06-02T17:00:32.637+0000] {ml_pipeline.py:1379} INFO - [ABLATION] Summary table:
[2026-06-02T17:00:32.637+0000] {logging_mixin.py:188} WARNING - --- Logging error ---
[2026-06-02T17:00:32.656+0000] {logging_mixin.py:188} WARNING - Traceback (most recent call last):
[2026-06-02T17:00:32.657+0000] {logging_mixin.py:188} WARNING -   File "/usr/local/lib/python3.11/logging/__init__.py", line 1110, in emit
    msg = self.format(record)
          ^^^^^^^^^^^^^^^^^^^
[2026-06-02T17:00:32.658+0000] {logging_mixin.py:188} WARNING -   File "/usr/local/lib/python3.11/logging/__init__.py", line 953, in format
    return fmt.format(record)
           ^^^^^^^^^^^^^^^^^^
[2026-06-02T17:00:32.659+0000] {logging_mixin.py:188} WARNING -   File "/usr/local/lib/python3.11/logging/__init__.py", line 687, in format
    record.message = record.getMessage()
                     ^^^^^^^^^^^^^^^^^^^
[2026-06-02T17:00:32.660+0000] {logging_mixin.py:188} WARNING -   File "/usr/local/lib/python3.11/logging/__init__.py", line 377, in getMessage
    msg = msg % self.args
          ~~~~^~~~~~~~~~~
[2026-06-02T17:00:32.660+0000] {logging_mixin.py:188} WARNING - TypeError: not all arguments converted during string formatting
[2026-06-02T17:00:32.661+0000] {logging_mixin.py:188} WARNING - Call stack:
[2026-06-02T17:00:32.692+0000] {logging_mixin.py:188} WARNING -   File "/home/***/.local/bin/***", line 8, in <module>
    sys.exit(main())
[2026-06-02T17:00:32.693+0000] {logging_mixin.py:188} WARNING -   File "/home/***/.local/lib/python3.11/site-packages/***/__main__.py", line 57, in main
    args.func(args)
[2026-06-02T17:00:32.693+0000] {logging_mixin.py:188} WARNING -   File "/home/***/.local/lib/python3.11/site-packages/***/cli/cli_config.py", line 49, in command
    return func(*args, **kwargs)
[2026-06-02T17:00:32.694+0000] {logging_mixin.py:188} WARNING -   File "/home/***/.local/lib/python3.11/site-packages/***/utils/cli.py", line 114, in wrapper
    return f(*args, **kwargs)
[2026-06-02T17:00:32.694+0000] {logging_mixin.py:188} WARNING -   File "/home/***/.local/lib/python3.11/site-packages/***/utils/providers_configuration_loader.py", line 55, in wrapped_function
    return func(*args, **kwargs)
[2026-06-02T17:00:32.695+0000] {logging_mixin.py:188} WARNING -   File "/home/***/.local/lib/python3.11/site-packages/***/cli/commands/scheduler_command.py", line 67, in scheduler
    run_command_with_daemon_option(
[2026-06-02T17:00:32.695+0000] {logging_mixin.py:188} WARNING -   File "/home/***/.local/lib/python3.11/site-packages/***/cli/commands/daemon_utils.py", line 86, in run_command_with_daemon_option
    callback()
[2026-06-02T17:00:32.696+0000] {logging_mixin.py:188} WARNING -   File "/home/***/.local/lib/python3.11/site-packages/***/cli/commands/scheduler_command.py", line 70, in <lambda>
    callback=lambda: _run_scheduler_job(args),
[2026-06-02T17:00:32.696+0000] {logging_mixin.py:188} WARNING -   File "/home/***/.local/lib/python3.11/site-packages/***/cli/commands/scheduler_command.py", line 52, in _run_scheduler_job
    run_job(job=job_runner.job, execute_callable=job_runner._execute)
[2026-06-02T17:00:32.697+0000] {logging_mixin.py:188} WARNING -   File "/home/***/.local/lib/python3.11/site-packages/***/utils/session.py", line 79, in wrapper
    return func(*args, session=session, **kwargs)
[2026-06-02T17:00:32.697+0000] {logging_mixin.py:188} WARNING -   File "/home/***/.local/lib/python3.11/site-packages/***/jobs/job.py", line 393, in run_job
    return execute_job(job, execute_callable=execute_callable)
[2026-06-02T17:00:32.698+0000] {logging_mixin.py:188} WARNING -   File "/home/***/.local/lib/python3.11/site-packages/***/jobs/job.py", line 422, in execute_job
    ret = execute_callable()
[2026-06-02T17:00:32.698+0000] {logging_mixin.py:188} WARNING -   File "/home/***/.local/lib/python3.11/site-packages/***/jobs/scheduler_job_runner.py", line 846, in _execute
    self.job.executor.start()
[2026-06-02T17:00:32.699+0000] {logging_mixin.py:188} WARNING -   File "/home/***/.local/lib/python3.11/site-packages/***/executors/local_executor.py", line 372, in start
    self.impl.start()
[2026-06-02T17:00:32.700+0000] {logging_mixin.py:188} WARNING -   File "/home/***/.local/lib/python3.11/site-packages/***/executors/local_executor.py", line 311, in start
    worker.start()
[2026-06-02T17:00:32.700+0000] {logging_mixin.py:188} WARNING -   File "/usr/local/lib/python3.11/multiprocessing/process.py", line 121, in start
    self._popen = self._Popen(self)
[2026-06-02T17:00:32.701+0000] {logging_mixin.py:188} WARNING -   File "/usr/local/lib/python3.11/multiprocessing/context.py", line 224, in _Popen
    return _default_context.get_context().Process._Popen(process_obj)
[2026-06-02T17:00:32.701+0000] {logging_mixin.py:188} WARNING -   File "/usr/local/lib/python3.11/multiprocessing/context.py", line 281, in _Popen
    return Popen(process_obj)
[2026-06-02T17:00:32.701+0000] {logging_mixin.py:188} WARNING -   File "/usr/local/lib/python3.11/multiprocessing/popen_fork.py", line 19, in __init__
    self._launch(process_obj)
[2026-06-02T17:00:32.702+0000] {logging_mixin.py:188} WARNING -   File "/usr/local/lib/python3.11/multiprocessing/popen_fork.py", line 71, in _launch
    code = process_obj._bootstrap(parent_sentinel=child_r)
[2026-06-02T17:00:32.702+0000] {logging_mixin.py:188} WARNING -   File "/usr/local/lib/python3.11/multiprocessing/process.py", line 314, in _bootstrap
    self.run()
[2026-06-02T17:00:32.703+0000] {logging_mixin.py:188} WARNING -   File "/home/***/.local/lib/python3.11/site-packages/***/executors/local_executor.py", line 77, in run
    return super().run()
[2026-06-02T17:00:32.703+0000] {logging_mixin.py:188} WARNING -   File "/usr/local/lib/python3.11/multiprocessing/process.py", line 108, in run
    self._target(*self._args, **self._kwargs)
[2026-06-02T17:00:32.704+0000] {logging_mixin.py:188} WARNING -   File "/home/***/.local/lib/python3.11/site-packages/***/executors/local_executor.py", line 201, in do_work
    self.execute_work(key=key, command=command)
[2026-06-02T17:00:32.704+0000] {logging_mixin.py:188} WARNING -   File "/home/***/.local/lib/python3.11/site-packages/***/executors/local_executor.py", line 94, in execute_work
    state = self._execute_work_in_fork(command)
[2026-06-02T17:00:32.705+0000] {logging_mixin.py:188} WARNING -   File "/home/***/.local/lib/python3.11/site-packages/***/executors/local_executor.py", line 134, in _execute_work_in_fork
    args.func(args)
[2026-06-02T17:00:32.705+0000] {logging_mixin.py:188} WARNING -   File "/home/***/.local/lib/python3.11/site-packages/***/cli/cli_config.py", line 49, in command
    return func(*args, **kwargs)
[2026-06-02T17:00:32.706+0000] {logging_mixin.py:188} WARNING -   File "/home/***/.local/lib/python3.11/site-packages/***/utils/cli.py", line 114, in wrapper
    return f(*args, **kwargs)
[2026-06-02T17:00:32.706+0000] {logging_mixin.py:188} WARNING -   File "/home/***/.local/lib/python3.11/site-packages/***/cli/commands/task_command.py", line 438, in task_run
    task_return_code = _run_task_by_selected_method(args, _dag, ti)
[2026-06-02T17:00:32.707+0000] {logging_mixin.py:188} WARNING -   File "/home/***/.local/lib/python3.11/site-packages/***/cli/commands/task_command.py", line 216, in _run_task_by_selected_method
    return _run_task_by_local_task_job(args, ti)
[2026-06-02T17:00:32.707+0000] {logging_mixin.py:188} WARNING -   File "/home/***/.local/lib/python3.11/site-packages/***/cli/commands/task_command.py", line 278, in _run_task_by_local_task_job
    ret = run_job(job=job_runner.job, execute_callable=job_runner._execute)
[2026-06-02T17:00:32.708+0000] {logging_mixin.py:188} WARNING -   File "/home/***/.local/lib/python3.11/site-packages/***/utils/session.py", line 79, in wrapper
    return func(*args, session=session, **kwargs)
[2026-06-02T17:00:32.708+0000] {logging_mixin.py:188} WARNING -   File "/home/***/.local/lib/python3.11/site-packages/***/jobs/job.py", line 393, in run_job
    return execute_job(job, execute_callable=execute_callable)
[2026-06-02T17:00:32.708+0000] {logging_mixin.py:188} WARNING -   File "/home/***/.local/lib/python3.11/site-packages/***/jobs/job.py", line 422, in execute_job
    ret = execute_callable()
[2026-06-02T17:00:32.709+0000] {logging_mixin.py:188} WARNING -   File "/home/***/.local/lib/python3.11/site-packages/***/jobs/local_task_job_runner.py", line 165, in _execute
    self.task_runner.start()
[2026-06-02T17:00:32.709+0000] {logging_mixin.py:188} WARNING -   File "/home/***/.local/lib/python3.11/site-packages/***/task/task_runner/standard_task_runner.py", line 48, in start
    self.process = self._start_by_fork()
[2026-06-02T17:00:32.710+0000] {logging_mixin.py:188} WARNING -   File "/home/***/.local/lib/python3.11/site-packages/***/task/task_runner/standard_task_runner.py", line 100, in _start_by_fork
    ret = args.func(args, dag=self.dag)
[2026-06-02T17:00:32.710+0000] {logging_mixin.py:188} WARNING -   File "/home/***/.local/lib/python3.11/site-packages/***/cli/cli_config.py", line 49, in command
    return func(*args, **kwargs)
[2026-06-02T17:00:32.710+0000] {logging_mixin.py:188} WARNING -   File "/home/***/.local/lib/python3.11/site-packages/***/utils/cli.py", line 114, in wrapper
    return f(*args, **kwargs)
[2026-06-02T17:00:32.711+0000] {logging_mixin.py:188} WARNING -   File "/home/***/.local/lib/python3.11/site-packages/***/cli/commands/task_command.py", line 438, in task_run
    task_return_code = _run_task_by_selected_method(args, _dag, ti)
[2026-06-02T17:00:32.711+0000] {logging_mixin.py:188} WARNING -   File "/home/***/.local/lib/python3.11/site-packages/***/cli/commands/task_command.py", line 218, in _run_task_by_selected_method
    return _run_raw_task(args, ti)
[2026-06-02T17:00:32.711+0000] {logging_mixin.py:188} WARNING -   File "/home/***/.local/lib/python3.11/site-packages/***/cli/commands/task_command.py", line 297, in _run_raw_task
    return ti._run_raw_task(
[2026-06-02T17:00:32.712+0000] {logging_mixin.py:188} WARNING -   File "/home/***/.local/lib/python3.11/site-packages/***/utils/session.py", line 79, in wrapper
    return func(*args, session=session, **kwargs)
[2026-06-02T17:00:32.712+0000] {logging_mixin.py:188} WARNING -   File "/home/***/.local/lib/python3.11/site-packages/***/models/taskinstance.py", line 2334, in _run_raw_task
    self._execute_task_with_callbacks(context, test_mode, session=session)
[2026-06-02T17:00:32.713+0000] {logging_mixin.py:188} WARNING -   File "/home/***/.local/lib/python3.11/site-packages/***/models/taskinstance.py", line 2499, in _execute_task_with_callbacks
    result = self._execute_task(context, task_orig)
[2026-06-02T17:00:32.713+0000] {logging_mixin.py:188} WARNING -   File "/home/***/.local/lib/python3.11/site-packages/***/models/taskinstance.py", line 2516, in _execute_task
    return _execute_task(self, context, task_orig)
[2026-06-02T17:00:32.714+0000] {logging_mixin.py:188} WARNING -   File "/home/***/.local/lib/python3.11/site-packages/***/models/taskinstance.py", line 433, in _execute_task
    result = execute_callable(context=context, **execute_callable_kwargs)
[2026-06-02T17:00:32.714+0000] {logging_mixin.py:188} WARNING -   File "/home/***/.local/lib/python3.11/site-packages/***/operators/python.py", line 199, in execute
    return_value = self.execute_callable()
[2026-06-02T17:00:32.715+0000] {logging_mixin.py:188} WARNING -   File "/home/***/.local/lib/python3.11/site-packages/***/operators/python.py", line 216, in execute_callable
    return self.python_callable(*self.op_args, **self.op_kwargs)
[2026-06-02T17:00:32.715+0000] {logging_mixin.py:188} WARNING -   File "/opt/***/dags/dag_crime_pipeline.py", line 298, in _run_ml_pipeline
    result = train_and_predict(
[2026-06-02T17:00:32.715+0000] {logging_mixin.py:188} WARNING -   File "/opt/***/scripts/ml/ml_pipeline.py", line 1825, in train_and_predict
    _run_ablation_study(
[2026-06-02T17:00:32.716+0000] {logging_mixin.py:188} WARNING -   File "/opt/***/scripts/ml/ml_pipeline.py", line 1380, in _run_ablation_study
    log.info("[ABLATION] %-35s | %s | %s | %s | %s | %s | %s",
[2026-06-02T17:00:32.716+0000] {logging_mixin.py:188} WARNING -   File "/usr/local/lib/python3.11/logging/__init__.py", line 1489, in info
    self._log(INFO, msg, args, **kwargs)
[2026-06-02T17:00:32.717+0000] {logging_mixin.py:188} WARNING -   File "/usr/local/lib/python3.11/logging/__init__.py", line 1634, in _log
    self.handle(record)
[2026-06-02T17:00:32.717+0000] {logging_mixin.py:188} WARNING -   File "/usr/local/lib/python3.11/logging/__init__.py", line 1644, in handle
    self.callHandlers(record)
[2026-06-02T17:00:32.717+0000] {logging_mixin.py:188} WARNING -   File "/usr/local/lib/python3.11/logging/__init__.py", line 1706, in callHandlers
    hdlr.handle(record)
[2026-06-02T17:00:32.718+0000] {logging_mixin.py:188} WARNING -   File "/usr/local/lib/python3.11/logging/__init__.py", line 978, in handle
    self.emit(record)
[2026-06-02T17:00:32.718+0000] {logging_mixin.py:188} WARNING -   File "/home/***/.local/lib/python3.11/site-packages/***/utils/log/file_task_handler.py", line 247, in emit
    self.handler.emit(record)
[2026-06-02T17:00:32.719+0000] {logging_mixin.py:188} WARNING - Message: '[ABLATION] %-35s | %s | %s | %s | %s | %s | %s'
Arguments: ('Scenario', 'Feats', 'Val_AUC', 'Val_AP', 'Val_F1', 'Tst_AUC', 'Tst_AP', 'Tst_F1')
[2026-06-02T17:00:32.719+0000] {ml_pipeline.py:1384} INFO - [ABLATION] ----------------------------------------------------------------------------------------------------
[2026-06-02T17:00:32.719+0000] {ml_pipeline.py:1386} INFO - [ABLATION] 1_temporal_only                     |   149 | 0.8309  | 0.7645 | 0.6996 | 0.8044  | 0.6598 | 0.6448
[2026-06-02T17:00:32.720+0000] {ml_pipeline.py:1386} INFO - [ABLATION] 2_temporal_spatial                  |   177 | 0.8309  | 0.7641 | 0.6980 | 0.8042  | 0.6599 | 0.6446
[2026-06-02T17:00:32.720+0000] {ml_pipeline.py:1386} INFO - [ABLATION] 3_temporal_spatial_context          |   218 | 0.8308  | 0.7645 | 0.7014 | 0.8040  | 0.6599 | 0.6451
[2026-06-02T17:00:32.720+0000] {ml_pipeline.py:1386} INFO - [ABLATION] 4_full                              |   271 | 0.8308  | 0.7649 | 0.7083 | 0.8038  | 0.6616 | 0.6479
[2026-06-02T17:00:32.721+0000] {ml_pipeline.py:1393} INFO - ========================================================================
[2026-06-02T17:00:32.733+0000] {ml_pipeline.py:1854} INFO - [ML] Model artifact saved → /tmp/crime_model_v20.pkl
[2026-06-02T17:00:32.735+0000] {ml_pipeline.py:1857} INFO - ========================================================================
[2026-06-02T17:00:32.736+0000] {ml_pipeline.py:1858} INFO -   SUMMARY v20 target-safe
[2026-06-02T17:00:32.736+0000] {ml_pipeline.py:1859} INFO -   VAL  AUC=0.8472 AP=0.5769 F1=0.5581 Top05_R=0.2063 Top05_L=4.09x Top15_R=0.4704 Top30_R=0.7101
[2026-06-02T17:00:32.737+0000] {ml_pipeline.py:1861} INFO -   TEST AUC=0.8251 AP=0.5110 F1=0.5257 Top05_R=0.1543 Top05_L=3.06x Top15_R=0.3895 Top30_R=0.5982
[2026-06-02T17:00:32.737+0000] {ml_pipeline.py:1863} INFO -   Risk counts: {'LOW': 597, 'MEDIUM': 128, 'HIGH': 85, 'CRITICAL': 42}
[2026-06-02T17:00:32.738+0000] {ml_pipeline.py:1864} INFO - ========================================================================
[2026-06-02T17:00:32.836+0000] {dag_crime_pipeline.py:312} WARNING - [ML] ⚠️ Model chưa đạt ngưỡng: val_auc=0.8472 val_f1=0.5581
[2026-06-02T17:00:32.837+0000] {python.py:201} INFO - Done. Returned value was: {'val_auc': 0.8472453971106262, 'val_ap': 0.5768784919274743, 'val_f1': 0.558102766798419, 'test_auc': 0.8251187349917787, 'test_ap': 0.5109959865007764, 'test_f1': 0.5257009345794392, 'val_top05_recall': 0.20625718163703524, 'val_top05_lift': 4.08677020359893, 'test_top05_recall': 0.15431994747278344, 'test_top05_lift': 3.057688261553755, 'threshold_diagnostic': 0.6300000000000001, 'risk_counts': {'LOW': 597, 'MEDIUM': 128, 'HIGH': 85, 'CRITICAL': 42}, 'n_predictions': 852, 'model_version': '2026-06-02.hotspot_v20_target_safe_ranker'}
[2026-06-02T17:00:32.868+0000] {taskinstance.py:1138} INFO - Marking task as SUCCESS. dag_id=crime_analytics_pipeline, task_id=ml_train_and_predict, execution_date=20260602T160023, start_date=20260602T165841, end_date=20260602T170032
[2026-06-02T17:00:33.113+0000] {local_task_job_runner.py:234} INFO - Task exited with return code 0
[2026-06-02T17:00:33.147+0000] {taskinstance.py:3280} INFO - 2 downstream tasks scheduled from follow-on schedule check
