[2026-06-02T16:14:33.847+0000] {taskinstance.py:1956} INFO - Dependencies all met for dep_context=non-requeueable deps ti=<TaskInstance: crime_analytics_pipeline.ml_train_and_predict manual__2026-06-02T16:00:23.902592+00:00 [queued]>
[2026-06-02T16:14:33.856+0000] {taskinstance.py:1956} INFO - Dependencies all met for dep_context=requeueable deps ti=<TaskInstance: crime_analytics_pipeline.ml_train_and_predict manual__2026-06-02T16:00:23.902592+00:00 [queued]>
[2026-06-02T16:14:33.857+0000] {taskinstance.py:2170} INFO - Starting attempt 2 of 3
[2026-06-02T16:14:33.872+0000] {taskinstance.py:2191} INFO - Executing <Task(PythonOperator): ml_train_and_predict> on 2026-06-02 16:00:23.902592+00:00
[2026-06-02T16:14:33.883+0000] {standard_task_runner.py:60} INFO - Started process 1127 to run task
[2026-06-02T16:14:33.886+0000] {standard_task_runner.py:87} INFO - Running: ['***', 'tasks', 'run', 'crime_analytics_pipeline', 'ml_train_and_predict', 'manual__2026-06-02T16:00:23.902592+00:00', '--job-id', '469', '--raw', '--subdir', 'DAGS_FOLDER/dag_crime_pipeline.py', '--cfg-path', '/tmp/tmpebw_ckzy']
[2026-06-02T16:14:33.890+0000] {standard_task_runner.py:88} INFO - Job 469: Subtask ml_train_and_predict
[2026-06-02T16:14:33.972+0000] {task_command.py:423} INFO - Running <TaskInstance: crime_analytics_pipeline.ml_train_and_predict manual__2026-06-02T16:00:23.902592+00:00 [running]> on host db8b8170dea9
[2026-06-02T16:14:34.092+0000] {taskinstance.py:2480} INFO - Exporting env vars: AIRFLOW_CTX_DAG_EMAIL='cdash-alerts@example.com' AIRFLOW_CTX_DAG_OWNER='crime-analytics' AIRFLOW_CTX_DAG_ID='crime_analytics_pipeline' AIRFLOW_CTX_TASK_ID='ml_train_and_predict' AIRFLOW_CTX_EXECUTION_DATE='2026-06-02T16:00:23.902592+00:00' AIRFLOW_CTX_TRY_NUMBER='2' AIRFLOW_CTX_DAG_RUN_ID='manual__2026-06-02T16:00:23.902592+00:00'
[2026-06-02T16:14:34.904+0000] {ml_pipeline.py:1519} INFO - ========================================================================
[2026-06-02T16:14:34.905+0000] {ml_pipeline.py:1520} INFO -   Chicago Crime Hotspot Forecasting – ml_pipeline v20 target-safe
[2026-06-02T16:14:34.905+0000] {ml_pipeline.py:1521} INFO -   Target: next_hotspot = (next_total >= 2)
[2026-06-02T16:14:34.905+0000] {ml_pipeline.py:1522} INFO -   Dashboard risk: CRITICAL=top5%%, HIGH+=top15%%, MEDIUM+=top30%%
[2026-06-02T16:14:34.906+0000] {ml_pipeline.py:1523} INFO - ========================================================================
[2026-06-02T16:14:34.950+0000] {ml_pipeline.py:440} INFO - [ML] Loading enriched_crime_data from BigQuery (last 400 days)...
[2026-06-02T16:14:41.047+0000] {ml_pipeline.py:516} INFO - [ML] Loaded 256909 rows, date range: 2025-04-13 → 2026-05-18
[2026-06-02T16:14:41.048+0000] {ml_pipeline.py:530} INFO - [ML] Aggregating daily per H3...
[2026-06-02T16:14:44.259+0000] {ml_pipeline.py:608} INFO - [ML] Daily grid: 341,652 rows, 852 H3 cells, 401 dates | RAM-safe downcast done
[2026-06-02T16:14:44.282+0000] {taskinstance.py:2698} ERROR - Task failed with exception
Traceback (most recent call last):
  File "/home/airflow/.local/lib/python3.11/site-packages/airflow/models/taskinstance.py", line 433, in _execute_task
    result = execute_callable(context=context, **execute_callable_kwargs)
             ^^^^^^^^^^^^^^^^^^^^^^^^^^^^^^^^^^^^^^^^^^^^^^^^^^^^^^^^^^^^
  File "/home/airflow/.local/lib/python3.11/site-packages/airflow/operators/python.py", line 199, in execute
    return_value = self.execute_callable()
                   ^^^^^^^^^^^^^^^^^^^^^^^
  File "/home/airflow/.local/lib/python3.11/site-packages/airflow/operators/python.py", line 216, in execute_callable
    return self.python_callable(*self.op_args, **self.op_kwargs)
           ^^^^^^^^^^^^^^^^^^^^^^^^^^^^^^^^^^^^^^^^^^^^^^^^^^^^^
  File "/opt/airflow/dags/dag_crime_pipeline.py", line 298, in _run_ml_pipeline
    result = train_and_predict(
             ^^^^^^^^^^^^^^^^^^
  File "/opt/airflow/scripts/ml/ml_pipeline.py", line 1529, in train_and_predict
    nbr_r1, nbr_r2, has_h3 = build_neighbor_maps(all_h3)
                             ^^^^^^^^^^^^^^^^^^^^^^^^^^^
  File "/opt/airflow/scripts/ml/ml_pipeline.py", line 627, in build_neighbor_maps
    disk1 = set(h3_grid_disk_compat(h3lib, cell, 1))
                ^^^^^^^^^^^^^^^^^^^^^^^^^^^^^^^^^^^
  File "/opt/airflow/scripts/ml/ml_pipeline.py", line 421, in h3_grid_disk_compat
    return h3lib.k_ring(cell, k)
           ^^^^^^^^^^^^^^^^^^^^^
  File "/home/airflow/.local/lib/python3.11/site-packages/h3/api/_api_template.py", line 311, in k_ring
    mv = _cy.disk(self._in_scalar(h), k)
                  ^^^^^^^^^^^^^^^^^^
TypeError: Argument 'h' has incorrect type (expected str, got numpy.str_)
[2026-06-02T16:14:44.312+0000] {taskinstance.py:1138} INFO - Marking task as UP_FOR_RETRY. dag_id=crime_analytics_pipeline, task_id=ml_train_and_predict, execution_date=20260602T160023, start_date=20260602T161433, end_date=20260602T161444
[2026-06-02T16:14:44.342+0000] {standard_task_runner.py:107} ERROR - Failed to execute job 469 for task ml_train_and_predict (Argument 'h' has incorrect type (expected str, got numpy.str_); 1127)
[2026-06-02T16:14:44.414+0000] {local_task_job_runner.py:234} INFO - Task exited with return code 1
[2026-06-02T16:14:44.436+0000] {taskinstance.py:3280} INFO - 0 downstream tasks scheduled from follow-on schedule check
