[2026-05-28T07:06:14.260+0000] {taskinstance.py:1956} INFO - Dependencies all met for dep_context=non-requeueable deps ti=<TaskInstance: crime_analytics_pipeline.ingest_poi scheduled__2026-05-16T19:00:00+00:00 [queued]>
[2026-05-28T07:06:14.271+0000] {taskinstance.py:1956} INFO - Dependencies all met for dep_context=requeueable deps ti=<TaskInstance: crime_analytics_pipeline.ingest_poi scheduled__2026-05-16T19:00:00+00:00 [queued]>
[2026-05-28T07:06:14.272+0000] {taskinstance.py:2170} INFO - Starting attempt 1 of 2
[2026-05-28T07:06:14.292+0000] {taskinstance.py:2191} INFO - Executing <Task(PythonOperator): ingest_poi> on 2026-05-16 19:00:00+00:00
[2026-05-28T07:06:14.302+0000] {standard_task_runner.py:60} INFO - Started process 204 to run task
[2026-05-28T07:06:14.307+0000] {standard_task_runner.py:87} INFO - Running: ['***', 'tasks', 'run', 'crime_analytics_pipeline', 'ingest_poi', 'scheduled__2026-05-16T19:00:00+00:00', '--job-id', '230', '--raw', '--subdir', 'DAGS_FOLDER/dag_crime_pipeline.py', '--cfg-path', '/tmp/tmpltwy2eff']
[2026-05-28T07:06:14.315+0000] {standard_task_runner.py:88} INFO - Job 230: Subtask ingest_poi
[2026-05-28T07:06:14.396+0000] {task_command.py:423} INFO - Running <TaskInstance: crime_analytics_pipeline.ingest_poi scheduled__2026-05-16T19:00:00+00:00 [running]> on host db8b8170dea9
[2026-05-28T07:06:14.515+0000] {taskinstance.py:2480} INFO - Exporting env vars: AIRFLOW_CTX_DAG_EMAIL='cdash-alerts@example.com' AIRFLOW_CTX_DAG_OWNER='crime-analytics' AIRFLOW_CTX_DAG_ID='crime_analytics_pipeline' AIRFLOW_CTX_TASK_ID='ingest_poi' AIRFLOW_CTX_EXECUTION_DATE='2026-05-16T19:00:00+00:00' AIRFLOW_CTX_TRY_NUMBER='1' AIRFLOW_CTX_DAG_RUN_ID='scheduled__2026-05-16T19:00:00+00:00'
[2026-05-28T07:06:16.900+0000] {logging_mixin.py:188} INFO - [ingest_poi] Fetching transit_station ...
[2026-05-28T07:06:17.629+0000] {logging_mixin.py:188} WARNING - /opt/***/dags/dag_crime_pipeline.py:380 UserWarning: Geometry is in a geographic CRS. Results from 'centroid' are likely incorrect. Use 'GeoSeries.to_crs()' to re-project geometries to a projected CRS before this operation.
[2026-05-28T07:06:17.639+0000] {logging_mixin.py:188} WARNING - /opt/***/dags/dag_crime_pipeline.py:381 UserWarning: Geometry is in a geographic CRS. Results from 'centroid' are likely incorrect. Use 'GeoSeries.to_crs()' to re-project geometries to a projected CRS before this operation.
[2026-05-28T07:06:17.644+0000] {logging_mixin.py:188} INFO - [ingest_poi]   ✓ 190 transit_station
[2026-05-28T07:06:17.646+0000] {logging_mixin.py:188} INFO - [ingest_poi] Fetching school ...
[2026-05-28T07:06:18.010+0000] {logging_mixin.py:188} WARNING - /opt/***/dags/dag_crime_pipeline.py:380 UserWarning: Geometry is in a geographic CRS. Results from 'centroid' are likely incorrect. Use 'GeoSeries.to_crs()' to re-project geometries to a projected CRS before this operation.
[2026-05-28T07:06:18.025+0000] {logging_mixin.py:188} WARNING - /opt/***/dags/dag_crime_pipeline.py:381 UserWarning: Geometry is in a geographic CRS. Results from 'centroid' are likely incorrect. Use 'GeoSeries.to_crs()' to re-project geometries to a projected CRS before this operation.
[2026-05-28T07:06:18.034+0000] {logging_mixin.py:188} INFO - [ingest_poi]   ✓ 1051 school
[2026-05-28T07:06:18.035+0000] {logging_mixin.py:188} INFO - [ingest_poi] Fetching park ...
[2026-05-28T07:06:18.718+0000] {logging_mixin.py:188} WARNING - /opt/***/dags/dag_crime_pipeline.py:380 UserWarning: Geometry is in a geographic CRS. Results from 'centroid' are likely incorrect. Use 'GeoSeries.to_crs()' to re-project geometries to a projected CRS before this operation.
[2026-05-28T07:06:18.729+0000] {logging_mixin.py:188} WARNING - /opt/***/dags/dag_crime_pipeline.py:381 UserWarning: Geometry is in a geographic CRS. Results from 'centroid' are likely incorrect. Use 'GeoSeries.to_crs()' to re-project geometries to a projected CRS before this operation.
[2026-05-28T07:06:18.736+0000] {logging_mixin.py:188} INFO - [ingest_poi]   ✓ 898 park
[2026-05-28T07:06:18.737+0000] {logging_mixin.py:188} INFO - [ingest_poi] Fetching nightlife ...
[2026-05-28T07:06:19.068+0000] {logging_mixin.py:188} WARNING - /opt/***/dags/dag_crime_pipeline.py:380 UserWarning: Geometry is in a geographic CRS. Results from 'centroid' are likely incorrect. Use 'GeoSeries.to_crs()' to re-project geometries to a projected CRS before this operation.
[2026-05-28T07:06:19.080+0000] {logging_mixin.py:188} WARNING - /opt/***/dags/dag_crime_pipeline.py:381 UserWarning: Geometry is in a geographic CRS. Results from 'centroid' are likely incorrect. Use 'GeoSeries.to_crs()' to re-project geometries to a projected CRS before this operation.
[2026-05-28T07:06:19.086+0000] {logging_mixin.py:188} INFO - [ingest_poi]   ✓ 856 nightlife
[2026-05-28T07:06:21.462+0000] {logging_mixin.py:188} INFO - [ingest_poi] Uploaded 2995 POIs → gs://chicago-crime-raw-group15/raw/poi/chicago_pois.csv
[2026-05-28T07:06:21.464+0000] {python.py:201} INFO - Done. Returned value was: None
[2026-05-28T07:06:21.482+0000] {taskinstance.py:1138} INFO - Marking task as SUCCESS. dag_id=crime_analytics_pipeline, task_id=ingest_poi, execution_date=20260516T190000, start_date=20260528T070614, end_date=20260528T070621
[2026-05-28T07:06:21.572+0000] {local_task_job_runner.py:234} INFO - Task exited with return code 0
[2026-05-28T07:06:21.604+0000] {taskinstance.py:3280} INFO - 0 downstream tasks scheduled from follow-on schedule check
