[2026-05-24T19:32:48.944+0000] {taskinstance.py:1956} INFO - Dependencies all met for dep_context=non-requeueable deps ti=<TaskInstance: crime_analytics_pipeline.delete_dataproc_cluster scheduled__2026-05-16T19:00:00+00:00 [queued]>
[2026-05-24T19:32:48.951+0000] {taskinstance.py:1956} INFO - Dependencies all met for dep_context=requeueable deps ti=<TaskInstance: crime_analytics_pipeline.delete_dataproc_cluster scheduled__2026-05-16T19:00:00+00:00 [queued]>
[2026-05-24T19:32:48.952+0000] {taskinstance.py:2170} INFO - Starting attempt 1 of 2
[2026-05-24T19:32:48.964+0000] {taskinstance.py:2191} INFO - Executing <Task(DataprocDeleteClusterOperator): delete_dataproc_cluster> on 2026-05-16 19:00:00+00:00
[2026-05-24T19:32:48.972+0000] {standard_task_runner.py:60} INFO - Started process 574 to run task
[2026-05-24T19:32:48.976+0000] {standard_task_runner.py:87} INFO - Running: ['***', 'tasks', 'run', 'crime_analytics_pipeline', 'delete_dataproc_cluster', 'scheduled__2026-05-16T19:00:00+00:00', '--job-id', '28', '--raw', '--subdir', 'DAGS_FOLDER/dag_crime_pipeline.py', '--cfg-path', '/tmp/tmpl7_93w1m']
[2026-05-24T19:32:48.979+0000] {standard_task_runner.py:88} INFO - Job 28: Subtask delete_dataproc_cluster
[2026-05-24T19:32:49.039+0000] {task_command.py:423} INFO - Running <TaskInstance: crime_analytics_pipeline.delete_dataproc_cluster scheduled__2026-05-16T19:00:00+00:00 [running]> on host 93e8dbfc6168
[2026-05-24T19:32:49.126+0000] {taskinstance.py:2480} INFO - Exporting env vars: AIRFLOW_CTX_DAG_EMAIL='cdash-alerts@example.com' AIRFLOW_CTX_DAG_OWNER='crime-analytics' AIRFLOW_CTX_DAG_ID='crime_analytics_pipeline' AIRFLOW_CTX_TASK_ID='delete_dataproc_cluster' AIRFLOW_CTX_EXECUTION_DATE='2026-05-16T19:00:00+00:00' AIRFLOW_CTX_TRY_NUMBER='1' AIRFLOW_CTX_DAG_RUN_ID='scheduled__2026-05-16T19:00:00+00:00'
[2026-05-24T19:32:49.151+0000] {taskinstance.py:2698} ERROR - Task failed with exception
Traceback (most recent call last):
  File "/home/airflow/.local/lib/python3.11/site-packages/airflow/models/taskinstance.py", line 433, in _execute_task
    result = execute_callable(context=context, **execute_callable_kwargs)
             ^^^^^^^^^^^^^^^^^^^^^^^^^^^^^^^^^^^^^^^^^^^^^^^^^^^^^^^^^^^^
  File "/home/airflow/.local/lib/python3.11/site-packages/airflow/providers/google/cloud/operators/dataproc.py", line 1013, in execute
    hook = DataprocHook(gcp_conn_id=self.gcp_conn_id, impersonation_chain=self.impersonation_chain)
           ^^^^^^^^^^^^^^^^^^^^^^^^^^^^^^^^^^^^^^^^^^^^^^^^^^^^^^^^^^^^^^^^^^^^^^^^^^^^^^^^^^^^^^^^
  File "/home/airflow/.local/lib/python3.11/site-packages/airflow/providers/google/cloud/hooks/dataproc.py", line 210, in __init__
    super().__init__(gcp_conn_id=gcp_conn_id, impersonation_chain=impersonation_chain)
  File "/home/airflow/.local/lib/python3.11/site-packages/airflow/providers/google/common/hooks/base_google.py", line 242, in __init__
    self.extras: dict = self.get_connection(self.gcp_conn_id).extra_dejson
                        ^^^^^^^^^^^^^^^^^^^^^^^^^^^^^^^^^^^^^
  File "/home/airflow/.local/lib/python3.11/site-packages/airflow/hooks/base.py", line 82, in get_connection
    conn = Connection.get_connection_from_secrets(conn_id)
           ^^^^^^^^^^^^^^^^^^^^^^^^^^^^^^^^^^^^^^^^^^^^^^^
  File "/home/airflow/.local/lib/python3.11/site-packages/airflow/models/connection.py", line 479, in get_connection_from_secrets
    raise AirflowNotFoundException(f"The conn_id `{conn_id}` isn't defined")
airflow.exceptions.AirflowNotFoundException: The conn_id `google_cloud_default` isn't defined
[2026-05-24T19:32:49.156+0000] {taskinstance.py:1138} INFO - Marking task as UP_FOR_RETRY. dag_id=crime_analytics_pipeline, task_id=delete_dataproc_cluster, execution_date=20260516T190000, start_date=20260524T193248, end_date=20260524T193249
[2026-05-24T19:32:49.169+0000] {standard_task_runner.py:107} ERROR - Failed to execute job 28 for task delete_dataproc_cluster (The conn_id `google_cloud_default` isn't defined; 574)
[2026-05-24T19:32:49.190+0000] {local_task_job_runner.py:234} INFO - Task exited with return code 1
[2026-05-24T19:32:49.215+0000] {taskinstance.py:3280} INFO - 0 downstream tasks scheduled from follow-on schedule check
[2026-05-28T07:33:26.269+0000] {taskinstance.py:1956} INFO - Dependencies all met for dep_context=non-requeueable deps ti=<TaskInstance: crime_analytics_pipeline.delete_dataproc_cluster scheduled__2026-05-16T19:00:00+00:00 [queued]>
[2026-05-28T07:33:26.281+0000] {taskinstance.py:1956} INFO - Dependencies all met for dep_context=requeueable deps ti=<TaskInstance: crime_analytics_pipeline.delete_dataproc_cluster scheduled__2026-05-16T19:00:00+00:00 [queued]>
[2026-05-28T07:33:26.282+0000] {taskinstance.py:2170} INFO - Starting attempt 1 of 2
[2026-05-28T07:33:26.296+0000] {taskinstance.py:2191} INFO - Executing <Task(DataprocDeleteClusterOperator): delete_dataproc_cluster> on 2026-05-16 19:00:00+00:00
[2026-05-28T07:33:26.309+0000] {standard_task_runner.py:60} INFO - Started process 1054 to run task
[2026-05-28T07:33:26.313+0000] {standard_task_runner.py:87} INFO - Running: ['***', 'tasks', 'run', 'crime_analytics_pipeline', 'delete_dataproc_cluster', 'scheduled__2026-05-16T19:00:00+00:00', '--job-id', '239', '--raw', '--subdir', 'DAGS_FOLDER/dag_crime_pipeline.py', '--cfg-path', '/tmp/tmpghou_5xw']
[2026-05-28T07:33:26.317+0000] {standard_task_runner.py:88} INFO - Job 239: Subtask delete_dataproc_cluster
[2026-05-28T07:33:26.387+0000] {task_command.py:423} INFO - Running <TaskInstance: crime_analytics_pipeline.delete_dataproc_cluster scheduled__2026-05-16T19:00:00+00:00 [running]> on host db8b8170dea9
[2026-05-28T07:33:26.492+0000] {taskinstance.py:2480} INFO - Exporting env vars: AIRFLOW_CTX_DAG_EMAIL='cdash-alerts@example.com' AIRFLOW_CTX_DAG_OWNER='crime-analytics' AIRFLOW_CTX_DAG_ID='crime_analytics_pipeline' AIRFLOW_CTX_TASK_ID='delete_dataproc_cluster' AIRFLOW_CTX_EXECUTION_DATE='2026-05-16T19:00:00+00:00' AIRFLOW_CTX_TRY_NUMBER='1' AIRFLOW_CTX_DAG_RUN_ID='scheduled__2026-05-16T19:00:00+00:00'
[2026-05-28T07:33:26.510+0000] {connection.py:234} WARNING - Connection schemes (type: google_cloud_platform) shall not contain '_' according to RFC3986.
[2026-05-28T07:33:26.512+0000] {base.py:83} INFO - Using connection ID 'google_cloud_default' for task execution.
[2026-05-28T07:33:26.515+0000] {dataproc.py:1047} INFO - Deleting cluster: crime-etl-cluster
[2026-05-28T07:34:03.521+0000] {dataproc.py:1017} INFO - Cluster deleted.
[2026-05-28T07:34:03.541+0000] {taskinstance.py:1138} INFO - Marking task as SUCCESS. dag_id=crime_analytics_pipeline, task_id=delete_dataproc_cluster, execution_date=20260516T190000, start_date=20260528T073326, end_date=20260528T073403
[2026-05-28T07:34:03.588+0000] {local_task_job_runner.py:234} INFO - Task exited with return code 0
[2026-05-28T07:34:03.617+0000] {taskinstance.py:3280} INFO - 1 downstream tasks scheduled from follow-on schedule check
