[2026-05-27T10:28:25.932+0000] {taskinstance.py:1956} INFO - Dependencies all met for dep_context=non-requeueable deps ti=<TaskInstance: crime_analytics_pipeline.ingest_weather manual__2026-05-27T10:28:23.691752+00:00 [queued]>
[2026-05-27T10:28:25.942+0000] {taskinstance.py:1956} INFO - Dependencies all met for dep_context=requeueable deps ti=<TaskInstance: crime_analytics_pipeline.ingest_weather manual__2026-05-27T10:28:23.691752+00:00 [queued]>
[2026-05-27T10:28:25.942+0000] {taskinstance.py:2170} INFO - Starting attempt 1 of 2
[2026-05-27T10:28:25.955+0000] {taskinstance.py:2191} INFO - Executing <Task(PythonOperator): ingest_weather> on 2026-05-27 10:28:23.691752+00:00
[2026-05-27T10:28:25.964+0000] {standard_task_runner.py:60} INFO - Started process 255 to run task
[2026-05-27T10:28:25.969+0000] {standard_task_runner.py:87} INFO - Running: ['***', 'tasks', 'run', 'crime_analytics_pipeline', 'ingest_weather', 'manual__2026-05-27T10:28:23.691752+00:00', '--job-id', '137', '--raw', '--subdir', 'DAGS_FOLDER/dag_crime_pipeline.py', '--cfg-path', '/tmp/tmp4qy3hlfg']
[2026-05-27T10:28:25.973+0000] {standard_task_runner.py:88} INFO - Job 137: Subtask ingest_weather
[2026-05-27T10:28:26.041+0000] {task_command.py:423} INFO - Running <TaskInstance: crime_analytics_pipeline.ingest_weather manual__2026-05-27T10:28:23.691752+00:00 [running]> on host 93e8dbfc6168
[2026-05-27T10:28:26.144+0000] {taskinstance.py:2480} INFO - Exporting env vars: AIRFLOW_CTX_DAG_EMAIL='cdash-alerts@example.com' AIRFLOW_CTX_DAG_OWNER='crime-analytics' AIRFLOW_CTX_DAG_ID='crime_analytics_pipeline' AIRFLOW_CTX_TASK_ID='ingest_weather' AIRFLOW_CTX_EXECUTION_DATE='2026-05-27T10:28:23.691752+00:00' AIRFLOW_CTX_TRY_NUMBER='1' AIRFLOW_CTX_DAG_RUN_ID='manual__2026-05-27T10:28:23.691752+00:00'
[2026-05-27T10:28:26.831+0000] {logging_mixin.py:188} INFO - [ingest_weather] FULL LOAD mode: 2001-01-01 → 2026-05-25
[2026-05-27T10:28:26.832+0000] {logging_mixin.py:188} INFO - [ingest_weather] Pulling 2001-01-01 → 2001-12-31 ...
[2026-05-27T10:28:29.036+0000] {logging_mixin.py:188} INFO - [ingest_weather] Pulling 2002-01-01 → 2002-12-31 ...
[2026-05-27T10:28:30.923+0000] {logging_mixin.py:188} INFO - [ingest_weather] Pulling 2003-01-01 → 2003-12-31 ...
[2026-05-27T10:28:33.821+0000] {logging_mixin.py:188} INFO - [ingest_weather] Pulling 2004-01-01 → 2004-12-31 ...
[2026-05-27T10:28:35.702+0000] {logging_mixin.py:188} INFO - [ingest_weather] Pulling 2005-01-01 → 2005-12-31 ...
[2026-05-27T10:28:37.564+0000] {logging_mixin.py:188} INFO - [ingest_weather] Pulling 2006-01-01 → 2006-12-31 ...
[2026-05-27T10:28:39.515+0000] {logging_mixin.py:188} INFO - [ingest_weather] Pulling 2007-01-01 → 2007-12-31 ...
[2026-05-27T10:28:41.277+0000] {logging_mixin.py:188} INFO - [ingest_weather] Pulling 2008-01-01 → 2008-12-31 ...
[2026-05-27T10:28:43.053+0000] {logging_mixin.py:188} INFO - [ingest_weather] Pulling 2009-01-01 → 2009-12-31 ...
[2026-05-27T10:28:44.881+0000] {logging_mixin.py:188} INFO - [ingest_weather] Pulling 2010-01-01 → 2010-12-31 ...
[2026-05-27T10:28:46.782+0000] {logging_mixin.py:188} INFO - [ingest_weather] Pulling 2011-01-01 → 2011-12-31 ...
[2026-05-27T10:28:48.595+0000] {logging_mixin.py:188} INFO - [ingest_weather] Pulling 2012-01-01 → 2012-12-31 ...
[2026-05-27T10:28:50.549+0000] {logging_mixin.py:188} INFO - [ingest_weather] Pulling 2013-01-01 → 2013-12-31 ...
[2026-05-27T10:28:52.342+0000] {logging_mixin.py:188} INFO - [ingest_weather] Pulling 2014-01-01 → 2014-12-31 ...
[2026-05-27T10:28:54.155+0000] {logging_mixin.py:188} INFO - [ingest_weather] Pulling 2015-01-01 → 2015-12-31 ...
[2026-05-27T10:28:55.905+0000] {logging_mixin.py:188} INFO - [ingest_weather] Pulling 2016-01-01 → 2016-12-31 ...
[2026-05-27T10:28:57.743+0000] {logging_mixin.py:188} INFO - [ingest_weather] Pulling 2017-01-01 → 2017-12-31 ...
[2026-05-27T10:28:59.568+0000] {logging_mixin.py:188} INFO - [ingest_weather] Pulling 2018-01-01 → 2018-12-31 ...
[2026-05-27T10:29:01.435+0000] {logging_mixin.py:188} INFO - [ingest_weather] Pulling 2019-01-01 → 2019-12-31 ...
[2026-05-27T10:29:03.284+0000] {logging_mixin.py:188} INFO - [ingest_weather] Pulling 2020-01-01 → 2020-12-31 ...
[2026-05-27T10:29:06.099+0000] {logging_mixin.py:188} INFO - [ingest_weather] Pulling 2021-01-01 → 2021-12-31 ...
[2026-05-27T10:29:07.873+0000] {logging_mixin.py:188} INFO - [ingest_weather] Pulling 2022-01-01 → 2022-12-31 ...
[2026-05-27T10:29:09.662+0000] {logging_mixin.py:188} INFO - [ingest_weather] Pulling 2023-01-01 → 2023-12-31 ...
[2026-05-27T10:29:11.455+0000] {logging_mixin.py:188} INFO - [ingest_weather] Pulling 2024-01-01 → 2024-12-31 ...
[2026-05-27T10:29:13.259+0000] {logging_mixin.py:188} INFO - [ingest_weather] Pulling 2025-01-01 → 2025-12-31 ...
[2026-05-27T10:29:15.074+0000] {logging_mixin.py:188} INFO - [ingest_weather] Pulling 2026-01-01 → 2026-05-25 ...
[2026-05-27T10:29:21.095+0000] {logging_mixin.py:188} INFO - [ingest_weather] Loaded 5143 rows (2001-01-01 → 2026-05-25).
[2026-05-27T10:29:21.096+0000] {python.py:201} INFO - Done. Returned value was: None
[2026-05-27T10:29:21.115+0000] {taskinstance.py:1138} INFO - Marking task as SUCCESS. dag_id=crime_analytics_pipeline, task_id=ingest_weather, execution_date=20260527T102823, start_date=20260527T102825, end_date=20260527T102921
[2026-05-27T10:29:21.190+0000] {local_task_job_runner.py:234} INFO - Task exited with return code 0
[2026-05-27T10:29:21.215+0000] {taskinstance.py:3280} INFO - 0 downstream tasks scheduled from follow-on schedule check
