[2026-05-24T19:27:44.313+0000] {taskinstance.py:1956} INFO - Dependencies all met for dep_context=non-requeueable deps ti=<TaskInstance: crime_analytics_pipeline.ingest_weather scheduled__2026-05-16T19:00:00+00:00 [queued]>
[2026-05-24T19:27:44.324+0000] {taskinstance.py:1956} INFO - Dependencies all met for dep_context=requeueable deps ti=<TaskInstance: crime_analytics_pipeline.ingest_weather scheduled__2026-05-16T19:00:00+00:00 [queued]>
[2026-05-24T19:27:44.325+0000] {taskinstance.py:2170} INFO - Starting attempt 1 of 2
[2026-05-24T19:27:44.340+0000] {taskinstance.py:2191} INFO - Executing <Task(PythonOperator): ingest_weather> on 2026-05-16 19:00:00+00:00
[2026-05-24T19:27:44.351+0000] {standard_task_runner.py:60} INFO - Started process 515 to run task
[2026-05-24T19:27:44.357+0000] {standard_task_runner.py:87} INFO - Running: ['***', 'tasks', 'run', 'crime_analytics_pipeline', 'ingest_weather', 'scheduled__2026-05-16T19:00:00+00:00', '--job-id', '23', '--raw', '--subdir', 'DAGS_FOLDER/dag_crime_pipeline.py', '--cfg-path', '/tmp/tmppqpnd5jy']
[2026-05-24T19:27:44.360+0000] {standard_task_runner.py:88} INFO - Job 23: Subtask ingest_weather
[2026-05-24T19:27:44.429+0000] {task_command.py:423} INFO - Running <TaskInstance: crime_analytics_pipeline.ingest_weather scheduled__2026-05-16T19:00:00+00:00 [running]> on host 93e8dbfc6168
[2026-05-24T19:27:44.522+0000] {taskinstance.py:2480} INFO - Exporting env vars: AIRFLOW_CTX_DAG_EMAIL='cdash-alerts@example.com' AIRFLOW_CTX_DAG_OWNER='crime-analytics' AIRFLOW_CTX_DAG_ID='crime_analytics_pipeline' AIRFLOW_CTX_TASK_ID='ingest_weather' AIRFLOW_CTX_EXECUTION_DATE='2026-05-16T19:00:00+00:00' AIRFLOW_CTX_TRY_NUMBER='1' AIRFLOW_CTX_DAG_RUN_ID='scheduled__2026-05-16T19:00:00+00:00'
[2026-05-24T19:27:45.431+0000] {taskinstance.py:2698} ERROR - Task failed with exception
Traceback (most recent call last):
  File "/home/airflow/.local/lib/python3.11/site-packages/airflow/models/taskinstance.py", line 433, in _execute_task
    result = execute_callable(context=context, **execute_callable_kwargs)
             ^^^^^^^^^^^^^^^^^^^^^^^^^^^^^^^^^^^^^^^^^^^^^^^^^^^^^^^^^^^^
  File "/home/airflow/.local/lib/python3.11/site-packages/airflow/operators/python.py", line 199, in execute
    return_value = self.execute_callable()
                   ^^^^^^^^^^^^^^^^^^^^^^^
  File "/home/airflow/.local/lib/python3.11/site-packages/airflow/operators/python.py", line 216, in execute_callable
    return self.python_callable(*self.op_args, **self.op_kwargs)
           ^^^^^^^^^^^^^^^^^^^^^^^^^^^^^^^^^^^^^^^^^^^^^^^^^^^^^
  File "/opt/airflow/dags/dag_crime_pipeline.py", line 128, in _ingest_weather
    headers = {"token": NOAA_API_TOKEN}
                        ^^^^^^^^^^^^^^
NameError: name 'NOAA_API_TOKEN' is not defined
[2026-05-24T19:27:45.447+0000] {taskinstance.py:1138} INFO - Marking task as UP_FOR_RETRY. dag_id=crime_analytics_pipeline, task_id=ingest_weather, execution_date=20260516T190000, start_date=20260524T192744, end_date=20260524T192745
[2026-05-24T19:27:45.462+0000] {standard_task_runner.py:107} ERROR - Failed to execute job 23 for task ingest_weather (name 'NOAA_API_TOKEN' is not defined; 515)
[2026-05-24T19:27:45.532+0000] {local_task_job_runner.py:234} INFO - Task exited with return code 1
[2026-05-24T19:27:45.561+0000] {taskinstance.py:3280} INFO - 0 downstream tasks scheduled from follow-on schedule check
[2026-05-28T07:06:14.247+0000] {taskinstance.py:1956} INFO - Dependencies all met for dep_context=non-requeueable deps ti=<TaskInstance: crime_analytics_pipeline.ingest_weather scheduled__2026-05-16T19:00:00+00:00 [queued]>
[2026-05-28T07:06:14.258+0000] {taskinstance.py:1956} INFO - Dependencies all met for dep_context=requeueable deps ti=<TaskInstance: crime_analytics_pipeline.ingest_weather scheduled__2026-05-16T19:00:00+00:00 [queued]>
[2026-05-28T07:06:14.258+0000] {taskinstance.py:2170} INFO - Starting attempt 1 of 2
[2026-05-28T07:06:14.275+0000] {taskinstance.py:2191} INFO - Executing <Task(PythonOperator): ingest_weather> on 2026-05-16 19:00:00+00:00
[2026-05-28T07:06:14.288+0000] {standard_task_runner.py:60} INFO - Started process 203 to run task
[2026-05-28T07:06:14.292+0000] {standard_task_runner.py:87} INFO - Running: ['***', 'tasks', 'run', 'crime_analytics_pipeline', 'ingest_weather', 'scheduled__2026-05-16T19:00:00+00:00', '--job-id', '229', '--raw', '--subdir', 'DAGS_FOLDER/dag_crime_pipeline.py', '--cfg-path', '/tmp/tmpmxl1hcfu']
[2026-05-28T07:06:14.296+0000] {standard_task_runner.py:88} INFO - Job 229: Subtask ingest_weather
[2026-05-28T07:06:14.377+0000] {task_command.py:423} INFO - Running <TaskInstance: crime_analytics_pipeline.ingest_weather scheduled__2026-05-16T19:00:00+00:00 [running]> on host db8b8170dea9
[2026-05-28T07:06:14.499+0000] {taskinstance.py:2480} INFO - Exporting env vars: AIRFLOW_CTX_DAG_EMAIL='cdash-alerts@example.com' AIRFLOW_CTX_DAG_OWNER='crime-analytics' AIRFLOW_CTX_DAG_ID='crime_analytics_pipeline' AIRFLOW_CTX_TASK_ID='ingest_weather' AIRFLOW_CTX_EXECUTION_DATE='2026-05-16T19:00:00+00:00' AIRFLOW_CTX_TRY_NUMBER='1' AIRFLOW_CTX_DAG_RUN_ID='scheduled__2026-05-16T19:00:00+00:00'
[2026-05-28T07:06:15.983+0000] {logging_mixin.py:188} INFO - [ingest_weather] dag_run.conf = {}
[2026-05-28T07:06:15.984+0000] {logging_mixin.py:188} INFO - [ingest_weather] full_load = False
[2026-05-28T07:06:15.986+0000] {logging_mixin.py:188} INFO - [ingest_weather] INCREMENTAL mode: 2026-05-14
[2026-05-28T07:06:15.986+0000] {logging_mixin.py:188} INFO - [ingest_weather] Pulling 2026-05-14 → 2026-05-14 ...
[2026-05-28T07:06:20.244+0000] {logging_mixin.py:188} INFO - [ingest_weather] Loaded 1 rows (2026-05-14 → 2026-05-14).
[2026-05-28T07:06:20.245+0000] {python.py:201} INFO - Done. Returned value was: None
[2026-05-28T07:06:20.263+0000] {taskinstance.py:1138} INFO - Marking task as SUCCESS. dag_id=crime_analytics_pipeline, task_id=ingest_weather, execution_date=20260516T190000, start_date=20260528T070614, end_date=20260528T070620
[2026-05-28T07:06:20.327+0000] {local_task_job_runner.py:234} INFO - Task exited with return code 0
[2026-05-28T07:06:20.359+0000] {taskinstance.py:3280} INFO - 0 downstream tasks scheduled from follow-on schedule check
