[2026-06-07T16:46:54.548+0000] {taskinstance.py:1956} INFO - Dependencies all met for dep_context=non-requeueable deps ti=<TaskInstance: crime_analytics_pipeline.ml_train_and_predict scheduled__2026-05-30T19:00:00+00:00 [queued]>
[2026-06-07T16:46:54.567+0000] {taskinstance.py:1956} INFO - Dependencies all met for dep_context=requeueable deps ti=<TaskInstance: crime_analytics_pipeline.ml_train_and_predict scheduled__2026-05-30T19:00:00+00:00 [queued]>
[2026-06-07T16:46:54.568+0000] {taskinstance.py:2170} INFO - Starting attempt 25 of 26
[2026-06-07T16:46:54.595+0000] {taskinstance.py:2191} INFO - Executing <Task(PythonOperator): ml_train_and_predict> on 2026-05-30 19:00:00+00:00
[2026-06-07T16:46:54.619+0000] {standard_task_runner.py:60} INFO - Started process 15098 to run task
[2026-06-07T16:46:54.618+0000] {standard_task_runner.py:87} INFO - Running: ['***', 'tasks', 'run', 'crime_analytics_pipeline', 'ml_train_and_predict', 'scheduled__2026-05-30T19:00:00+00:00', '--job-id', '670', '--raw', '--subdir', 'DAGS_FOLDER/dag_crime_pipeline.py', '--cfg-path', '/tmp/tmpncrz56cm']
[2026-06-07T16:46:54.639+0000] {standard_task_runner.py:88} INFO - Job 670: Subtask ml_train_and_predict
[2026-06-07T16:46:54.764+0000] {task_command.py:423} INFO - Running <TaskInstance: crime_analytics_pipeline.ml_train_and_predict scheduled__2026-05-30T19:00:00+00:00 [running]> on host d26a8a58ef02
[2026-06-07T16:46:54.945+0000] {taskinstance.py:2480} INFO - Exporting env vars: AIRFLOW_CTX_DAG_EMAIL='cdash-alerts@example.com' AIRFLOW_CTX_DAG_OWNER='crime-analytics' AIRFLOW_CTX_DAG_ID='crime_analytics_pipeline' AIRFLOW_CTX_TASK_ID='ml_train_and_predict' AIRFLOW_CTX_EXECUTION_DATE='2026-05-30T19:00:00+00:00' AIRFLOW_CTX_TRY_NUMBER='25' AIRFLOW_CTX_DAG_RUN_ID='scheduled__2026-05-30T19:00:00+00:00'
[2026-06-07T16:46:56.338+0000] {ml_pipeline.py:2281} INFO - ========================================================================
[2026-06-07T16:46:56.339+0000] {ml_pipeline.py:2282} INFO -   Chicago Crime Hotspot Forecasting – ml_pipeline v24 GroupBlend confidence
[2026-06-07T16:46:56.339+0000] {ml_pipeline.py:2283} INFO -   Target: next_hotspot = (next_total >= 2)
[2026-06-07T16:46:56.340+0000] {ml_pipeline.py:2284} INFO -   Dashboard risk: CRITICAL=top5%%, HIGH+=top15%%, MEDIUM+=top30%%
[2026-06-07T16:46:56.340+0000] {ml_pipeline.py:2285} INFO -   + Feature importance logging per group  [v20]
[2026-06-07T16:46:56.341+0000] {ml_pipeline.py:2286} INFO -   + Ablation study 6 scenarios            [v20]
[2026-06-07T16:46:56.342+0000] {ml_pipeline.py:2287} INFO -   + Leak check assertions                 [v20]
[2026-06-07T16:46:56.342+0000] {ml_pipeline.py:2288} INFO - ========================================================================
[2026-06-07T16:46:56.399+0000] {ml_pipeline.py:1080} INFO - [ML] Loading enriched_crime_data from BigQuery (last 400 days)...
[2026-06-07T16:47:02.726+0000] {ml_pipeline.py:1155} INFO - [ML] Loaded 256869 rows, date range: 2025-04-21 → 2026-05-26
[2026-06-07T16:47:02.727+0000] {ml_pipeline.py:1169} INFO - [ML] Aggregating daily per H3...
[2026-06-07T16:47:04.901+0000] {local_task_job_runner.py:302} WARNING - State of this instance has been externally set to up_for_retry. Terminating instance.
[2026-06-07T16:47:04.905+0000] {process_utils.py:131} INFO - Sending 15 to group 15098. PIDs of all processes in the group: [15098]
[2026-06-07T16:47:04.906+0000] {process_utils.py:86} INFO - Sending the signal 15 to group 15098
[2026-06-07T16:47:04.999+0000] {taskinstance.py:2450} ERROR - Received SIGTERM. Terminating subprocesses.
[2026-06-07T16:47:05.014+0000] {taskinstance.py:2698} ERROR - Task failed with exception
Traceback (most recent call last):
  File "/home/airflow/.local/lib/python3.11/site-packages/airflow/models/taskinstance.py", line 433, in _execute_task
    result = execute_callable(context=context, **execute_callable_kwargs)
             ^^^^^^^^^^^^^^^^^^^^^^^^^^^^^^^^^^^^^^^^^^^^^^^^^^^^^^^^^^^^
  File "/home/airflow/.local/lib/python3.11/site-packages/airflow/operators/python.py", line 199, in execute
    return_value = self.execute_callable()
                   ^^^^^^^^^^^^^^^^^^^^^^^
  File "/home/airflow/.local/lib/python3.11/site-packages/airflow/operators/python.py", line 216, in execute_callable
    return self.python_callable(*self.op_args, **self.op_kwargs)
           ^^^^^^^^^^^^^^^^^^^^^^^^^^^^^^^^^^^^^^^^^^^^^^^^^^^^^
  File "/opt/airflow/dags/dag_crime_pipeline.py", line 290, in _run_ml_pipeline
    result = train_and_predict(
             ^^^^^^^^^^^^^^^^^^
  File "/opt/airflow/scripts/ml/ml_pipeline.py", line 2293, in train_and_predict
    daily, all_h3 = aggregate_daily(df_raw)
                    ^^^^^^^^^^^^^^^^^^^^^^^
  File "/opt/airflow/scripts/ml/ml_pipeline.py", line 1231, in aggregate_daily
    daily[c] = daily.groupby("h3_index")[c].transform(lambda s: s.ffill().bfill())
               ^^^^^^^^^^^^^^^^^^^^^^^^^^^^^^^^^^^^^^^^^^^^^^^^^^^^^^^^^^^^^^^^^^^
  File "/home/airflow/.local/lib/python3.11/site-packages/pandas/core/groupby/generic.py", line 516, in transform
    return self._transform(
           ^^^^^^^^^^^^^^^^
  File "/home/airflow/.local/lib/python3.11/site-packages/pandas/core/groupby/groupby.py", line 1950, in _transform
    return self._transform_general(func, engine, engine_kwargs, *args, **kwargs)
           ^^^^^^^^^^^^^^^^^^^^^^^^^^^^^^^^^^^^^^^^^^^^^^^^^^^^^^^^^^^^^^^^^^^^^
  File "/home/airflow/.local/lib/python3.11/site-packages/pandas/core/groupby/generic.py", line 556, in _transform_general
    res = func(group, *args, **kwargs)
          ^^^^^^^^^^^^^^^^^^^^^^^^^^^^
  File "/opt/airflow/scripts/ml/ml_pipeline.py", line 1231, in <lambda>
    daily[c] = daily.groupby("h3_index")[c].transform(lambda s: s.ffill().bfill())
                                                                ^^^^^^^^^^^^^^^^^
  File "/home/airflow/.local/lib/python3.11/site-packages/pandas/core/generic.py", line 7596, in bfill
    return self._pad_or_backfill(
           ^^^^^^^^^^^^^^^^^^^^^^
  File "/home/airflow/.local/lib/python3.11/site-packages/pandas/core/generic.py", line 6971, in _pad_or_backfill
    new_mgr = self._mgr.pad_or_backfill(
              ^^^^^^^^^^^^^^^^^^^^^^^^^^
  File "/home/airflow/.local/lib/python3.11/site-packages/pandas/core/internals/base.py", line 270, in pad_or_backfill
    return self.apply_with_block(
           ^^^^^^^^^^^^^^^^^^^^^^
  File "/home/airflow/.local/lib/python3.11/site-packages/pandas/core/internals/managers.py", line 354, in apply
    applied = getattr(b, f)(**kwargs)
              ^^^^^^^^^^^^^^^^^^^^^^^
  File "/home/airflow/.local/lib/python3.11/site-packages/pandas/core/internals/blocks.py", line 1455, in pad_or_backfill
    new_values = vals._pad_or_backfill(
                 ^^^^^^^^^^^^^^^^^^^^^^
  File "/home/airflow/.local/lib/python3.11/site-packages/pandas/core/arrays/numpy_.py", line 263, in _pad_or_backfill
    missing.pad_or_backfill_inplace(
  File "/home/airflow/.local/lib/python3.11/site-packages/pandas/core/missing.py", line 873, in pad_or_backfill_inplace
    func(tvalues, limit=limit)
  File "/home/airflow/.local/lib/python3.11/site-packages/pandas/core/missing.py", line 904, in new_func
    return func(values, limit=limit, mask=mask)
           ^^^^^^^^^^^^^^^^^^^^^^^^^^^^^^^^^^^^
  File "/home/airflow/.local/lib/python3.11/site-packages/pandas/core/missing.py", line 947, in _backfill_2d
    @_datetimelike_compat
    
  File "/home/airflow/.local/lib/python3.11/site-packages/airflow/models/taskinstance.py", line 2452, in signal_handler
    raise AirflowException("Task received SIGTERM signal")
airflow.exceptions.AirflowException: Task received SIGTERM signal
[2026-06-07T16:47:05.072+0000] {taskinstance.py:1138} INFO - Marking task as FAILED. dag_id=crime_analytics_pipeline, task_id=ml_train_and_predict, execution_date=20260530T190000, start_date=20260607T164654, end_date=20260607T164705
[2026-06-07T16:47:05.088+0000] {standard_task_runner.py:107} ERROR - Failed to execute job 670 for task ml_train_and_predict (Task received SIGTERM signal; 15098)
[2026-06-07T16:47:05.202+0000] {process_utils.py:79} INFO - Process psutil.Process(pid=15098, status='terminated', exitcode=1, started='16:46:53') (15098) terminated with exit code 1
