[2026-06-07T19:12:20.995+0000] {taskinstance.py:1956} INFO - Dependencies all met for dep_context=non-requeueable deps ti=<TaskInstance: crime_analytics_pipeline.ml_train_and_predict scheduled__2026-05-30T19:00:00+00:00 [queued]>
[2026-06-07T19:12:21.007+0000] {taskinstance.py:1956} INFO - Dependencies all met for dep_context=requeueable deps ti=<TaskInstance: crime_analytics_pipeline.ml_train_and_predict scheduled__2026-05-30T19:00:00+00:00 [queued]>
[2026-06-07T19:12:21.008+0000] {taskinstance.py:2170} INFO - Starting attempt 28 of 29
[2026-06-07T19:12:21.023+0000] {taskinstance.py:2191} INFO - Executing <Task(PythonOperator): ml_train_and_predict> on 2026-05-30 19:00:00+00:00
[2026-06-07T19:12:21.034+0000] {standard_task_runner.py:60} INFO - Started process 16760 to run task
[2026-06-07T19:12:21.038+0000] {standard_task_runner.py:87} INFO - Running: ['***', 'tasks', 'run', 'crime_analytics_pipeline', 'ml_train_and_predict', 'scheduled__2026-05-30T19:00:00+00:00', '--job-id', '684', '--raw', '--subdir', 'DAGS_FOLDER/dag_crime_pipeline.py', '--cfg-path', '/tmp/tmp52cwrikp']
[2026-06-07T19:12:21.043+0000] {standard_task_runner.py:88} INFO - Job 684: Subtask ml_train_and_predict
[2026-06-07T19:12:21.127+0000] {task_command.py:423} INFO - Running <TaskInstance: crime_analytics_pipeline.ml_train_and_predict scheduled__2026-05-30T19:00:00+00:00 [running]> on host d26a8a58ef02
[2026-06-07T19:12:21.249+0000] {taskinstance.py:2480} INFO - Exporting env vars: AIRFLOW_CTX_DAG_EMAIL='cdash-alerts@example.com' AIRFLOW_CTX_DAG_OWNER='crime-analytics' AIRFLOW_CTX_DAG_ID='crime_analytics_pipeline' AIRFLOW_CTX_TASK_ID='ml_train_and_predict' AIRFLOW_CTX_EXECUTION_DATE='2026-05-30T19:00:00+00:00' AIRFLOW_CTX_TRY_NUMBER='28' AIRFLOW_CTX_DAG_RUN_ID='scheduled__2026-05-30T19:00:00+00:00'
[2026-06-07T19:12:23.173+0000] {taskinstance.py:2698} ERROR - Task failed with exception
Traceback (most recent call last):
  File "/home/airflow/.local/lib/python3.11/site-packages/airflow/models/taskinstance.py", line 433, in _execute_task
    result = execute_callable(context=context, **execute_callable_kwargs)
             ^^^^^^^^^^^^^^^^^^^^^^^^^^^^^^^^^^^^^^^^^^^^^^^^^^^^^^^^^^^^
  File "/home/airflow/.local/lib/python3.11/site-packages/airflow/operators/python.py", line 199, in execute
    return_value = self.execute_callable()
                   ^^^^^^^^^^^^^^^^^^^^^^^
  File "/home/airflow/.local/lib/python3.11/site-packages/airflow/operators/python.py", line 216, in execute_callable
    return self.python_callable(*self.op_args, **self.op_kwargs)
           ^^^^^^^^^^^^^^^^^^^^^^^^^^^^^^^^^^^^^^^^^^^^^^^^^^^^^
  File "/opt/airflow/dags/dag_crime_pipeline.py", line 289, in _run_ml_pipeline
    from ml_pipeline import train_and_predict
  File "/opt/airflow/scripts/ml/ml_pipeline.py", line 32, in <module>
    from config.config import CHICAGO_COMMUNITY_AREA_NAMES
ModuleNotFoundError: No module named 'config.config'; 'config' is not a package
[2026-06-07T19:12:23.205+0000] {taskinstance.py:1138} INFO - Marking task as UP_FOR_RETRY. dag_id=crime_analytics_pipeline, task_id=ml_train_and_predict, execution_date=20260530T190000, start_date=20260607T191220, end_date=20260607T191223
[2026-06-07T19:12:23.220+0000] {standard_task_runner.py:107} ERROR - Failed to execute job 684 for task ml_train_and_predict (No module named 'config.config'; 'config' is not a package; 16760)
[2026-06-07T19:12:23.261+0000] {local_task_job_runner.py:234} INFO - Task exited with return code 1
[2026-06-07T19:12:23.297+0000] {taskinstance.py:3280} INFO - 0 downstream tasks scheduled from follow-on schedule check
