[2026-06-07T12:58:04.651+0000] {taskinstance.py:1956} INFO - Dependencies all met for dep_context=non-requeueable deps ti=<TaskInstance: crime_analytics_pipeline.ml_train_and_predict scheduled__2026-05-30T19:00:00+00:00 [queued]>
[2026-06-07T12:58:04.664+0000] {taskinstance.py:1956} INFO - Dependencies all met for dep_context=requeueable deps ti=<TaskInstance: crime_analytics_pipeline.ml_train_and_predict scheduled__2026-05-30T19:00:00+00:00 [queued]>
[2026-06-07T12:58:04.665+0000] {taskinstance.py:2170} INFO - Starting attempt 15 of 16
[2026-06-07T12:58:04.678+0000] {taskinstance.py:2191} INFO - Executing <Task(PythonOperator): ml_train_and_predict> on 2026-05-30 19:00:00+00:00
[2026-06-07T12:58:04.690+0000] {standard_task_runner.py:60} INFO - Started process 13175 to run task
[2026-06-07T12:58:04.693+0000] {standard_task_runner.py:87} INFO - Running: ['***', 'tasks', 'run', 'crime_analytics_pipeline', 'ml_train_and_predict', 'scheduled__2026-05-30T19:00:00+00:00', '--job-id', '644', '--raw', '--subdir', 'DAGS_FOLDER/dag_crime_pipeline.py', '--cfg-path', '/tmp/tmpc6n93zty']
[2026-06-07T12:58:04.698+0000] {standard_task_runner.py:88} INFO - Job 644: Subtask ml_train_and_predict
[2026-06-07T12:58:04.779+0000] {task_command.py:423} INFO - Running <TaskInstance: crime_analytics_pipeline.ml_train_and_predict scheduled__2026-05-30T19:00:00+00:00 [running]> on host d26a8a58ef02
[2026-06-07T12:58:04.898+0000] {taskinstance.py:2480} INFO - Exporting env vars: AIRFLOW_CTX_DAG_EMAIL='cdash-alerts@example.com' AIRFLOW_CTX_DAG_OWNER='crime-analytics' AIRFLOW_CTX_DAG_ID='crime_analytics_pipeline' AIRFLOW_CTX_TASK_ID='ml_train_and_predict' AIRFLOW_CTX_EXECUTION_DATE='2026-05-30T19:00:00+00:00' AIRFLOW_CTX_TRY_NUMBER='15' AIRFLOW_CTX_DAG_RUN_ID='scheduled__2026-05-30T19:00:00+00:00'
[2026-06-07T12:58:05.742+0000] {ml_pipeline.py:2125} INFO - ========================================================================
[2026-06-07T12:58:05.743+0000] {ml_pipeline.py:2126} INFO -   Chicago Crime Hotspot Forecasting – ml_pipeline v24 GroupBlend confidence
[2026-06-07T12:58:05.743+0000] {ml_pipeline.py:2127} INFO -   Target: next_hotspot = (next_total >= 2)
[2026-06-07T12:58:05.744+0000] {ml_pipeline.py:2128} INFO -   Dashboard risk: CRITICAL=top5%%, HIGH+=top15%%, MEDIUM+=top30%%
[2026-06-07T12:58:05.744+0000] {ml_pipeline.py:2129} INFO -   + Feature importance logging per group  [v20]
[2026-06-07T12:58:05.745+0000] {ml_pipeline.py:2130} INFO -   + Ablation study 6 scenarios            [v20]
[2026-06-07T12:58:05.745+0000] {ml_pipeline.py:2131} INFO -   + Leak check assertions                 [v20]
[2026-06-07T12:58:05.746+0000] {ml_pipeline.py:2132} INFO - ========================================================================
[2026-06-07T12:58:05.798+0000] {ml_pipeline.py:1026} INFO - [ML] Loading enriched_crime_data from BigQuery (last 400 days)...
[2026-06-07T12:58:12.843+0000] {ml_pipeline.py:1101} INFO - [ML] Loaded 256869 rows, date range: 2025-04-21 → 2026-05-26
[2026-06-07T12:58:12.844+0000] {ml_pipeline.py:1115} INFO - [ML] Aggregating daily per H3...
[2026-06-07T12:58:16.140+0000] {ml_pipeline.py:1189} INFO - [ML] Daily grid: 341,652 rows, 852 H3 cells, 401 dates | RAM-safe downcast done
[2026-06-07T12:58:16.190+0000] {ml_pipeline.py:1209} INFO - [ML] H3 neighbors built. Avg ring-1 in dataset: 5.4
[2026-06-07T12:58:16.253+0000] {ml_pipeline.py:2161} INFO - [ML] Split Train: 2025-09-06→2026-04-13 (220 d) Calib: 2026-04-14→2026-05-04 Val: 2026-05-05→2026-05-11 Test: 2026-05-12→2026-05-25
[2026-06-07T12:58:16.254+0000] {ml_pipeline.py:2170} INFO - [LEAK_CHECK] train_dates: 2025-09-06 → 2026-04-13 (220 days)
[2026-06-07T12:58:16.255+0000] {ml_pipeline.py:2172} INFO - [LEAK_CHECK] val_dates:   2026-05-05 → 2026-05-11 | test_dates: 2026-05-12 → 2026-05-25
[2026-06-07T12:58:16.308+0000] {ml_pipeline.py:1233} INFO - [ML]   [4A] Own-cell lag/rolling features
[2026-06-07T12:58:20.813+0000] {ml_pipeline.py:1276} INFO - [ML]   [4B] Burst/streak features
[2026-06-07T12:58:21.044+0000] {ml_pipeline.py:1322} INFO - [ML]   [4C] Crime-type composition
[2026-06-07T12:58:22.743+0000] {ml_pipeline.py:1339} INFO - [ML]   [4D] Weather/context features
[2026-06-07T12:58:23.209+0000] {ml_pipeline.py:1355} INFO - [ML]   [4E] Community-level features
[2026-06-07T12:58:24.130+0000] {ml_pipeline.py:1403} INFO - [ML]   [4F] City-level features
[2026-06-07T12:58:24.846+0000] {ml_pipeline.py:1437} INFO - [ML]   [4G] H3 spatial spillover
[2026-06-07T12:58:25.245+0000] {ml_pipeline.py:1509} INFO - [ML]     computing nbr_r1 mean/sum/max/std/active-count + r2 + roll7 ...
[2026-06-07T12:58:27.615+0000] {ml_pipeline.py:1580} INFO - [ML]     ✓ Spatial spillover features added
[2026-06-07T12:58:27.615+0000] {ml_pipeline.py:1595} INFO - [ML]   [4H] Train-only spatial priors
[2026-06-07T12:58:28.666+0000] {ml_pipeline.py:1638} INFO - [ML]   [4I] Near-repeat victimization
[2026-06-07T12:58:28.692+0000] {ml_pipeline.py:1651} INFO - [ML]   [4J] Cross-crime lead-lag
[2026-06-07T12:58:28.701+0000] {ml_pipeline.py:1660} INFO - [ML]   [4K] Arrest deterrence
[2026-06-07T12:58:28.978+0000] {ml_pipeline.py:1674} INFO - [ML]   [4L] Density-normalized crime
[2026-06-07T12:58:28.984+0000] {ml_pipeline.py:1685} INFO - [ML]   [4M] Holiday/event features
[2026-06-07T12:58:32.574+0000] {ml_pipeline.py:1694} INFO - [ML]   [4N] Momentum and trend direction
[2026-06-07T12:58:34.037+0000] {ml_pipeline.py:1708} INFO - [ML]   [4O] Hardship interaction
[2026-06-07T12:58:34.046+0000] {ml_pipeline.py:1720} INFO - [ML]   [4P] Prior-relative features
[2026-06-07T12:58:34.055+0000] {ml_pipeline.py:1736} INFO - [ML] Feature engineering done. Shape: (341652, 296)
[2026-06-07T12:58:34.067+0000] {ml_pipeline.py:2182} INFO - [LEAK_CHECK] h3_train_percentile mean — train=0.5006 val=0.5006 test=0.5006
[2026-06-07T12:58:34.092+0000] {ml_pipeline.py:2204} INFO - [ML] train next_has_crime=39.83% | next_hotspot>=2=17.29%
[2026-06-07T12:58:34.096+0000] {ml_pipeline.py:2204} INFO - [ML] calib next_has_crime=40.88% | next_hotspot>=2=18.07%
[2026-06-07T12:58:34.099+0000] {ml_pipeline.py:2204} INFO - [ML] val next_has_crime=41.20% | next_hotspot>=2=18.44%
[2026-06-07T12:58:34.103+0000] {ml_pipeline.py:2204} INFO - [ML] test next_has_crime=38.08% | next_hotspot>=2=18.89%
[2026-06-07T12:58:34.972+0000] {ml_pipeline.py:1765} INFO - [ML] Preparing train/calib/val/test splits for v24 GroupBlend ranker...
[2026-06-07T12:58:34.987+0000] {ml_pipeline.py:1793} INFO - [ML] Removed guarded/redundant features: 21
[2026-06-07T12:58:37.810+0000] {ml_pipeline.py:1842} INFO - [ML] Train=187440 Calib=17892 Val=5964 Test=11928 features=273 dropped=7
[2026-06-07T12:58:37.811+0000] {ml_pipeline.py:1844} INFO - [ML] Group features: temporal=201 spatial=65 context=7
[2026-06-07T12:58:37.812+0000] {ml_pipeline.py:1846} INFO - [ML] Hotspot train rate=17.293% | scale_pos_weight raw=4.78 used=3.74
[2026-06-07T12:58:37.813+0000] {ml_pipeline.py:1856} INFO - [ML] Training LGBM_temporal with 201 features
[2026-06-07T12:58:48.677+0000] {ml_pipeline.py:1880} INFO - [ML] LGBM_temporal threshold=0.320 calib_f1=0.5444
[2026-06-07T12:58:48.680+0000] {ml_pipeline.py:1856} INFO - [ML] Training LGBM_spatial with 65 features
[2026-06-07T12:58:53.541+0000] {ml_pipeline.py:1880} INFO - [ML] LGBM_spatial threshold=0.270 calib_f1=0.5505
[2026-06-07T12:58:53.541+0000] {ml_pipeline.py:1856} INFO - [ML] Training LGBM_context with 7 features
[2026-06-07T12:59:03.930+0000] {ml_pipeline.py:1880} INFO - [ML] LGBM_context threshold=0.270 calib_f1=0.5064
[2026-06-07T12:59:03.931+0000] {ml_pipeline.py:1883} INFO - [ML] Logging feature importance for all group models...
[2026-06-07T12:59:03.931+0000] {ml_pipeline.py:730} INFO - [FI] ══════ Feature importance — group: TEMPORAL (201 features) ══════
[2026-06-07T12:59:03.935+0000] {ml_pipeline.py:678} INFO - [FI/TEMPORAL/GAIN] Top-30 features:
                   feature         score
                    ewm_90 376394.488154
              roll_mean_90 293121.393720
                    ewm_60 160387.258062
              roll_mean_60  57399.142488
              roll_mean_45  16407.728955
            active_rate_60  13975.180652
               roll_std_90   7273.584418
      high_prior_x_weekend   3207.450510
                   doy_cos   3138.719609
                crime_z_30   2888.617152
                crime_z_90   2553.099521
                   doy_sin   2215.062844
            same_dow_roll8   2071.949274
               is_property   2024.991731
 crime_vs_density_expected   1952.154404
                 dayofyear   1815.652232
local_sudden_activation_3d   1808.170295
         days_from_holiday   1530.764904
       high_prior_x_friday   1152.136398
                   dow_sin   1127.602457
   crime_roll7_per_1000pop   1114.838587
               burst_14_60   1107.289663
           days_to_holiday   1045.881398
                 month_cos   1044.300197
               roll_std_60    978.798655
               zero_streak    967.972269
    local_nbr_double_burst    963.608277
     violent_roll_ratio_30    929.058654
              total_crimes    919.759564
       theft_roll_ratio_14    919.698582
[2026-06-07T12:59:03.936+0000] {ml_pipeline.py:678} INFO - [FI/TEMPORAL/SPLIT] Top-30 features:
                   feature  score
                    ewm_90    524
              roll_mean_90    357
      high_prior_x_weekend    194
                   doy_cos    159
                crime_z_90    147
                crime_z_30    147
                   doy_sin    145
                    ewm_60    125
                 dayofyear    125
 crime_vs_density_expected    121
               roll_std_90     98
               is_property     95
         days_from_holiday     94
local_sudden_activation_3d     91
                   dow_sin     84
     violent_roll_ratio_30     81
               burst_14_60     81
            active_rate_60     81
   crime_roll7_per_1000pop     78
    property_roll_ratio_30     77
    local_nbr_double_burst     76
       same_dow_vs_overall     75
           days_to_holiday     73
       high_prior_x_friday     73
         trend_slope_14_30     72
    property_roll_ratio_14     70
                shock_3_14     68
              roll_mean_60     67
              roll_mean_45     66
               zero_streak     63
[2026-06-07T12:59:03.940+0000] {ml_pipeline.py:700} INFO - [FI/TEMPORAL/GROUP] Feature group contribution by GAIN:
           group         score  pct
temporal_rolling 945195.174798 98.2
        calendar  11917.983642  1.2
     criminology   5323.195185  0.6
[2026-06-07T12:59:03.940+0000] {ml_pipeline.py:710} WARNING - [FI/TEMPORAL] ⚠️  Nhóm 'temporal_rolling' chiếm 98.2% tổng GAIN trong group model 'temporal'. Nguy cơ overfitting vào 1 loại feature. Xem xét tăng reg_alpha/reg_lambda hoặc giảm colsample_bytree.
[2026-06-07T12:59:03.941+0000] {ml_pipeline.py:730} INFO - [FI] ══════ Feature importance — group: SPATIAL (65 features) ══════
[2026-06-07T12:59:03.942+0000] {ml_pipeline.py:678} INFO - [FI/SPATIAL/GAIN] Top-30 features:
                   feature         score
       h3_train_percentile 430058.007798
      h3_train_active_rate 256961.062302
          h3_city_share_30  82710.159014
           h3_city_share_7  17777.235853
     h3_nbr_joint_activity  11419.855578
      active_rate_vs_train   3142.318933
          h3_vs_comm_prior   2057.340815
   city_total_roll_mean_30   1265.916296
           city_total_lag1   1138.796394
  city_violent_roll_mean_7   1097.288106
     comm_train_percentile   1071.517389
              nbr_r1_roll7   1012.363625
  city_active_roll_mean_30    844.437897
   city_total_roll_mean_14    791.008299
          city_active_lag1    748.745593
city_property_roll_mean_14    713.365101
  city_active_roll_mean_14    685.321601
 city_violent_roll_mean_30    673.327398
        city_property_lag1    481.981001
       nbr_r1_active_roll7    452.368902
 city_violent_roll_mean_14    387.751198
    city_total_roll_mean_7    362.886697
city_property_roll_mean_30    309.105601
   city_active_roll_mean_7    204.086897
 city_property_roll_mean_7    188.028098
          comm_active_rate    172.641199
         city_violent_lag1    164.232499
           city_burst_7_30    127.393999
                nbr_r1_std    100.726000
         h3_recent_vs_comm     86.296202
[2026-06-07T12:59:03.944+0000] {ml_pipeline.py:678} INFO - [FI/SPATIAL/SPLIT] Top-30 features:
                   feature  score
       h3_train_percentile    315
      h3_train_active_rate    180
          h3_city_share_30     44
           city_total_lag1     38
   city_total_roll_mean_30     37
           h3_city_share_7     36
  city_violent_roll_mean_7     35
          city_active_lag1     30
   city_total_roll_mean_14     28
  city_active_roll_mean_14     26
city_property_roll_mean_14     25
  city_active_roll_mean_30     23
      active_rate_vs_train     23
 city_violent_roll_mean_30     23
        city_property_lag1     22
 city_violent_roll_mean_14     20
              nbr_r1_roll7     19
          h3_vs_comm_prior     15
       nbr_r1_active_roll7     12
    city_total_roll_mean_7     12
 city_property_roll_mean_7     11
          comm_active_rate     10
         city_violent_lag1      9
city_property_roll_mean_30      9
   city_active_roll_mean_7      8
                nbr_r1_std      6
           city_burst_7_30      6
         hardship_x_nbr_r1      6
       nbr_r1_active_burst      5
     comm_train_percentile      5
[2026-06-07T12:59:03.947+0000] {ml_pipeline.py:700} INFO - [FI/SPATIAL/GROUP] Feature group contribution by GAIN:
            group         score  pct
    spatial_prior 805197.497683 98.5
   community_city  10442.610076  1.3
spatial_spillover   1565.458527  0.2
[2026-06-07T12:59:03.948+0000] {ml_pipeline.py:710} WARNING - [FI/SPATIAL] ⚠️  Nhóm 'spatial_prior' chiếm 98.5% tổng GAIN trong group model 'spatial'. Nguy cơ overfitting vào 1 loại feature. Xem xét tăng reg_alpha/reg_lambda hoặc giảm colsample_bytree.
[2026-06-07T12:59:03.948+0000] {ml_pipeline.py:730} INFO - [FI] ══════ Feature importance — group: CONTEXT (7 features) ══════
[2026-06-07T12:59:03.950+0000] {ml_pipeline.py:678} INFO - [FI/CONTEXT/GAIN] Top-30 features:
               feature         score
        hardship_index 187661.976996
     unemployment_rate 161975.538640
    population_density 137503.077671
   dist_nearest_school 111626.595835
  dist_nearest_station  76210.622398
     dist_nearest_park  43119.176466
dist_nearest_nightlife  32848.468315
[2026-06-07T12:59:03.951+0000] {ml_pipeline.py:678} INFO - [FI/CONTEXT/SPLIT] Top-30 features:
               feature  score
     unemployment_rate   7724
    population_density   7196
        hardship_index   5995
dist_nearest_nightlife   1698
     dist_nearest_park   1691
   dist_nearest_school   1591
  dist_nearest_station   1564
[2026-06-07T12:59:03.955+0000] {ml_pipeline.py:700} INFO - [FI/CONTEXT/GROUP] Feature group contribution by GAIN:
        group         score  pct
socioeconomic 487140.593308 64.9
          poi 263804.863013 35.1
[2026-06-07T12:59:03.956+0000] {ml_pipeline.py:710} WARNING - [FI/CONTEXT] ⚠️  Nhóm 'socioeconomic' chiếm 64.9% tổng GAIN trong group model 'context'. Nguy cơ overfitting vào 1 loại feature. Xem xét tăng reg_alpha/reg_lambda hoặc giảm colsample_bytree.
[2026-06-07T12:59:06.362+0000] {ml_pipeline.py:1901} INFO - [ML] GroupBlend diagnostic threshold=0.290 | F1_CALIB=0.5459 | weights={'temporal': 0.3, 'spatial': 0.3, 'context': 0.4}
[2026-06-07T12:59:06.584+0000] {ml_pipeline.py:1907} INFO - [ML] VAL  – AUC=0.8467 AP=0.5654 F1=0.5439 Top05_R=0.1952 Top05_L=3.87x Top15_R=0.4741 Top30_R=0.7083
[2026-06-07T12:59:06.585+0000] {ml_pipeline.py:1911} INFO - [ML] TEST – AUC=0.8370 AP=0.5399 F1=0.5477 Top05_R=0.1739 Top05_L=3.45x Top15_R=0.4161 Top30_R=0.6644
[2026-06-07T12:59:06.596+0000] {ml_pipeline.py:2004} INFO - [ML] Feature day: 2026-05-26 → Prediction day: 2026-05-27 (852 H3 cells)
[2026-06-07T12:59:06.746+0000] {ml_pipeline.py:2055} INFO - [ML] Predictions – cells=852 | diagnostic pred_hotspot=215 (25.2%)
[2026-06-07T12:59:06.748+0000] {ml_pipeline.py:2057} INFO - [ML] Rank-bounded risk distribution:
risk_level
LOW         597
MEDIUM      128
HIGH         85
CRITICAL     42
[2026-06-07T12:59:06.749+0000] {ml_pipeline.py:2059} INFO - [ML] Confidence distribution:
confidence_level
LOW         7
MEDIUM    171
HIGH      674
[2026-06-07T12:59:06.750+0000] {ml_pipeline.py:2077} INFO - [ML] Writing 852 predictions → sage-mind-489618-n5.cdash_warehouse.prediction_results (mode=WRITE_TRUNCATE)
[2026-06-07T12:59:13.653+0000] {ml_pipeline.py:2094} INFO - [ML] ✓ Predictions written to BigQuery.
[2026-06-07T12:59:13.654+0000] {ml_pipeline.py:801} INFO - ========================================================================
[2026-06-07T12:59:13.654+0000] {ml_pipeline.py:802} INFO -   ABLATION STUDY — Feature Group Contribution (v24 LightGBM)
[2026-06-07T12:59:13.655+0000] {ml_pipeline.py:803} INFO - ========================================================================
[2026-06-07T12:59:19.512+0000] {ml_pipeline.py:919} INFO - [ABLATION] 0_spatial_only                      | features= 65 | thr=0.53 | Val AUC=0.8509 AP=0.5772 F1=0.5537 | Test AUC=0.8417 AP=0.5491 F1=0.5474
[2026-06-07T12:59:24.436+0000] {ml_pipeline.py:919} INFO - [ABLATION] 0_context_only                      | features= 41 | thr=0.47 | Val AUC=0.8130 AP=0.4893 F1=0.5069 | Test AUC=0.7985 AP=0.4585 F1=0.4909
[2026-06-07T12:59:32.323+0000] {ml_pipeline.py:919} INFO - [ABLATION] 1_temporal_only                     | features=145 | thr=0.48 | Val AUC=0.8506 AP=0.5799 F1=0.5526 | Test AUC=0.8408 AP=0.5480 F1=0.5476
[2026-06-07T12:59:41.703+0000] {ml_pipeline.py:919} INFO - [ABLATION] 2_temporal_spatial                  | features=210 | thr=0.53 | Val AUC=0.8501 AP=0.5785 F1=0.5585 | Test AUC=0.8419 AP=0.5499 F1=0.5473
[2026-06-07T12:59:54.543+0000] {ml_pipeline.py:919} INFO - [ABLATION] 3_temporal_spatial_context          | features=251 | thr=0.54 | Val AUC=0.8499 AP=0.5780 F1=0.5566 | Test AUC=0.8423 AP=0.5516 F1=0.5499
[2026-06-07T13:00:05.676+0000] {ml_pipeline.py:919} INFO - [ABLATION] 4_full                              | features=273 | thr=0.54 | Val AUC=0.8501 AP=0.5780 F1=0.5563 | Test AUC=0.8424 AP=0.5516 F1=0.5497
[2026-06-07T13:00:05.857+0000] {ml_pipeline.py:968} INFO - [ERROR_ANALYSIS] FN overlap — temporal∩spatial: 348 | temporal∩context: 325 | spatial∩context: 346
[2026-06-07T13:00:05.858+0000] {ml_pipeline.py:975} INFO - [ERROR_ANALYSIS] FN unique to — temporal: 0 | spatial: 10 | context: 82
[2026-06-07T13:00:05.860+0000] {ml_pipeline.py:984} INFO - [ERROR_ANALYSIS] GroupBlend (4_full) FN=369 | Resolved vs temporal_only=6 | vs spatial_only=14 | vs context_only=97
[2026-06-07T13:00:05.860+0000] {ml_pipeline.py:996} INFO - [ABLATION] Summary table:
[2026-06-07T13:00:05.861+0000] {ml_pipeline.py:997} INFO - [ABLATION] Scenario                            | Feats |  Thr | Val_AUC | Val_AP | Val_F1 | Tst_AUC | Tst_AP | Tst_F1
[2026-06-07T13:00:05.862+0000] {ml_pipeline.py:1003} INFO - [ABLATION] ---------------------------------------------------------------------------------------------------------
[2026-06-07T13:00:05.863+0000] {ml_pipeline.py:1005} INFO - [ABLATION] 0_spatial_only                      |    65 | 0.53 | 0.8509  | 0.5772 | 0.5537 | 0.8417  | 0.5491 | 0.5474
[2026-06-07T13:00:05.863+0000] {ml_pipeline.py:1005} INFO - [ABLATION] 0_context_only                      |    41 | 0.47 | 0.8130  | 0.4893 | 0.5069 | 0.7985  | 0.4585 | 0.4909
[2026-06-07T13:00:05.864+0000] {ml_pipeline.py:1005} INFO - [ABLATION] 1_temporal_only                     |   145 | 0.48 | 0.8506  | 0.5799 | 0.5526 | 0.8408  | 0.5480 | 0.5476
[2026-06-07T13:00:05.864+0000] {ml_pipeline.py:1005} INFO - [ABLATION] 2_temporal_spatial                  |   210 | 0.53 | 0.8501  | 0.5785 | 0.5585 | 0.8419  | 0.5499 | 0.5473
[2026-06-07T13:00:05.865+0000] {ml_pipeline.py:1005} INFO - [ABLATION] 3_temporal_spatial_context          |   251 | 0.54 | 0.8499  | 0.5780 | 0.5566 | 0.8423  | 0.5516 | 0.5499
[2026-06-07T13:00:05.865+0000] {ml_pipeline.py:1005} INFO - [ABLATION] 4_full                              |   273 | 0.54 | 0.8501  | 0.5780 | 0.5563 | 0.8424  | 0.5516 | 0.5497
[2026-06-07T13:00:05.865+0000] {ml_pipeline.py:1011} INFO - ========================================================================
[2026-06-07T13:00:05.983+0000] {ml_pipeline.py:2249} INFO - [ML] Model artifact saved → /tmp/crime_model_v24_groupblend_confidence.pkl
[2026-06-07T13:00:05.984+0000] {ml_pipeline.py:2252} INFO - ========================================================================
[2026-06-07T13:00:05.985+0000] {ml_pipeline.py:2253} INFO -   SUMMARY v24 GroupBlend confidence
[2026-06-07T13:00:05.985+0000] {ml_pipeline.py:2254} INFO -   VAL  AUC=0.8467 AP=0.5654 F1=0.5439 Top05_R=0.1952 Top05_L=3.87x Top15_R=0.4741 Top30_R=0.7083
[2026-06-07T13:00:05.985+0000] {ml_pipeline.py:2258} INFO -   TEST AUC=0.8370 AP=0.5399 F1=0.5477 Top05_R=0.1739 Top05_L=3.45x Top15_R=0.4161 Top30_R=0.6644
[2026-06-07T13:00:05.986+0000] {ml_pipeline.py:2262} INFO -   Risk counts: {'LOW': 597, 'MEDIUM': 128, 'HIGH': 85, 'CRITICAL': 42}
[2026-06-07T13:00:05.986+0000] {ml_pipeline.py:2263} INFO - ========================================================================
[2026-06-07T13:00:06.091+0000] {dag_crime_pipeline.py:304} WARNING - [ML] ⚠️ Model chưa đạt ngưỡng: val_auc=0.8467 val_f1=0.5439
[2026-06-07T13:00:06.092+0000] {python.py:201} INFO - Done. Returned value was: {'val_auc': 0.8467109935705742, 'val_ap': 0.5653527759028657, 'val_f1': 0.5439071566731141, 'test_auc': 0.8369547121208472, 'test_ap': 0.5399416584903938, 'test_f1': 0.5477367820464055, 'val_top05_recall': 0.19516609443504312, 'val_top05_lift': 3.867011917643181, 'test_top05_recall': 0.17389495299140303, 'test_top05_lift': 3.445546510434311, 'threshold_diagnostic': 0.29000000000000004, 'group_weights': {'temporal': 0.3, 'spatial': 0.3, 'context': 0.4}, 'risk_counts': {'LOW': 597, 'MEDIUM': 128, 'HIGH': 85, 'CRITICAL': 42}, 'n_predictions': 852, 'model_version': '2026-06-07.hotspot_v24_groupblend_confidence'}
[2026-06-07T13:00:06.122+0000] {taskinstance.py:1138} INFO - Marking task as SUCCESS. dag_id=crime_analytics_pipeline, task_id=ml_train_and_predict, execution_date=20260530T190000, start_date=20260607T125804, end_date=20260607T130006
[2026-06-07T13:00:06.405+0000] {local_task_job_runner.py:234} INFO - Task exited with return code 0
[2026-06-07T13:00:06.443+0000] {taskinstance.py:3280} INFO - 2 downstream tasks scheduled from follow-on schedule check
