[2026-06-07T11:29:57.219+0000] {taskinstance.py:1956} INFO - Dependencies all met for dep_context=non-requeueable deps ti=<TaskInstance: crime_analytics_pipeline.ml_train_and_predict scheduled__2026-05-30T19:00:00+00:00 [queued]>
[2026-06-07T11:29:57.231+0000] {taskinstance.py:1956} INFO - Dependencies all met for dep_context=requeueable deps ti=<TaskInstance: crime_analytics_pipeline.ml_train_and_predict scheduled__2026-05-30T19:00:00+00:00 [queued]>
[2026-06-07T11:29:57.232+0000] {taskinstance.py:2170} INFO - Starting attempt 13 of 14
[2026-06-07T11:29:57.249+0000] {taskinstance.py:2191} INFO - Executing <Task(PythonOperator): ml_train_and_predict> on 2026-05-30 19:00:00+00:00
[2026-06-07T11:29:57.259+0000] {standard_task_runner.py:60} INFO - Started process 12139 to run task
[2026-06-07T11:29:57.264+0000] {standard_task_runner.py:87} INFO - Running: ['***', 'tasks', 'run', 'crime_analytics_pipeline', 'ml_train_and_predict', 'scheduled__2026-05-30T19:00:00+00:00', '--job-id', '638', '--raw', '--subdir', 'DAGS_FOLDER/dag_crime_pipeline.py', '--cfg-path', '/tmp/tmplmzkmulr']
[2026-06-07T11:29:57.269+0000] {standard_task_runner.py:88} INFO - Job 638: Subtask ml_train_and_predict
[2026-06-07T11:29:57.362+0000] {task_command.py:423} INFO - Running <TaskInstance: crime_analytics_pipeline.ml_train_and_predict scheduled__2026-05-30T19:00:00+00:00 [running]> on host d26a8a58ef02
[2026-06-07T11:29:57.494+0000] {taskinstance.py:2480} INFO - Exporting env vars: AIRFLOW_CTX_DAG_EMAIL='cdash-alerts@example.com' AIRFLOW_CTX_DAG_OWNER='crime-analytics' AIRFLOW_CTX_DAG_ID='crime_analytics_pipeline' AIRFLOW_CTX_TASK_ID='ml_train_and_predict' AIRFLOW_CTX_EXECUTION_DATE='2026-05-30T19:00:00+00:00' AIRFLOW_CTX_TRY_NUMBER='13' AIRFLOW_CTX_DAG_RUN_ID='scheduled__2026-05-30T19:00:00+00:00'
[2026-06-07T11:29:59.332+0000] {ml_pipeline.py:2025} INFO - ========================================================================
[2026-06-07T11:29:59.333+0000] {ml_pipeline.py:2026} INFO -   Chicago Crime Hotspot Forecasting – ml_pipeline v24 GroupBlend confidence
[2026-06-07T11:29:59.334+0000] {ml_pipeline.py:2027} INFO -   Target: next_hotspot = (next_total >= 2)
[2026-06-07T11:29:59.335+0000] {ml_pipeline.py:2028} INFO -   Dashboard risk: CRITICAL=top5%%, HIGH+=top15%%, MEDIUM+=top30%%
[2026-06-07T11:29:59.335+0000] {ml_pipeline.py:2029} INFO -   + Feature importance logging per group  [v20]
[2026-06-07T11:29:59.336+0000] {ml_pipeline.py:2030} INFO -   + Ablation study 6 scenarios            [v20]
[2026-06-07T11:29:59.336+0000] {ml_pipeline.py:2031} INFO -   + Leak check assertions                 [v20]
[2026-06-07T11:29:59.337+0000] {ml_pipeline.py:2032} INFO - ========================================================================
[2026-06-07T11:29:59.402+0000] {ml_pipeline.py:926} INFO - [ML] Loading enriched_crime_data from BigQuery (last 400 days)...
[2026-06-07T11:30:05.817+0000] {ml_pipeline.py:1001} INFO - [ML] Loaded 256869 rows, date range: 2025-04-21 → 2026-05-26
[2026-06-07T11:30:05.818+0000] {ml_pipeline.py:1015} INFO - [ML] Aggregating daily per H3...
[2026-06-07T11:30:09.291+0000] {ml_pipeline.py:1089} INFO - [ML] Daily grid: 341,652 rows, 852 H3 cells, 401 dates | RAM-safe downcast done
[2026-06-07T11:30:09.425+0000] {ml_pipeline.py:1109} INFO - [ML] H3 neighbors built. Avg ring-1 in dataset: 5.4
[2026-06-07T11:30:09.542+0000] {ml_pipeline.py:2061} INFO - [ML] Split Train: 2025-09-06→2026-04-13 (220 d) Calib: 2026-04-14→2026-05-04 Val: 2026-05-05→2026-05-11 Test: 2026-05-12→2026-05-25
[2026-06-07T11:30:09.543+0000] {ml_pipeline.py:2070} INFO - [LEAK_CHECK] train_dates: 2025-09-06 → 2026-04-13 (220 days)
[2026-06-07T11:30:09.544+0000] {ml_pipeline.py:2072} INFO - [LEAK_CHECK] val_dates:   2026-05-05 → 2026-05-11 | test_dates: 2026-05-12 → 2026-05-25
[2026-06-07T11:30:09.639+0000] {ml_pipeline.py:1133} INFO - [ML]   [4A] Own-cell lag/rolling features
[2026-06-07T11:30:14.407+0000] {ml_pipeline.py:1176} INFO - [ML]   [4B] Burst/streak features
[2026-06-07T11:30:14.669+0000] {ml_pipeline.py:1222} INFO - [ML]   [4C] Crime-type composition
[2026-06-07T11:30:16.274+0000] {ml_pipeline.py:1239} INFO - [ML]   [4D] Weather/context features
[2026-06-07T11:30:16.717+0000] {ml_pipeline.py:1255} INFO - [ML]   [4E] Community-level features
[2026-06-07T11:30:17.601+0000] {ml_pipeline.py:1303} INFO - [ML]   [4F] City-level features
[2026-06-07T11:30:18.095+0000] {ml_pipeline.py:1337} INFO - [ML]   [4G] H3 spatial spillover
[2026-06-07T11:30:18.472+0000] {ml_pipeline.py:1409} INFO - [ML]     computing nbr_r1 mean/sum/max/std/active-count + r2 + roll7 ...
[2026-06-07T11:30:20.872+0000] {ml_pipeline.py:1480} INFO - [ML]     ✓ Spatial spillover features added
[2026-06-07T11:30:20.873+0000] {ml_pipeline.py:1495} INFO - [ML]   [4H] Train-only spatial priors
[2026-06-07T11:30:21.948+0000] {ml_pipeline.py:1538} INFO - [ML]   [4I] Near-repeat victimization
[2026-06-07T11:30:21.974+0000] {ml_pipeline.py:1551} INFO - [ML]   [4J] Cross-crime lead-lag
[2026-06-07T11:30:21.984+0000] {ml_pipeline.py:1560} INFO - [ML]   [4K] Arrest deterrence
[2026-06-07T11:30:22.206+0000] {ml_pipeline.py:1574} INFO - [ML]   [4L] Density-normalized crime
[2026-06-07T11:30:22.215+0000] {ml_pipeline.py:1585} INFO - [ML]   [4M] Holiday/event features
[2026-06-07T11:30:25.791+0000] {ml_pipeline.py:1594} INFO - [ML]   [4N] Momentum and trend direction
[2026-06-07T11:30:27.298+0000] {ml_pipeline.py:1608} INFO - [ML]   [4O] Hardship interaction
[2026-06-07T11:30:27.308+0000] {ml_pipeline.py:1620} INFO - [ML]   [4P] Prior-relative features
[2026-06-07T11:30:27.323+0000] {ml_pipeline.py:1636} INFO - [ML] Feature engineering done. Shape: (341652, 296)
[2026-06-07T11:30:27.346+0000] {ml_pipeline.py:2082} INFO - [LEAK_CHECK] h3_train_percentile mean — train=0.5006 val=0.5006 test=0.5006
[2026-06-07T11:30:27.415+0000] {ml_pipeline.py:2104} INFO - [ML] train next_has_crime=39.83% | next_hotspot>=2=17.29%
[2026-06-07T11:30:27.419+0000] {ml_pipeline.py:2104} INFO - [ML] calib next_has_crime=40.88% | next_hotspot>=2=18.07%
[2026-06-07T11:30:27.424+0000] {ml_pipeline.py:2104} INFO - [ML] val next_has_crime=41.20% | next_hotspot>=2=18.44%
[2026-06-07T11:30:27.427+0000] {ml_pipeline.py:2104} INFO - [ML] test next_has_crime=38.08% | next_hotspot>=2=18.89%
[2026-06-07T11:30:29.124+0000] {ml_pipeline.py:1665} INFO - [ML] Preparing train/calib/val/test splits for v24 GroupBlend ranker...
[2026-06-07T11:30:29.147+0000] {ml_pipeline.py:1693} INFO - [ML] Removed guarded/redundant features: 21
[2026-06-07T11:30:32.309+0000] {ml_pipeline.py:1742} INFO - [ML] Train=187440 Calib=17892 Val=5964 Test=11928 features=273 dropped=7
[2026-06-07T11:30:32.309+0000] {ml_pipeline.py:1744} INFO - [ML] Group features: temporal=199 spatial=30 context=44
[2026-06-07T11:30:32.310+0000] {ml_pipeline.py:1746} INFO - [ML] Hotspot train rate=17.293% | scale_pos_weight raw=4.78 used=3.74
[2026-06-07T11:30:32.311+0000] {ml_pipeline.py:1756} INFO - [ML] Training LGBM_temporal with 199 features
[2026-06-07T11:30:46.641+0000] {ml_pipeline.py:1780} INFO - [ML] LGBM_temporal threshold=0.300 calib_f1=0.5501
[2026-06-07T11:30:46.642+0000] {ml_pipeline.py:1756} INFO - [ML] Training LGBM_spatial with 30 features
[2026-06-07T11:30:51.760+0000] {ml_pipeline.py:1780} INFO - [ML] LGBM_spatial threshold=0.290 calib_f1=0.5423
[2026-06-07T11:30:51.761+0000] {ml_pipeline.py:1756} INFO - [ML] Training LGBM_context with 44 features
[2026-06-07T11:30:57.513+0000] {ml_pipeline.py:1780} INFO - [ML] LGBM_context threshold=0.310 calib_f1=0.5435
[2026-06-07T11:30:57.514+0000] {ml_pipeline.py:1783} INFO - [ML] Logging feature importance for all group models...
[2026-06-07T11:30:57.514+0000] {ml_pipeline.py:630} INFO - [FI] ══════ Feature importance — group: TEMPORAL (199 features) ══════
[2026-06-07T11:30:57.521+0000] {ml_pipeline.py:578} INFO - [FI/TEMPORAL/GAIN] Top-30 features:
                   feature         score
       h3_train_percentile 748680.297884
      h3_train_active_rate 174827.568154
                    ewm_90  12912.816110
              roll_mean_60   4625.837665
                crime_z_90   3868.141478
              roll_mean_45   3834.928926
                   doy_cos   3749.005235
            active_rate_60   2894.646037
                crime_z_30   2591.805371
            same_dow_roll8   2012.304742
              roll_mean_90   1830.987997
local_sudden_activation_3d   1795.993174
   city_total_roll_mean_30   1688.534483
                   doy_sin   1648.216426
                    ewm_60   1631.583643
  city_violent_roll_mean_7   1582.311386
                 dayofyear   1423.293763
          comm_active_rate   1207.194872
city_property_roll_mean_30   1147.367936
               burst_14_60   1092.332710
 city_property_roll_mean_7   1054.070540
  city_active_roll_mean_30   1046.373374
       theft_roll_ratio_14   1015.246861
    city_total_roll_mean_7   1005.952347
       same_dow_vs_overall   1004.627154
      property_roll_sum_14    972.842502
         days_from_holiday    966.069379
    property_roll_ratio_30    945.649175
      active_rate_vs_train    943.772240
           days_to_holiday    936.734060
[2026-06-07T11:30:57.523+0000] {ml_pipeline.py:578} INFO - [FI/TEMPORAL/SPLIT] Top-30 features:
                   feature  score
       h3_train_percentile    944
                crime_z_90    216
      h3_train_active_rate    208
                   doy_cos    162
                crime_z_30    156
                 dayofyear    100
local_sudden_activation_3d     94
   city_total_roll_mean_30     93
                   doy_sin     88
          comm_active_rate     85
       same_dow_vs_overall     85
               burst_14_60     84
    property_roll_ratio_30     78
      active_rate_vs_train     76
           comm_burst_7_30     75
  city_violent_roll_mean_7     74
                shock_3_14     73
city_property_roll_mean_30     73
     comm_train_percentile     70
       theft_roll_ratio_14     70
           days_to_holiday     68
         days_from_holiday     67
   city_total_roll_mean_14     66
         trend_slope_14_30     65
    property_roll_ratio_14     65
     violent_roll_ratio_30     62
 city_property_roll_mean_7     61
    local_nbr_double_burst     60
              roll_mean_90     59
          trend_slope_7_14     58
[2026-06-07T11:30:57.528+0000] {ml_pipeline.py:600} INFO - [FI/TEMPORAL/GROUP] Feature group contribution by GAIN:
           group         score  pct
         weather 748680.297884 76.0
temporal_rolling 227532.888876 23.1
        calendar   8723.318863  0.9
[2026-06-07T11:30:57.529+0000] {ml_pipeline.py:610} WARNING - [FI/TEMPORAL] ⚠️  Nhóm 'weather' chiếm 76.0% tổng GAIN trong group model 'temporal'. Nguy cơ overfitting vào 1 loại feature. Xem xét tăng reg_alpha/reg_lambda hoặc giảm colsample_bytree.
[2026-06-07T11:30:57.529+0000] {ml_pipeline.py:630} INFO - [FI] ══════ Feature importance — group: SPATIAL (30 features) ══════
[2026-06-07T11:30:57.531+0000] {ml_pipeline.py:578} INFO - [FI/SPATIAL/GAIN] Top-30 features:
                      feature         score
             h3_city_share_30 660598.270519
              h3_city_share_7 126363.989325
             h3_vs_comm_prior  53165.588953
        h3_nbr_joint_activity  45487.707337
                 nbr_r1_roll7  28193.168774
          nbr_r1_active_roll7   7270.925377
                  nbr_r2_mean   5576.655930
              city_total_lag1   3831.072490
           city_property_lag1   2711.865569
            hardship_x_nbr_r1   2397.143337
             city_active_lag1   2290.699806
                 h3_vs_nbr_r1   1797.601080
        nbr_r1_neighbor_count   1212.123374
            city_violent_lag1    879.331919
          nbr_r1_active_burst    798.497849
                 nbr_r1_vs_r2    746.362280
             nbr_r1_burst_1_7    637.692213
        nbr_r1_spike_vs_roll7    604.742235
                   nbr_r1_std    588.325991
nbr_r1_hot_count_x_local_cold    580.194922
        nbr_r2_neighbor_count    399.548068
          nbr_r1_active_accel    375.366901
                  nbr_r1_mean    363.034491
                   nbr_r1_sum    303.232113
          nbr_r1_active_count     68.415051
                   nbr_r1_max     66.395440
           nbr_r1_active_rate     48.735820
        nbr_r1_new_activation     17.321699
                nbr_contagion      0.000000
            nbr_r1_any_active      0.000000
[2026-06-07T11:30:57.532+0000] {ml_pipeline.py:578} INFO - [FI/SPATIAL/SPLIT] Top-30 features:
                      feature  score
             h3_vs_comm_prior    827
             h3_city_share_30    780
                 nbr_r1_roll7    426
                  nbr_r2_mean    269
              h3_city_share_7    210
          nbr_r1_active_roll7    197
              city_total_lag1    169
           city_property_lag1    166
            hardship_x_nbr_r1    139
             city_active_lag1    138
                 h3_vs_nbr_r1    118
          nbr_r1_active_burst     66
            city_violent_lag1     65
                 nbr_r1_vs_r2     60
             nbr_r1_burst_1_7     54
        nbr_r1_spike_vs_roll7     47
                   nbr_r1_std     43
nbr_r1_hot_count_x_local_cold     33
          nbr_r1_active_accel     32
        h3_nbr_joint_activity     29
                  nbr_r1_mean     27
        nbr_r2_neighbor_count     26
        nbr_r1_neighbor_count     24
                   nbr_r1_sum     21
                   nbr_r1_max      6
          nbr_r1_active_count      5
           nbr_r1_active_rate      4
        nbr_r1_new_activation      1
                nbr_contagion      0
            nbr_r1_any_active      0
[2026-06-07T11:30:57.536+0000] {ml_pipeline.py:600} INFO - [FI/SPATIAL/GROUP] Feature group contribution by GAIN:
            group         score  pct
   community_city 849840.818581 89.7
spatial_spillover  52045.482943  5.5
    spatial_prior  45487.707337  4.8
[2026-06-07T11:30:57.536+0000] {ml_pipeline.py:610} WARNING - [FI/SPATIAL] ⚠️  Nhóm 'community_city' chiếm 89.7% tổng GAIN trong group model 'spatial'. Nguy cơ overfitting vào 1 loại feature. Xem xét tăng reg_alpha/reg_lambda hoặc giảm colsample_bytree.
[2026-06-07T11:30:57.537+0000] {ml_pipeline.py:630} INFO - [FI] ══════ Feature importance — group: CONTEXT (44 features) ══════
[2026-06-07T11:30:57.539+0000] {ml_pipeline.py:578} INFO - [FI/CONTEXT/GAIN] Top-30 features:
                    feature         score
           hardship_x_roll7 591265.301038
         roll7_minus_roll60  90952.665384
    crime_roll7_per_1000pop  56895.909301
      active_recent_vs_long  42749.048243
               total_crimes  34950.830045
             hardship_index  34948.559600
          unemployment_rate  17060.346155
       high_prior_x_weekend  16121.346186
         population_density  15408.752444
          h3_recent_vs_comm  14335.780339
         roll3_minus_roll30   8273.864400
        high_prior_x_friday   4950.386273
 nbr_hot_count_per_neighbor   4299.161993
      nbr_max_vs_local_lag1   3774.123847
                crime_today   3494.976051
         crime_acceleration   3000.701271
  crime_vs_density_expected   2827.853115
     dist_nearest_nightlife   2248.059356
       dist_nearest_station   2038.558708
                is_property   2022.906295
      nbr_dispersion_signal   1616.600075
               h3_above_nbr   1378.946303
          crime_per_1000pop   1362.560527
        dist_nearest_school   1097.410199
               n_h3_in_comm    726.736843
    violent_x_property_lag1    709.440172
nbr_any_active_x_local_cold    488.948090
                 zero_today    471.183884
         property_ratio_day    344.818437
      property_lead_violent    305.897243
[2026-06-07T11:30:57.540+0000] {ml_pipeline.py:578} INFO - [FI/CONTEXT/SPLIT] Top-30 features:
                   feature  score
        roll7_minus_roll60    908
          hardship_x_roll7    831
     active_recent_vs_long    488
            hardship_index    475
      high_prior_x_weekend    427
        population_density    291
         h3_recent_vs_comm    269
        roll3_minus_roll30    269
   crime_roll7_per_1000pop    229
         unemployment_rate    222
        crime_acceleration    188
       high_prior_x_friday    166
 crime_vs_density_expected    136
              total_crimes    114
     nbr_dispersion_signal    106
     nbr_max_vs_local_lag1    103
         crime_per_1000pop     82
nbr_hot_count_per_neighbor     73
               is_property     68
              n_h3_in_comm     62
              h3_above_nbr     38
       dist_nearest_school     37
   violent_x_property_lag1     33
      dist_nearest_station     28
    dist_nearest_nightlife     28
     property_lead_violent     28
                is_morning     27
        property_ratio_day     23
         violent_ratio_day     18
              is_afternoon     17
[2026-06-07T11:30:57.545+0000] {ml_pipeline.py:600} INFO - [FI/CONTEXT/GROUP] Feature group contribution by GAIN:
        group         score  pct
socioeconomic 658682.959237 68.6
        other 296054.684314 30.8
          poi   5384.028263  0.6
[2026-06-07T11:30:57.546+0000] {ml_pipeline.py:610} WARNING - [FI/CONTEXT] ⚠️  Nhóm 'socioeconomic' chiếm 68.6% tổng GAIN trong group model 'context'. Nguy cơ overfitting vào 1 loại feature. Xem xét tăng reg_alpha/reg_lambda hoặc giảm colsample_bytree.
[2026-06-07T11:30:59.868+0000] {ml_pipeline.py:1801} INFO - [ML] GroupBlend diagnostic threshold=0.290 | F1_CALIB=0.5450 | weights={'temporal': 0.1, 'spatial': 0.6, 'context': 0.3}
[2026-06-07T11:31:00.048+0000] {ml_pipeline.py:1807} INFO - [ML] VAL  – AUC=0.8506 AP=0.5808 F1=0.5488 Top05_R=0.2039 Top05_L=4.04x Top15_R=0.4770 Top30_R=0.7172
[2026-06-07T11:31:00.048+0000] {ml_pipeline.py:1811} INFO - [ML] TEST – AUC=0.8399 AP=0.5424 F1=0.5450 Top05_R=0.1787 Top05_L=3.54x Top15_R=0.4292 Top30_R=0.6615
[2026-06-07T11:31:00.057+0000] {ml_pipeline.py:1904} INFO - [ML] Feature day: 2026-05-26 → Prediction day: 2026-05-27 (852 H3 cells)
[2026-06-07T11:31:00.234+0000] {ml_pipeline.py:1955} INFO - [ML] Predictions – cells=852 | diagnostic pred_hotspot=247 (29.0%)
[2026-06-07T11:31:00.235+0000] {ml_pipeline.py:1957} INFO - [ML] Rank-bounded risk distribution:
risk_level
LOW         597
MEDIUM      128
HIGH         85
CRITICAL     42
[2026-06-07T11:31:00.237+0000] {ml_pipeline.py:1959} INFO - [ML] Confidence distribution:
confidence_level
LOW         1
MEDIUM    146
HIGH      705
[2026-06-07T11:31:00.238+0000] {ml_pipeline.py:1977} INFO - [ML] Writing 852 predictions → sage-mind-489618-n5.cdash_warehouse.prediction_results (mode=WRITE_TRUNCATE)
[2026-06-07T11:31:04.815+0000] {ml_pipeline.py:1994} INFO - [ML] ✓ Predictions written to BigQuery.
[2026-06-07T11:31:04.816+0000] {ml_pipeline.py:701} INFO - ========================================================================
[2026-06-07T11:31:04.817+0000] {ml_pipeline.py:702} INFO -   ABLATION STUDY — Feature Group Contribution (v24 LightGBM)
[2026-06-07T11:31:04.817+0000] {ml_pipeline.py:703} INFO - ========================================================================
[2026-06-07T11:31:09.489+0000] {ml_pipeline.py:819} INFO - [ABLATION] 0_spatial_only                      | features= 30 | thr=0.49 | Val AUC=0.8498 AP=0.5797 F1=0.5451 | Test AUC=0.8366 AP=0.5360 F1=0.5372
[2026-06-07T11:31:13.633+0000] {ml_pipeline.py:819} INFO - [ABLATION] 0_context_only                      | features= 41 | thr=0.57 | Val AUC=0.8498 AP=0.5763 F1=0.5550 | Test AUC=0.8420 AP=0.5511 F1=0.5509
[2026-06-07T11:31:21.966+0000] {ml_pipeline.py:819} INFO - [ABLATION] 1_temporal_only                     | features=157 | thr=0.52 | Val AUC=0.8509 AP=0.5782 F1=0.5555 | Test AUC=0.8410 AP=0.5480 F1=0.5483
[2026-06-07T11:31:31.136+0000] {ml_pipeline.py:819} INFO - [ABLATION] 2_temporal_spatial                  | features=187 | thr=0.54 | Val AUC=0.8508 AP=0.5783 F1=0.5592 | Test AUC=0.8414 AP=0.5479 F1=0.5474
[2026-06-07T11:31:42.350+0000] {ml_pipeline.py:819} INFO - [ABLATION] 3_temporal_spatial_context          | features=228 | thr=0.54 | Val AUC=0.8498 AP=0.5770 F1=0.5550 | Test AUC=0.8421 AP=0.5511 F1=0.5464
[2026-06-07T11:31:57.521+0000] {ml_pipeline.py:819} INFO - [ABLATION] 4_full                              | features=273 | thr=0.55 | Val AUC=0.8499 AP=0.5792 F1=0.5603 | Test AUC=0.8422 AP=0.5521 F1=0.5473
[2026-06-07T11:31:57.756+0000] {ml_pipeline.py:868} INFO - [ERROR_ANALYSIS] FN overlap — temporal∩spatial: 351 | temporal∩context: 366 | spatial∩context: 354
[2026-06-07T11:31:57.757+0000] {ml_pipeline.py:875} INFO - [ERROR_ANALYSIS] FN unique to — temporal: 3 | spatial: 15 | context: 1
[2026-06-07T11:31:57.758+0000] {ml_pipeline.py:884} INFO - [ERROR_ANALYSIS] GroupBlend (4_full) FN=375 | Resolved vs temporal_only=1 | vs spatial_only=14 | vs context_only=1
[2026-06-07T11:31:57.759+0000] {ml_pipeline.py:896} INFO - [ABLATION] Summary table:
[2026-06-07T11:31:57.759+0000] {ml_pipeline.py:897} INFO - [ABLATION] Scenario                            | Feats |  Thr | Val_AUC | Val_AP | Val_F1 | Tst_AUC | Tst_AP | Tst_F1
[2026-06-07T11:31:57.760+0000] {ml_pipeline.py:903} INFO - [ABLATION] ---------------------------------------------------------------------------------------------------------
[2026-06-07T11:31:57.760+0000] {ml_pipeline.py:905} INFO - [ABLATION] 0_spatial_only                      |    30 | 0.49 | 0.8498  | 0.5797 | 0.5451 | 0.8366  | 0.5360 | 0.5372
[2026-06-07T11:31:57.761+0000] {ml_pipeline.py:905} INFO - [ABLATION] 0_context_only                      |    41 | 0.57 | 0.8498  | 0.5763 | 0.5550 | 0.8420  | 0.5511 | 0.5509
[2026-06-07T11:31:57.762+0000] {ml_pipeline.py:905} INFO - [ABLATION] 1_temporal_only                     |   157 | 0.52 | 0.8509  | 0.5782 | 0.5555 | 0.8410  | 0.5480 | 0.5483
[2026-06-07T11:31:57.762+0000] {ml_pipeline.py:905} INFO - [ABLATION] 2_temporal_spatial                  |   187 | 0.54 | 0.8508  | 0.5783 | 0.5592 | 0.8414  | 0.5479 | 0.5474
[2026-06-07T11:31:57.763+0000] {ml_pipeline.py:905} INFO - [ABLATION] 3_temporal_spatial_context          |   228 | 0.54 | 0.8498  | 0.5770 | 0.5550 | 0.8421  | 0.5511 | 0.5464
[2026-06-07T11:31:57.763+0000] {ml_pipeline.py:905} INFO - [ABLATION] 4_full                              |   273 | 0.55 | 0.8499  | 0.5792 | 0.5603 | 0.8422  | 0.5521 | 0.5473
[2026-06-07T11:31:57.764+0000] {ml_pipeline.py:911} INFO - ========================================================================
[2026-06-07T11:31:57.805+0000] {ml_pipeline.py:2149} INFO - [ML] Model artifact saved → /tmp/crime_model_v24_groupblend_confidence.pkl
[2026-06-07T11:31:57.808+0000] {ml_pipeline.py:2152} INFO - ========================================================================
[2026-06-07T11:31:57.808+0000] {ml_pipeline.py:2153} INFO -   SUMMARY v24 GroupBlend confidence
[2026-06-07T11:31:57.809+0000] {ml_pipeline.py:2154} INFO -   VAL  AUC=0.8506 AP=0.5808 F1=0.5488 Top05_R=0.2039 Top05_L=4.04x Top15_R=0.4770 Top30_R=0.7172
[2026-06-07T11:31:57.809+0000] {ml_pipeline.py:2158} INFO -   TEST AUC=0.8399 AP=0.5424 F1=0.5450 Top05_R=0.1787 Top05_L=3.54x Top15_R=0.4292 Top30_R=0.6615
[2026-06-07T11:31:57.810+0000] {ml_pipeline.py:2162} INFO -   Risk counts: {'LOW': 597, 'MEDIUM': 128, 'HIGH': 85, 'CRITICAL': 42}
[2026-06-07T11:31:57.810+0000] {ml_pipeline.py:2163} INFO - ========================================================================
[2026-06-07T11:31:57.926+0000] {dag_crime_pipeline.py:304} WARNING - [ML] ⚠️ Model chưa đạt ngưỡng: val_auc=0.8506 val_f1=0.5488
[2026-06-07T11:31:57.927+0000] {python.py:201} INFO - Done. Returned value was: {'val_auc': 0.850631167763158, 'val_ap': 0.5807985790577535, 'val_f1': 0.5488203266787659, 'test_auc': 0.8399418977395627, 'test_ap': 0.5423954706508077, 'test_f1': 0.5449908925318762, 'val_top05_recall': 0.2038728822137377, 'val_top05_lift': 4.0395278057233615, 'test_top05_recall': 0.17867890005243922, 'test_top05_lift': 3.540335414992516, 'threshold_diagnostic': 0.29000000000000004, 'group_weights': {'temporal': 0.1, 'spatial': 0.6, 'context': 0.3}, 'risk_counts': {'LOW': 597, 'MEDIUM': 128, 'HIGH': 85, 'CRITICAL': 42}, 'n_predictions': 852, 'model_version': '2026-06-07.hotspot_v24_groupblend_confidence'}
[2026-06-07T11:31:57.959+0000] {taskinstance.py:1138} INFO - Marking task as SUCCESS. dag_id=crime_analytics_pipeline, task_id=ml_train_and_predict, execution_date=20260530T190000, start_date=20260607T112957, end_date=20260607T113157
[2026-06-07T11:31:58.236+0000] {local_task_job_runner.py:234} INFO - Task exited with return code 0
[2026-06-07T11:31:58.266+0000] {taskinstance.py:3280} INFO - 2 downstream tasks scheduled from follow-on schedule check
