[2026-06-07T16:13:36.380+0000] {taskinstance.py:1956} INFO - Dependencies all met for dep_context=non-requeueable deps ti=<TaskInstance: crime_analytics_pipeline.ml_train_and_predict scheduled__2026-05-30T19:00:00+00:00 [queued]>
[2026-06-07T16:13:36.391+0000] {taskinstance.py:1956} INFO - Dependencies all met for dep_context=requeueable deps ti=<TaskInstance: crime_analytics_pipeline.ml_train_and_predict scheduled__2026-05-30T19:00:00+00:00 [queued]>
[2026-06-07T16:13:36.392+0000] {taskinstance.py:2170} INFO - Starting attempt 21 of 22
[2026-06-07T16:13:36.406+0000] {taskinstance.py:2191} INFO - Executing <Task(PythonOperator): ml_train_and_predict> on 2026-05-30 19:00:00+00:00
[2026-06-07T16:13:36.415+0000] {standard_task_runner.py:60} INFO - Started process 14475 to run task
[2026-06-07T16:13:36.419+0000] {standard_task_runner.py:87} INFO - Running: ['***', 'tasks', 'run', 'crime_analytics_pipeline', 'ml_train_and_predict', 'scheduled__2026-05-30T19:00:00+00:00', '--job-id', '662', '--raw', '--subdir', 'DAGS_FOLDER/dag_crime_pipeline.py', '--cfg-path', '/tmp/tmp1y8b9gh_']
[2026-06-07T16:13:36.423+0000] {standard_task_runner.py:88} INFO - Job 662: Subtask ml_train_and_predict
[2026-06-07T16:13:36.507+0000] {task_command.py:423} INFO - Running <TaskInstance: crime_analytics_pipeline.ml_train_and_predict scheduled__2026-05-30T19:00:00+00:00 [running]> on host d26a8a58ef02
[2026-06-07T16:13:36.633+0000] {taskinstance.py:2480} INFO - Exporting env vars: AIRFLOW_CTX_DAG_EMAIL='cdash-alerts@example.com' AIRFLOW_CTX_DAG_OWNER='crime-analytics' AIRFLOW_CTX_DAG_ID='crime_analytics_pipeline' AIRFLOW_CTX_TASK_ID='ml_train_and_predict' AIRFLOW_CTX_EXECUTION_DATE='2026-05-30T19:00:00+00:00' AIRFLOW_CTX_TRY_NUMBER='21' AIRFLOW_CTX_DAG_RUN_ID='scheduled__2026-05-30T19:00:00+00:00'
[2026-06-07T16:13:38.030+0000] {ml_pipeline.py:2238} INFO - ========================================================================
[2026-06-07T16:13:38.031+0000] {ml_pipeline.py:2239} INFO -   Chicago Crime Hotspot Forecasting – ml_pipeline v24 GroupBlend confidence
[2026-06-07T16:13:38.031+0000] {ml_pipeline.py:2240} INFO -   Target: next_hotspot = (next_total >= 2)
[2026-06-07T16:13:38.033+0000] {ml_pipeline.py:2241} INFO -   Dashboard risk: CRITICAL=top5%%, HIGH+=top15%%, MEDIUM+=top30%%
[2026-06-07T16:13:38.034+0000] {ml_pipeline.py:2242} INFO -   + Feature importance logging per group  [v20]
[2026-06-07T16:13:38.035+0000] {ml_pipeline.py:2243} INFO -   + Ablation study 6 scenarios            [v20]
[2026-06-07T16:13:38.036+0000] {ml_pipeline.py:2244} INFO -   + Leak check assertions                 [v20]
[2026-06-07T16:13:38.036+0000] {ml_pipeline.py:2245} INFO - ========================================================================
[2026-06-07T16:13:38.112+0000] {ml_pipeline.py:1139} INFO - [ML] Loading enriched_crime_data from BigQuery (last 400 days)...
[2026-06-07T16:13:44.680+0000] {ml_pipeline.py:1214} INFO - [ML] Loaded 256869 rows, date range: 2025-04-21 → 2026-05-26
[2026-06-07T16:13:44.681+0000] {ml_pipeline.py:1228} INFO - [ML] Aggregating daily per H3...
[2026-06-07T16:13:48.377+0000] {ml_pipeline.py:1302} INFO - [ML] Daily grid: 341,652 rows, 852 H3 cells, 401 dates | RAM-safe downcast done
[2026-06-07T16:13:48.442+0000] {ml_pipeline.py:1322} INFO - [ML] H3 neighbors built. Avg ring-1 in dataset: 5.4
[2026-06-07T16:13:48.511+0000] {ml_pipeline.py:2274} INFO - [ML] Split Train: 2025-09-06→2026-04-13 (220 d) Calib: 2026-04-14→2026-05-04 Val: 2026-05-05→2026-05-11 Test: 2026-05-12→2026-05-25
[2026-06-07T16:13:48.512+0000] {ml_pipeline.py:2283} INFO - [LEAK_CHECK] train_dates: 2025-09-06 → 2026-04-13 (220 days)
[2026-06-07T16:13:48.512+0000] {ml_pipeline.py:2285} INFO - [LEAK_CHECK] val_dates:   2026-05-05 → 2026-05-11 | test_dates: 2026-05-12 → 2026-05-25
[2026-06-07T16:13:48.591+0000] {ml_pipeline.py:1346} INFO - [ML]   [4A] Own-cell lag/rolling features
[2026-06-07T16:13:53.029+0000] {ml_pipeline.py:1389} INFO - [ML]   [4B] Burst/streak features
[2026-06-07T16:13:53.258+0000] {ml_pipeline.py:1435} INFO - [ML]   [4C] Crime-type composition
[2026-06-07T16:13:54.826+0000] {ml_pipeline.py:1452} INFO - [ML]   [4D] Weather/context features
[2026-06-07T16:13:55.320+0000] {ml_pipeline.py:1468} INFO - [ML]   [4E] Community-level features
[2026-06-07T16:13:56.212+0000] {ml_pipeline.py:1516} INFO - [ML]   [4F] City-level features
[2026-06-07T16:13:56.799+0000] {ml_pipeline.py:1550} INFO - [ML]   [4G] H3 spatial spillover
[2026-06-07T16:13:57.175+0000] {ml_pipeline.py:1622} INFO - [ML]     computing nbr_r1 mean/sum/max/std/active-count + r2 + roll7 ...
[2026-06-07T16:13:59.723+0000] {ml_pipeline.py:1693} INFO - [ML]     ✓ Spatial spillover features added
[2026-06-07T16:13:59.724+0000] {ml_pipeline.py:1708} INFO - [ML]   [4H] Train-only spatial priors
[2026-06-07T16:14:00.713+0000] {ml_pipeline.py:1751} INFO - [ML]   [4I] Near-repeat victimization
[2026-06-07T16:14:00.749+0000] {ml_pipeline.py:1764} INFO - [ML]   [4J] Cross-crime lead-lag
[2026-06-07T16:14:00.756+0000] {ml_pipeline.py:1773} INFO - [ML]   [4K] Arrest deterrence
[2026-06-07T16:14:00.993+0000] {ml_pipeline.py:1787} INFO - [ML]   [4L] Density-normalized crime
[2026-06-07T16:14:01.000+0000] {ml_pipeline.py:1798} INFO - [ML]   [4M] Holiday/event features
[2026-06-07T16:14:04.654+0000] {ml_pipeline.py:1807} INFO - [ML]   [4N] Momentum and trend direction
[2026-06-07T16:14:06.289+0000] {ml_pipeline.py:1821} INFO - [ML]   [4O] Hardship interaction
[2026-06-07T16:14:06.298+0000] {ml_pipeline.py:1833} INFO - [ML]   [4P] Prior-relative features
[2026-06-07T16:14:06.309+0000] {ml_pipeline.py:1849} INFO - [ML] Feature engineering done. Shape: (341652, 296)
[2026-06-07T16:14:06.324+0000] {ml_pipeline.py:2295} INFO - [LEAK_CHECK] h3_train_percentile mean — train=0.5006 val=0.5006 test=0.5006
[2026-06-07T16:14:06.350+0000] {ml_pipeline.py:2315} INFO - [TYPE_CHECK] violent  next-day positive rate (train): 17.27%
[2026-06-07T16:14:06.351+0000] {ml_pipeline.py:2316} INFO - [TYPE_CHECK] property next-day positive rate (train): 25.64%
[2026-06-07T16:14:06.353+0000] {ml_pipeline.py:2317} INFO - [TYPE_CHECK] hotspot  next-day positive rate (train): 17.29%
[2026-06-07T16:14:06.709+0000] {ml_pipeline.py:2324} INFO - [TYPE_CHECK] H3 cells có violent  crime trong train: 798/852 (93.7%)
[2026-06-07T16:14:06.710+0000] {ml_pipeline.py:2327} INFO - [TYPE_CHECK] H3 cells có property crime trong train: 816/852 (95.8%)
[2026-06-07T16:14:06.936+0000] {ml_pipeline.py:2336} INFO - [TYPE_CHECK] Trong hotspot: violent=59.0% property=80.6% cả hai=41.9%
[2026-06-07T16:14:06.946+0000] {ml_pipeline.py:2344} INFO - [TYPE_CHECK] Correlation matrix:
                    next_violent_flag  next_property_flag  next_hotspot
next_violent_flag            1.000000            0.170971      0.504683
next_property_flag           0.170971            1.000000      0.575971
next_hotspot                 0.504683            0.575971      1.000000
[2026-06-07T16:14:06.958+0000] {ml_pipeline.py:2355} INFO - [ML] train next_has_crime=39.83% | next_hotspot>=2=17.29%
[2026-06-07T16:14:06.963+0000] {ml_pipeline.py:2355} INFO - [ML] calib next_has_crime=40.88% | next_hotspot>=2=18.07%
[2026-06-07T16:14:06.966+0000] {ml_pipeline.py:2355} INFO - [ML] val next_has_crime=41.20% | next_hotspot>=2=18.44%
[2026-06-07T16:14:06.969+0000] {ml_pipeline.py:2355} INFO - [ML] test next_has_crime=38.08% | next_hotspot>=2=18.89%
[2026-06-07T16:14:08.555+0000] {ml_pipeline.py:1878} INFO - [ML] Preparing train/calib/val/test splits for v24 GroupBlend ranker...
[2026-06-07T16:14:08.574+0000] {ml_pipeline.py:1906} INFO - [ML] Removed guarded/redundant features: 21
[2026-06-07T16:14:11.645+0000] {ml_pipeline.py:1955} INFO - [ML] Train=187440 Calib=17892 Val=5964 Test=11928 features=273 dropped=7
[2026-06-07T16:14:11.646+0000] {ml_pipeline.py:1957} INFO - [ML] Group features: temporal=168 spatial=40 context=65
[2026-06-07T16:14:11.647+0000] {ml_pipeline.py:1959} INFO - [ML] Hotspot train rate=17.293% | scale_pos_weight raw=4.78 used=3.74
[2026-06-07T16:14:11.647+0000] {ml_pipeline.py:1969} INFO - [ML] Training LGBM_temporal with 168 features
[2026-06-07T16:14:23.425+0000] {ml_pipeline.py:1993} INFO - [ML] LGBM_temporal threshold=0.300 calib_f1=0.5444
[2026-06-07T16:14:23.427+0000] {ml_pipeline.py:1969} INFO - [ML] Training LGBM_spatial with 40 features
[2026-06-07T16:14:28.350+0000] {ml_pipeline.py:1993} INFO - [ML] LGBM_spatial threshold=0.280 calib_f1=0.5525
[2026-06-07T16:14:28.351+0000] {ml_pipeline.py:1969} INFO - [ML] Training LGBM_context with 65 features
[2026-06-07T16:14:38.268+0000] {ml_pipeline.py:1993} INFO - [ML] LGBM_context threshold=0.270 calib_f1=0.5334
[2026-06-07T16:14:38.268+0000] {ml_pipeline.py:1996} INFO - [ML] Logging feature importance for all group models...
[2026-06-07T16:14:38.269+0000] {ml_pipeline.py:847} INFO - [FI] ══════ Feature importance — group: TEMPORAL (168 features) ══════
[2026-06-07T16:14:38.272+0000] {ml_pipeline.py:795} INFO - [FI/TEMPORAL/GAIN] Top-30 features:
                   feature         score
                    ewm_90 571264.556690
              roll_mean_90 201996.691760
                    ewm_60  53985.624283
              roll_mean_60  51314.574015
            active_rate_60  20751.775814
              roll_mean_45  17612.886941
               roll_std_90   6658.062674
                crime_z_30   3646.761739
                crime_z_90   3081.453823
               roll_sum_45   3009.638332
 crime_vs_density_expected   2241.882751
            same_dow_roll8   2186.834487
                   doy_cos   2133.574017
                   doy_sin   1978.407045
local_sudden_activation_3d   1738.408008
                 dayofyear   1575.016032
       nbr_r1_active_burst   1284.915684
        city_property_lag1   1220.424128
         days_from_holiday   1143.399183
          city_active_lag1   1106.162041
                  temp_max   1042.430633
           days_to_holiday   1016.475358
               zero_streak    994.558164
       theft_roll_ratio_14    958.998352
               burst_14_60    940.338746
                 month_cos    907.537301
               roll_std_60    900.774204
                shock_3_14    898.527349
      property_roll_sum_14    830.649430
       same_dow_vs_overall    819.609416
[2026-06-07T16:14:38.274+0000] {ml_pipeline.py:795} INFO - [FI/TEMPORAL/SPLIT] Top-30 features:
                   feature  score
                    ewm_90    583
              roll_mean_90    338
                crime_z_30    178
                crime_z_90    164
                   doy_sin    127
 crime_vs_density_expected    122
                   doy_cos    106
                 dayofyear     95
       nbr_r1_active_burst     94
               roll_std_90     92
local_sudden_activation_3d     85
                    ewm_60     85
        city_property_lag1     75
          city_active_lag1     69
           days_to_holiday     67
               burst_14_60     67
            active_rate_60     67
       same_dow_vs_overall     66
         days_from_holiday     65
                shock_3_14     63
     violent_roll_ratio_30     63
                  temp_max     61
       theft_roll_ratio_14     61
              roll_mean_45     59
            same_dow_roll8     55
               roll_std_60     54
    property_roll_ratio_30     52
               zero_streak     51
           city_total_lag1     49
   crime_roll7_per_1000pop     46
[2026-06-07T16:14:38.286+0000] {ml_pipeline.py:817} INFO - [FI/TEMPORAL/GROUP] Feature group contribution by GAIN:
            group         score  pct
 temporal_rolling 945832.606977 98.6
         calendar   8754.408936  0.9
   community_city   2326.586168  0.2
spatial_spillover   1284.915684  0.1
          weather   1042.430633  0.1
[2026-06-07T16:14:38.287+0000] {ml_pipeline.py:827} WARNING - [FI/TEMPORAL] ⚠️  Nhóm 'temporal_rolling' chiếm 98.6% tổng GAIN trong group model 'temporal'. Nguy cơ overfitting vào 1 loại feature. Xem xét tăng reg_alpha/reg_lambda hoặc giảm colsample_bytree.
[2026-06-07T16:14:38.287+0000] {ml_pipeline.py:847} INFO - [FI] ══════ Feature importance — group: SPATIAL (40 features) ══════
[2026-06-07T16:14:38.290+0000] {ml_pipeline.py:795} INFO - [FI/SPATIAL/GAIN] Top-30 features:
                   feature         score
       h3_train_percentile 627227.114428
      h3_train_active_rate 233397.429376
          h3_city_share_30  45961.642165
           h3_city_share_7  29087.540144
          h3_vs_comm_prior   3616.564391
       nbr_r1_active_roll7   2800.606747
   city_total_roll_mean_30   2662.163241
  city_violent_roll_mean_7   1954.412301
  city_active_roll_mean_30   1594.598001
city_property_roll_mean_14   1559.689659
city_property_roll_mean_30   1387.830431
  city_active_roll_mean_14   1358.473757
    city_total_roll_mean_7   1220.742403
 city_violent_roll_mean_14   1163.514861
 city_violent_roll_mean_30   1153.422149
          comm_active_rate   1113.386792
   city_total_roll_mean_14    859.496509
   city_active_roll_mean_7    765.145441
 city_property_roll_mean_7    720.415782
      active_rate_vs_train    700.834032
              nbr_r1_roll7    565.427174
           comm_burst_7_30    554.566863
              nbr_r1_vs_r2    479.441149
               nbr_r2_mean    408.147782
           city_burst_7_30    406.341124
          nbr_r1_burst_1_7    337.791990
         comm_roll_mean_60    329.466912
     h3_nbr_joint_activity    328.402245
              h3_vs_nbr_r1    328.154441
         comm_roll_mean_30    224.971831
[2026-06-07T16:14:38.292+0000] {ml_pipeline.py:795} INFO - [FI/SPATIAL/SPLIT] Top-30 features:
                   feature  score
       h3_train_percentile    767
      h3_train_active_rate    324
   city_total_roll_mean_30    123
          h3_city_share_30    119
  city_violent_roll_mean_7    104
city_property_roll_mean_14     89
  city_active_roll_mean_30     84
city_property_roll_mean_30     82
          comm_active_rate     80
  city_active_roll_mean_14     76
 city_violent_roll_mean_14     71
   city_active_roll_mean_7     61
    city_total_roll_mean_7     58
           h3_city_share_7     57
   city_total_roll_mean_14     55
 city_violent_roll_mean_30     54
          h3_vs_comm_prior     50
 city_property_roll_mean_7     48
           comm_burst_7_30     46
       nbr_r1_active_roll7     44
              nbr_r1_vs_r2     41
      active_rate_vs_train     38
               nbr_r2_mean     31
           city_burst_7_30     28
          nbr_r1_burst_1_7     27
              h3_vs_nbr_r1     26
              nbr_r1_roll7     23
         comm_roll_mean_14     18
         comm_roll_mean_60     18
         comm_roll_mean_30     17
[2026-06-07T16:14:38.295+0000] {ml_pipeline.py:817} INFO - [FI/SPATIAL/GROUP] Feature group contribution by GAIN:
            group         score  pct
    spatial_prior 940319.526780 97.5
   community_city  19028.638058  2.0
spatial_spillover   4919.569283  0.5
[2026-06-07T16:14:38.296+0000] {ml_pipeline.py:827} WARNING - [FI/SPATIAL] ⚠️  Nhóm 'spatial_prior' chiếm 97.5% tổng GAIN trong group model 'spatial'. Nguy cơ overfitting vào 1 loại feature. Xem xét tăng reg_alpha/reg_lambda hoặc giảm colsample_bytree.
[2026-06-07T16:14:38.296+0000] {ml_pipeline.py:847} INFO - [FI] ══════ Feature importance — group: CONTEXT (65 features) ══════
[2026-06-07T16:14:38.299+0000] {ml_pipeline.py:795} INFO - [FI/CONTEXT/GAIN] Top-30 features:
                   feature         score
          hardship_x_roll7 355251.729401
    hardship_x_active_rate 138532.224563
    local_nbr_double_burst  55724.314736
            near_repeat_5d  48793.867758
      high_prior_x_weekend  47114.346027
              total_crimes  42656.700203
                nbr_r1_sum  37576.505144
            near_repeat_3d  25719.760917
         h3_recent_vs_comm  24348.238973
               crime_today  19639.732163
       high_prior_x_friday  19602.443479
unemployment_x_zero_streak  16956.501433
            hardship_index  16186.669936
       nbr_r1_active_count  16089.383012
         unemployment_rate  15334.809516
         hardship_x_nbr_r1  12872.758723
        population_density  11979.468608
       dist_nearest_school   7699.676700
     nbr_r1_spike_vs_roll7   6236.300159
    dist_nearest_nightlife   6076.930619
               nbr_r1_mean   5920.377158
      dist_nearest_station   5488.745281
                nbr_r1_std   3856.344607
     nbr_max_vs_local_lag1   3160.926511
     nbr_dispersion_signal   3089.760845
       nbr_r1_active_accel   2955.339063
                zero_today   2875.825816
               is_property   2736.107962
                prev_crime   2455.508618
                nbr_r1_max   2226.037600
[2026-06-07T16:14:38.301+0000] {ml_pipeline.py:795} INFO - [FI/CONTEXT/SPLIT] Top-30 features:
                   feature  score
      high_prior_x_weekend   1136
    local_nbr_double_burst   1028
          hardship_x_roll7    989
       high_prior_x_friday    825
         h3_recent_vs_comm    760
     nbr_r1_spike_vs_roll7    592
        population_density    556
         unemployment_rate    525
    hardship_x_active_rate    519
            hardship_index    462
         hardship_x_nbr_r1    404
     nbr_dispersion_signal    370
                nbr_r1_sum    362
                nbr_r1_std    357
       nbr_r1_active_accel    344
              total_crimes    238
     nbr_max_vs_local_lag1    224
unemployment_x_zero_streak    184
               nbr_r1_mean    176
       dist_nearest_school    151
            near_repeat_5d    141
               is_property    137
              is_afternoon    136
                  is_night    132
                is_evening    130
    dist_nearest_nightlife    123
                is_morning    122
     property_lead_violent    118
      high_prior_x_holiday    115
       nbr_r1_active_count    112
[2026-06-07T16:14:38.304+0000] {ml_pipeline.py:817} INFO - [FI/CONTEXT/GROUP] Feature group contribution by GAIN:
            group         score  pct
      criminology 710150.696931 74.0
spatial_spillover  93983.732820  9.8
 temporal_rolling  67908.366144  7.1
    socioeconomic  43500.948060  4.5
   community_city  24348.238973  2.5
              poi  19265.352600  2.0
[2026-06-07T16:14:38.304+0000] {ml_pipeline.py:827} WARNING - [FI/CONTEXT] ⚠️  Nhóm 'criminology' chiếm 74.0% tổng GAIN trong group model 'context'. Nguy cơ overfitting vào 1 loại feature. Xem xét tăng reg_alpha/reg_lambda hoặc giảm colsample_bytree.
[2026-06-07T16:14:40.755+0000] {ml_pipeline.py:2014} INFO - [ML] GroupBlend diagnostic threshold=0.320 | F1_CALIB=0.5472 | weights={'temporal': 0.4, 'spatial': 0.3, 'context': 0.3}
[2026-06-07T16:14:41.002+0000] {ml_pipeline.py:2020} INFO - [ML] VAL  – AUC=0.8499 AP=0.5809 F1=0.5499 Top05_R=0.2096 Top05_L=4.15x Top15_R=0.4807 Top30_R=0.7202
[2026-06-07T16:14:41.004+0000] {ml_pipeline.py:2024} INFO - [ML] TEST – AUC=0.8422 AP=0.5480 F1=0.5506 Top05_R=0.1779 Top05_L=3.53x Top15_R=0.4287 Top30_R=0.6629
[2026-06-07T16:14:41.013+0000] {ml_pipeline.py:2117} INFO - [ML] Feature day: 2026-05-26 → Prediction day: 2026-05-27 (852 H3 cells)
[2026-06-07T16:14:41.167+0000] {ml_pipeline.py:2168} INFO - [ML] Predictions – cells=852 | diagnostic pred_hotspot=193 (22.7%)
[2026-06-07T16:14:41.169+0000] {ml_pipeline.py:2170} INFO - [ML] Rank-bounded risk distribution:
risk_level
LOW         597
MEDIUM      128
HIGH         85
CRITICAL     42
[2026-06-07T16:14:41.171+0000] {ml_pipeline.py:2172} INFO - [ML] Confidence distribution:
confidence_level
LOW         2
MEDIUM    153
HIGH      697
[2026-06-07T16:14:41.171+0000] {ml_pipeline.py:2190} INFO - [ML] Writing 852 predictions → sage-mind-489618-n5.cdash_warehouse.prediction_results (mode=WRITE_TRUNCATE)
[2026-06-07T16:14:53.036+0000] {ml_pipeline.py:2207} INFO - [ML] ✓ Predictions written to BigQuery.
[2026-06-07T16:14:53.037+0000] {ml_pipeline.py:918} INFO - ========================================================================
[2026-06-07T16:14:53.038+0000] {ml_pipeline.py:919} INFO -   ABLATION STUDY — Feature Group Contribution (v24 LightGBM)
[2026-06-07T16:14:53.039+0000] {ml_pipeline.py:920} INFO - ========================================================================
[2026-06-07T16:14:58.088+0000] {ml_pipeline.py:1032} INFO - [ABLATION] 0_spatial_only                      | features= 40 | thr=0.51 | Val AUC=0.8506 AP=0.5766 F1=0.5556 | Test AUC=0.8409 AP=0.5480 F1=0.5468
[2026-06-07T16:15:07.310+0000] {ml_pipeline.py:1032} INFO - [ABLATION] 0_context_only                      | features= 65 | thr=0.52 | Val AUC=0.8413 AP=0.5652 F1=0.5383 | Test AUC=0.8347 AP=0.5267 F1=0.5466
[2026-06-07T16:15:15.653+0000] {ml_pipeline.py:1032} INFO - [ABLATION] 1_temporal_only                     | features=168 | thr=0.51 | Val AUC=0.8503 AP=0.5790 F1=0.5527 | Test AUC=0.8407 AP=0.5481 F1=0.5487
[2026-06-07T16:15:29.012+0000] {ml_pipeline.py:1032} INFO - [ABLATION] 2_temporal_spatial                  | features=208 | thr=0.53 | Val AUC=0.8503 AP=0.5785 F1=0.5556 | Test AUC=0.8421 AP=0.5517 F1=0.5463
[2026-06-07T16:15:41.133+0000] {ml_pipeline.py:1032} INFO - [ABLATION] 3_temporal_spatial_context          | features=273 | thr=0.54 | Val AUC=0.8501 AP=0.5780 F1=0.5563 | Test AUC=0.8424 AP=0.5516 F1=0.5497
[2026-06-07T16:15:53.604+0000] {ml_pipeline.py:1032} INFO - [ABLATION] 4_full                              | features=273 | thr=0.54 | Val AUC=0.8501 AP=0.5780 F1=0.5563 | Test AUC=0.8424 AP=0.5516 F1=0.5497
[2026-06-07T16:15:53.823+0000] {ml_pipeline.py:1081} INFO - [ERROR_ANALYSIS] FN overlap — temporal∩spatial: 353 | temporal∩context: 357 | spatial∩context: 359
[2026-06-07T16:15:53.824+0000] {ml_pipeline.py:1088} INFO - [ERROR_ANALYSIS] FN unique to — temporal: 0 | spatial: 4 | context: 39
[2026-06-07T16:15:53.826+0000] {ml_pipeline.py:1097} INFO - [ERROR_ANALYSIS] GroupBlend (4_full) FN=369 | Resolved vs temporal_only=7 | vs spatial_only=1 | vs context_only=46
[2026-06-07T16:15:53.826+0000] {ml_pipeline.py:1109} INFO - [ABLATION] Summary table:
[2026-06-07T16:15:53.827+0000] {ml_pipeline.py:1110} INFO - [ABLATION] Scenario                            | Feats |  Thr | Val_AUC | Val_AP | Val_F1 | Tst_AUC | Tst_AP | Tst_F1
[2026-06-07T16:15:53.827+0000] {ml_pipeline.py:1116} INFO - [ABLATION] ---------------------------------------------------------------------------------------------------------
[2026-06-07T16:15:53.828+0000] {ml_pipeline.py:1118} INFO - [ABLATION] 0_spatial_only                      |    40 | 0.51 | 0.8506  | 0.5766 | 0.5556 | 0.8409  | 0.5480 | 0.5468
[2026-06-07T16:15:53.828+0000] {ml_pipeline.py:1118} INFO - [ABLATION] 0_context_only                      |    65 | 0.52 | 0.8413  | 0.5652 | 0.5383 | 0.8347  | 0.5267 | 0.5466
[2026-06-07T16:15:53.829+0000] {ml_pipeline.py:1118} INFO - [ABLATION] 1_temporal_only                     |   168 | 0.51 | 0.8503  | 0.5790 | 0.5527 | 0.8407  | 0.5481 | 0.5487
[2026-06-07T16:15:53.829+0000] {ml_pipeline.py:1118} INFO - [ABLATION] 2_temporal_spatial                  |   208 | 0.53 | 0.8503  | 0.5785 | 0.5556 | 0.8421  | 0.5517 | 0.5463
[2026-06-07T16:15:53.829+0000] {ml_pipeline.py:1118} INFO - [ABLATION] 3_temporal_spatial_context          |   273 | 0.54 | 0.8501  | 0.5780 | 0.5563 | 0.8424  | 0.5516 | 0.5497
[2026-06-07T16:15:53.830+0000] {ml_pipeline.py:1118} INFO - [ABLATION] 4_full                              |   273 | 0.54 | 0.8501  | 0.5780 | 0.5563 | 0.8424  | 0.5516 | 0.5497
[2026-06-07T16:15:53.831+0000] {ml_pipeline.py:1124} INFO - ========================================================================
[2026-06-07T16:15:53.914+0000] {ml_pipeline.py:2400} INFO - [ML] Model artifact saved → /tmp/crime_model_v24_groupblend_confidence.pkl
[2026-06-07T16:15:53.916+0000] {ml_pipeline.py:2403} INFO - ========================================================================
[2026-06-07T16:15:53.916+0000] {ml_pipeline.py:2404} INFO -   SUMMARY v24 GroupBlend confidence
[2026-06-07T16:15:53.916+0000] {ml_pipeline.py:2405} INFO -   VAL  AUC=0.8499 AP=0.5809 F1=0.5499 Top05_R=0.2096 Top05_L=4.15x Top15_R=0.4807 Top30_R=0.7202
[2026-06-07T16:15:53.917+0000] {ml_pipeline.py:2409} INFO -   TEST AUC=0.8422 AP=0.5480 F1=0.5506 Top05_R=0.1779 Top05_L=3.53x Top15_R=0.4287 Top30_R=0.6629
[2026-06-07T16:15:53.917+0000] {ml_pipeline.py:2413} INFO -   Risk counts: {'LOW': 597, 'MEDIUM': 128, 'HIGH': 85, 'CRITICAL': 42}
[2026-06-07T16:15:53.918+0000] {ml_pipeline.py:2414} INFO - ========================================================================
[2026-06-07T16:15:54.012+0000] {dag_crime_pipeline.py:304} WARNING - [ML] ⚠️ Model chưa đạt ngưỡng: val_auc=0.8499 val_f1=0.5499
[2026-06-07T16:15:54.017+0000] {python.py:201} INFO - Done. Returned value was: {'val_auc': 0.849920566686603, 'val_ap': 0.5808772876135055, 'val_f1': 0.5498539841468503, 'test_auc': 0.8422263740221193, 'test_ap': 0.5479517254727136, 'test_f1': 0.5505756578947368, 'val_top05_recall': 0.20962083796169345, 'val_top05_lift': 4.153417533566578, 'test_top05_recall': 0.17793644387313123, 'test_top05_lift': 3.5256244227885523, 'threshold_diagnostic': 0.32000000000000006, 'group_weights': {'temporal': 0.4, 'spatial': 0.3, 'context': 0.3}, 'risk_counts': {'LOW': 597, 'MEDIUM': 128, 'HIGH': 85, 'CRITICAL': 42}, 'n_predictions': 852, 'model_version': '2026-06-07.hotspot_v24_groupblend_confidence'}
[2026-06-07T16:15:54.050+0000] {taskinstance.py:1138} INFO - Marking task as SUCCESS. dag_id=crime_analytics_pipeline, task_id=ml_train_and_predict, execution_date=20260530T190000, start_date=20260607T161336, end_date=20260607T161554
[2026-06-07T16:15:54.292+0000] {local_task_job_runner.py:234} INFO - Task exited with return code 0
[2026-06-07T16:15:54.326+0000] {taskinstance.py:3280} INFO - 2 downstream tasks scheduled from follow-on schedule check
