[2026-06-07T13:02:33.711+0000] {taskinstance.py:1956} INFO - Dependencies all met for dep_context=non-requeueable deps ti=<TaskInstance: crime_analytics_pipeline.ml_train_and_predict scheduled__2026-05-30T19:00:00+00:00 [queued]>
[2026-06-07T13:02:33.720+0000] {taskinstance.py:1956} INFO - Dependencies all met for dep_context=requeueable deps ti=<TaskInstance: crime_analytics_pipeline.ml_train_and_predict scheduled__2026-05-30T19:00:00+00:00 [queued]>
[2026-06-07T13:02:33.721+0000] {taskinstance.py:2170} INFO - Starting attempt 16 of 17
[2026-06-07T13:02:33.734+0000] {taskinstance.py:2191} INFO - Executing <Task(PythonOperator): ml_train_and_predict> on 2026-05-30 19:00:00+00:00
[2026-06-07T13:02:33.745+0000] {standard_task_runner.py:60} INFO - Started process 13303 to run task
[2026-06-07T13:02:33.749+0000] {standard_task_runner.py:87} INFO - Running: ['***', 'tasks', 'run', 'crime_analytics_pipeline', 'ml_train_and_predict', 'scheduled__2026-05-30T19:00:00+00:00', '--job-id', '647', '--raw', '--subdir', 'DAGS_FOLDER/dag_crime_pipeline.py', '--cfg-path', '/tmp/tmp4a6bvi_b']
[2026-06-07T13:02:33.753+0000] {standard_task_runner.py:88} INFO - Job 647: Subtask ml_train_and_predict
[2026-06-07T13:02:33.827+0000] {task_command.py:423} INFO - Running <TaskInstance: crime_analytics_pipeline.ml_train_and_predict scheduled__2026-05-30T19:00:00+00:00 [running]> on host d26a8a58ef02
[2026-06-07T13:02:33.938+0000] {taskinstance.py:2480} INFO - Exporting env vars: AIRFLOW_CTX_DAG_EMAIL='cdash-alerts@example.com' AIRFLOW_CTX_DAG_OWNER='crime-analytics' AIRFLOW_CTX_DAG_ID='crime_analytics_pipeline' AIRFLOW_CTX_TASK_ID='ml_train_and_predict' AIRFLOW_CTX_EXECUTION_DATE='2026-05-30T19:00:00+00:00' AIRFLOW_CTX_TRY_NUMBER='16' AIRFLOW_CTX_DAG_RUN_ID='scheduled__2026-05-30T19:00:00+00:00'
[2026-06-07T13:02:34.863+0000] {ml_pipeline.py:2242} INFO - ========================================================================
[2026-06-07T13:02:34.864+0000] {ml_pipeline.py:2243} INFO -   Chicago Crime Hotspot Forecasting – ml_pipeline v24 GroupBlend confidence
[2026-06-07T13:02:34.865+0000] {ml_pipeline.py:2244} INFO -   Target: next_hotspot = (next_total >= 2)
[2026-06-07T13:02:34.865+0000] {ml_pipeline.py:2245} INFO -   Dashboard risk: CRITICAL=top5%%, HIGH+=top15%%, MEDIUM+=top30%%
[2026-06-07T13:02:34.866+0000] {ml_pipeline.py:2246} INFO -   + Feature importance logging per group  [v20]
[2026-06-07T13:02:34.866+0000] {ml_pipeline.py:2247} INFO -   + Ablation study 6 scenarios            [v20]
[2026-06-07T13:02:34.867+0000] {ml_pipeline.py:2248} INFO -   + Leak check assertions                 [v20]
[2026-06-07T13:02:34.867+0000] {ml_pipeline.py:2249} INFO - ========================================================================
[2026-06-07T13:02:34.919+0000] {ml_pipeline.py:1143} INFO - [ML] Loading enriched_crime_data from BigQuery (last 400 days)...
[2026-06-07T13:02:41.370+0000] {ml_pipeline.py:1218} INFO - [ML] Loaded 256869 rows, date range: 2025-04-21 → 2026-05-26
[2026-06-07T13:02:41.371+0000] {ml_pipeline.py:1232} INFO - [ML] Aggregating daily per H3...
[2026-06-07T13:02:44.802+0000] {ml_pipeline.py:1306} INFO - [ML] Daily grid: 341,652 rows, 852 H3 cells, 401 dates | RAM-safe downcast done
[2026-06-07T13:02:44.853+0000] {ml_pipeline.py:1326} INFO - [ML] H3 neighbors built. Avg ring-1 in dataset: 5.4
[2026-06-07T13:02:44.923+0000] {ml_pipeline.py:2278} INFO - [ML] Split Train: 2025-09-06→2026-04-13 (220 d) Calib: 2026-04-14→2026-05-04 Val: 2026-05-05→2026-05-11 Test: 2026-05-12→2026-05-25
[2026-06-07T13:02:44.924+0000] {ml_pipeline.py:2287} INFO - [LEAK_CHECK] train_dates: 2025-09-06 → 2026-04-13 (220 days)
[2026-06-07T13:02:44.924+0000] {ml_pipeline.py:2289} INFO - [LEAK_CHECK] val_dates:   2026-05-05 → 2026-05-11 | test_dates: 2026-05-12 → 2026-05-25
[2026-06-07T13:02:45.004+0000] {ml_pipeline.py:1350} INFO - [ML]   [4A] Own-cell lag/rolling features
[2026-06-07T13:02:49.576+0000] {ml_pipeline.py:1393} INFO - [ML]   [4B] Burst/streak features
[2026-06-07T13:02:49.780+0000] {ml_pipeline.py:1439} INFO - [ML]   [4C] Crime-type composition
[2026-06-07T13:02:51.493+0000] {ml_pipeline.py:1456} INFO - [ML]   [4D] Weather/context features
[2026-06-07T13:02:51.926+0000] {ml_pipeline.py:1472} INFO - [ML]   [4E] Community-level features
[2026-06-07T13:02:52.834+0000] {ml_pipeline.py:1520} INFO - [ML]   [4F] City-level features
[2026-06-07T13:02:53.428+0000] {ml_pipeline.py:1554} INFO - [ML]   [4G] H3 spatial spillover
[2026-06-07T13:02:53.773+0000] {ml_pipeline.py:1626} INFO - [ML]     computing nbr_r1 mean/sum/max/std/active-count + r2 + roll7 ...
[2026-06-07T13:02:56.380+0000] {ml_pipeline.py:1697} INFO - [ML]     ✓ Spatial spillover features added
[2026-06-07T13:02:56.381+0000] {ml_pipeline.py:1712} INFO - [ML]   [4H] Train-only spatial priors
[2026-06-07T13:02:57.412+0000] {ml_pipeline.py:1755} INFO - [ML]   [4I] Near-repeat victimization
[2026-06-07T13:02:57.435+0000] {ml_pipeline.py:1768} INFO - [ML]   [4J] Cross-crime lead-lag
[2026-06-07T13:02:57.444+0000] {ml_pipeline.py:1777} INFO - [ML]   [4K] Arrest deterrence
[2026-06-07T13:02:57.648+0000] {ml_pipeline.py:1791} INFO - [ML]   [4L] Density-normalized crime
[2026-06-07T13:02:57.655+0000] {ml_pipeline.py:1802} INFO - [ML]   [4M] Holiday/event features
[2026-06-07T13:03:01.212+0000] {ml_pipeline.py:1811} INFO - [ML]   [4N] Momentum and trend direction
[2026-06-07T13:03:02.626+0000] {ml_pipeline.py:1825} INFO - [ML]   [4O] Hardship interaction
[2026-06-07T13:03:02.634+0000] {ml_pipeline.py:1837} INFO - [ML]   [4P] Prior-relative features
[2026-06-07T13:03:02.642+0000] {ml_pipeline.py:1853} INFO - [ML] Feature engineering done. Shape: (341652, 296)
[2026-06-07T13:03:02.652+0000] {ml_pipeline.py:2299} INFO - [LEAK_CHECK] h3_train_percentile mean — train=0.5006 val=0.5006 test=0.5006
[2026-06-07T13:03:02.678+0000] {ml_pipeline.py:2321} INFO - [ML] train next_has_crime=39.83% | next_hotspot>=2=17.29%
[2026-06-07T13:03:02.682+0000] {ml_pipeline.py:2321} INFO - [ML] calib next_has_crime=40.88% | next_hotspot>=2=18.07%
[2026-06-07T13:03:02.685+0000] {ml_pipeline.py:2321} INFO - [ML] val next_has_crime=41.20% | next_hotspot>=2=18.44%
[2026-06-07T13:03:02.688+0000] {ml_pipeline.py:2321} INFO - [ML] test next_has_crime=38.08% | next_hotspot>=2=18.89%
[2026-06-07T13:03:03.556+0000] {ml_pipeline.py:1882} INFO - [ML] Preparing train/calib/val/test splits for v24 GroupBlend ranker...
[2026-06-07T13:03:03.573+0000] {ml_pipeline.py:1910} INFO - [ML] Removed guarded/redundant features: 21
[2026-06-07T13:03:06.430+0000] {ml_pipeline.py:1959} INFO - [ML] Train=187440 Calib=17892 Val=5964 Test=11928 features=273 dropped=7
[2026-06-07T13:03:06.430+0000] {ml_pipeline.py:1961} INFO - [ML] Group features: temporal=168 spatial=40 context=65
[2026-06-07T13:03:06.431+0000] {ml_pipeline.py:1963} INFO - [ML] Hotspot train rate=17.293% | scale_pos_weight raw=4.78 used=3.74
[2026-06-07T13:03:06.432+0000] {ml_pipeline.py:1973} INFO - [ML] Training LGBM_temporal with 168 features
[2026-06-07T13:03:16.302+0000] {ml_pipeline.py:1997} INFO - [ML] LGBM_temporal threshold=0.300 calib_f1=0.5444
[2026-06-07T13:03:16.303+0000] {ml_pipeline.py:1973} INFO - [ML] Training LGBM_spatial with 40 features
[2026-06-07T13:03:21.780+0000] {ml_pipeline.py:1997} INFO - [ML] LGBM_spatial threshold=0.280 calib_f1=0.5525
[2026-06-07T13:03:21.781+0000] {ml_pipeline.py:1973} INFO - [ML] Training LGBM_context with 65 features
[2026-06-07T13:03:30.183+0000] {ml_pipeline.py:1997} INFO - [ML] LGBM_context threshold=0.270 calib_f1=0.5334
[2026-06-07T13:03:30.184+0000] {ml_pipeline.py:2000} INFO - [ML] Logging feature importance for all group models...
[2026-06-07T13:03:30.185+0000] {ml_pipeline.py:847} INFO - [FI] ══════ Feature importance — group: TEMPORAL (168 features) ══════
[2026-06-07T13:03:30.187+0000] {ml_pipeline.py:795} INFO - [FI/TEMPORAL/GAIN] Top-30 features:
                   feature         score
                    ewm_90 571264.556690
              roll_mean_90 201996.691760
                    ewm_60  53985.624283
              roll_mean_60  51314.574015
            active_rate_60  20751.775814
              roll_mean_45  17612.886941
               roll_std_90   6658.062674
                crime_z_30   3646.761739
                crime_z_90   3081.453823
               roll_sum_45   3009.638332
 crime_vs_density_expected   2241.882751
            same_dow_roll8   2186.834487
                   doy_cos   2133.574017
                   doy_sin   1978.407045
local_sudden_activation_3d   1738.408008
                 dayofyear   1575.016032
       nbr_r1_active_burst   1284.915684
        city_property_lag1   1220.424128
         days_from_holiday   1143.399183
          city_active_lag1   1106.162041
                  temp_max   1042.430633
           days_to_holiday   1016.475358
               zero_streak    994.558164
       theft_roll_ratio_14    958.998352
               burst_14_60    940.338746
                 month_cos    907.537301
               roll_std_60    900.774204
                shock_3_14    898.527349
      property_roll_sum_14    830.649430
       same_dow_vs_overall    819.609416
[2026-06-07T13:03:30.189+0000] {ml_pipeline.py:795} INFO - [FI/TEMPORAL/SPLIT] Top-30 features:
                   feature  score
                    ewm_90    583
              roll_mean_90    338
                crime_z_30    178
                crime_z_90    164
                   doy_sin    127
 crime_vs_density_expected    122
                   doy_cos    106
                 dayofyear     95
       nbr_r1_active_burst     94
               roll_std_90     92
local_sudden_activation_3d     85
                    ewm_60     85
        city_property_lag1     75
          city_active_lag1     69
           days_to_holiday     67
               burst_14_60     67
            active_rate_60     67
       same_dow_vs_overall     66
         days_from_holiday     65
                shock_3_14     63
     violent_roll_ratio_30     63
                  temp_max     61
       theft_roll_ratio_14     61
              roll_mean_45     59
            same_dow_roll8     55
               roll_std_60     54
    property_roll_ratio_30     52
               zero_streak     51
           city_total_lag1     49
   crime_roll7_per_1000pop     46
[2026-06-07T13:03:30.192+0000] {ml_pipeline.py:817} INFO - [FI/TEMPORAL/GROUP] Feature group contribution by GAIN:
            group         score  pct
 temporal_rolling 945832.606977 98.6
         calendar   8754.408936  0.9
   community_city   2326.586168  0.2
spatial_spillover   1284.915684  0.1
          weather   1042.430633  0.1
[2026-06-07T13:03:30.193+0000] {ml_pipeline.py:827} WARNING - [FI/TEMPORAL] ⚠️  Nhóm 'temporal_rolling' chiếm 98.6% tổng GAIN trong group model 'temporal'. Nguy cơ overfitting vào 1 loại feature. Xem xét tăng reg_alpha/reg_lambda hoặc giảm colsample_bytree.
[2026-06-07T13:03:30.193+0000] {ml_pipeline.py:847} INFO - [FI] ══════ Feature importance — group: SPATIAL (40 features) ══════
[2026-06-07T13:03:30.195+0000] {ml_pipeline.py:795} INFO - [FI/SPATIAL/GAIN] Top-30 features:
                   feature         score
       h3_train_percentile 627227.114428
      h3_train_active_rate 233397.429376
          h3_city_share_30  45961.642165
           h3_city_share_7  29087.540144
          h3_vs_comm_prior   3616.564391
       nbr_r1_active_roll7   2800.606747
   city_total_roll_mean_30   2662.163241
  city_violent_roll_mean_7   1954.412301
  city_active_roll_mean_30   1594.598001
city_property_roll_mean_14   1559.689659
city_property_roll_mean_30   1387.830431
  city_active_roll_mean_14   1358.473757
    city_total_roll_mean_7   1220.742403
 city_violent_roll_mean_14   1163.514861
 city_violent_roll_mean_30   1153.422149
          comm_active_rate   1113.386792
   city_total_roll_mean_14    859.496509
   city_active_roll_mean_7    765.145441
 city_property_roll_mean_7    720.415782
      active_rate_vs_train    700.834032
              nbr_r1_roll7    565.427174
           comm_burst_7_30    554.566863
              nbr_r1_vs_r2    479.441149
               nbr_r2_mean    408.147782
           city_burst_7_30    406.341124
          nbr_r1_burst_1_7    337.791990
         comm_roll_mean_60    329.466912
     h3_nbr_joint_activity    328.402245
              h3_vs_nbr_r1    328.154441
         comm_roll_mean_30    224.971831
[2026-06-07T13:03:30.197+0000] {ml_pipeline.py:795} INFO - [FI/SPATIAL/SPLIT] Top-30 features:
                   feature  score
       h3_train_percentile    767
      h3_train_active_rate    324
   city_total_roll_mean_30    123
          h3_city_share_30    119
  city_violent_roll_mean_7    104
city_property_roll_mean_14     89
  city_active_roll_mean_30     84
city_property_roll_mean_30     82
          comm_active_rate     80
  city_active_roll_mean_14     76
 city_violent_roll_mean_14     71
   city_active_roll_mean_7     61
    city_total_roll_mean_7     58
           h3_city_share_7     57
   city_total_roll_mean_14     55
 city_violent_roll_mean_30     54
          h3_vs_comm_prior     50
 city_property_roll_mean_7     48
           comm_burst_7_30     46
       nbr_r1_active_roll7     44
              nbr_r1_vs_r2     41
      active_rate_vs_train     38
               nbr_r2_mean     31
           city_burst_7_30     28
          nbr_r1_burst_1_7     27
              h3_vs_nbr_r1     26
              nbr_r1_roll7     23
         comm_roll_mean_14     18
         comm_roll_mean_60     18
         comm_roll_mean_30     17
[2026-06-07T13:03:30.200+0000] {ml_pipeline.py:817} INFO - [FI/SPATIAL/GROUP] Feature group contribution by GAIN:
            group         score  pct
    spatial_prior 940319.526780 97.5
   community_city  19028.638058  2.0
spatial_spillover   4919.569283  0.5
[2026-06-07T13:03:30.201+0000] {ml_pipeline.py:827} WARNING - [FI/SPATIAL] ⚠️  Nhóm 'spatial_prior' chiếm 97.5% tổng GAIN trong group model 'spatial'. Nguy cơ overfitting vào 1 loại feature. Xem xét tăng reg_alpha/reg_lambda hoặc giảm colsample_bytree.
[2026-06-07T13:03:30.201+0000] {ml_pipeline.py:847} INFO - [FI] ══════ Feature importance — group: CONTEXT (65 features) ══════
[2026-06-07T13:03:30.204+0000] {ml_pipeline.py:795} INFO - [FI/CONTEXT/GAIN] Top-30 features:
                   feature         score
          hardship_x_roll7 355251.729401
    hardship_x_active_rate 138532.224563
    local_nbr_double_burst  55724.314736
            near_repeat_5d  48793.867758
      high_prior_x_weekend  47114.346027
              total_crimes  42656.700203
                nbr_r1_sum  37576.505144
            near_repeat_3d  25719.760917
         h3_recent_vs_comm  24348.238973
               crime_today  19639.732163
       high_prior_x_friday  19602.443479
unemployment_x_zero_streak  16956.501433
            hardship_index  16186.669936
       nbr_r1_active_count  16089.383012
         unemployment_rate  15334.809516
         hardship_x_nbr_r1  12872.758723
        population_density  11979.468608
       dist_nearest_school   7699.676700
     nbr_r1_spike_vs_roll7   6236.300159
    dist_nearest_nightlife   6076.930619
               nbr_r1_mean   5920.377158
      dist_nearest_station   5488.745281
                nbr_r1_std   3856.344607
     nbr_max_vs_local_lag1   3160.926511
     nbr_dispersion_signal   3089.760845
       nbr_r1_active_accel   2955.339063
                zero_today   2875.825816
               is_property   2736.107962
                prev_crime   2455.508618
                nbr_r1_max   2226.037600
[2026-06-07T13:03:30.206+0000] {ml_pipeline.py:795} INFO - [FI/CONTEXT/SPLIT] Top-30 features:
                   feature  score
      high_prior_x_weekend   1136
    local_nbr_double_burst   1028
          hardship_x_roll7    989
       high_prior_x_friday    825
         h3_recent_vs_comm    760
     nbr_r1_spike_vs_roll7    592
        population_density    556
         unemployment_rate    525
    hardship_x_active_rate    519
            hardship_index    462
         hardship_x_nbr_r1    404
     nbr_dispersion_signal    370
                nbr_r1_sum    362
                nbr_r1_std    357
       nbr_r1_active_accel    344
              total_crimes    238
     nbr_max_vs_local_lag1    224
unemployment_x_zero_streak    184
               nbr_r1_mean    176
       dist_nearest_school    151
            near_repeat_5d    141
               is_property    137
              is_afternoon    136
                  is_night    132
                is_evening    130
    dist_nearest_nightlife    123
                is_morning    122
     property_lead_violent    118
      high_prior_x_holiday    115
       nbr_r1_active_count    112
[2026-06-07T13:03:30.208+0000] {ml_pipeline.py:817} INFO - [FI/CONTEXT/GROUP] Feature group contribution by GAIN:
            group         score  pct
      criminology 710150.696931 74.0
spatial_spillover  93983.732820  9.8
 temporal_rolling  67908.366144  7.1
    socioeconomic  43500.948060  4.5
   community_city  24348.238973  2.5
              poi  19265.352600  2.0
[2026-06-07T13:03:30.209+0000] {ml_pipeline.py:827} WARNING - [FI/CONTEXT] ⚠️  Nhóm 'criminology' chiếm 74.0% tổng GAIN trong group model 'context'. Nguy cơ overfitting vào 1 loại feature. Xem xét tăng reg_alpha/reg_lambda hoặc giảm colsample_bytree.
[2026-06-07T13:03:32.535+0000] {ml_pipeline.py:2018} INFO - [ML] GroupBlend diagnostic threshold=0.280 | F1_CALIB=0.5452 | weights={'temporal': 0.3, 'spatial': 0.3, 'context': 0.4}
[2026-06-07T13:03:32.745+0000] {ml_pipeline.py:2024} INFO - [ML] VAL  – AUC=0.8493 AP=0.5802 F1=0.5526 Top05_R=0.2086 Top05_L=4.13x Top15_R=0.4798 Top30_R=0.7200
[2026-06-07T13:03:32.745+0000] {ml_pipeline.py:2028} INFO - [ML] TEST – AUC=0.8419 AP=0.5463 F1=0.5457 Top05_R=0.1799 Top05_L=3.57x Top15_R=0.4305 Top30_R=0.6645
[2026-06-07T13:03:32.753+0000] {ml_pipeline.py:2121} INFO - [ML] Feature day: 2026-05-26 → Prediction day: 2026-05-27 (852 H3 cells)
[2026-06-07T13:03:32.903+0000] {ml_pipeline.py:2172} INFO - [ML] Predictions – cells=852 | diagnostic pred_hotspot=246 (28.9%)
[2026-06-07T13:03:32.904+0000] {ml_pipeline.py:2174} INFO - [ML] Rank-bounded risk distribution:
risk_level
LOW         597
MEDIUM      128
HIGH         85
CRITICAL     42
[2026-06-07T13:03:32.906+0000] {ml_pipeline.py:2176} INFO - [ML] Confidence distribution:
confidence_level
LOW         5
MEDIUM    148
HIGH      699
[2026-06-07T13:03:32.907+0000] {ml_pipeline.py:2194} INFO - [ML] Writing 852 predictions → sage-mind-489618-n5.cdash_warehouse.prediction_results (mode=WRITE_TRUNCATE)
[2026-06-07T13:03:38.045+0000] {ml_pipeline.py:2211} INFO - [ML] ✓ Predictions written to BigQuery.
[2026-06-07T13:03:38.045+0000] {ml_pipeline.py:918} INFO - ========================================================================
[2026-06-07T13:03:38.046+0000] {ml_pipeline.py:919} INFO -   ABLATION STUDY — Feature Group Contribution (v24 LightGBM)
[2026-06-07T13:03:38.046+0000] {ml_pipeline.py:920} INFO - ========================================================================
[2026-06-07T13:03:43.801+0000] {ml_pipeline.py:1036} INFO - [ABLATION] 0_spatial_only                      | features= 65 | thr=0.53 | Val AUC=0.8509 AP=0.5772 F1=0.5537 | Test AUC=0.8417 AP=0.5491 F1=0.5474
[2026-06-07T13:03:48.279+0000] {ml_pipeline.py:1036} INFO - [ABLATION] 0_context_only                      | features= 41 | thr=0.47 | Val AUC=0.8130 AP=0.4893 F1=0.5069 | Test AUC=0.7985 AP=0.4585 F1=0.4909
[2026-06-07T13:03:56.239+0000] {ml_pipeline.py:1036} INFO - [ABLATION] 1_temporal_only                     | features=145 | thr=0.48 | Val AUC=0.8506 AP=0.5799 F1=0.5526 | Test AUC=0.8408 AP=0.5480 F1=0.5476
[2026-06-07T13:04:07.413+0000] {ml_pipeline.py:1036} INFO - [ABLATION] 2_temporal_spatial                  | features=210 | thr=0.53 | Val AUC=0.8501 AP=0.5785 F1=0.5585 | Test AUC=0.8419 AP=0.5499 F1=0.5473
[2026-06-07T13:04:18.901+0000] {ml_pipeline.py:1036} INFO - [ABLATION] 3_temporal_spatial_context          | features=251 | thr=0.54 | Val AUC=0.8499 AP=0.5780 F1=0.5566 | Test AUC=0.8423 AP=0.5516 F1=0.5499
[2026-06-07T13:04:31.792+0000] {ml_pipeline.py:1036} INFO - [ABLATION] 4_full                              | features=273 | thr=0.54 | Val AUC=0.8501 AP=0.5780 F1=0.5563 | Test AUC=0.8424 AP=0.5516 F1=0.5497
[2026-06-07T13:04:32.015+0000] {ml_pipeline.py:1085} INFO - [ERROR_ANALYSIS] FN overlap — temporal∩spatial: 348 | temporal∩context: 325 | spatial∩context: 346
[2026-06-07T13:04:32.017+0000] {ml_pipeline.py:1092} INFO - [ERROR_ANALYSIS] FN unique to — temporal: 0 | spatial: 10 | context: 82
[2026-06-07T13:04:32.019+0000] {ml_pipeline.py:1101} INFO - [ERROR_ANALYSIS] GroupBlend (4_full) FN=369 | Resolved vs temporal_only=6 | vs spatial_only=14 | vs context_only=97
[2026-06-07T13:04:32.020+0000] {ml_pipeline.py:1113} INFO - [ABLATION] Summary table:
[2026-06-07T13:04:32.020+0000] {ml_pipeline.py:1114} INFO - [ABLATION] Scenario                            | Feats |  Thr | Val_AUC | Val_AP | Val_F1 | Tst_AUC | Tst_AP | Tst_F1
[2026-06-07T13:04:32.021+0000] {ml_pipeline.py:1120} INFO - [ABLATION] ---------------------------------------------------------------------------------------------------------
[2026-06-07T13:04:32.021+0000] {ml_pipeline.py:1122} INFO - [ABLATION] 0_spatial_only                      |    65 | 0.53 | 0.8509  | 0.5772 | 0.5537 | 0.8417  | 0.5491 | 0.5474
[2026-06-07T13:04:32.022+0000] {ml_pipeline.py:1122} INFO - [ABLATION] 0_context_only                      |    41 | 0.47 | 0.8130  | 0.4893 | 0.5069 | 0.7985  | 0.4585 | 0.4909
[2026-06-07T13:04:32.022+0000] {ml_pipeline.py:1122} INFO - [ABLATION] 1_temporal_only                     |   145 | 0.48 | 0.8506  | 0.5799 | 0.5526 | 0.8408  | 0.5480 | 0.5476
[2026-06-07T13:04:32.022+0000] {ml_pipeline.py:1122} INFO - [ABLATION] 2_temporal_spatial                  |   210 | 0.53 | 0.8501  | 0.5785 | 0.5585 | 0.8419  | 0.5499 | 0.5473
[2026-06-07T13:04:32.023+0000] {ml_pipeline.py:1122} INFO - [ABLATION] 3_temporal_spatial_context          |   251 | 0.54 | 0.8499  | 0.5780 | 0.5566 | 0.8423  | 0.5516 | 0.5499
[2026-06-07T13:04:32.023+0000] {ml_pipeline.py:1122} INFO - [ABLATION] 4_full                              |   273 | 0.54 | 0.8501  | 0.5780 | 0.5563 | 0.8424  | 0.5516 | 0.5497
[2026-06-07T13:04:32.024+0000] {ml_pipeline.py:1128} INFO - ========================================================================
[2026-06-07T13:04:32.127+0000] {ml_pipeline.py:2366} INFO - [ML] Model artifact saved → /tmp/crime_model_v24_groupblend_confidence.pkl
[2026-06-07T13:04:32.128+0000] {ml_pipeline.py:2369} INFO - ========================================================================
[2026-06-07T13:04:32.129+0000] {ml_pipeline.py:2370} INFO -   SUMMARY v24 GroupBlend confidence
[2026-06-07T13:04:32.129+0000] {ml_pipeline.py:2371} INFO -   VAL  AUC=0.8493 AP=0.5802 F1=0.5526 Top05_R=0.2086 Top05_L=4.13x Top15_R=0.4798 Top30_R=0.7200
[2026-06-07T13:04:32.130+0000] {ml_pipeline.py:2375} INFO -   TEST AUC=0.8419 AP=0.5463 F1=0.5457 Top05_R=0.1799 Top05_L=3.57x Top15_R=0.4305 Top30_R=0.6645
[2026-06-07T13:04:32.130+0000] {ml_pipeline.py:2379} INFO -   Risk counts: {'LOW': 597, 'MEDIUM': 128, 'HIGH': 85, 'CRITICAL': 42}
[2026-06-07T13:04:32.131+0000] {ml_pipeline.py:2380} INFO - ========================================================================
[2026-06-07T13:04:32.228+0000] {dag_crime_pipeline.py:304} WARNING - [ML] ⚠️ Model chưa đạt ngưỡng: val_auc=0.8493 val_f1=0.5526
[2026-06-07T13:04:32.229+0000] {python.py:201} INFO - Done. Returned value was: {'val_auc': 0.8492572517942583, 'val_ap': 0.5801934488177289, 'val_f1': 0.5526315789473685, 'test_auc': 0.8418857888018387, 'test_ap': 0.5463124935608213, 'test_f1': 0.5457194899817851, 'val_top05_recall': 0.20862877446962996, 'val_top05_lift': 4.13376083367732, 'test_top05_recall': 0.17992625809363208, 'test_top05_lift': 3.5650505092040587, 'threshold_diagnostic': 0.28, 'group_weights': {'temporal': 0.3, 'spatial': 0.3, 'context': 0.4}, 'risk_counts': {'LOW': 597, 'MEDIUM': 128, 'HIGH': 85, 'CRITICAL': 42}, 'n_predictions': 852, 'model_version': '2026-06-07.hotspot_v24_groupblend_confidence'}
[2026-06-07T13:04:32.261+0000] {taskinstance.py:1138} INFO - Marking task as SUCCESS. dag_id=crime_analytics_pipeline, task_id=ml_train_and_predict, execution_date=20260530T190000, start_date=20260607T130233, end_date=20260607T130432
[2026-06-07T13:04:32.447+0000] {local_task_job_runner.py:234} INFO - Task exited with return code 0
[2026-06-07T13:04:32.477+0000] {taskinstance.py:3280} INFO - 0 downstream tasks scheduled from follow-on schedule check
