[2026-06-07T10:38:29.116+0000] {taskinstance.py:1956} INFO - Dependencies all met for dep_context=non-requeueable deps ti=<TaskInstance: crime_analytics_pipeline.ml_train_and_predict scheduled__2026-05-30T19:00:00+00:00 [queued]>
[2026-06-07T10:38:29.126+0000] {taskinstance.py:1956} INFO - Dependencies all met for dep_context=requeueable deps ti=<TaskInstance: crime_analytics_pipeline.ml_train_and_predict scheduled__2026-05-30T19:00:00+00:00 [queued]>
[2026-06-07T10:38:29.127+0000] {taskinstance.py:2170} INFO - Starting attempt 10 of 11
[2026-06-07T10:38:29.141+0000] {taskinstance.py:2191} INFO - Executing <Task(PythonOperator): ml_train_and_predict> on 2026-05-30 19:00:00+00:00
[2026-06-07T10:38:29.150+0000] {standard_task_runner.py:60} INFO - Started process 322 to run task
[2026-06-07T10:38:29.154+0000] {standard_task_runner.py:87} INFO - Running: ['***', 'tasks', 'run', 'crime_analytics_pipeline', 'ml_train_and_predict', 'scheduled__2026-05-30T19:00:00+00:00', '--job-id', '633', '--raw', '--subdir', 'DAGS_FOLDER/dag_crime_pipeline.py', '--cfg-path', '/tmp/tmp6_2dlss9']
[2026-06-07T10:38:29.157+0000] {standard_task_runner.py:88} INFO - Job 633: Subtask ml_train_and_predict
[2026-06-07T10:38:29.223+0000] {task_command.py:423} INFO - Running <TaskInstance: crime_analytics_pipeline.ml_train_and_predict scheduled__2026-05-30T19:00:00+00:00 [running]> on host d26a8a58ef02
[2026-06-07T10:38:29.397+0000] {taskinstance.py:2480} INFO - Exporting env vars: AIRFLOW_CTX_DAG_EMAIL='cdash-alerts@example.com' AIRFLOW_CTX_DAG_OWNER='crime-analytics' AIRFLOW_CTX_DAG_ID='crime_analytics_pipeline' AIRFLOW_CTX_TASK_ID='ml_train_and_predict' AIRFLOW_CTX_EXECUTION_DATE='2026-05-30T19:00:00+00:00' AIRFLOW_CTX_TRY_NUMBER='10' AIRFLOW_CTX_DAG_RUN_ID='scheduled__2026-05-30T19:00:00+00:00'
[2026-06-07T10:38:30.368+0000] {ml_pipeline.py:2017} INFO - ========================================================================
[2026-06-07T10:38:30.369+0000] {ml_pipeline.py:2018} INFO -   Chicago Crime Hotspot Forecasting – ml_pipeline v24 GroupBlend confidence
[2026-06-07T10:38:30.370+0000] {ml_pipeline.py:2019} INFO -   Target: next_hotspot = (next_total >= 2)
[2026-06-07T10:38:30.370+0000] {ml_pipeline.py:2020} INFO -   Dashboard risk: CRITICAL=top5%%, HIGH+=top15%%, MEDIUM+=top30%%
[2026-06-07T10:38:30.371+0000] {ml_pipeline.py:2021} INFO -   + Feature importance logging per group  [v20]
[2026-06-07T10:38:30.371+0000] {ml_pipeline.py:2022} INFO -   + Ablation study 6 scenarios            [v20]
[2026-06-07T10:38:30.371+0000] {ml_pipeline.py:2023} INFO -   + Leak check assertions                 [v20]
[2026-06-07T10:38:30.372+0000] {ml_pipeline.py:2024} INFO - ========================================================================
[2026-06-07T10:38:30.425+0000] {ml_pipeline.py:918} INFO - [ML] Loading enriched_crime_data from BigQuery (last 400 days)...
[2026-06-07T10:38:36.771+0000] {ml_pipeline.py:993} INFO - [ML] Loaded 256869 rows, date range: 2025-04-21 → 2026-05-26
[2026-06-07T10:38:36.773+0000] {ml_pipeline.py:1007} INFO - [ML] Aggregating daily per H3...
[2026-06-07T10:38:40.292+0000] {ml_pipeline.py:1081} INFO - [ML] Daily grid: 341,652 rows, 852 H3 cells, 401 dates | RAM-safe downcast done
[2026-06-07T10:38:40.342+0000] {ml_pipeline.py:1101} INFO - [ML] H3 neighbors built. Avg ring-1 in dataset: 5.4
[2026-06-07T10:38:40.406+0000] {ml_pipeline.py:2053} INFO - [ML] Split Train: 2025-09-20→2026-04-27 (220 d) Calib: 2026-04-28→2026-05-11 Val: 2026-05-12→2026-05-18 Test: 2026-05-19→2026-05-25
[2026-06-07T10:38:40.407+0000] {ml_pipeline.py:2062} INFO - [LEAK_CHECK] train_dates: 2025-09-20 → 2026-04-27 (220 days)
[2026-06-07T10:38:40.407+0000] {ml_pipeline.py:2064} INFO - [LEAK_CHECK] val_dates:   2026-05-12 → 2026-05-18 | test_dates: 2026-05-19 → 2026-05-25
[2026-06-07T10:38:40.486+0000] {ml_pipeline.py:1125} INFO - [ML]   [4A] Own-cell lag/rolling features
[2026-06-07T10:38:44.675+0000] {ml_pipeline.py:1168} INFO - [ML]   [4B] Burst/streak features
[2026-06-07T10:38:44.859+0000] {ml_pipeline.py:1214} INFO - [ML]   [4C] Crime-type composition
[2026-06-07T10:38:46.537+0000] {ml_pipeline.py:1231} INFO - [ML]   [4D] Weather/context features
[2026-06-07T10:38:47.009+0000] {ml_pipeline.py:1247} INFO - [ML]   [4E] Community-level features
[2026-06-07T10:38:47.811+0000] {ml_pipeline.py:1295} INFO - [ML]   [4F] City-level features
[2026-06-07T10:38:48.459+0000] {ml_pipeline.py:1329} INFO - [ML]   [4G] H3 spatial spillover
[2026-06-07T10:38:48.875+0000] {ml_pipeline.py:1401} INFO - [ML]     computing nbr_r1 mean/sum/max/std/active-count + r2 + roll7 ...
[2026-06-07T10:38:51.219+0000] {ml_pipeline.py:1472} INFO - [ML]     ✓ Spatial spillover features added
[2026-06-07T10:38:51.220+0000] {ml_pipeline.py:1487} INFO - [ML]   [4H] Train-only spatial priors
[2026-06-07T10:38:52.503+0000] {ml_pipeline.py:1530} INFO - [ML]   [4I] Near-repeat victimization
[2026-06-07T10:38:52.537+0000] {ml_pipeline.py:1543} INFO - [ML]   [4J] Cross-crime lead-lag
[2026-06-07T10:38:52.545+0000] {ml_pipeline.py:1552} INFO - [ML]   [4K] Arrest deterrence
[2026-06-07T10:38:52.804+0000] {ml_pipeline.py:1566} INFO - [ML]   [4L] Density-normalized crime
[2026-06-07T10:38:52.815+0000] {ml_pipeline.py:1577} INFO - [ML]   [4M] Holiday/event features
[2026-06-07T10:38:56.820+0000] {ml_pipeline.py:1586} INFO - [ML]   [4N] Momentum and trend direction
[2026-06-07T10:38:58.366+0000] {ml_pipeline.py:1600} INFO - [ML]   [4O] Hardship interaction
[2026-06-07T10:38:58.373+0000] {ml_pipeline.py:1612} INFO - [ML]   [4P] Prior-relative features
[2026-06-07T10:38:58.381+0000] {ml_pipeline.py:1628} INFO - [ML] Feature engineering done. Shape: (341652, 296)
[2026-06-07T10:38:58.410+0000] {ml_pipeline.py:2074} INFO - [LEAK_CHECK] h3_train_percentile mean — train=0.5006 val=0.5006 test=0.5006
[2026-06-07T10:38:58.447+0000] {ml_pipeline.py:2096} INFO - [ML] train next_has_crime=39.72% | next_hotspot>=2=17.21%
[2026-06-07T10:38:58.454+0000] {ml_pipeline.py:2096} INFO - [ML] calib next_has_crime=41.18% | next_hotspot>=2=18.35%
[2026-06-07T10:38:58.457+0000] {ml_pipeline.py:2096} INFO - [ML] val next_has_crime=34.88% | next_hotspot>=2=19.06%
[2026-06-07T10:38:58.460+0000] {ml_pipeline.py:2096} INFO - [ML] test next_has_crime=41.28% | next_hotspot>=2=18.71%
[2026-06-07T10:38:58.468+0000] {taskinstance.py:2698} ERROR - Task failed with exception
Traceback (most recent call last):
  File "/opt/airflow/scripts/ml/ml_pipeline.py", line 1653, in train_model
    import lightgbm as lgb
  File "/home/airflow/.local/lib/python3.11/site-packages/lightgbm/__init__.py", line 11, in <module>
    from .basic import Booster, Dataset, Sequence, register_logger
  File "/home/airflow/.local/lib/python3.11/site-packages/lightgbm/basic.py", line 9, in <module>
    from .libpath import _LIB  # isort: skip
    ^^^^^^^^^^^^^^^^^^^^^^^^^
  File "/home/airflow/.local/lib/python3.11/site-packages/lightgbm/libpath.py", line 49, in <module>
    _LIB = ctypes.cdll.LoadLibrary(_find_lib_path()[0])
           ^^^^^^^^^^^^^^^^^^^^^^^^^^^^^^^^^^^^^^^^^^^^
  File "/usr/local/lib/python3.11/ctypes/__init__.py", line 454, in LoadLibrary
    return self._dlltype(name)
           ^^^^^^^^^^^^^^^^^^^
  File "/usr/local/lib/python3.11/ctypes/__init__.py", line 376, in __init__
    self._handle = _dlopen(self._name, mode)
                   ^^^^^^^^^^^^^^^^^^^^^^^^^
OSError: libgomp.so.1: cannot open shared object file: No such file or directory

The above exception was the direct cause of the following exception:

Traceback (most recent call last):
  File "/home/airflow/.local/lib/python3.11/site-packages/airflow/models/taskinstance.py", line 433, in _execute_task
    result = execute_callable(context=context, **execute_callable_kwargs)
             ^^^^^^^^^^^^^^^^^^^^^^^^^^^^^^^^^^^^^^^^^^^^^^^^^^^^^^^^^^^^
  File "/home/airflow/.local/lib/python3.11/site-packages/airflow/operators/python.py", line 199, in execute
    return_value = self.execute_callable()
                   ^^^^^^^^^^^^^^^^^^^^^^^
  File "/home/airflow/.local/lib/python3.11/site-packages/airflow/operators/python.py", line 216, in execute_callable
    return self.python_callable(*self.op_args, **self.op_kwargs)
           ^^^^^^^^^^^^^^^^^^^^^^^^^^^^^^^^^^^^^^^^^^^^^^^^^^^^^
  File "/opt/airflow/dags/dag_crime_pipeline.py", line 290, in _run_ml_pipeline
    result = train_and_predict(
             ^^^^^^^^^^^^^^^^^^
  File "/opt/airflow/scripts/ml/ml_pipeline.py", line 2102, in train_and_predict
    train_model(df_feat, train_dates, calib_dates, val_dates, test_dates)
  File "/opt/airflow/scripts/ml/ml_pipeline.py", line 1655, in train_model
    raise RuntimeError("LightGBM is required for v24 GroupBlend.") from e
RuntimeError: LightGBM is required for v24 GroupBlend.
[2026-06-07T10:38:58.503+0000] {taskinstance.py:1138} INFO - Marking task as UP_FOR_RETRY. dag_id=crime_analytics_pipeline, task_id=ml_train_and_predict, execution_date=20260530T190000, start_date=20260607T103829, end_date=20260607T103858
[2026-06-07T10:38:58.516+0000] {standard_task_runner.py:107} ERROR - Failed to execute job 633 for task ml_train_and_predict (LightGBM is required for v24 GroupBlend.; 322)
[2026-06-07T10:38:58.711+0000] {local_task_job_runner.py:234} INFO - Task exited with return code 1
[2026-06-07T10:38:58.736+0000] {taskinstance.py:3280} INFO - 0 downstream tasks scheduled from follow-on schedule check
