[2026-06-06T21:41:49.026+0000] {taskinstance.py:1956} INFO - Dependencies all met for dep_context=non-requeueable deps ti=<TaskInstance: crime_analytics_pipeline.ml_train_and_predict scheduled__2026-05-30T19:00:00+00:00 [queued]>
[2026-06-06T21:41:49.034+0000] {taskinstance.py:1956} INFO - Dependencies all met for dep_context=requeueable deps ti=<TaskInstance: crime_analytics_pipeline.ml_train_and_predict scheduled__2026-05-30T19:00:00+00:00 [queued]>
[2026-06-06T21:41:49.034+0000] {taskinstance.py:2170} INFO - Starting attempt 1 of 2
[2026-06-06T21:41:49.046+0000] {taskinstance.py:2191} INFO - Executing <Task(PythonOperator): ml_train_and_predict> on 2026-05-30 19:00:00+00:00
[2026-06-06T21:41:49.053+0000] {standard_task_runner.py:60} INFO - Started process 2252 to run task
[2026-06-06T21:41:49.057+0000] {standard_task_runner.py:87} INFO - Running: ['***', 'tasks', 'run', 'crime_analytics_pipeline', 'ml_train_and_predict', 'scheduled__2026-05-30T19:00:00+00:00', '--job-id', '619', '--raw', '--subdir', 'DAGS_FOLDER/dag_crime_pipeline.py', '--cfg-path', '/tmp/tmpco_jdj8w']
[2026-06-06T21:41:49.060+0000] {standard_task_runner.py:88} INFO - Job 619: Subtask ml_train_and_predict
[2026-06-06T21:41:49.123+0000] {task_command.py:423} INFO - Running <TaskInstance: crime_analytics_pipeline.ml_train_and_predict scheduled__2026-05-30T19:00:00+00:00 [running]> on host db8b8170dea9
[2026-06-06T21:41:49.216+0000] {taskinstance.py:2480} INFO - Exporting env vars: AIRFLOW_CTX_DAG_EMAIL='cdash-alerts@example.com' AIRFLOW_CTX_DAG_OWNER='crime-analytics' AIRFLOW_CTX_DAG_ID='crime_analytics_pipeline' AIRFLOW_CTX_TASK_ID='ml_train_and_predict' AIRFLOW_CTX_EXECUTION_DATE='2026-05-30T19:00:00+00:00' AIRFLOW_CTX_TRY_NUMBER='1' AIRFLOW_CTX_DAG_RUN_ID='scheduled__2026-05-30T19:00:00+00:00'
[2026-06-06T21:41:50.725+0000] {ml_pipeline.py:1885} INFO - ========================================================================
[2026-06-06T21:41:50.726+0000] {ml_pipeline.py:1886} INFO -   Chicago Crime Hotspot Forecasting – ml_pipeline v20 target-safe
[2026-06-06T21:41:50.726+0000] {ml_pipeline.py:1887} INFO -   Target: next_hotspot = (next_total >= 2)
[2026-06-06T21:41:50.727+0000] {ml_pipeline.py:1888} INFO -   Dashboard risk: CRITICAL=top5%%, HIGH+=top15%%, MEDIUM+=top30%%
[2026-06-06T21:41:50.727+0000] {ml_pipeline.py:1889} INFO - ========================================================================
[2026-06-06T21:41:50.783+0000] {ml_pipeline.py:441} INFO - [ML] Loading enriched_crime_data from BigQuery (last 400 days)...
[2026-06-06T21:41:58.217+0000] {ml_pipeline.py:517} INFO - [ML] Loaded 256869 rows, date range: 2025-04-21 → 2026-05-26
[2026-06-06T21:41:58.218+0000] {ml_pipeline.py:531} INFO - [ML] Aggregating daily per H3...
[2026-06-06T21:42:00.664+0000] {ml_pipeline.py:609} INFO - [ML] Daily grid: 341,652 rows, 852 H3 cells, 401 dates | RAM-safe downcast done
[2026-06-06T21:42:00.745+0000] {ml_pipeline.py:633} INFO - [ML] H3 neighbors built. Avg ring-1 in dataset: 5.4
[2026-06-06T21:42:00.845+0000] {ml_pipeline.py:1914} INFO - [ML] Split Train: 2025-09-13→2026-04-20 (220 d) Calib: 2026-04-21→2026-05-11 Val: 2026-05-12→2026-05-18 Test: 2026-05-19→2026-05-25
[2026-06-06T21:42:00.912+0000] {ml_pipeline.py:668} INFO - [ML]   [4A] Own-cell lag/rolling features
[2026-06-06T21:42:06.114+0000] {ml_pipeline.py:713} INFO - [ML]   [4B] Burst/streak features
[2026-06-06T21:42:06.357+0000] {ml_pipeline.py:761} INFO - [ML]   [4C] Crime-type composition
[2026-06-06T21:42:08.158+0000] {ml_pipeline.py:778} INFO - [ML]   [4D] Weather/context features
[2026-06-06T21:42:08.684+0000] {ml_pipeline.py:794} INFO - [ML]   [4E] Community-level features
[2026-06-06T21:42:09.781+0000] {ml_pipeline.py:842} INFO - [ML]   [4F] City-level features
[2026-06-06T21:42:10.370+0000] {ml_pipeline.py:876} INFO - [ML]   [4G] H3 spatial spillover v20 target-safe
[2026-06-06T21:42:10.749+0000] {ml_pipeline.py:944} INFO - [ML]     computing nbr_r1 mean/sum/max/std/active-count + r2 + roll7 ...
[2026-06-06T21:42:13.777+0000] {ml_pipeline.py:1028} INFO - [ML]     ✓ Spatial spillover features added, single-merge RAM-safe
[2026-06-06T21:42:13.778+0000] {ml_pipeline.py:1043} INFO - [ML]   [4H] Train-only spatial priors
[2026-06-06T21:42:15.671+0000] {ml_pipeline.py:1093} INFO - [ML]   [4I] Near-repeat victimization (Near-Repeat Theory)
[2026-06-06T21:42:15.707+0000] {ml_pipeline.py:1106} INFO - [ML]   [4J] Cross-crime lead-lag (Escalation Theory)
[2026-06-06T21:42:15.717+0000] {ml_pipeline.py:1119} INFO - [ML]   [4K] Arrest deterrence (Deterrence Theory)
[2026-06-06T21:42:15.972+0000] {ml_pipeline.py:1145} INFO - [ML]   [4L] Density-normalized crime
[2026-06-06T21:42:15.981+0000] {ml_pipeline.py:1162} INFO - [ML]   [4M] Holiday/event features (Routine Activity Theory)
[2026-06-06T21:42:20.245+0000] {ml_pipeline.py:1172} INFO - [ML]   [4N] Momentum and trend direction
[2026-06-06T21:42:21.839+0000] {ml_pipeline.py:1194} INFO - [ML]   [4O] Hardship interaction (Social Disorganization Theory)
[2026-06-06T21:42:21.852+0000] {ml_pipeline.py:1210} INFO - [ML]   [4P] Prior-relative features
[2026-06-06T21:42:21.862+0000] {ml_pipeline.py:1230} INFO - [ML] Feature engineering done. Shape: (341652, 294)
[2026-06-06T21:42:21.871+0000] {ml_pipeline.py:1925} INFO - [LEAK_CHECK] train_dates: 2025-09-13 → 2026-04-20 (220 days)
[2026-06-06T21:42:21.872+0000] {ml_pipeline.py:1927} INFO - [LEAK_CHECK] val_dates:   2026-05-12 → 2026-05-18 | test_dates: 2026-05-19 → 2026-05-25
[2026-06-06T21:42:21.881+0000] {ml_pipeline.py:1935} INFO - [LEAK_CHECK] h3_train_percentile mean — train=0.5006 val=0.5006 test=0.5006
[2026-06-06T21:42:21.909+0000] {ml_pipeline.py:1952} INFO - [ML] train next_has_crime=39.76% | next_hotspot>=2=17.25%
[2026-06-06T21:42:21.914+0000] {ml_pipeline.py:1952} INFO - [ML] calib next_has_crime=41.39% | next_hotspot>=2=18.46%
[2026-06-06T21:42:21.917+0000] {ml_pipeline.py:1952} INFO - [ML] val next_has_crime=34.88% | next_hotspot>=2=19.06%
[2026-06-06T21:42:21.920+0000] {ml_pipeline.py:1952} INFO - [ML] test next_has_crime=41.28% | next_hotspot>=2=18.71%
[2026-06-06T21:42:23.709+0000] {ml_pipeline.py:1529} INFO - [ML] Preparing train/calib/val/test splits for v20 HOTSPOT ranker...
[2026-06-06T21:42:23.727+0000] {ml_pipeline.py:1568} INFO - [ML] Removed guarded/redundant features: 21
[2026-06-06T21:42:27.274+0000] {ml_pipeline.py:1611} INFO - [ML] Train=187440  Calib=17892  Val=5964  Test=5964  features=271
[2026-06-06T21:42:27.281+0000] {ml_pipeline.py:1613} INFO - [ML] Dropped const/null=7 | Hotspot train rate=17.253% | scale_pos_weight raw=4.80 used=3.75
[2026-06-06T21:42:27.283+0000] {ml_pipeline.py:1615} INFO - [ML] Feature groups: spatial_nbr=28 temporal=151 prior=7 shock=9
[2026-06-06T21:42:28.835+0000] {logging_mixin.py:188} INFO - [0]	validation_0-aucpr:0.53601	validation_1-aucpr:0.54326
[2026-06-06T21:42:45.893+0000] {logging_mixin.py:188} INFO - [200]	validation_0-aucpr:0.55913	validation_1-aucpr:0.56402
[2026-06-06T21:43:01.556+0000] {logging_mixin.py:188} INFO - [400]	validation_0-aucpr:0.56417	validation_1-aucpr:0.56427
[2026-06-06T21:43:10.447+0000] {logging_mixin.py:188} INFO - [501]	validation_0-aucpr:0.56638	validation_1-aucpr:0.56412
[2026-06-06T21:43:10.479+0000] {ml_pipeline.py:1630} INFO - [ML] Training done. Best iteration: 382
[2026-06-06T21:43:10.495+0000] {ml_pipeline.py:1655} INFO - [ML][FI/WEIGHT] Top-30 features:
                   feature  score
       h3_train_percentile  719.0
      h3_train_active_rate  294.0
                    ewm_90  143.0
          h3_vs_comm_prior  104.0
                   doy_cos   98.0
                   doy_sin   95.0
 crime_vs_density_expected   94.0
               is_property   92.0
        city_property_lag1   91.0
                crime_z_90   84.0
           comm_burst_7_30   84.0
                 dayofyear   82.0
              roll_mean_90   75.0
          city_active_lag1   75.0
                    ewm_60   74.0
   city_total_roll_mean_30   72.0
           city_total_lag1   71.0
 city_property_roll_mean_7   69.0
  city_violent_roll_mean_7   65.0
          comm_active_rate   65.0
      active_rate_vs_train   64.0
                   dow_sin   62.0
                crime_z_30   61.0
local_sudden_activation_3d   61.0
               roll_std_90   60.0
       nbr_r1_active_roll7   60.0
     violent_roll_ratio_30   58.0
               roll_std_60   57.0
       same_dow_vs_overall   55.0
           days_to_holiday   53.0
[2026-06-06T21:43:10.500+0000] {ml_pipeline.py:1655} INFO - [ML][FI/GAIN] Top-30 features:
                   feature       score
                    ewm_90 1997.470703
       h3_train_percentile 1647.249512
      h3_train_active_rate 1560.255127
              roll_mean_90 1013.916260
                    ewm_60  646.252991
              roll_mean_60  510.760071
                    ewm_30  439.709869
            active_rate_60  329.892639
              roll_mean_45  193.993973
               roll_sum_45  185.117172
                zero_today   93.748199
               crime_today   79.765900
                   doy_cos   65.174446
              total_crimes   64.098579
              roll_mean_30   63.217331
local_sudden_activation_3d   58.285717
            holiday_window   51.933353
               is_property   50.064232
         dist_nearest_park   48.283226
                roll_sum_7   47.375336
     h3_nbr_joint_activity   46.677544
       dist_nearest_school   44.344395
               roll_std_90   42.910664
                crime_z_30   42.869251
                crime_z_90   42.149246
          city_active_lag1   41.817261
  city_active_roll_mean_30   40.459579
 city_violent_roll_mean_30   40.218124
               roll_mean_7   40.146839
          h3_city_share_30   39.470322
[2026-06-06T21:43:10.503+0000] {ml_pipeline.py:1655} INFO - [ML][FI/COVER] Top-30 features:
                   feature        score
                     lag_3 42776.882812
         deterrence_signal 39497.500000
               theft_lag_3 36428.679688
                is_violent 35769.019531
   narcotics_roll_ratio_14 34537.789062
               roll_max_14 33727.199219
          theft_roll_sum_7 33721.937500
               crime_today 32759.056641
                   dow_sin 32623.894531
local_sudden_activation_3d 31746.611328
    narcotics_roll_ratio_7 30951.298828
         theft_roll_sum_14 30607.947266
           days_to_holiday 30164.548828
              h3_above_nbr 28841.873047
                zero_today 27852.552734
               zero_streak 26975.435547
            active_rate_60 26094.482422
                roll_max_7 25448.289062
              total_crimes 25347.640625
                     lag_6 25178.388672
       h3_train_percentile 24729.193359
             arrest_rate_7 24457.509766
             temp_max_lag7 23980.886719
       precipitation_roll7 23748.234375
                burst_7_30 23306.992188
        precipitation_lag1 23273.660156
unemployment_x_zero_streak 23196.400391
                shock_3_14 23187.900391
            holiday_window 22645.083984
     active_recent_vs_long 22576.166016
[2026-06-06T21:43:10.508+0000] {ml_pipeline.py:1700} INFO - [ML][FI/GROUP] Feature group contribution (by GAIN):
           group       score  pct
temporal_rolling 7151.696678 74.7
   spatial_prior 1647.249512 17.2
           other  477.658669  5.0
             poi   92.627621  1.0
  community_city   81.287582  0.8
        calendar   65.174446  0.7
         weather   51.933353  0.5
[2026-06-06T21:43:10.509+0000] {ml_pipeline.py:1709} WARNING - [ML][FI] ⚠️  Nhóm 'temporal_rolling' chiếm 74.7% tổng GAIN — nguy cơ model phụ thuộc quá nhiều vào 1 loại feature. Xem xét tăng reg_alpha/reg_lambda hoặc giảm colsample_bytree.
[2026-06-06T21:43:10.947+0000] {ml_pipeline.py:1728} INFO - [ML] Calibrated diagnostic threshold guarded: 0.63 | F1_CALIB=0.5504 | calib_base=0.1846
[2026-06-06T21:43:11.092+0000] {ml_pipeline.py:1737} INFO - [ML] VAL  – AUC=0.8306 AP=0.5228 F1=0.5321 Top05_R=0.1543 Top05_L=3.06x Top15_R=0.3905 Top30_R=0.5987
[2026-06-06T21:43:11.093+0000] {ml_pipeline.py:1741} INFO - [ML] TEST – AUC=0.8548 AP=0.5842 F1=0.5595 Top05_R=0.1998 Top05_L=3.96x Top15_R=0.4720 Top30_R=0.7232
[2026-06-06T21:43:11.110+0000] {ml_pipeline.py:1770} INFO - [ML] Feature day: 2026-05-26  →  Prediction day: 2026-05-27  (852 H3 cells)
[2026-06-06T21:43:11.269+0000] {ml_pipeline.py:1818} INFO - [ML] Predictions – cells=852 | diagnostic pred_hotspot=225 (26.4%)
[2026-06-06T21:43:11.271+0000] {ml_pipeline.py:1820} INFO - [ML] Rank-bounded risk distribution:
risk_level
LOW         597
MEDIUM      128
HIGH         85
CRITICAL     42
[2026-06-06T21:43:11.272+0000] {ml_pipeline.py:1842} INFO - [ML] Writing 852 predictions → sage-mind-489618-n5.cdash_warehouse.prediction_results (mode=WRITE_TRUNCATE)
[2026-06-06T21:43:17.391+0000] {ml_pipeline.py:1861} INFO - [ML] ✓ Predictions written to BigQuery.
[2026-06-06T21:43:17.391+0000] {ml_pipeline.py:1272} INFO - ========================================================================
[2026-06-06T21:43:17.392+0000] {ml_pipeline.py:1273} INFO -   ABLATION STUDY — Feature Group Contribution
[2026-06-06T21:43:17.392+0000] {ml_pipeline.py:1274} INFO - ========================================================================
[2026-06-06T21:43:23.727+0000] {ml_pipeline.py:1418} INFO - [ABLATION] 0_spatial_only                      | features= 28 | thr=0.53 | Val AUC=0.8253 AP=0.5127 F1=0.5253 | Test AUC=0.8487 AP=0.5695 F1=0.5493
[2026-06-06T21:43:29.374+0000] {ml_pipeline.py:1418} INFO - [ABLATION] 0_context_only                      | features= 41 | thr=0.53 | Val AUC=0.8311 AP=0.5249 F1=0.5371 | Test AUC=0.8534 AP=0.5787 F1=0.5644
[2026-06-06T21:43:34.601+0000] {ml_pipeline.py:1418} INFO - [ABLATION] 1_temporal_only                     | features=157 | thr=0.49 | Val AUC=0.8301 AP=0.5213 F1=0.5326 | Test AUC=0.8540 AP=0.5852 F1=0.5638
[2026-06-06T21:43:41.655+0000] {ml_pipeline.py:1418} INFO - [ABLATION] 2_temporal_spatial                  | features=185 | thr=0.47 | Val AUC=0.8300 AP=0.5210 F1=0.5345 | Test AUC=0.8543 AP=0.5854 F1=0.5617
[2026-06-06T21:43:59.051+0000] {ml_pipeline.py:1418} INFO - [ABLATION] 3_temporal_spatial_context          | features=226 | thr=0.56 | Val AUC=0.8309 AP=0.5250 F1=0.5375 | Test AUC=0.8546 AP=0.5854 F1=0.5685
[2026-06-06T21:44:07.968+0000] {ml_pipeline.py:1418} INFO - [ABLATION] 4_full                              | features=271 | thr=0.49 | Val AUC=0.8307 AP=0.5218 F1=0.5325 | Test AUC=0.8542 AP=0.5848 F1=0.5621
[2026-06-06T21:44:08.158+0000] {ml_pipeline.py:1478} INFO - [ERROR_ANALYSIS] FN overlap temporal∩spatial: 232 | temporal∩context: 234 | spatial∩context: 239
[2026-06-06T21:44:08.159+0000] {ml_pipeline.py:1485} INFO - [ERROR_ANALYSIS] FN unique to temporal: 0 | spatial: 29 | context: 3
[2026-06-06T21:44:08.159+0000] {ml_pipeline.py:1496} INFO - [ABLATION] Summary table:
[2026-06-06T21:44:08.160+0000] {ml_pipeline.py:1497} INFO - [ABLATION] Scenario                            | Feats |  Thr | Val_AUC | Val_AP | Val_F1 | Tst_AUC | Tst_AP | Tst_F1
[2026-06-06T21:44:08.161+0000] {ml_pipeline.py:1503} INFO - [ABLATION] ---------------------------------------------------------------------------------------------------------
[2026-06-06T21:44:08.161+0000] {ml_pipeline.py:1505} INFO - [ABLATION] 0_spatial_only                      |    28 | 0.53 | 0.8253  | 0.5127 | 0.5253 | 0.8487  | 0.5695 | 0.5493
[2026-06-06T21:44:08.162+0000] {ml_pipeline.py:1505} INFO - [ABLATION] 0_context_only                      |    41 | 0.53 | 0.8311  | 0.5249 | 0.5371 | 0.8534  | 0.5787 | 0.5644
[2026-06-06T21:44:08.162+0000] {ml_pipeline.py:1505} INFO - [ABLATION] 1_temporal_only                     |   157 | 0.49 | 0.8301  | 0.5213 | 0.5326 | 0.8540  | 0.5852 | 0.5638
[2026-06-06T21:44:08.163+0000] {ml_pipeline.py:1505} INFO - [ABLATION] 2_temporal_spatial                  |   185 | 0.47 | 0.8300  | 0.5210 | 0.5345 | 0.8543  | 0.5854 | 0.5617
[2026-06-06T21:44:08.163+0000] {ml_pipeline.py:1505} INFO - [ABLATION] 3_temporal_spatial_context          |   226 | 0.56 | 0.8309  | 0.5250 | 0.5375 | 0.8546  | 0.5854 | 0.5685
[2026-06-06T21:44:08.164+0000] {ml_pipeline.py:1505} INFO - [ABLATION] 4_full                              |   271 | 0.49 | 0.8307  | 0.5218 | 0.5325 | 0.8542  | 0.5848 | 0.5621
[2026-06-06T21:44:08.164+0000] {ml_pipeline.py:1511} INFO - ========================================================================
[2026-06-06T21:44:08.182+0000] {ml_pipeline.py:1989} INFO - [ML] Model artifact saved → /tmp/crime_model_v20.pkl
[2026-06-06T21:44:08.184+0000] {ml_pipeline.py:1992} INFO - ========================================================================
[2026-06-06T21:44:08.189+0000] {ml_pipeline.py:1993} INFO -   SUMMARY v20 target-safe
[2026-06-06T21:44:08.190+0000] {ml_pipeline.py:1994} INFO -   VAL  AUC=0.8306 AP=0.5228 F1=0.5321 Top05_R=0.1543 Top05_L=3.06x Top15_R=0.3905 Top30_R=0.5987
[2026-06-06T21:44:08.190+0000] {ml_pipeline.py:1996} INFO -   TEST AUC=0.8548 AP=0.5842 F1=0.5595 Top05_R=0.1998 Top05_L=3.96x Top15_R=0.4720 Top30_R=0.7232
[2026-06-06T21:44:08.191+0000] {ml_pipeline.py:1998} INFO -   Risk counts: {'LOW': 597, 'MEDIUM': 128, 'HIGH': 85, 'CRITICAL': 42}
[2026-06-06T21:44:08.191+0000] {ml_pipeline.py:1999} INFO - ========================================================================
[2026-06-06T21:44:08.300+0000] {dag_crime_pipeline.py:304} WARNING - [ML] ⚠️ Model chưa đạt ngưỡng: val_auc=0.8306 val_f1=0.5321
[2026-06-06T21:44:08.302+0000] {python.py:201} INFO - Done. Returned value was: {'val_auc': 0.830640786881327, 'val_ap': 0.5227740642392629, 'val_f1': 0.5320959010054138, 'test_auc': 0.8547997104818009, 'test_ap': 0.5842182075784619, 'test_f1': 0.5594956658786446, 'val_top05_recall': 0.1542754626614176, 'val_top05_lift': 3.0568068415704133, 'test_top05_recall': 0.19977515407363194, 'test_top05_lift': 3.958335610947312, 'threshold_diagnostic': 0.6300000000000001, 'risk_counts': {'LOW': 597, 'MEDIUM': 128, 'HIGH': 85, 'CRITICAL': 42}, 'n_predictions': 852, 'model_version': '2026-06-06.hotspot_v20_target_safe_ranker'}
[2026-06-06T21:44:08.335+0000] {taskinstance.py:1138} INFO - Marking task as SUCCESS. dag_id=crime_analytics_pipeline, task_id=ml_train_and_predict, execution_date=20260530T190000, start_date=20260606T214149, end_date=20260606T214408
[2026-06-06T21:44:08.632+0000] {local_task_job_runner.py:234} INFO - Task exited with return code 0
[2026-06-06T21:44:08.666+0000] {taskinstance.py:3280} INFO - 0 downstream tasks scheduled from follow-on schedule check
