[2026-05-27T16:17:01.073+0000] {taskinstance.py:1956} INFO - Dependencies all met for dep_context=non-requeueable deps ti=<TaskInstance: crime_analytics_pipeline.ingest_socioeconomic manual__2026-05-27T16:16:57.988338+00:00 [queued]>
[2026-05-27T16:17:01.081+0000] {taskinstance.py:1956} INFO - Dependencies all met for dep_context=requeueable deps ti=<TaskInstance: crime_analytics_pipeline.ingest_socioeconomic manual__2026-05-27T16:16:57.988338+00:00 [queued]>
[2026-05-27T16:17:01.081+0000] {taskinstance.py:2170} INFO - Starting attempt 1 of 2
[2026-05-27T16:17:01.096+0000] {taskinstance.py:2191} INFO - Executing <Task(PythonOperator): ingest_socioeconomic> on 2026-05-27 16:16:57.988338+00:00
[2026-05-27T16:17:01.106+0000] {standard_task_runner.py:60} INFO - Started process 866 to run task
[2026-05-27T16:17:01.109+0000] {standard_task_runner.py:87} INFO - Running: ['***', 'tasks', 'run', 'crime_analytics_pipeline', 'ingest_socioeconomic', 'manual__2026-05-27T16:16:57.988338+00:00', '--job-id', '175', '--raw', '--subdir', 'DAGS_FOLDER/dag_crime_pipeline.py', '--cfg-path', '/tmp/tmp4qpp80sj']
[2026-05-27T16:17:01.113+0000] {standard_task_runner.py:88} INFO - Job 175: Subtask ingest_socioeconomic
[2026-05-27T16:17:01.188+0000] {task_command.py:423} INFO - Running <TaskInstance: crime_analytics_pipeline.ingest_socioeconomic manual__2026-05-27T16:16:57.988338+00:00 [running]> on host db8b8170dea9
[2026-05-27T16:17:01.304+0000] {taskinstance.py:2480} INFO - Exporting env vars: AIRFLOW_CTX_DAG_EMAIL='cdash-alerts@example.com' AIRFLOW_CTX_DAG_OWNER='crime-analytics' AIRFLOW_CTX_DAG_ID='crime_analytics_pipeline' AIRFLOW_CTX_TASK_ID='ingest_socioeconomic' AIRFLOW_CTX_EXECUTION_DATE='2026-05-27T16:16:57.988338+00:00' AIRFLOW_CTX_TRY_NUMBER='1' AIRFLOW_CTX_DAG_RUN_ID='manual__2026-05-27T16:16:57.988338+00:00'
[2026-05-27T16:17:06.982+0000] {logging_mixin.py:188} INFO - [ingest_socioeconomic] ACS 2023: 1332 tracts
[2026-05-27T16:17:08.448+0000] {taskinstance.py:2698} ERROR - Task failed with exception
Traceback (most recent call last):
  File "/home/airflow/.local/lib/python3.11/site-packages/airflow/models/taskinstance.py", line 433, in _execute_task
    result = execute_callable(context=context, **execute_callable_kwargs)
             ^^^^^^^^^^^^^^^^^^^^^^^^^^^^^^^^^^^^^^^^^^^^^^^^^^^^^^^^^^^^
  File "/home/airflow/.local/lib/python3.11/site-packages/airflow/operators/python.py", line 199, in execute
    return_value = self.execute_callable()
                   ^^^^^^^^^^^^^^^^^^^^^^^
  File "/home/airflow/.local/lib/python3.11/site-packages/airflow/operators/python.py", line 216, in execute_callable
    return self.python_callable(*self.op_args, **self.op_kwargs)
           ^^^^^^^^^^^^^^^^^^^^^^^^^^^^^^^^^^^^^^^^^^^^^^^^^^^^^
  File "/opt/airflow/dags/dag_crime_pipeline.py", line 275, in _ingest_socioeconomic
    xwalk_resp.raise_for_status()
  File "/home/airflow/.local/lib/python3.11/site-packages/requests/models.py", line 1021, in raise_for_status
    raise HTTPError(http_error_msg, response=self)
requests.exceptions.HTTPError: 403 Client Error: Forbidden for url: https://data.cityofchicago.org/api/v3/views/74p9-q2aq/query.json
[2026-05-27T16:17:08.470+0000] {taskinstance.py:1138} INFO - Marking task as UP_FOR_RETRY. dag_id=crime_analytics_pipeline, task_id=ingest_socioeconomic, execution_date=20260527T161657, start_date=20260527T161701, end_date=20260527T161708
[2026-05-27T16:17:08.488+0000] {standard_task_runner.py:107} ERROR - Failed to execute job 175 for task ingest_socioeconomic (403 Client Error: Forbidden for url: https://data.cityofchicago.org/api/v3/views/74p9-q2aq/query.json; 866)
[2026-05-27T16:17:08.531+0000] {local_task_job_runner.py:234} INFO - Task exited with return code 1
[2026-05-27T16:17:08.562+0000] {taskinstance.py:3280} INFO - 0 downstream tasks scheduled from follow-on schedule check
