[2026-05-27T10:06:07.182+0000] {taskinstance.py:1956} INFO - Dependencies all met for dep_context=non-requeueable deps ti=<TaskInstance: crime_analytics_pipeline.create_dataproc_cluster manual__2026-05-27T10:06:04.788927+00:00 [queued]>
[2026-05-27T10:06:07.190+0000] {taskinstance.py:1956} INFO - Dependencies all met for dep_context=requeueable deps ti=<TaskInstance: crime_analytics_pipeline.create_dataproc_cluster manual__2026-05-27T10:06:04.788927+00:00 [queued]>
[2026-05-27T10:06:07.191+0000] {taskinstance.py:2170} INFO - Starting attempt 1 of 2
[2026-05-27T10:06:07.205+0000] {taskinstance.py:2191} INFO - Executing <Task(DataprocCreateClusterOperator): create_dataproc_cluster> on 2026-05-27 10:06:04.788927+00:00
[2026-05-27T10:06:07.219+0000] {standard_task_runner.py:60} INFO - Started process 7931 to run task
[2026-05-27T10:06:07.222+0000] {standard_task_runner.py:87} INFO - Running: ['***', 'tasks', 'run', 'crime_analytics_pipeline', 'create_dataproc_cluster', 'manual__2026-05-27T10:06:04.788927+00:00', '--job-id', '123', '--raw', '--subdir', 'DAGS_FOLDER/dag_crime_pipeline.py', '--cfg-path', '/tmp/tmpd3yn_zro']
[2026-05-27T10:06:07.227+0000] {standard_task_runner.py:88} INFO - Job 123: Subtask create_dataproc_cluster
[2026-05-27T10:06:07.309+0000] {task_command.py:423} INFO - Running <TaskInstance: crime_analytics_pipeline.create_dataproc_cluster manual__2026-05-27T10:06:04.788927+00:00 [running]> on host 93e8dbfc6168
[2026-05-27T10:06:07.432+0000] {taskinstance.py:2480} INFO - Exporting env vars: AIRFLOW_CTX_DAG_EMAIL='cdash-alerts@example.com' AIRFLOW_CTX_DAG_OWNER='crime-analytics' AIRFLOW_CTX_DAG_ID='crime_analytics_pipeline' AIRFLOW_CTX_TASK_ID='create_dataproc_cluster' AIRFLOW_CTX_EXECUTION_DATE='2026-05-27T10:06:04.788927+00:00' AIRFLOW_CTX_TRY_NUMBER='1' AIRFLOW_CTX_DAG_RUN_ID='manual__2026-05-27T10:06:04.788927+00:00'
[2026-05-27T10:06:07.434+0000] {dataproc.py:722} INFO - Creating cluster: crime-etl-cluster
[2026-05-27T10:06:07.449+0000] {connection.py:234} WARNING - Connection schemes (type: google_cloud_platform) shall not contain '_' according to RFC3986.
[2026-05-27T10:06:07.451+0000] {base.py:83} INFO - Using connection ID 'google_cloud_default' for task execution.
[2026-05-27T10:08:44.136+0000] {local_task_job_runner.py:302} WARNING - State of this instance has been externally set to None. Terminating instance.
[2026-05-27T10:08:44.145+0000] {process_utils.py:131} INFO - Sending 15 to group 7931. PIDs of all processes in the group: [7931]
[2026-05-27T10:08:44.146+0000] {process_utils.py:86} INFO - Sending the signal 15 to group 7931
[2026-05-27T10:08:44.147+0000] {taskinstance.py:2450} ERROR - Received SIGTERM. Terminating subprocesses.
[2026-05-27T10:09:10.755+0000] {local_task_job_runner.py:121} ERROR - Received SIGTERM. Terminating subprocesses
[2026-05-27T10:09:10.776+0000] {process_utils.py:131} INFO - Sending 15 to group 7931. PIDs of all processes in the group: [7931]
[2026-05-27T10:09:10.812+0000] {process_utils.py:86} INFO - Sending the signal 15 to group 7931
[2026-05-27T10:09:10.817+0000] {taskinstance.py:2450} ERROR - Received SIGTERM. Terminating subprocesses.
