[2026-04-14T17:02:04.510+0000] {taskinstance.py:1956} INFO - Dependencies all met for dep_context=non-requeueable deps ti=<TaskInstance: crime_analytics_pipeline.create_dataproc_cluster scheduled__2026-04-05T02:00:00+00:00 [queued]>
[2026-04-14T17:02:04.516+0000] {taskinstance.py:1956} INFO - Dependencies all met for dep_context=requeueable deps ti=<TaskInstance: crime_analytics_pipeline.create_dataproc_cluster scheduled__2026-04-05T02:00:00+00:00 [queued]>
[2026-04-14T17:02:04.517+0000] {taskinstance.py:2170} INFO - Starting attempt 1 of 2
[2026-04-14T17:02:04.528+0000] {taskinstance.py:2191} INFO - Executing <Task(DataprocCreateClusterOperator): create_dataproc_cluster> on 2026-04-05 02:00:00+00:00
[2026-04-14T17:02:04.540+0000] {standard_task_runner.py:60} INFO - Started process 281 to run task
[2026-04-14T17:02:04.543+0000] {standard_task_runner.py:87} INFO - Running: ['***', 'tasks', 'run', 'crime_analytics_pipeline', 'create_dataproc_cluster', 'scheduled__2026-04-05T02:00:00+00:00', '--job-id', '2', '--raw', '--subdir', 'DAGS_FOLDER/dag_crime_pipeline.py', '--cfg-path', '/tmp/tmpe4vib87s']
[2026-04-14T17:02:04.547+0000] {standard_task_runner.py:88} INFO - Job 2: Subtask create_dataproc_cluster
[2026-04-14T17:02:04.614+0000] {task_command.py:423} INFO - Running <TaskInstance: crime_analytics_pipeline.create_dataproc_cluster scheduled__2026-04-05T02:00:00+00:00 [running]> on host 8d0fe12cd27e
[2026-04-14T17:02:04.705+0000] {taskinstance.py:2480} INFO - Exporting env vars: AIRFLOW_CTX_DAG_OWNER='crime-analytics' AIRFLOW_CTX_DAG_ID='crime_analytics_pipeline' AIRFLOW_CTX_TASK_ID='create_dataproc_cluster' AIRFLOW_CTX_EXECUTION_DATE='2026-04-05T02:00:00+00:00' AIRFLOW_CTX_TRY_NUMBER='1' AIRFLOW_CTX_DAG_RUN_ID='scheduled__2026-04-05T02:00:00+00:00'
[2026-04-14T17:02:04.708+0000] {dataproc.py:722} INFO - Creating cluster: crime-etl-cluster
[2026-04-14T17:02:04.720+0000] {connection.py:234} WARNING - Connection schemes (type: google_cloud_platform) shall not contain '_' according to RFC3986.
[2026-04-14T17:02:04.721+0000] {base.py:83} INFO - Using connection ID 'google_cloud_default' for task execution.
[2026-04-14T17:02:06.425+0000] {taskinstance.py:2698} ERROR - Task failed with exception
Traceback (most recent call last):
  File "/home/airflow/.local/lib/python3.11/site-packages/google/api_core/grpc_helpers.py", line 79, in error_remapped_callable
    return callable_(*args, **kwargs)
           ^^^^^^^^^^^^^^^^^^^^^^^^^^
  File "/home/airflow/.local/lib/python3.11/site-packages/grpc/_channel.py", line 1160, in __call__
    return _end_unary_response_blocking(state, call, False, None)
           ^^^^^^^^^^^^^^^^^^^^^^^^^^^^^^^^^^^^^^^^^^^^^^^^^^^^^^
  File "/home/airflow/.local/lib/python3.11/site-packages/grpc/_channel.py", line 1003, in _end_unary_response_blocking
    raise _InactiveRpcError(state)  # pytype: disable=not-instantiable
    ^^^^^^^^^^^^^^^^^^^^^^^^^^^^^^
grpc._channel._InactiveRpcError: <_InactiveRpcError of RPC that terminated with:
	status = StatusCode.PERMISSION_DENIED
	details = "Cloud Dataproc API has not been used in project sage-mind-489618-n5 before or it is disabled. Enable it by visiting https://console.developers.google.com/apis/api/dataproc.googleapis.com/overview?project=sage-mind-489618-n5 then retry. If you enabled this API recently, wait a few minutes for the action to propagate to our systems and retry."
	debug_error_string = "UNKNOWN:Error received from peer ipv4:142.250.197.234:443 {grpc_message:"Cloud Dataproc API has not been used in project sage-mind-489618-n5 before or it is disabled. Enable it by visiting https://console.developers.google.com/apis/api/dataproc.googleapis.com/overview?project=sage-mind-489618-n5 then retry. If you enabled this API recently, wait a few minutes for the action to propagate to our systems and retry.", grpc_status:7, created_time:"2026-04-14T17:02:06.423145551+00:00"}"
>

The above exception was the direct cause of the following exception:

Traceback (most recent call last):
  File "/home/airflow/.local/lib/python3.11/site-packages/airflow/models/taskinstance.py", line 433, in _execute_task
    result = execute_callable(context=context, **execute_callable_kwargs)
             ^^^^^^^^^^^^^^^^^^^^^^^^^^^^^^^^^^^^^^^^^^^^^^^^^^^^^^^^^^^^
  File "/home/airflow/.local/lib/python3.11/site-packages/airflow/providers/google/cloud/operators/dataproc.py", line 736, in execute
    operation = self._create_cluster(hook)
                ^^^^^^^^^^^^^^^^^^^^^^^^^^
  File "/home/airflow/.local/lib/python3.11/site-packages/airflow/providers/google/cloud/operators/dataproc.py", line 652, in _create_cluster
    return hook.create_cluster(
           ^^^^^^^^^^^^^^^^^^^^
  File "/home/airflow/.local/lib/python3.11/site-packages/airflow/providers/google/common/hooks/base_google.py", line 477, in inner_wrapper
    return func(self, *args, **kwargs)
           ^^^^^^^^^^^^^^^^^^^^^^^^^^^
  File "/home/airflow/.local/lib/python3.11/site-packages/airflow/providers/google/cloud/hooks/dataproc.py", line 325, in create_cluster
    result = client.create_cluster(
             ^^^^^^^^^^^^^^^^^^^^^^
  File "/home/airflow/.local/lib/python3.11/site-packages/google/cloud/dataproc_v1/services/cluster_controller/client.py", line 632, in create_cluster
    response = rpc(
               ^^^^
  File "/home/airflow/.local/lib/python3.11/site-packages/google/api_core/gapic_v1/method.py", line 131, in __call__
    return wrapped_func(*args, **kwargs)
           ^^^^^^^^^^^^^^^^^^^^^^^^^^^^^
  File "/home/airflow/.local/lib/python3.11/site-packages/google/api_core/retry.py", line 372, in retry_wrapped_func
    return retry_target(
           ^^^^^^^^^^^^^
  File "/home/airflow/.local/lib/python3.11/site-packages/google/api_core/retry.py", line 207, in retry_target
    result = target()
             ^^^^^^^^
  File "/home/airflow/.local/lib/python3.11/site-packages/google/api_core/timeout.py", line 120, in func_with_timeout
    return func(*args, **kwargs)
           ^^^^^^^^^^^^^^^^^^^^^
  File "/home/airflow/.local/lib/python3.11/site-packages/google/api_core/grpc_helpers.py", line 81, in error_remapped_callable
    raise exceptions.from_grpc_error(exc) from exc
google.api_core.exceptions.PermissionDenied: 403 Cloud Dataproc API has not been used in project sage-mind-489618-n5 before or it is disabled. Enable it by visiting https://console.developers.google.com/apis/api/dataproc.googleapis.com/overview?project=sage-mind-489618-n5 then retry. If you enabled this API recently, wait a few minutes for the action to propagate to our systems and retry. [reason: "SERVICE_DISABLED"
domain: "googleapis.com"
metadata {
  key: "service"
  value: "dataproc.googleapis.com"
}
metadata {
  key: "serviceTitle"
  value: "Cloud Dataproc API"
}
metadata {
  key: "containerInfo"
  value: "sage-mind-489618-n5"
}
metadata {
  key: "consumer"
  value: "projects/sage-mind-489618-n5"
}
metadata {
  key: "activationUrl"
  value: "https://console.developers.google.com/apis/api/dataproc.googleapis.com/overview?project=sage-mind-489618-n5"
}
, locale: "en-US"
message: "Cloud Dataproc API has not been used in project sage-mind-489618-n5 before or it is disabled. Enable it by visiting https://console.developers.google.com/apis/api/dataproc.googleapis.com/overview?project=sage-mind-489618-n5 then retry. If you enabled this API recently, wait a few minutes for the action to propagate to our systems and retry."
, links {
  description: "Google developers console API activation"
  url: "https://console.developers.google.com/apis/api/dataproc.googleapis.com/overview?project=sage-mind-489618-n5"
}
]
[2026-04-14T17:02:06.455+0000] {taskinstance.py:1138} INFO - Marking task as UP_FOR_RETRY. dag_id=crime_analytics_pipeline, task_id=create_dataproc_cluster, execution_date=20260405T020000, start_date=20260414T170204, end_date=20260414T170206
[2026-04-14T17:02:06.473+0000] {standard_task_runner.py:107} ERROR - Failed to execute job 2 for task create_dataproc_cluster (403 Cloud Dataproc API has not been used in project sage-mind-489618-n5 before or it is disabled. Enable it by visiting https://console.developers.google.com/apis/api/dataproc.googleapis.com/overview?project=sage-mind-489618-n5 then retry. If you enabled this API recently, wait a few minutes for the action to propagate to our systems and retry. [reason: "SERVICE_DISABLED"
domain: "googleapis.com"
metadata {
  key: "service"
  value: "dataproc.googleapis.com"
}
metadata {
  key: "serviceTitle"
  value: "Cloud Dataproc API"
}
metadata {
  key: "containerInfo"
  value: "sage-mind-489618-n5"
}
metadata {
  key: "consumer"
  value: "projects/sage-mind-489618-n5"
}
metadata {
  key: "activationUrl"
  value: "https://console.developers.google.com/apis/api/dataproc.googleapis.com/overview?project=sage-mind-489618-n5"
}
, locale: "en-US"
message: "Cloud Dataproc API has not been used in project sage-mind-489618-n5 before or it is disabled. Enable it by visiting https://console.developers.google.com/apis/api/dataproc.googleapis.com/overview?project=sage-mind-489618-n5 then retry. If you enabled this API recently, wait a few minutes for the action to propagate to our systems and retry."
, links {
  description: "Google developers console API activation"
  url: "https://console.developers.google.com/apis/api/dataproc.googleapis.com/overview?project=sage-mind-489618-n5"
}
]; 281)
[2026-04-14T17:02:06.522+0000] {local_task_job_runner.py:234} INFO - Task exited with return code 1
[2026-04-14T17:02:06.556+0000] {taskinstance.py:3280} INFO - 0 downstream tasks scheduled from follow-on schedule check
