[2026-05-27T11:06:59.552+0000] {taskinstance.py:1956} INFO - Dependencies all met for dep_context=non-requeueable deps ti=<TaskInstance: crime_analytics_pipeline.ingest_poi manual__2026-05-27T10:44:38.933857+00:00 [queued]>
[2026-05-27T11:06:59.562+0000] {taskinstance.py:1956} INFO - Dependencies all met for dep_context=requeueable deps ti=<TaskInstance: crime_analytics_pipeline.ingest_poi manual__2026-05-27T10:44:38.933857+00:00 [queued]>
[2026-05-27T11:06:59.563+0000] {taskinstance.py:2170} INFO - Starting attempt 2 of 2
[2026-05-27T11:06:59.575+0000] {taskinstance.py:2191} INFO - Executing <Task(PythonOperator): ingest_poi> on 2026-05-27 10:44:38.933857+00:00
[2026-05-27T11:06:59.584+0000] {standard_task_runner.py:60} INFO - Started process 3094 to run task
[2026-05-27T11:06:59.591+0000] {standard_task_runner.py:87} INFO - Running: ['***', 'tasks', 'run', 'crime_analytics_pipeline', 'ingest_poi', 'manual__2026-05-27T10:44:38.933857+00:00', '--job-id', '153', '--raw', '--subdir', 'DAGS_FOLDER/dag_crime_pipeline.py', '--cfg-path', '/tmp/tmpz7vt9g1s']
[2026-05-27T11:06:59.599+0000] {standard_task_runner.py:88} INFO - Job 153: Subtask ingest_poi
[2026-05-27T11:06:59.676+0000] {task_command.py:423} INFO - Running <TaskInstance: crime_analytics_pipeline.ingest_poi manual__2026-05-27T10:44:38.933857+00:00 [running]> on host 93e8dbfc6168
[2026-05-27T11:06:59.797+0000] {taskinstance.py:2480} INFO - Exporting env vars: AIRFLOW_CTX_DAG_EMAIL='cdash-alerts@example.com' AIRFLOW_CTX_DAG_OWNER='crime-analytics' AIRFLOW_CTX_DAG_ID='crime_analytics_pipeline' AIRFLOW_CTX_TASK_ID='ingest_poi' AIRFLOW_CTX_EXECUTION_DATE='2026-05-27T10:44:38.933857+00:00' AIRFLOW_CTX_TRY_NUMBER='2' AIRFLOW_CTX_DAG_RUN_ID='manual__2026-05-27T10:44:38.933857+00:00'
[2026-05-27T11:07:00.441+0000] {logging_mixin.py:188} INFO - [ingest_poi] osmnx chưa được cài. Thêm vào _PIP_ADDITIONAL_REQUIREMENTS rồi restart.
[2026-05-27T11:07:00.442+0000] {taskinstance.py:2698} ERROR - Task failed with exception
Traceback (most recent call last):
  File "/home/airflow/.local/lib/python3.11/site-packages/airflow/models/taskinstance.py", line 433, in _execute_task
    result = execute_callable(context=context, **execute_callable_kwargs)
             ^^^^^^^^^^^^^^^^^^^^^^^^^^^^^^^^^^^^^^^^^^^^^^^^^^^^^^^^^^^^
  File "/home/airflow/.local/lib/python3.11/site-packages/airflow/operators/python.py", line 199, in execute
    return_value = self.execute_callable()
                   ^^^^^^^^^^^^^^^^^^^^^^^
  File "/home/airflow/.local/lib/python3.11/site-packages/airflow/operators/python.py", line 216, in execute_callable
    return self.python_callable(*self.op_args, **self.op_kwargs)
           ^^^^^^^^^^^^^^^^^^^^^^^^^^^^^^^^^^^^^^^^^^^^^^^^^^^^^
  File "/opt/airflow/dags/dag_crime_pipeline.py", line 353, in _ingest_poi
    import osmnx as ox
ModuleNotFoundError: No module named 'osmnx'
[2026-05-27T11:07:00.470+0000] {taskinstance.py:1138} INFO - Marking task as FAILED. dag_id=crime_analytics_pipeline, task_id=ingest_poi, execution_date=20260527T104438, start_date=20260527T110659, end_date=20260527T110700
[2026-05-27T11:07:00.507+0000] {standard_task_runner.py:107} ERROR - Failed to execute job 153 for task ingest_poi (No module named 'osmnx'; 3094)
[2026-05-27T11:07:00.566+0000] {local_task_job_runner.py:234} INFO - Task exited with return code 1
[2026-05-27T11:07:00.597+0000] {taskinstance.py:3280} INFO - 0 downstream tasks scheduled from follow-on schedule check
