[2026-05-28T12:45:01.001+0000] {taskinstance.py:1956} INFO - Dependencies all met for dep_context=non-requeueable deps ti=<TaskInstance: crime_analytics_pipeline.ml_train_and_predict manual__2026-05-28T10:50:32.435865+00:00 [queued]>
[2026-05-28T12:45:01.012+0000] {taskinstance.py:1956} INFO - Dependencies all met for dep_context=requeueable deps ti=<TaskInstance: crime_analytics_pipeline.ml_train_and_predict manual__2026-05-28T10:50:32.435865+00:00 [queued]>
[2026-05-28T12:45:01.013+0000] {taskinstance.py:2170} INFO - Starting attempt 3 of 3
[2026-05-28T12:45:01.029+0000] {taskinstance.py:2191} INFO - Executing <Task(PythonOperator): ml_train_and_predict> on 2026-05-28 10:50:32.435865+00:00
[2026-05-28T12:45:01.041+0000] {standard_task_runner.py:60} INFO - Started process 24674 to run task
[2026-05-28T12:45:01.045+0000] {standard_task_runner.py:87} INFO - Running: ['***', 'tasks', 'run', 'crime_analytics_pipeline', 'ml_train_and_predict', 'manual__2026-05-28T10:50:32.435865+00:00', '--job-id', '293', '--raw', '--subdir', 'DAGS_FOLDER/dag_crime_pipeline.py', '--cfg-path', '/tmp/tmpv92iizon']
[2026-05-28T12:45:01.049+0000] {standard_task_runner.py:88} INFO - Job 293: Subtask ml_train_and_predict
[2026-05-28T12:45:01.124+0000] {task_command.py:423} INFO - Running <TaskInstance: crime_analytics_pipeline.ml_train_and_predict manual__2026-05-28T10:50:32.435865+00:00 [running]> on host db8b8170dea9
[2026-05-28T12:45:01.248+0000] {taskinstance.py:2480} INFO - Exporting env vars: AIRFLOW_CTX_DAG_EMAIL='cdash-alerts@example.com' AIRFLOW_CTX_DAG_OWNER='crime-analytics' AIRFLOW_CTX_DAG_ID='crime_analytics_pipeline' AIRFLOW_CTX_TASK_ID='ml_train_and_predict' AIRFLOW_CTX_EXECUTION_DATE='2026-05-28T10:50:32.435865+00:00' AIRFLOW_CTX_TRY_NUMBER='3' AIRFLOW_CTX_DAG_RUN_ID='manual__2026-05-28T10:50:32.435865+00:00'
[2026-05-28T12:45:02.234+0000] {ml_pipeline.py:1136} INFO - ========================================================================
[2026-05-28T12:45:02.235+0000] {ml_pipeline.py:1137} INFO -   Chicago Crime Hotspot Forecasting  –  ml_pipeline v11
[2026-05-28T12:45:02.235+0000] {ml_pipeline.py:1138} INFO -   Target: next_has_crime = (next_total >= 1) | schema OK
[2026-05-28T12:45:02.236+0000] {ml_pipeline.py:1139} INFO - ========================================================================
[2026-05-28T12:45:02.291+0000] {ml_pipeline.py:252} INFO - [ML] Loading enriched_crime_data from BigQuery (last 400 days)...
[2026-05-28T12:45:10.977+0000] {ml_pipeline.py:314} INFO - [ML] Loaded 250276 rows, date range: 2025-04-23 → 2026-05-18
[2026-05-28T12:45:10.978+0000] {ml_pipeline.py:328} INFO - [ML] Aggregating daily per H3...
[2026-05-28T12:45:11.170+0000] {local_task_job_runner.py:302} WARNING - State of this instance has been externally set to restarting. Terminating instance.
[2026-05-28T12:45:11.179+0000] {process_utils.py:131} INFO - Sending 15 to group 24674. PIDs of all processes in the group: [24674]
[2026-05-28T12:45:11.180+0000] {process_utils.py:86} INFO - Sending the signal 15 to group 24674
[2026-05-28T12:45:11.210+0000] {taskinstance.py:2450} ERROR - Received SIGTERM. Terminating subprocesses.
[2026-05-28T12:45:11.229+0000] {taskinstance.py:2698} ERROR - Task failed with exception
Traceback (most recent call last):
  File "/home/airflow/.local/lib/python3.11/site-packages/airflow/models/taskinstance.py", line 433, in _execute_task
    result = execute_callable(context=context, **execute_callable_kwargs)
             ^^^^^^^^^^^^^^^^^^^^^^^^^^^^^^^^^^^^^^^^^^^^^^^^^^^^^^^^^^^^
  File "/home/airflow/.local/lib/python3.11/site-packages/airflow/operators/python.py", line 199, in execute
    return_value = self.execute_callable()
                   ^^^^^^^^^^^^^^^^^^^^^^^
  File "/home/airflow/.local/lib/python3.11/site-packages/airflow/operators/python.py", line 216, in execute_callable
    return self.python_callable(*self.op_args, **self.op_kwargs)
           ^^^^^^^^^^^^^^^^^^^^^^^^^^^^^^^^^^^^^^^^^^^^^^^^^^^^^
  File "/opt/airflow/dags/dag_crime_pipeline.py", line 298, in _run_ml_pipeline
    result = train_and_predict(
             ^^^^^^^^^^^^^^^^^^
  File "/opt/airflow/scripts/ml/ml_pipeline.py", line 1148, in train_and_predict
    daily, all_h3 = aggregate_daily(df_raw)
                    ^^^^^^^^^^^^^^^^^^^^^^^
  File "/opt/airflow/scripts/ml/ml_pipeline.py", line 351, in aggregate_daily
    raw["case_number"] = np.arange(len(raw)).astype(str)
    ~~~^^^^^^^^^^^^^^^
  File "/home/airflow/.local/lib/python3.11/site-packages/pandas/core/frame.py", line 4091, in __setitem__
    self._set_item(key, value)
  File "/home/airflow/.local/lib/python3.11/site-packages/pandas/core/frame.py", line 4300, in _set_item
    value, refs = self._sanitize_column(value)
                  ^^^^^^^^^^^^^^^^^^^^^^^^^^^^
  File "/home/airflow/.local/lib/python3.11/site-packages/pandas/core/frame.py", line 5040, in _sanitize_column
    return sanitize_array(value, self.index, copy=True, allow_2d=True), None
           ^^^^^^^^^^^^^^^^^^^^^^^^^^^^^^^^^^^^^^^^^^^^^^^^^^^^^^^^^^^
  File "/home/airflow/.local/lib/python3.11/site-packages/pandas/core/construction.py", line 623, in sanitize_array
    subarr = subarr.copy()
             ^^^^^^^^^^^^^
  File "/home/airflow/.local/lib/python3.11/site-packages/airflow/models/taskinstance.py", line 2452, in signal_handler
    raise AirflowException("Task received SIGTERM signal")
airflow.exceptions.AirflowException: Task received SIGTERM signal
[2026-05-28T12:45:11.262+0000] {taskinstance.py:1138} INFO - Marking task as UP_FOR_RETRY. dag_id=crime_analytics_pipeline, task_id=ml_train_and_predict, execution_date=20260528T105032, start_date=20260528T124501, end_date=20260528T124511
[2026-05-28T12:45:11.278+0000] {standard_task_runner.py:107} ERROR - Failed to execute job 293 for task ml_train_and_predict (Task received SIGTERM signal; 24674)
[2026-05-28T12:45:11.394+0000] {process_utils.py:79} INFO - Process psutil.Process(pid=24674, status='terminated', exitcode=1, started='12:45:00') (24674) terminated with exit code 1
