[2026-06-05T22:58:48.771+0000] {taskinstance.py:1956} INFO - Dependencies all met for dep_context=non-requeueable deps ti=<TaskInstance: crime_analytics_pipeline.etl_gold manual__2026-06-05T17:42:56.298855+00:00 [queued]>
[2026-06-05T22:58:48.779+0000] {taskinstance.py:1956} INFO - Dependencies all met for dep_context=requeueable deps ti=<TaskInstance: crime_analytics_pipeline.etl_gold manual__2026-06-05T17:42:56.298855+00:00 [queued]>
[2026-06-05T22:58:48.780+0000] {taskinstance.py:2170} INFO - Starting attempt 3 of 4
[2026-06-05T22:58:48.793+0000] {taskinstance.py:2191} INFO - Executing <Task(DataprocSubmitJobOperator): etl_gold> on 2026-06-05 17:42:56.298855+00:00
[2026-06-05T22:58:48.803+0000] {standard_task_runner.py:60} INFO - Started process 14780 to run task
[2026-06-05T22:58:48.807+0000] {standard_task_runner.py:87} INFO - Running: ['***', 'tasks', 'run', 'crime_analytics_pipeline', 'etl_gold', 'manual__2026-06-05T17:42:56.298855+00:00', '--job-id', '565', '--raw', '--subdir', 'DAGS_FOLDER/dag_crime_pipeline.py', '--cfg-path', '/tmp/tmprhne0n9v']
[2026-06-05T22:58:48.811+0000] {standard_task_runner.py:88} INFO - Job 565: Subtask etl_gold
[2026-06-05T22:58:48.878+0000] {task_command.py:423} INFO - Running <TaskInstance: crime_analytics_pipeline.etl_gold manual__2026-06-05T17:42:56.298855+00:00 [running]> on host db8b8170dea9
[2026-06-05T22:58:48.979+0000] {taskinstance.py:2480} INFO - Exporting env vars: AIRFLOW_CTX_DAG_EMAIL='cdash-alerts@example.com' AIRFLOW_CTX_DAG_OWNER='crime-analytics' AIRFLOW_CTX_DAG_ID='crime_analytics_pipeline' AIRFLOW_CTX_TASK_ID='etl_gold' AIRFLOW_CTX_EXECUTION_DATE='2026-06-05T17:42:56.298855+00:00' AIRFLOW_CTX_TRY_NUMBER='3' AIRFLOW_CTX_DAG_RUN_ID='manual__2026-06-05T17:42:56.298855+00:00'
[2026-06-05T22:58:48.981+0000] {dataproc.py:2208} INFO - Submitting job
[2026-06-05T22:58:48.992+0000] {connection.py:234} WARNING - Connection schemes (type: google_cloud_platform) shall not contain '_' according to RFC3986.
[2026-06-05T22:58:48.994+0000] {base.py:83} INFO - Using connection ID 'google_cloud_default' for task execution.
[2026-06-05T22:58:50.717+0000] {dataproc.py:2220} INFO - Job ec9e784e-d97b-4302-a2cd-8a9e3ad58bfa submitted successfully.
[2026-06-05T22:58:50.758+0000] {dataproc.py:2254} INFO - Waiting for job ec9e784e-d97b-4302-a2cd-8a9e3ad58bfa to complete
[2026-06-05T22:59:14.070+0000] {local_task_job_runner.py:302} WARNING - State of this instance has been externally set to restarting. Terminating instance.
[2026-06-05T22:59:14.074+0000] {process_utils.py:131} INFO - Sending 15 to group 14780. PIDs of all processes in the group: [14780]
[2026-06-05T22:59:14.075+0000] {process_utils.py:86} INFO - Sending the signal 15 to group 14780
[2026-06-05T22:59:14.075+0000] {taskinstance.py:2450} ERROR - Received SIGTERM. Terminating subprocesses.
[2026-06-05T22:59:15.501+0000] {taskinstance.py:2698} ERROR - Task failed with exception
Traceback (most recent call last):
  File "/home/airflow/.local/lib/python3.11/site-packages/airflow/models/taskinstance.py", line 433, in _execute_task
    result = execute_callable(context=context, **execute_callable_kwargs)
             ^^^^^^^^^^^^^^^^^^^^^^^^^^^^^^^^^^^^^^^^^^^^^^^^^^^^^^^^^^^^
  File "/home/airflow/.local/lib/python3.11/site-packages/airflow/providers/google/cloud/operators/dataproc.py", line 2255, in execute
    self.hook.wait_for_job(
  File "/home/airflow/.local/lib/python3.11/site-packages/airflow/providers/google/common/hooks/base_google.py", line 477, in inner_wrapper
    return func(self, *args, **kwargs)
           ^^^^^^^^^^^^^^^^^^^^^^^^^^^
  File "/home/airflow/.local/lib/python3.11/site-packages/airflow/providers/google/cloud/hooks/dataproc.py", line 716, in wait_for_job
    time.sleep(wait_time)
  File "/home/airflow/.local/lib/python3.11/site-packages/airflow/models/taskinstance.py", line 2452, in signal_handler
    raise AirflowException("Task received SIGTERM signal")
airflow.exceptions.AirflowException: Task received SIGTERM signal
[2026-06-05T22:59:15.508+0000] {taskinstance.py:1138} INFO - Marking task as UP_FOR_RETRY. dag_id=crime_analytics_pipeline, task_id=etl_gold, execution_date=20260605T174256, start_date=20260605T225848, end_date=20260605T225915
[2026-06-05T22:59:15.522+0000] {standard_task_runner.py:107} ERROR - Failed to execute job 565 for task etl_gold (Task received SIGTERM signal; 14780)
[2026-06-05T22:59:15.546+0000] {process_utils.py:79} INFO - Process psutil.Process(pid=14780, status='terminated', exitcode=1, started='22:58:48') (14780) terminated with exit code 1
