[2026-05-28T11:54:09.538+0000] {taskinstance.py:1956} INFO - Dependencies all met for dep_context=non-requeueable deps ti=<TaskInstance: crime_analytics_pipeline.delete_dataproc_cluster manual__2026-05-28T10:50:32.435865+00:00 [queued]>
[2026-05-28T11:54:09.546+0000] {taskinstance.py:1956} INFO - Dependencies all met for dep_context=requeueable deps ti=<TaskInstance: crime_analytics_pipeline.delete_dataproc_cluster manual__2026-05-28T10:50:32.435865+00:00 [queued]>
[2026-05-28T11:54:09.547+0000] {taskinstance.py:2170} INFO - Starting attempt 1 of 2
[2026-05-28T11:54:09.560+0000] {taskinstance.py:2191} INFO - Executing <Task(DataprocDeleteClusterOperator): delete_dataproc_cluster> on 2026-05-28 10:50:32.435865+00:00
[2026-05-28T11:54:09.568+0000] {standard_task_runner.py:60} INFO - Started process 21180 to run task
[2026-05-28T11:54:09.573+0000] {standard_task_runner.py:87} INFO - Running: ['***', 'tasks', 'run', 'crime_analytics_pipeline', 'delete_dataproc_cluster', 'manual__2026-05-28T10:50:32.435865+00:00', '--job-id', '277', '--raw', '--subdir', 'DAGS_FOLDER/dag_crime_pipeline.py', '--cfg-path', '/tmp/tmpzyn819va']
[2026-05-28T11:54:09.576+0000] {standard_task_runner.py:88} INFO - Job 277: Subtask delete_dataproc_cluster
[2026-05-28T11:54:09.642+0000] {task_command.py:423} INFO - Running <TaskInstance: crime_analytics_pipeline.delete_dataproc_cluster manual__2026-05-28T10:50:32.435865+00:00 [running]> on host db8b8170dea9
[2026-05-28T11:54:09.745+0000] {taskinstance.py:2480} INFO - Exporting env vars: AIRFLOW_CTX_DAG_EMAIL='cdash-alerts@example.com' AIRFLOW_CTX_DAG_OWNER='crime-analytics' AIRFLOW_CTX_DAG_ID='crime_analytics_pipeline' AIRFLOW_CTX_TASK_ID='delete_dataproc_cluster' AIRFLOW_CTX_EXECUTION_DATE='2026-05-28T10:50:32.435865+00:00' AIRFLOW_CTX_TRY_NUMBER='1' AIRFLOW_CTX_DAG_RUN_ID='manual__2026-05-28T10:50:32.435865+00:00'
[2026-05-28T11:54:09.762+0000] {connection.py:234} WARNING - Connection schemes (type: google_cloud_platform) shall not contain '_' according to RFC3986.
[2026-05-28T11:54:09.764+0000] {base.py:83} INFO - Using connection ID 'google_cloud_default' for task execution.
[2026-05-28T11:54:09.764+0000] {dataproc.py:1047} INFO - Deleting cluster: crime-etl-cluster
[2026-05-28T11:54:19.681+0000] {local_task_job_runner.py:302} WARNING - State of this instance has been externally set to restarting. Terminating instance.
[2026-05-28T11:54:19.685+0000] {process_utils.py:131} INFO - Sending 15 to group 21180. PIDs of all processes in the group: [21180]
[2026-05-28T11:54:19.686+0000] {process_utils.py:86} INFO - Sending the signal 15 to group 21180
[2026-05-28T11:54:19.686+0000] {taskinstance.py:2450} ERROR - Received SIGTERM. Terminating subprocesses.
[2026-05-28T11:54:46.345+0000] {taskinstance.py:2698} ERROR - Task failed with exception
Traceback (most recent call last):
  File "/home/airflow/.local/lib/python3.11/site-packages/airflow/providers/google/cloud/hooks/dataproc.py", line 264, in wait_for_operation
    return operation.result(timeout=timeout, retry=result_retry)
           ^^^^^^^^^^^^^^^^^^^^^^^^^^^^^^^^^^^^^^^^^^^^^^^^^^^^^
  File "/home/airflow/.local/lib/python3.11/site-packages/google/api_core/future/polling.py", line 256, in result
    self._blocking_poll(timeout=timeout, retry=retry, polling=polling)
  File "/home/airflow/.local/lib/python3.11/site-packages/google/api_core/future/polling.py", line 137, in _blocking_poll
    polling(self._done_or_raise)(retry=retry)
  File "/home/airflow/.local/lib/python3.11/site-packages/google/api_core/retry.py", line 372, in retry_wrapped_func
    return retry_target(
           ^^^^^^^^^^^^^
  File "/home/airflow/.local/lib/python3.11/site-packages/google/api_core/retry.py", line 236, in retry_target
    time.sleep(sleep)
  File "/home/airflow/.local/lib/python3.11/site-packages/airflow/models/taskinstance.py", line 2452, in signal_handler
    raise AirflowException("Task received SIGTERM signal")
airflow.exceptions.AirflowException: Task received SIGTERM signal

During handling of the above exception, another exception occurred:

Traceback (most recent call last):
  File "/home/airflow/.local/lib/python3.11/site-packages/airflow/models/taskinstance.py", line 433, in _execute_task
    result = execute_callable(context=context, **execute_callable_kwargs)
             ^^^^^^^^^^^^^^^^^^^^^^^^^^^^^^^^^^^^^^^^^^^^^^^^^^^^^^^^^^^^
  File "/home/airflow/.local/lib/python3.11/site-packages/airflow/providers/google/cloud/operators/dataproc.py", line 1016, in execute
    hook.wait_for_operation(timeout=self.timeout, result_retry=self.retry, operation=operation)
  File "/home/airflow/.local/lib/python3.11/site-packages/airflow/providers/google/cloud/hooks/dataproc.py", line 267, in wait_for_operation
    raise AirflowException(error)
airflow.exceptions.AirflowException: None
[2026-05-28T11:54:46.352+0000] {taskinstance.py:1138} INFO - Marking task as UP_FOR_RETRY. dag_id=crime_analytics_pipeline, task_id=delete_dataproc_cluster, execution_date=20260528T105032, start_date=20260528T115409, end_date=20260528T115446
[2026-05-28T11:54:46.365+0000] {standard_task_runner.py:107} ERROR - Failed to execute job 277 for task delete_dataproc_cluster (None; 21180)
[2026-05-28T11:54:46.411+0000] {process_utils.py:79} INFO - Process psutil.Process(pid=21180, status='terminated', exitcode=1, started='11:54:09') (21180) terminated with exit code 1
