[2026-04-14T17:12:18.545+0000] {taskinstance.py:1956} INFO - Dependencies all met for dep_context=non-requeueable deps ti=<TaskInstance: crime_analytics_pipeline.delete_dataproc_cluster scheduled__2026-04-05T02:00:00+00:00 [queued]>
[2026-04-14T17:12:18.552+0000] {taskinstance.py:1956} INFO - Dependencies all met for dep_context=requeueable deps ti=<TaskInstance: crime_analytics_pipeline.delete_dataproc_cluster scheduled__2026-04-05T02:00:00+00:00 [queued]>
[2026-04-14T17:12:18.553+0000] {taskinstance.py:2170} INFO - Starting attempt 2 of 2
[2026-04-14T17:12:18.565+0000] {taskinstance.py:2191} INFO - Executing <Task(DataprocDeleteClusterOperator): delete_dataproc_cluster> on 2026-04-05 02:00:00+00:00
[2026-04-14T17:12:18.577+0000] {standard_task_runner.py:60} INFO - Started process 457 to run task
[2026-04-14T17:12:18.581+0000] {standard_task_runner.py:87} INFO - Running: ['***', 'tasks', 'run', 'crime_analytics_pipeline', 'delete_dataproc_cluster', 'scheduled__2026-04-05T02:00:00+00:00', '--job-id', '5', '--raw', '--subdir', 'DAGS_FOLDER/dag_crime_pipeline.py', '--cfg-path', '/tmp/tmpctmcopoc']
[2026-04-14T17:12:18.584+0000] {standard_task_runner.py:88} INFO - Job 5: Subtask delete_dataproc_cluster
[2026-04-14T17:12:18.654+0000] {task_command.py:423} INFO - Running <TaskInstance: crime_analytics_pipeline.delete_dataproc_cluster scheduled__2026-04-05T02:00:00+00:00 [running]> on host 8d0fe12cd27e
[2026-04-14T17:12:18.738+0000] {taskinstance.py:2480} INFO - Exporting env vars: AIRFLOW_CTX_DAG_OWNER='crime-analytics' AIRFLOW_CTX_DAG_ID='crime_analytics_pipeline' AIRFLOW_CTX_TASK_ID='delete_dataproc_cluster' AIRFLOW_CTX_EXECUTION_DATE='2026-04-05T02:00:00+00:00' AIRFLOW_CTX_TRY_NUMBER='2' AIRFLOW_CTX_DAG_RUN_ID='scheduled__2026-04-05T02:00:00+00:00'
[2026-04-14T17:12:18.751+0000] {connection.py:234} WARNING - Connection schemes (type: google_cloud_platform) shall not contain '_' according to RFC3986.
[2026-04-14T17:12:18.752+0000] {base.py:83} INFO - Using connection ID 'google_cloud_default' for task execution.
[2026-04-14T17:12:18.753+0000] {dataproc.py:1047} INFO - Deleting cluster: crime-etl-cluster
[2026-04-14T17:12:21.854+0000] {taskinstance.py:2698} ERROR - Task failed with exception
Traceback (most recent call last):
  File "/home/airflow/.local/lib/python3.11/site-packages/google/api_core/grpc_helpers.py", line 79, in error_remapped_callable
    return callable_(*args, **kwargs)
           ^^^^^^^^^^^^^^^^^^^^^^^^^^
  File "/home/airflow/.local/lib/python3.11/site-packages/grpc/_channel.py", line 1160, in __call__
    return _end_unary_response_blocking(state, call, False, None)
           ^^^^^^^^^^^^^^^^^^^^^^^^^^^^^^^^^^^^^^^^^^^^^^^^^^^^^^
  File "/home/airflow/.local/lib/python3.11/site-packages/grpc/_channel.py", line 1003, in _end_unary_response_blocking
    raise _InactiveRpcError(state)  # pytype: disable=not-instantiable
    ^^^^^^^^^^^^^^^^^^^^^^^^^^^^^^
grpc._channel._InactiveRpcError: <_InactiveRpcError of RPC that terminated with:
	status = StatusCode.PERMISSION_DENIED
	details = "Cloud Dataproc API has not been used in project sage-mind-489618-n5 before or it is disabled. Enable it by visiting https://console.developers.google.com/apis/api/dataproc.googleapis.com/overview?project=sage-mind-489618-n5 then retry. If you enabled this API recently, wait a few minutes for the action to propagate to our systems and retry."
	debug_error_string = "UNKNOWN:Error received from peer ipv4:142.250.198.202:443 {created_time:"2026-04-14T17:12:21.852582119+00:00", grpc_status:7, grpc_message:"Cloud Dataproc API has not been used in project sage-mind-489618-n5 before or it is disabled. Enable it by visiting https://console.developers.google.com/apis/api/dataproc.googleapis.com/overview?project=sage-mind-489618-n5 then retry. If you enabled this API recently, wait a few minutes for the action to propagate to our systems and retry."}"
>

The above exception was the direct cause of the following exception:

Traceback (most recent call last):
  File "/home/airflow/.local/lib/python3.11/site-packages/airflow/models/taskinstance.py", line 433, in _execute_task
    result = execute_callable(context=context, **execute_callable_kwargs)
             ^^^^^^^^^^^^^^^^^^^^^^^^^^^^^^^^^^^^^^^^^^^^^^^^^^^^^^^^^^^^
  File "/home/airflow/.local/lib/python3.11/site-packages/airflow/providers/google/cloud/operators/dataproc.py", line 1014, in execute
    operation = self._delete_cluster(hook)
                ^^^^^^^^^^^^^^^^^^^^^^^^^^
  File "/home/airflow/.local/lib/python3.11/site-packages/airflow/providers/google/cloud/operators/dataproc.py", line 1048, in _delete_cluster
    return hook.delete_cluster(
           ^^^^^^^^^^^^^^^^^^^^
  File "/home/airflow/.local/lib/python3.11/site-packages/airflow/providers/google/common/hooks/base_google.py", line 477, in inner_wrapper
    return func(self, *args, **kwargs)
           ^^^^^^^^^^^^^^^^^^^^^^^^^^^
  File "/home/airflow/.local/lib/python3.11/site-packages/airflow/providers/google/cloud/hooks/dataproc.py", line 369, in delete_cluster
    result = client.delete_cluster(
             ^^^^^^^^^^^^^^^^^^^^^^
  File "/home/airflow/.local/lib/python3.11/site-packages/google/cloud/dataproc_v1/services/cluster_controller/client.py", line 1221, in delete_cluster
    response = rpc(
               ^^^^
  File "/home/airflow/.local/lib/python3.11/site-packages/google/api_core/gapic_v1/method.py", line 131, in __call__
    return wrapped_func(*args, **kwargs)
           ^^^^^^^^^^^^^^^^^^^^^^^^^^^^^
  File "/home/airflow/.local/lib/python3.11/site-packages/google/api_core/retry.py", line 372, in retry_wrapped_func
    return retry_target(
           ^^^^^^^^^^^^^
  File "/home/airflow/.local/lib/python3.11/site-packages/google/api_core/retry.py", line 207, in retry_target
    result = target()
             ^^^^^^^^
  File "/home/airflow/.local/lib/python3.11/site-packages/google/api_core/timeout.py", line 120, in func_with_timeout
    return func(*args, **kwargs)
           ^^^^^^^^^^^^^^^^^^^^^
  File "/home/airflow/.local/lib/python3.11/site-packages/google/api_core/grpc_helpers.py", line 81, in error_remapped_callable
    raise exceptions.from_grpc_error(exc) from exc
google.api_core.exceptions.PermissionDenied: 403 Cloud Dataproc API has not been used in project sage-mind-489618-n5 before or it is disabled. Enable it by visiting https://console.developers.google.com/apis/api/dataproc.googleapis.com/overview?project=sage-mind-489618-n5 then retry. If you enabled this API recently, wait a few minutes for the action to propagate to our systems and retry. [reason: "SERVICE_DISABLED"
domain: "googleapis.com"
metadata {
  key: "service"
  value: "dataproc.googleapis.com"
}
metadata {
  key: "serviceTitle"
  value: "Cloud Dataproc API"
}
metadata {
  key: "containerInfo"
  value: "sage-mind-489618-n5"
}
metadata {
  key: "consumer"
  value: "projects/sage-mind-489618-n5"
}
metadata {
  key: "activationUrl"
  value: "https://console.developers.google.com/apis/api/dataproc.googleapis.com/overview?project=sage-mind-489618-n5"
}
, locale: "en-US"
message: "Cloud Dataproc API has not been used in project sage-mind-489618-n5 before or it is disabled. Enable it by visiting https://console.developers.google.com/apis/api/dataproc.googleapis.com/overview?project=sage-mind-489618-n5 then retry. If you enabled this API recently, wait a few minutes for the action to propagate to our systems and retry."
, links {
  description: "Google developers console API activation"
  url: "https://console.developers.google.com/apis/api/dataproc.googleapis.com/overview?project=sage-mind-489618-n5"
}
]
[2026-04-14T17:12:21.882+0000] {taskinstance.py:1138} INFO - Marking task as FAILED. dag_id=crime_analytics_pipeline, task_id=delete_dataproc_cluster, execution_date=20260405T020000, start_date=20260414T171218, end_date=20260414T171221
[2026-04-14T17:12:21.895+0000] {standard_task_runner.py:107} ERROR - Failed to execute job 5 for task delete_dataproc_cluster (403 Cloud Dataproc API has not been used in project sage-mind-489618-n5 before or it is disabled. Enable it by visiting https://console.developers.google.com/apis/api/dataproc.googleapis.com/overview?project=sage-mind-489618-n5 then retry. If you enabled this API recently, wait a few minutes for the action to propagate to our systems and retry. [reason: "SERVICE_DISABLED"
domain: "googleapis.com"
metadata {
  key: "service"
  value: "dataproc.googleapis.com"
}
metadata {
  key: "serviceTitle"
  value: "Cloud Dataproc API"
}
metadata {
  key: "containerInfo"
  value: "sage-mind-489618-n5"
}
metadata {
  key: "consumer"
  value: "projects/sage-mind-489618-n5"
}
metadata {
  key: "activationUrl"
  value: "https://console.developers.google.com/apis/api/dataproc.googleapis.com/overview?project=sage-mind-489618-n5"
}
, locale: "en-US"
message: "Cloud Dataproc API has not been used in project sage-mind-489618-n5 before or it is disabled. Enable it by visiting https://console.developers.google.com/apis/api/dataproc.googleapis.com/overview?project=sage-mind-489618-n5 then retry. If you enabled this API recently, wait a few minutes for the action to propagate to our systems and retry."
, links {
  description: "Google developers console API activation"
  url: "https://console.developers.google.com/apis/api/dataproc.googleapis.com/overview?project=sage-mind-489618-n5"
}
]; 457)
[2026-04-14T17:12:21.933+0000] {local_task_job_runner.py:234} INFO - Task exited with return code 1
[2026-04-14T17:12:21.961+0000] {taskinstance.py:3280} INFO - 0 downstream tasks scheduled from follow-on schedule check
