[2026-06-01T20:04:07.929+0000] {taskinstance.py:1956} INFO - Dependencies all met for dep_context=non-requeueable deps ti=<TaskInstance: crime_analytics_pipeline.ml_train_and_predict manual__2026-06-01T14:40:05.181248+00:00 [queued]>
[2026-06-01T20:04:07.939+0000] {taskinstance.py:1956} INFO - Dependencies all met for dep_context=requeueable deps ti=<TaskInstance: crime_analytics_pipeline.ml_train_and_predict manual__2026-06-01T14:40:05.181248+00:00 [queued]>
[2026-06-01T20:04:07.940+0000] {taskinstance.py:2170} INFO - Starting attempt 3 of 4
[2026-06-01T20:04:07.955+0000] {taskinstance.py:2191} INFO - Executing <Task(PythonOperator): ml_train_and_predict> on 2026-06-01 14:40:05.181248+00:00
[2026-06-01T20:04:07.967+0000] {standard_task_runner.py:60} INFO - Started process 3987 to run task
[2026-06-01T20:04:07.971+0000] {standard_task_runner.py:87} INFO - Running: ['***', 'tasks', 'run', 'crime_analytics_pipeline', 'ml_train_and_predict', 'manual__2026-06-01T14:40:05.181248+00:00', '--job-id', '406', '--raw', '--subdir', 'DAGS_FOLDER/dag_crime_pipeline.py', '--cfg-path', '/tmp/tmp2daccskj']
[2026-06-01T20:04:07.976+0000] {standard_task_runner.py:88} INFO - Job 406: Subtask ml_train_and_predict
[2026-06-01T20:04:08.059+0000] {task_command.py:423} INFO - Running <TaskInstance: crime_analytics_pipeline.ml_train_and_predict manual__2026-06-01T14:40:05.181248+00:00 [running]> on host db8b8170dea9
[2026-06-01T20:04:08.181+0000] {taskinstance.py:2480} INFO - Exporting env vars: AIRFLOW_CTX_DAG_EMAIL='cdash-alerts@example.com' AIRFLOW_CTX_DAG_OWNER='crime-analytics' AIRFLOW_CTX_DAG_ID='crime_analytics_pipeline' AIRFLOW_CTX_TASK_ID='ml_train_and_predict' AIRFLOW_CTX_EXECUTION_DATE='2026-06-01T14:40:05.181248+00:00' AIRFLOW_CTX_TRY_NUMBER='3' AIRFLOW_CTX_DAG_RUN_ID='manual__2026-06-01T14:40:05.181248+00:00'
[2026-06-01T20:04:09.921+0000] {ml_pipeline.py:1437} INFO - ========================================================================
[2026-06-01T20:04:09.922+0000] {ml_pipeline.py:1438} INFO -   Chicago Crime Hotspot Forecasting  –  ml_pipeline v13 dynamic-spatial
[2026-06-01T20:04:09.922+0000] {ml_pipeline.py:1439} INFO -   Target: next_has_crime = (next_total >= 1) | schema OK
[2026-06-01T20:04:09.923+0000] {ml_pipeline.py:1440} INFO - ========================================================================
[2026-06-01T20:04:09.987+0000] {ml_pipeline.py:318} INFO - [ML] Loading enriched_crime_data from BigQuery (last 400 days)...
[2026-06-01T20:04:18.504+0000] {ml_pipeline.py:380} INFO - [ML] Loaded 247690 rows, date range: 2025-04-27 → 2026-05-18
[2026-06-01T20:04:18.505+0000] {ml_pipeline.py:394} INFO - [ML] Aggregating daily per H3...
[2026-06-01T20:04:21.564+0000] {ml_pipeline.py:466} INFO - [ML] Daily grid: 329,724 rows, 852 H3 cells, 387 dates | RAM-safe downcast done
[2026-06-01T20:04:21.633+0000] {ml_pipeline.py:490} INFO - [ML] H3 neighbors built. Avg ring-1 in dataset: 5.4
[2026-06-01T20:04:21.697+0000] {ml_pipeline.py:1476} INFO - [ML] Split  Train: 2025-09-12→2026-04-19 (220 d)  Val: 2026-05-04→2026-05-10  Test: 2026-05-11→2026-05-17
[2026-06-01T20:04:21.765+0000] {ml_pipeline.py:525} INFO - [ML]   [4A] Own-cell lag/rolling features
[2026-06-01T20:04:25.951+0000] {ml_pipeline.py:570} INFO - [ML]   [4B] Burst/streak features
[2026-06-01T20:04:26.132+0000] {ml_pipeline.py:595} INFO - [ML]   [4C] Crime-type composition
[2026-06-01T20:04:27.725+0000] {ml_pipeline.py:612} INFO - [ML]   [4D] Weather/context features
[2026-06-01T20:04:28.154+0000] {ml_pipeline.py:628} INFO - [ML]   [4E] Community-level features
[2026-06-01T20:04:29.103+0000] {ml_pipeline.py:676} INFO - [ML]   [4F] City-level features
[2026-06-01T20:04:29.704+0000] {ml_pipeline.py:710} INFO - [ML]   [4G] H3 spatial spillover v13 dynamic-spatial
[2026-06-01T20:04:30.040+0000] {ml_pipeline.py:778} INFO - [ML]     computing nbr_r1 mean/sum/max/std/active-count + r2 + roll7 ...
[2026-06-01T20:04:33.851+0000] {ml_pipeline.py:842} INFO - [ML]     ✓ Spatial spillover features added, single-merge RAM-safe
[2026-06-01T20:04:33.852+0000] {ml_pipeline.py:857} INFO - [ML]   [4H] Train-only spatial priors
[2026-06-01T20:04:34.966+0000] {ml_pipeline.py:907} INFO - [ML]   [4I] Near-repeat victimization (Near-Repeat Theory)
[2026-06-01T20:04:35.010+0000] {ml_pipeline.py:920} INFO - [ML]   [4J] Cross-crime lead-lag (Escalation Theory)
[2026-06-01T20:04:35.019+0000] {ml_pipeline.py:933} INFO - [ML]   [4K] Arrest deterrence (Deterrence Theory)
[2026-06-01T20:04:35.250+0000] {ml_pipeline.py:959} INFO - [ML]   [4L] Density-normalized crime
[2026-06-01T20:04:35.256+0000] {ml_pipeline.py:976} INFO - [ML]   [4M] Holiday/event features (Routine Activity Theory)
[2026-06-01T20:04:38.715+0000] {ml_pipeline.py:986} INFO - [ML]   [4N] Momentum and trend direction
[2026-06-01T20:04:40.685+0000] {ml_pipeline.py:1008} INFO - [ML]   [4O] Hardship interaction (Social Disorganization Theory)
[2026-06-01T20:04:40.693+0000] {ml_pipeline.py:1024} INFO - [ML]   [4P] Prior-relative features
[2026-06-01T20:04:40.703+0000] {ml_pipeline.py:1044} INFO - [ML] Feature engineering done. Shape: (329724, 277)
[2026-06-01T20:04:42.171+0000] {ml_pipeline.py:1069} INFO - [ML] Preparing train/calib/val/test splits...
[2026-06-01T20:04:42.185+0000] {ml_pipeline.py:1101} INFO - [ML] Prior de-dup/damping: removed 9 prior feature(s)
[2026-06-01T20:04:45.066+0000] {ml_pipeline.py:1140} INFO - [ML] Train=187440  Calib=11928  Val=5964  Test=5964  features=259
[2026-06-01T20:04:45.067+0000] {ml_pipeline.py:1142} INFO - [ML] Dropped const/null=7 | Pos rate train=39.79% | scale_pos_weight raw=1.51 used=1.36 (power=0.75)
[2026-06-01T20:04:45.068+0000] {ml_pipeline.py:1144} INFO - [ML] Feature groups: spatial_nbr=23 temporal=148 criminology=10
[2026-06-01T20:04:46.476+0000] {logging_mixin.py:188} INFO - [0]	validation_0-aucpr:0.73853	validation_1-aucpr:0.74616
[2026-06-01T20:05:01.240+0000] {logging_mixin.py:188} INFO - [200]	validation_0-aucpr:0.75024	validation_1-aucpr:0.75361
[2026-06-01T20:05:01.708+0000] {logging_mixin.py:188} INFO - [207]	validation_0-aucpr:0.75032	validation_1-aucpr:0.75361
[2026-06-01T20:05:01.730+0000] {ml_pipeline.py:1158} INFO - [ML] Training done. Best iteration: 87
[2026-06-01T20:05:01.736+0000] {ml_pipeline.py:1187} INFO - [ML][FI/WEIGHT] Top-30 features:
                   feature  score
      h3_train_active_rate  731.0
       h3_train_percentile  513.0
                    ewm_90  150.0
                   doy_cos   76.0
                    ewm_60   75.0
          h3_vs_comm_prior   70.0
            near_repeat_3d   66.0
                    ewm_30   60.0
                    ewm_14   45.0
  city_violent_roll_mean_7   39.0
              roll_mean_90   39.0
               roll_sum_90   37.0
           city_total_lag1   34.0
                     ewm_7   33.0
 crime_vs_density_expected   33.0
               zero_streak   32.0
    local_nbr_double_burst   30.0
              roll_mean_45   29.0
   city_total_roll_mean_30   27.0
               is_property   26.0
        city_property_lag1   25.0
    city_total_roll_mean_7   25.0
         crime_per_1000pop   23.0
              roll_mean_21   22.0
            same_dow_roll8   21.0
city_property_roll_mean_30   21.0
               roll_sum_45   20.0
                burst_3_30   20.0
               roll_std_90   20.0
               roll_mean_3   19.0
[2026-06-01T20:05:01.738+0000] {ml_pipeline.py:1187} INFO - [ML][FI/GAIN] Top-30 features:
               feature       score
                ewm_60 5235.572266
           roll_sum_90 2898.142822
          roll_mean_90 2683.968994
                ewm_90 2533.129883
                ewm_30 1748.619507
           roll_sum_45 1699.520874
        active_rate_60 1692.868530
  h3_train_active_rate 1446.514893
   h3_train_percentile  961.497803
          roll_mean_60  852.639954
           roll_sum_14  740.447388
           roll_sum_60  344.387634
           roll_std_90  254.294830
        active_rate_14  201.234039
                ewm_14  191.071808
          roll_mean_45  159.874634
        near_repeat_5d  132.249664
        near_repeat_3d  115.736595
                 ewm_7   88.798058
hardship_x_active_rate   85.212753
           zero_streak   69.336693
           roll_mean_3   68.455597
           roll_mean_7   65.174347
            burst_3_30   60.777893
             month_cos   56.742802
      h3_vs_comm_prior   56.608833
            roll_sum_7   55.297913
 h3_nbr_joint_activity   52.771816
               doy_cos   51.353626
          had_crime_1d   51.019760
[2026-06-01T20:05:01.741+0000] {ml_pipeline.py:1187} INFO - [ML][FI/COVER] Top-30 features:
               feature        score
           roll_sum_14 41436.320312
        near_repeat_5d 26487.585938
hardship_x_active_rate 22447.048828
        active_rate_14 22261.767578
        near_repeat_3d 21343.228516
            is_weekend 21198.228516
          roll_mean_60 20764.712891
               dow_sin 20693.623047
     days_from_holiday 19679.517578
                ewm_60 19359.572266
        active_rate_60 18861.619141
                 lag_2 18752.394531
          roll_mean_90 17974.138672
           roll_sum_60 17264.363281
           is_property 17193.001953
  h3_train_active_rate 16473.058594
          had_crime_1d 16360.218750
                ewm_30 16311.796875
            roll_max_3 15258.105469
           roll_mean_7 15106.166992
       days_to_holiday 14889.791992
           roll_sum_90 14857.238281
                ewm_90 14590.466797
   h3_train_percentile 14549.464844
           roll_sum_45 14089.181641
          nbr_r1_roll7 13960.252930
        holiday_window 13959.143555
            burst_3_30 13390.671875
local_nbr_double_burst 13011.189453
    property_ratio_day 12965.269531
[2026-06-01T20:05:01.750+0000] {ml_pipeline.py:1232} INFO - [ML][FI/GROUP] Feature group contribution (by GAIN):
           group        score  pct
temporal_rolling 23175.341309 94.0
   spatial_prior   961.497803  3.9
     criminology   247.986259  1.0
        calendar   108.096428  0.4
           other   103.791576  0.4
  community_city    56.608833  0.2
[2026-06-01T20:05:01.751+0000] {ml_pipeline.py:1241} WARNING - [ML][FI] ⚠️  Nhóm 'temporal_rolling' chiếm 94.0% tổng GAIN — nguy cơ model phụ thuộc quá nhiều vào 1 loại feature. Xem xét tăng reg_alpha/reg_lambda hoặc giảm colsample_bytree.
[2026-06-01T20:05:01.994+0000] {ml_pipeline.py:1261} INFO - [ML] Calibrated threshold guarded: 0.51 | F1_CALIB=0.7149 | calib_base=0.4127
[2026-06-01T20:05:01.996+0000] {ml_pipeline.py:1265} INFO - [ML] Threshold candidates near best:
 threshold       f1  pred_rate  guarded_score
      0.49 0.712640   0.606053       0.712640
      0.50 0.713635   0.599933       0.713635
      0.51 0.714940   0.594567       0.714940
      0.52 0.714381   0.589956       0.714381
      0.53 0.714021   0.583417       0.714021
[2026-06-01T20:05:02.056+0000] {ml_pipeline.py:1288} INFO - [ML] VAL  – P=0.6115 R=0.8778 F1=0.7208 AUC=0.8308 AP=0.7645 pred_rate=0.595
[2026-06-01T20:05:02.057+0000] {ml_pipeline.py:1291} INFO - [ML] TEST – P=0.5147 R=0.8848 F1=0.6508 AUC=0.8045 AP=0.6598 pred_rate=0.600
[2026-06-01T20:05:02.063+0000] {ml_pipeline.py:1319} INFO - [ML] Feature day: 2026-05-18  →  Prediction day: 2026-05-19  (852 H3 cells)
[2026-06-01T20:05:02.179+0000] {ml_pipeline.py:1357} INFO - [ML] Predictions – cells=852  predicted_crime=511 (60.0%)
[2026-06-01T20:05:02.180+0000] {ml_pipeline.py:1361} INFO - [ML] Risk distribution:
risk_level
LOW         202
MEDIUM      209
HIGH        257
CRITICAL    184
[2026-06-01T20:05:02.181+0000] {ml_pipeline.py:1384} INFO - [ML] Writing 852 predictions → sage-mind-489618-n5.cdash_warehouse.prediction_results (mode=WRITE_TRUNCATE)
[2026-06-01T20:05:07.559+0000] {ml_pipeline.py:1403} INFO - [ML] ✓ Predictions written to BigQuery.
[2026-06-01T20:05:07.595+0000] {ml_pipeline.py:1525} INFO - [ML] Model artifact saved → /tmp/crime_model_v13.pkl
[2026-06-01T20:05:07.597+0000] {ml_pipeline.py:1528} INFO - ========================================================================
[2026-06-01T20:05:07.598+0000] {ml_pipeline.py:1529} INFO -   SUMMARY v13 dynamic-spatial
[2026-06-01T20:05:07.598+0000] {ml_pipeline.py:1530} INFO -   VAL  AUC=0.8308  F1=0.7208  AP=0.7645
[2026-06-01T20:05:07.599+0000] {ml_pipeline.py:1531} INFO -   TEST AUC=0.8045  F1=0.6508  AP=0.6598
[2026-06-01T20:05:07.599+0000] {ml_pipeline.py:1532} INFO -   Threshold (F1-calib)=0.51  |  Predictions=852
[2026-06-01T20:05:07.600+0000] {ml_pipeline.py:1533} INFO - ========================================================================
[2026-06-01T20:05:07.688+0000] {python.py:201} INFO - Done. Returned value was: {'val_auc': 0.8308330252457276, 'val_f1': 0.7208374875373879, 'test_auc': 0.8045034693311817, 'test_f1': 0.650776836158192, 'threshold': 0.5100000000000001, 'n_predictions': 852, 'model_version': '2026-06-01.crime_prob_v13_dynamic_spatial'}
[2026-06-01T20:05:07.719+0000] {taskinstance.py:1138} INFO - Marking task as SUCCESS. dag_id=crime_analytics_pipeline, task_id=ml_train_and_predict, execution_date=20260601T144005, start_date=20260601T200407, end_date=20260601T200507
[2026-06-01T20:05:07.896+0000] {local_task_job_runner.py:234} INFO - Task exited with return code 0
[2026-06-01T20:05:07.922+0000] {taskinstance.py:3280} INFO - 2 downstream tasks scheduled from follow-on schedule check
