[2026-06-01T20:43:43.254+0000] {taskinstance.py:1956} INFO - Dependencies all met for dep_context=non-requeueable deps ti=<TaskInstance: crime_analytics_pipeline.ml_train_and_predict manual__2026-06-01T14:40:05.181248+00:00 [queued]>
[2026-06-01T20:43:43.263+0000] {taskinstance.py:1956} INFO - Dependencies all met for dep_context=requeueable deps ti=<TaskInstance: crime_analytics_pipeline.ml_train_and_predict manual__2026-06-01T14:40:05.181248+00:00 [queued]>
[2026-06-01T20:43:43.264+0000] {taskinstance.py:2170} INFO - Starting attempt 9 of 10
[2026-06-01T20:43:43.276+0000] {taskinstance.py:2191} INFO - Executing <Task(PythonOperator): ml_train_and_predict> on 2026-06-01 14:40:05.181248+00:00
[2026-06-01T20:43:43.288+0000] {standard_task_runner.py:60} INFO - Started process 4870 to run task
[2026-06-01T20:43:43.294+0000] {standard_task_runner.py:87} INFO - Running: ['***', 'tasks', 'run', 'crime_analytics_pipeline', 'ml_train_and_predict', 'manual__2026-06-01T14:40:05.181248+00:00', '--job-id', '424', '--raw', '--subdir', 'DAGS_FOLDER/dag_crime_pipeline.py', '--cfg-path', '/tmp/tmpmdid7lzs']
[2026-06-01T20:43:43.298+0000] {standard_task_runner.py:88} INFO - Job 424: Subtask ml_train_and_predict
[2026-06-01T20:43:43.365+0000] {task_command.py:423} INFO - Running <TaskInstance: crime_analytics_pipeline.ml_train_and_predict manual__2026-06-01T14:40:05.181248+00:00 [running]> on host db8b8170dea9
[2026-06-01T20:43:43.475+0000] {taskinstance.py:2480} INFO - Exporting env vars: AIRFLOW_CTX_DAG_EMAIL='cdash-alerts@example.com' AIRFLOW_CTX_DAG_OWNER='crime-analytics' AIRFLOW_CTX_DAG_ID='crime_analytics_pipeline' AIRFLOW_CTX_TASK_ID='ml_train_and_predict' AIRFLOW_CTX_EXECUTION_DATE='2026-06-01T14:40:05.181248+00:00' AIRFLOW_CTX_TRY_NUMBER='9' AIRFLOW_CTX_DAG_RUN_ID='manual__2026-06-01T14:40:05.181248+00:00'
[2026-06-01T20:43:44.333+0000] {ml_pipeline.py:1491} INFO - ========================================================================
[2026-06-01T20:43:44.334+0000] {ml_pipeline.py:1492} INFO -   Chicago Crime Hotspot Forecasting  –  ml_pipeline v13 dynamic-spatial
[2026-06-01T20:43:44.335+0000] {ml_pipeline.py:1493} INFO -   Target: next_has_crime = (next_total >= 1) | schema OK
[2026-06-01T20:43:44.335+0000] {ml_pipeline.py:1494} INFO - ========================================================================
[2026-06-01T20:43:44.388+0000] {ml_pipeline.py:318} INFO - [ML] Loading enriched_crime_data from BigQuery (last 800 days)...
[2026-06-01T20:43:56.492+0000] {ml_pipeline.py:380} INFO - [ML] Loaded 520788 rows, date range: 2024-03-23 → 2026-05-18
[2026-06-01T20:43:56.493+0000] {ml_pipeline.py:394} INFO - [ML] Aggregating daily per H3...
[2026-06-01T20:44:01.108+0000] {ml_pipeline.py:466} INFO - [ML] Daily grid: 682,329 rows, 867 H3 cells, 787 dates | RAM-safe downcast done
[2026-06-01T20:44:01.155+0000] {ml_pipeline.py:490} INFO - [ML] H3 neighbors built. Avg ring-1 in dataset: 5.4
[2026-06-01T20:44:01.276+0000] {ml_pipeline.py:1530} INFO - [ML] Split  Train: 2024-11-15→2026-03-29 (500 d)  Val: 2026-04-20→2026-05-03  Test: 2026-05-04→2026-05-17
[2026-06-01T20:44:01.439+0000] {ml_pipeline.py:526} INFO - [ML]   [4A] Orthogonal temporal features (v14)
[2026-06-01T20:44:05.395+0000] {ml_pipeline.py:622} INFO - [ML]   [4B] Burst/streak features
[2026-06-01T20:44:05.740+0000] {ml_pipeline.py:647} INFO - [ML]   [4C] Crime-type composition
[2026-06-01T20:44:09.308+0000] {ml_pipeline.py:664} INFO - [ML]   [4D] Weather/context features
[2026-06-01T20:44:10.282+0000] {ml_pipeline.py:679} INFO - [ML]   [4E] Community-level features
[2026-06-01T20:44:11.910+0000] {ml_pipeline.py:730} INFO - [ML]   [4F] City-level features
[2026-06-01T20:44:13.296+0000] {ml_pipeline.py:764} INFO - [ML]   [4G] H3 spatial spillover v13 dynamic-spatial
[2026-06-01T20:44:13.942+0000] {ml_pipeline.py:832} INFO - [ML]     computing nbr_r1 mean/sum/max/std/active-count + r2 + roll7 ...
[2026-06-01T20:44:17.272+0000] {ml_pipeline.py:896} INFO - [ML]     ✓ Spatial spillover features added, single-merge RAM-safe
[2026-06-01T20:44:17.273+0000] {ml_pipeline.py:911} INFO - [ML]   [4H] Train-only spatial priors
[2026-06-01T20:44:19.339+0000] {ml_pipeline.py:961} INFO - [ML]   [4I] Near-repeat victimization (Near-Repeat Theory)
[2026-06-01T20:44:19.388+0000] {ml_pipeline.py:974} INFO - [ML]   [4J] Cross-crime lead-lag (Escalation Theory)
[2026-06-01T20:44:19.406+0000] {ml_pipeline.py:987} INFO - [ML]   [4K] Arrest deterrence (Deterrence Theory)
[2026-06-01T20:44:19.860+0000] {ml_pipeline.py:1013} INFO - [ML]   [4L] Density-normalized crime
[2026-06-01T20:44:19.875+0000] {ml_pipeline.py:1030} INFO - [ML]   [4M] Holiday/event features (Routine Activity Theory)
[2026-06-01T20:44:28.812+0000] {ml_pipeline.py:1040} INFO - [ML]   [4N] Momentum and trend direction
[2026-06-01T20:44:31.328+0000] {ml_pipeline.py:1062} INFO - [ML]   [4O] Hardship interaction (Social Disorganization Theory)
[2026-06-01T20:44:31.339+0000] {ml_pipeline.py:1078} INFO - [ML]   [4P] Prior-relative features
[2026-06-01T20:44:31.352+0000] {ml_pipeline.py:1098} INFO - [ML] Feature engineering done. Shape: (682329, 270)
[2026-06-01T20:44:32.191+0000] {ml_pipeline.py:1123} INFO - [ML] Preparing train/calib/val/test splits...
[2026-06-01T20:44:32.217+0000] {ml_pipeline.py:1155} INFO - [ML] Prior de-dup/damping: removed 9 prior feature(s)
[2026-06-01T20:44:36.636+0000] {ml_pipeline.py:1194} INFO - [ML] Train=433500  Calib=18207  Val=12138  Test=12138  features=250
[2026-06-01T20:44:36.638+0000] {ml_pipeline.py:1196} INFO - [ML] Dropped const/null=9 | Pos rate train=40.12% | scale_pos_weight raw=1.49 used=1.35 (power=0.75)
[2026-06-01T20:44:36.638+0000] {ml_pipeline.py:1198} INFO - [ML] Feature groups: spatial_nbr=23 temporal=137 criminology=10
[2026-06-01T20:44:38.709+0000] {logging_mixin.py:188} INFO - [0]	validation_0-aucpr:0.74412	validation_1-aucpr:0.74774
[2026-06-01T20:45:12.302+0000] {logging_mixin.py:188} INFO - [200]	validation_0-aucpr:0.75538	validation_1-aucpr:0.75918
[2026-06-01T20:45:35.405+0000] {logging_mixin.py:188} INFO - [347]	validation_0-aucpr:0.75713	validation_1-aucpr:0.75796
[2026-06-01T20:45:35.429+0000] {ml_pipeline.py:1212} INFO - [ML] Training done. Best iteration: 227
[2026-06-01T20:45:35.434+0000] {ml_pipeline.py:1241} INFO - [ML][FI/WEIGHT] Top-30 features:
                  feature  score
     h3_train_active_rate  521.0
      h3_train_percentile  480.0
                   ewm_90  268.0
                   ewm_30  198.0
                   ewm_60  178.0
         h3_vs_comm_prior  139.0
                  doy_cos  138.0
             roll_mean_90  114.0
           near_repeat_3d  102.0
                  doy_sin   84.0
              zero_streak   78.0
              roll_sum_90   77.0
           active_rate_90   68.0
 city_violent_roll_mean_7   62.0
                    ewm_7   56.0
             roll_mean_30   55.0
         city_active_lag1   53.0
                dayofyear   53.0
crime_vs_density_expected   49.0
             roll_mean_45   49.0
     active_rate_vs_train   47.0
              roll_std_90   46.0
                month_cos   46.0
     high_prior_x_weekend   44.0
              is_property   40.0
              roll_sum_30   39.0
                   ewm_14   37.0
          city_total_lag1   37.0
             total_crimes   37.0
              roll_std_45   36.0
[2026-06-01T20:45:35.436+0000] {ml_pipeline.py:1241} INFO - [ML][FI/GAIN] Top-30 features:
               feature        score
        active_rate_60 24072.169922
          roll_mean_30  5409.086426
           roll_sum_90  4684.008301
          roll_mean_45  4137.242188
          roll_mean_60  3571.952881
           roll_sum_60  3537.659180
                ewm_60  3480.982178
                ewm_90  3474.416260
          roll_mean_90  3440.596924
                ewm_30  3357.146240
  h3_train_active_rate  2926.253906
        active_rate_90  2816.985107
           roll_mean_7  2463.488770
        active_rate_30  2088.568604
            roll_sum_5  1718.067017
   h3_train_percentile  1477.976562
           roll_sum_30  1061.189209
           roll_sum_45   903.413208
           roll_mean_5   828.800415
           roll_std_45   570.795227
      h3_city_share_30   502.775818
           roll_std_90   458.721436
           roll_std_60   405.091888
        near_repeat_5d   333.101074
                 ewm_7   287.030579
                ewm_14   251.731888
        near_repeat_3d   189.199356
 h3_nbr_joint_activity   170.072083
hardship_x_active_rate   162.451401
           zero_streak   151.607544
[2026-06-01T20:45:35.438+0000] {ml_pipeline.py:1241} INFO - [ML][FI/COVER] Top-30 features:
               feature        score
        active_rate_60 70482.921875
        near_repeat_5d 60392.910156
               dow_cos 56858.695312
                 lag_3 52859.828125
          had_crime_2d 52701.695312
        holiday_window 51918.847656
  active_rate_vs_train 50638.503906
            zero_today 50236.125000
        near_repeat_3d 48802.882812
                 lag_2 47218.714844
           is_property 44995.453125
          had_crime_3d 44835.652344
        active_rate_30 44262.726562
 h3_nbr_joint_activity 44205.246094
            roll_max_7 44050.394531
            nbr_r1_sum 43306.054688
hardship_x_active_rate 40165.585938
            prev_crime 39674.914062
                 lag_1 39525.242188
 narcotics_roll_sum_14 39450.339844
          total_crimes 39132.531250
          nbr_r1_roll7 39098.093750
         arrest_rate_7 38578.222656
        active_rate_90 38137.406250
          roll_mean_45 36493.695312
    property_ratio_day 36390.371094
           roll_sum_90 36144.261719
          roll_mean_90 35573.335938
               doy_sin 35083.101562
                ewm_30 34255.328125
[2026-06-01T20:45:35.442+0000] {ml_pipeline.py:1286} INFO - [ML][FI/GROUP] Feature group contribution (by GAIN):
           group        score  pct
temporal_rolling 76259.456696 96.6
   spatial_prior  1477.976562  1.9
     criminology   522.300430  0.7
  community_city   502.775818  0.6
           other   170.072083  0.2
[2026-06-01T20:45:35.442+0000] {ml_pipeline.py:1295} WARNING - [ML][FI] ⚠️  Nhóm 'temporal_rolling' chiếm 96.6% tổng GAIN — nguy cơ model phụ thuộc quá nhiều vào 1 loại feature. Xem xét tăng reg_alpha/reg_lambda hoặc giảm colsample_bytree.
[2026-06-01T20:45:37.429+0000] {ml_pipeline.py:1315} INFO - [ML] Calibrated threshold guarded: 0.52 | F1_CALIB=0.7125 | calib_base=0.3957
[2026-06-01T20:45:37.431+0000] {ml_pipeline.py:1319} INFO - [ML] Threshold candidates near best:
 threshold       f1  pred_rate  guarded_score
      0.50 0.711570   0.577965       0.711570
      0.51 0.711826   0.570824       0.711826
      0.52 0.712489   0.564838       0.712489
      0.53 0.712469   0.558851       0.712469
      0.54 0.711003   0.550777       0.711003
[2026-06-01T20:45:37.561+0000] {ml_pipeline.py:1342} INFO - [ML] VAL  – P=0.6125 R=0.8590 F1=0.7151 AUC=0.8279 AP=0.7535 pred_rate=0.569
[2026-06-01T20:45:37.562+0000] {ml_pipeline.py:1345} INFO - [ML] TEST – P=0.5673 R=0.8704 F1=0.6869 AUC=0.8220 AP=0.7116 pred_rate=0.576
[2026-06-01T20:45:38.352+0000] {ml_pipeline.py:1373} INFO - [ML] Feature day: 2026-05-18  →  Prediction day: 2026-05-19  (867 H3 cells)
[2026-06-01T20:45:38.466+0000] {ml_pipeline.py:1411} INFO - [ML] Predictions – cells=867  predicted_crime=499 (57.6%)
[2026-06-01T20:45:38.467+0000] {ml_pipeline.py:1415} INFO - [ML] Risk distribution:
risk_level
LOW         243
MEDIUM      177
HIGH        218
CRITICAL    229
[2026-06-01T20:45:38.468+0000] {ml_pipeline.py:1438} INFO - [ML] Writing 867 predictions → sage-mind-489618-n5.cdash_warehouse.prediction_results (mode=WRITE_TRUNCATE)
[2026-06-01T20:45:43.509+0000] {ml_pipeline.py:1457} INFO - [ML] ✓ Predictions written to BigQuery.
[2026-06-01T20:45:43.531+0000] {ml_pipeline.py:1586} INFO - [ML] Model artifact saved → /tmp/crime_model_v13.pkl
[2026-06-01T20:45:43.533+0000] {ml_pipeline.py:1589} INFO - ========================================================================
[2026-06-01T20:45:43.534+0000] {ml_pipeline.py:1590} INFO -   SUMMARY v13 dynamic-spatial
[2026-06-01T20:45:43.535+0000] {ml_pipeline.py:1591} INFO -   VAL  AUC=0.8279  F1=0.7151  AP=0.7535
[2026-06-01T20:45:43.535+0000] {ml_pipeline.py:1592} INFO -   TEST AUC=0.8220  F1=0.6869  AP=0.7116
[2026-06-01T20:45:43.536+0000] {ml_pipeline.py:1593} INFO -   Threshold (F1-calib)=0.52  |  Predictions=867
[2026-06-01T20:45:43.536+0000] {ml_pipeline.py:1594} INFO - ========================================================================
[2026-06-01T20:45:43.649+0000] {python.py:201} INFO - Done. Returned value was: {'val_auc': 0.8279255630261114, 'val_f1': 0.7151433161410332, 'test_auc': 0.8219975651997873, 'test_f1': 0.6868826893086121, 'threshold': 0.5200000000000001, 'n_predictions': 867, 'model_version': '2026-06-01.crime_prob_v13_dynamic_spatial'}
[2026-06-01T20:45:43.678+0000] {taskinstance.py:1138} INFO - Marking task as SUCCESS. dag_id=crime_analytics_pipeline, task_id=ml_train_and_predict, execution_date=20260601T144005, start_date=20260601T204343, end_date=20260601T204543
[2026-06-01T20:45:43.962+0000] {local_task_job_runner.py:234} INFO - Task exited with return code 0
[2026-06-01T20:45:43.999+0000] {taskinstance.py:3280} INFO - 2 downstream tasks scheduled from follow-on schedule check
