[2026-06-01T17:55:04.448+0000] {taskinstance.py:1956} INFO - Dependencies all met for dep_context=non-requeueable deps ti=<TaskInstance: crime_analytics_pipeline.ml_train_and_predict manual__2026-06-01T14:40:05.181248+00:00 [queued]>
[2026-06-01T17:55:04.457+0000] {taskinstance.py:1956} INFO - Dependencies all met for dep_context=requeueable deps ti=<TaskInstance: crime_analytics_pipeline.ml_train_and_predict manual__2026-06-01T14:40:05.181248+00:00 [queued]>
[2026-06-01T17:55:04.458+0000] {taskinstance.py:2170} INFO - Starting attempt 1 of 2
[2026-06-01T17:55:04.472+0000] {taskinstance.py:2191} INFO - Executing <Task(PythonOperator): ml_train_and_predict> on 2026-06-01 14:40:05.181248+00:00
[2026-06-01T17:55:04.485+0000] {standard_task_runner.py:60} INFO - Started process 2616 to run task
[2026-06-01T17:55:04.489+0000] {standard_task_runner.py:87} INFO - Running: ['***', 'tasks', 'run', 'crime_analytics_pipeline', 'ml_train_and_predict', 'manual__2026-06-01T14:40:05.181248+00:00', '--job-id', '402', '--raw', '--subdir', 'DAGS_FOLDER/dag_crime_pipeline.py', '--cfg-path', '/tmp/tmp6qbm4xf0']
[2026-06-01T17:55:04.493+0000] {standard_task_runner.py:88} INFO - Job 402: Subtask ml_train_and_predict
[2026-06-01T17:55:04.606+0000] {task_command.py:423} INFO - Running <TaskInstance: crime_analytics_pipeline.ml_train_and_predict manual__2026-06-01T14:40:05.181248+00:00 [running]> on host db8b8170dea9
[2026-06-01T17:55:04.743+0000] {taskinstance.py:2480} INFO - Exporting env vars: AIRFLOW_CTX_DAG_EMAIL='cdash-alerts@example.com' AIRFLOW_CTX_DAG_OWNER='crime-analytics' AIRFLOW_CTX_DAG_ID='crime_analytics_pipeline' AIRFLOW_CTX_TASK_ID='ml_train_and_predict' AIRFLOW_CTX_EXECUTION_DATE='2026-06-01T14:40:05.181248+00:00' AIRFLOW_CTX_TRY_NUMBER='1' AIRFLOW_CTX_DAG_RUN_ID='manual__2026-06-01T14:40:05.181248+00:00'
[2026-06-01T17:55:06.445+0000] {ml_pipeline.py:1341} INFO - ========================================================================
[2026-06-01T17:55:06.446+0000] {ml_pipeline.py:1342} INFO -   Chicago Crime Hotspot Forecasting  –  ml_pipeline v13 dynamic-spatial
[2026-06-01T17:55:06.446+0000] {ml_pipeline.py:1343} INFO -   Target: next_has_crime = (next_total >= 1) | schema OK
[2026-06-01T17:55:06.447+0000] {ml_pipeline.py:1344} INFO - ========================================================================
[2026-06-01T17:55:06.500+0000] {ml_pipeline.py:317} INFO - [ML] Loading enriched_crime_data from BigQuery (last 400 days)...
[2026-06-01T17:55:16.606+0000] {ml_pipeline.py:379} INFO - [ML] Loaded 247690 rows, date range: 2025-04-27 → 2026-05-18
[2026-06-01T17:55:16.607+0000] {ml_pipeline.py:393} INFO - [ML] Aggregating daily per H3...
[2026-06-01T17:55:20.102+0000] {ml_pipeline.py:465} INFO - [ML] Daily grid: 329,724 rows, 852 H3 cells, 387 dates | RAM-safe downcast done
[2026-06-01T17:55:20.148+0000] {taskinstance.py:2698} ERROR - Task failed with exception
Traceback (most recent call last):
  File "/home/airflow/.local/lib/python3.11/site-packages/airflow/models/taskinstance.py", line 433, in _execute_task
    result = execute_callable(context=context, **execute_callable_kwargs)
             ^^^^^^^^^^^^^^^^^^^^^^^^^^^^^^^^^^^^^^^^^^^^^^^^^^^^^^^^^^^^
  File "/home/airflow/.local/lib/python3.11/site-packages/airflow/operators/python.py", line 199, in execute
    return_value = self.execute_callable()
                   ^^^^^^^^^^^^^^^^^^^^^^^
  File "/home/airflow/.local/lib/python3.11/site-packages/airflow/operators/python.py", line 216, in execute_callable
    return self.python_callable(*self.op_args, **self.op_kwargs)
           ^^^^^^^^^^^^^^^^^^^^^^^^^^^^^^^^^^^^^^^^^^^^^^^^^^^^^
  File "/opt/airflow/dags/dag_crime_pipeline.py", line 298, in _run_ml_pipeline
    result = train_and_predict(
             ^^^^^^^^^^^^^^^^^^
  File "/opt/airflow/scripts/ml/ml_pipeline.py", line 1356, in train_and_predict
    nbr_r1, nbr_r2, has_h3 = build_neighbor_maps(all_h3)
                             ^^^^^^^^^^^^^^^^^^^^^^^^^^^
  File "/opt/airflow/scripts/ml/ml_pipeline.py", line 484, in build_neighbor_maps
    disk1 = set(h3_grid_disk_compat(h3lib, cell, 1))
                ^^^^^^^^^^^^^^^^^^^^^^^^^^^^^^^^^^^
  File "/opt/airflow/scripts/ml/ml_pipeline.py", line 298, in h3_grid_disk_compat
    return h3lib.k_ring(cell, k)
           ^^^^^^^^^^^^^^^^^^^^^
  File "/home/airflow/.local/lib/python3.11/site-packages/h3/api/_api_template.py", line 311, in k_ring
    mv = _cy.disk(self._in_scalar(h), k)
                  ^^^^^^^^^^^^^^^^^^
TypeError: Argument 'h' has incorrect type (expected str, got numpy.str_)
[2026-06-01T17:55:20.177+0000] {taskinstance.py:1138} INFO - Marking task as UP_FOR_RETRY. dag_id=crime_analytics_pipeline, task_id=ml_train_and_predict, execution_date=20260601T144005, start_date=20260601T175504, end_date=20260601T175520
[2026-06-01T17:55:20.192+0000] {standard_task_runner.py:107} ERROR - Failed to execute job 402 for task ml_train_and_predict (Argument 'h' has incorrect type (expected str, got numpy.str_); 2616)
[2026-06-01T17:55:20.305+0000] {local_task_job_runner.py:234} INFO - Task exited with return code 1
[2026-06-01T17:55:20.333+0000] {taskinstance.py:3280} INFO - 0 downstream tasks scheduled from follow-on schedule check
