[2026-06-01T21:22:14.416+0000] {taskinstance.py:1956} INFO - Dependencies all met for dep_context=non-requeueable deps ti=<TaskInstance: crime_analytics_pipeline.ml_train_and_predict manual__2026-06-01T14:40:05.181248+00:00 [queued]>
[2026-06-01T21:22:14.429+0000] {taskinstance.py:1956} INFO - Dependencies all met for dep_context=requeueable deps ti=<TaskInstance: crime_analytics_pipeline.ml_train_and_predict manual__2026-06-01T14:40:05.181248+00:00 [queued]>
[2026-06-01T21:22:14.430+0000] {taskinstance.py:2170} INFO - Starting attempt 15 of 16
[2026-06-01T21:22:14.449+0000] {taskinstance.py:2191} INFO - Executing <Task(PythonOperator): ml_train_and_predict> on 2026-06-01 14:40:05.181248+00:00
[2026-06-01T21:22:14.459+0000] {standard_task_runner.py:60} INFO - Started process 5817 to run task
[2026-06-01T21:22:14.466+0000] {standard_task_runner.py:87} INFO - Running: ['***', 'tasks', 'run', 'crime_analytics_pipeline', 'ml_train_and_predict', 'manual__2026-06-01T14:40:05.181248+00:00', '--job-id', '438', '--raw', '--subdir', 'DAGS_FOLDER/dag_crime_pipeline.py', '--cfg-path', '/tmp/tmpy9lxb6g8']
[2026-06-01T21:22:14.472+0000] {standard_task_runner.py:88} INFO - Job 438: Subtask ml_train_and_predict
[2026-06-01T21:22:14.560+0000] {task_command.py:423} INFO - Running <TaskInstance: crime_analytics_pipeline.ml_train_and_predict manual__2026-06-01T14:40:05.181248+00:00 [running]> on host db8b8170dea9
[2026-06-01T21:22:14.711+0000] {taskinstance.py:2480} INFO - Exporting env vars: AIRFLOW_CTX_DAG_EMAIL='cdash-alerts@example.com' AIRFLOW_CTX_DAG_OWNER='crime-analytics' AIRFLOW_CTX_DAG_ID='crime_analytics_pipeline' AIRFLOW_CTX_TASK_ID='ml_train_and_predict' AIRFLOW_CTX_EXECUTION_DATE='2026-06-01T14:40:05.181248+00:00' AIRFLOW_CTX_TRY_NUMBER='15' AIRFLOW_CTX_DAG_RUN_ID='manual__2026-06-01T14:40:05.181248+00:00'
[2026-06-01T21:22:15.698+0000] {ml_pipeline.py:1733} INFO - ========================================================================
[2026-06-01T21:22:15.700+0000] {ml_pipeline.py:1734} INFO -   Chicago Crime Hotspot Forecasting  –  ml_pipeline v13 dynamic-spatial
[2026-06-01T21:22:15.700+0000] {ml_pipeline.py:1735} INFO -   Target: next_has_crime = (next_total >= 1) | schema OK
[2026-06-01T21:22:15.701+0000] {ml_pipeline.py:1736} INFO - ========================================================================
[2026-06-01T21:22:15.773+0000] {ml_pipeline.py:318} INFO - [ML] Loading enriched_crime_data from BigQuery (last 400 days)...
[2026-06-01T21:22:26.791+0000] {ml_pipeline.py:380} INFO - [ML] Loaded 247690 rows, date range: 2025-04-27 → 2026-05-18
[2026-06-01T21:22:26.808+0000] {ml_pipeline.py:1752} INFO - [ML] Target prediction month=5, seasonal months=[4, 5, 6, 7, 8]
[2026-06-01T21:22:26.809+0000] {ml_pipeline.py:405} INFO - [ML] Loading seasonal data: months=4,5,6,7,8, years=2020-2025...
[2026-06-01T21:22:35.140+0000] {ml_pipeline.py:465} INFO - [ML] Seasonal data loaded: 605923 rows, 918 unique dates
[2026-06-01T21:22:36.033+0000] {ml_pipeline.py:1768} INFO - [ML] Combined: recent=247690 + seasonal=605923 → total=668185 rows
[2026-06-01T21:22:36.042+0000] {ml_pipeline.py:481} INFO - [ML] Aggregating daily per H3...
[2026-06-01T21:22:45.605+0000] {ml_pipeline.py:553} INFO - [ML] Daily grid: 1,959,125 rows, 875 H3 cells, 2239 dates | RAM-safe downcast done
[2026-06-01T21:22:45.663+0000] {ml_pipeline.py:577} INFO - [ML] H3 neighbors built. Avg ring-1 in dataset: 5.4
[2026-06-01T21:22:46.076+0000] {ml_pipeline.py:1801} INFO - [ML] Split  Train: 2025-08-29→2026-04-05 (220 d)  Val: 2026-04-27→2026-05-03  Test: 2026-05-04→2026-05-17
[2026-06-01T21:22:46.787+0000] {ml_pipeline.py:613} INFO - [ML]   [4A] Orthogonal temporal features (v14)
[2026-06-01T21:23:07.565+0000] {ml_pipeline.py:709} INFO - [ML]   [4B] Burst/streak features
[2026-06-01T21:23:08.687+0000] {ml_pipeline.py:734} INFO - [ML]   [4C] Crime-type composition
[2026-06-01T21:23:27.020+0000] {ml_pipeline.py:751} INFO - [ML]   [4D] Weather/context features
[2026-06-01T21:23:31.848+0000] {ml_pipeline.py:766} INFO - [ML]   [4E] Community-level features
[2026-06-01T21:23:36.634+0000] {ml_pipeline.py:813} INFO - [ML]   [4F] City-level features
[2026-06-01T21:23:39.560+0000] {ml_pipeline.py:847} INFO - [ML]   [4G] H3 spatial spillover v13 dynamic-spatial
[2026-06-01T21:23:41.624+0000] {ml_pipeline.py:915} INFO - [ML]     computing nbr_r1 mean/sum/max/std/active-count + r2 + roll7 ...
[2026-06-01T21:23:46.071+0000] {ml_pipeline.py:979} INFO - [ML]     ✓ Spatial spillover features added, single-merge RAM-safe
[2026-06-01T21:23:46.072+0000] {ml_pipeline.py:994} INFO - [ML]   [4H] Train-only spatial priors
[2026-06-01T21:23:50.539+0000] {ml_pipeline.py:1044} INFO - [ML]   [4I] Near-repeat victimization (Near-Repeat Theory)
[2026-06-01T21:23:50.649+0000] {ml_pipeline.py:1057} INFO - [ML]   [4J] Cross-crime lead-lag (Escalation Theory)
[2026-06-01T21:23:50.685+0000] {ml_pipeline.py:1070} INFO - [ML]   [4K] Arrest deterrence (Deterrence Theory)
[2026-06-01T21:23:52.786+0000] {ml_pipeline.py:1096} INFO - [ML]   [4L] Density-normalized crime
[2026-06-01T21:23:52.851+0000] {ml_pipeline.py:1113} INFO - [ML]   [4M] Holiday/event features (Routine Activity Theory)
[2026-06-01T21:25:01.874+0000] {ml_pipeline.py:1123} INFO - [ML]   [4N] Momentum and trend direction
[2026-06-01T21:25:38.009+0000] {ml_pipeline.py:1145} INFO - [ML]   [4O] Hardship interaction (Social Disorganization Theory)
[2026-06-01T21:25:38.247+0000] {ml_pipeline.py:1161} INFO - [ML]   [4P] Prior-relative features
[2026-06-01T21:25:38.852+0000] {ml_pipeline.py:1181} INFO - [ML] Feature engineering done. Shape: (1959125, 269)
[2026-06-01T21:25:45.416+0000] {ml_pipeline.py:1206} INFO - [ML] Preparing train/calib/val/test splits...
[2026-06-01T21:25:45.774+0000] {ml_pipeline.py:1238} INFO - [ML] Prior de-dup/damping: removed 9 prior feature(s)
[2026-06-01T21:25:57.380+0000] {ml_pipeline.py:1277} INFO - [ML] Train=192500  Calib=18375  Val=6125  Test=12250  features=249
[2026-06-01T21:25:57.382+0000] {ml_pipeline.py:1279} INFO - [ML] Dropped const/null=9 | Pos rate train=38.88% | scale_pos_weight raw=1.57 used=1.40 (power=0.75)
[2026-06-01T21:25:57.383+0000] {ml_pipeline.py:1281} INFO - [ML] Feature groups: spatial_nbr=23 temporal=136 criminology=10
[2026-06-01T21:25:58.599+0000] {logging_mixin.py:188} INFO - [0]	validation_0-aucpr:0.73258	validation_1-aucpr:0.74144
[2026-06-01T21:26:22.725+0000] {logging_mixin.py:188} INFO - [200]	validation_0-aucpr:0.74899	validation_1-aucpr:0.75640
[2026-06-01T21:26:45.638+0000] {logging_mixin.py:188} INFO - [400]	validation_0-aucpr:0.75147	validation_1-aucpr:0.75690
[2026-06-01T21:26:57.654+0000] {logging_mixin.py:188} INFO - [514]	validation_0-aucpr:0.75281	validation_1-aucpr:0.75688
[2026-06-01T21:26:57.671+0000] {ml_pipeline.py:1295} INFO - [ML] Training done. Best iteration: 394
[2026-06-01T21:26:57.679+0000] {ml_pipeline.py:1324} INFO - [ML][FI/WEIGHT] Top-30 features:
                   feature  score
      h3_train_active_rate  672.0
       h3_train_percentile  515.0
                    ewm_90  240.0
          h3_vs_comm_prior  171.0
                    ewm_30  148.0
                    ewm_60  136.0
      active_rate_vs_train  129.0
                   doy_cos  121.0
              roll_mean_90  115.0
            near_repeat_3d  101.0
               zero_streak   93.0
               roll_sum_90   91.0
                   dow_sin   77.0
               roll_std_90   73.0
                crime_z_90   71.0
                     ewm_7   71.0
                    ewm_14   69.0
                   doy_sin   67.0
  city_violent_roll_mean_7   66.0
            active_rate_90   65.0
           city_total_lag1   64.0
        city_property_lag1   62.0
 city_violent_roll_mean_14   59.0
               roll_std_45   58.0
          comm_active_rate   57.0
                 dayofyear   56.0
       nbr_r1_active_roll7   55.0
city_property_roll_mean_30   53.0
 crime_vs_density_expected   52.0
               roll_sum_30   52.0
[2026-06-01T21:26:57.683+0000] {ml_pipeline.py:1324} INFO - [ML][FI/GAIN] Top-30 features:
             feature       score
         roll_sum_30 2561.834961
              ewm_60 2445.843506
         roll_std_60 2407.958740
         roll_std_30 2019.690552
      active_rate_60 1887.232300
         roll_std_90 1830.933472
    h3_city_share_30 1828.504639
         roll_sum_90 1672.666382
       active_rate_7 1499.961914
      active_rate_30 1493.122070
        roll_mean_45 1491.609741
        roll_mean_30 1480.042236
              ewm_90 1466.866089
              ewm_30 1098.988037
h3_train_active_rate  930.082397
      active_rate_90  838.221313
        roll_mean_90  813.707153
 h3_train_percentile  769.599243
        roll_mean_60  372.854828
         roll_sum_60  284.893158
      active_rate_14  254.882111
         roll_std_45  245.070709
         roll_mean_5  203.059708
         roll_sum_45   93.326607
      near_repeat_3d   91.950768
              ewm_14   84.938583
        roll_mean_14   82.662277
      near_repeat_5d   73.106659
         zero_streak   65.389626
               ewm_7   60.662434
[2026-06-01T21:26:57.687+0000] {ml_pipeline.py:1324} INFO - [ML][FI/COVER] Top-30 features:
               feature        score
         arrest_rate_7 38083.914062
  narcotics_roll_sum_7 37584.445312
            roll_max_7 33860.718750
          had_crime_3d 29363.003906
narcotics_roll_ratio_7 25507.080078
   precipitation_diff1 25283.279297
        near_repeat_3d 23770.505859
               dow_sin 22929.962891
          had_crime_2d 21361.455078
          roll_mean_45 20911.458984
           is_property 20536.216797
  active_rate_vs_train 20533.437500
            roll_sum_5 20401.662109
        active_rate_90 19292.140625
     days_from_holiday 18999.382812
                 lag_3 18895.113281
     theft_roll_sum_14 18725.343750
 narcotics_roll_sum_30 18548.244141
             dayofyear 18459.333984
            prev_crime 18312.767578
    property_ratio_day 18256.460938
           roll_sum_30 18243.078125
           crime_today 18197.707031
      h3_city_share_30 17915.986328
 narcotics_roll_sum_14 17859.117188
     theft_roll_sum_30 17770.052734
                 lag_2 17519.429688
   theft_roll_ratio_30 17463.763672
          total_crimes 17272.746094
         active_rate_7 17223.027344
[2026-06-01T21:26:57.691+0000] {ml_pipeline.py:1369} INFO - [ML][FI/GROUP] Feature group contribution (by GAIN):
           group        score  pct
temporal_rolling 27686.500904 90.9
  community_city  1828.504639  6.0
   spatial_prior   769.599243  2.5
     criminology   165.057426  0.5
[2026-06-01T21:26:57.692+0000] {ml_pipeline.py:1378} WARNING - [ML][FI] ⚠️  Nhóm 'temporal_rolling' chiếm 90.9% tổng GAIN — nguy cơ model phụ thuộc quá nhiều vào 1 loại feature. Xem xét tăng reg_alpha/reg_lambda hoặc giảm colsample_bytree.
[2026-06-01T21:26:58.139+0000] {ml_pipeline.py:1557} INFO - [ML] Calibrated threshold guarded: 0.52 | F1_CALIB=0.7127 | calib_base=0.3953
[2026-06-01T21:26:58.142+0000] {ml_pipeline.py:1561} INFO - [ML] Threshold candidates near best:
 threshold       f1  pred_rate  guarded_score
      0.50 0.712565   0.571483       0.712565
      0.51 0.712594   0.565333       0.712594
      0.52 0.712657   0.559293       0.712657
      0.53 0.711617   0.551510       0.711617
      0.54 0.710845   0.542585       0.710845
[2026-06-01T21:26:58.273+0000] {ml_pipeline.py:1584} INFO - [ML] VAL  – P=0.6105 R=0.8660 F1=0.7162 AUC=0.8325 AP=0.7510 pred_rate=0.569
[2026-06-01T21:26:58.274+0000] {ml_pipeline.py:1587} INFO - [ML] TEST – P=0.5699 R=0.8671 F1=0.6878 AUC=0.8244 AP=0.7133 pred_rate=0.566
[2026-06-01T21:26:58.288+0000] {ml_pipeline.py:1615} INFO - [ML] Feature day: 2026-05-18  →  Prediction day: 2026-05-19  (875 H3 cells)
[2026-06-01T21:26:58.458+0000] {ml_pipeline.py:1653} INFO - [ML] Predictions – cells=875  predicted_crime=497 (56.8%)
[2026-06-01T21:26:58.461+0000] {ml_pipeline.py:1657} INFO - [ML] Risk distribution:
risk_level
LOW         261
MEDIUM      176
HIGH        222
CRITICAL    216
[2026-06-01T21:26:58.462+0000] {ml_pipeline.py:1680} INFO - [ML] Writing 875 predictions → sage-mind-489618-n5.cdash_warehouse.prediction_results (mode=WRITE_TRUNCATE)
[2026-06-01T21:27:03.364+0000] {ml_pipeline.py:1699} INFO - [ML] ✓ Predictions written to BigQuery.
[2026-06-01T21:27:03.365+0000] {taskinstance.py:2698} ERROR - Task failed with exception
Traceback (most recent call last):
  File "/home/airflow/.local/lib/python3.11/site-packages/airflow/models/taskinstance.py", line 433, in _execute_task
    result = execute_callable(context=context, **execute_callable_kwargs)
             ^^^^^^^^^^^^^^^^^^^^^^^^^^^^^^^^^^^^^^^^^^^^^^^^^^^^^^^^^^^^
  File "/home/airflow/.local/lib/python3.11/site-packages/airflow/operators/python.py", line 199, in execute
    return_value = self.execute_callable()
                   ^^^^^^^^^^^^^^^^^^^^^^^
  File "/home/airflow/.local/lib/python3.11/site-packages/airflow/operators/python.py", line 216, in execute_callable
    return self.python_callable(*self.op_args, **self.op_kwargs)
           ^^^^^^^^^^^^^^^^^^^^^^^^^^^^^^^^^^^^^^^^^^^^^^^^^^^^^
  File "/opt/airflow/dags/dag_crime_pipeline.py", line 298, in _run_ml_pipeline
    result = train_and_predict(
             ^^^^^^^^^^^^^^^^^^
  File "/opt/airflow/scripts/ml/ml_pipeline.py", line 1836, in train_and_predict
    _run_ablation_study(
    ^^^^^^^^^^^^^^^^^^^
NameError: name '_run_ablation_study' is not defined
[2026-06-01T21:27:03.429+0000] {taskinstance.py:1138} INFO - Marking task as UP_FOR_RETRY. dag_id=crime_analytics_pipeline, task_id=ml_train_and_predict, execution_date=20260601T144005, start_date=20260601T212214, end_date=20260601T212703
[2026-06-01T21:27:03.468+0000] {standard_task_runner.py:107} ERROR - Failed to execute job 438 for task ml_train_and_predict (name '_run_ablation_study' is not defined; 5817)
[2026-06-01T21:27:04.621+0000] {local_task_job_runner.py:234} INFO - Task exited with return code 1
[2026-06-01T21:27:04.657+0000] {taskinstance.py:3280} INFO - 0 downstream tasks scheduled from follow-on schedule check
