[2026-06-01T20:54:59.887+0000] {taskinstance.py:1956} INFO - Dependencies all met for dep_context=non-requeueable deps ti=<TaskInstance: crime_analytics_pipeline.ml_train_and_predict manual__2026-06-01T14:40:05.181248+00:00 [queued]>
[2026-06-01T20:54:59.903+0000] {taskinstance.py:1956} INFO - Dependencies all met for dep_context=requeueable deps ti=<TaskInstance: crime_analytics_pipeline.ml_train_and_predict manual__2026-06-01T14:40:05.181248+00:00 [queued]>
[2026-06-01T20:54:59.904+0000] {taskinstance.py:2170} INFO - Starting attempt 11 of 12
[2026-06-01T20:54:59.921+0000] {taskinstance.py:2191} INFO - Executing <Task(PythonOperator): ml_train_and_predict> on 2026-06-01 14:40:05.181248+00:00
[2026-06-01T20:54:59.933+0000] {standard_task_runner.py:60} INFO - Started process 5156 to run task
[2026-06-01T20:54:59.938+0000] {standard_task_runner.py:87} INFO - Running: ['***', 'tasks', 'run', 'crime_analytics_pipeline', 'ml_train_and_predict', 'manual__2026-06-01T14:40:05.181248+00:00', '--job-id', '428', '--raw', '--subdir', 'DAGS_FOLDER/dag_crime_pipeline.py', '--cfg-path', '/tmp/tmpx9o11um2']
[2026-06-01T20:54:59.941+0000] {standard_task_runner.py:88} INFO - Job 428: Subtask ml_train_and_predict
[2026-06-01T20:55:00.040+0000] {task_command.py:423} INFO - Running <TaskInstance: crime_analytics_pipeline.ml_train_and_predict manual__2026-06-01T14:40:05.181248+00:00 [running]> on host db8b8170dea9
[2026-06-01T20:55:00.166+0000] {taskinstance.py:2480} INFO - Exporting env vars: AIRFLOW_CTX_DAG_EMAIL='cdash-alerts@example.com' AIRFLOW_CTX_DAG_OWNER='crime-analytics' AIRFLOW_CTX_DAG_ID='crime_analytics_pipeline' AIRFLOW_CTX_TASK_ID='ml_train_and_predict' AIRFLOW_CTX_EXECUTION_DATE='2026-06-01T14:40:05.181248+00:00' AIRFLOW_CTX_TRY_NUMBER='11' AIRFLOW_CTX_DAG_RUN_ID='manual__2026-06-01T14:40:05.181248+00:00'
[2026-06-01T20:55:01.617+0000] {ml_pipeline.py:1574} INFO - ========================================================================
[2026-06-01T20:55:01.618+0000] {ml_pipeline.py:1575} INFO -   Chicago Crime Hotspot Forecasting  –  ml_pipeline v13 dynamic-spatial
[2026-06-01T20:55:01.618+0000] {ml_pipeline.py:1576} INFO -   Target: next_has_crime = (next_total >= 1) | schema OK
[2026-06-01T20:55:01.619+0000] {ml_pipeline.py:1577} INFO - ========================================================================
[2026-06-01T20:55:01.692+0000] {ml_pipeline.py:318} INFO - [ML] Loading enriched_crime_data from BigQuery (last 400 days)...
[2026-06-01T20:55:08.871+0000] {ml_pipeline.py:380} INFO - [ML] Loaded 247690 rows, date range: 2025-04-27 → 2026-05-18
[2026-06-01T20:55:08.882+0000] {ml_pipeline.py:1593} INFO - [ML] Target prediction month=5, seasonal months=[4, 5, 6, 7, 8]
[2026-06-01T20:55:08.883+0000] {ml_pipeline.py:405} INFO - [ML] Loading seasonal data: months=4,5,6,7,8, years=2018-2025...
[2026-06-01T20:55:22.368+0000] {ml_pipeline.py:465} INFO - [ML] Seasonal data loaded: 841428 rows, 1224 unique dates
[2026-06-01T20:55:23.160+0000] {ml_pipeline.py:1609} INFO - [ML] Combined: recent=247690 + seasonal=841428 → total=866998 rows
[2026-06-01T20:55:23.166+0000] {ml_pipeline.py:481} INFO - [ML] Aggregating daily per H3...
[2026-06-01T20:55:33.254+0000] {ml_pipeline.py:553} INFO - [ML] Daily grid: 2,616,570 rows, 881 H3 cells, 2970 dates | RAM-safe downcast done
[2026-06-01T20:55:33.340+0000] {ml_pipeline.py:577} INFO - [ML] H3 neighbors built. Avg ring-1 in dataset: 5.4
[2026-06-01T20:55:33.785+0000] {ml_pipeline.py:1642} INFO - [ML] Split  Train: 2025-08-22→2026-03-29 (220 d)  Val: 2026-04-20→2026-05-03  Test: 2026-05-04→2026-05-17
[2026-06-01T20:55:34.358+0000] {ml_pipeline.py:613} INFO - [ML]   [4A] Orthogonal temporal features (v14)
[2026-06-01T20:55:51.930+0000] {ml_pipeline.py:709} INFO - [ML]   [4B] Burst/streak features
[2026-06-01T20:55:53.009+0000] {ml_pipeline.py:734} INFO - [ML]   [4C] Crime-type composition
[2026-06-01T20:56:09.881+0000] {ml_pipeline.py:751} INFO - [ML]   [4D] Weather/context features
[2026-06-01T20:56:14.074+0000] {ml_pipeline.py:766} INFO - [ML]   [4E] Community-level features
[2026-06-01T20:56:19.586+0000] {ml_pipeline.py:813} INFO - [ML]   [4F] City-level features
[2026-06-01T20:56:23.796+0000] {ml_pipeline.py:847} INFO - [ML]   [4G] H3 spatial spillover v13 dynamic-spatial
[2026-06-01T20:56:26.201+0000] {ml_pipeline.py:915} INFO - [ML]     computing nbr_r1 mean/sum/max/std/active-count + r2 + roll7 ...
[2026-06-01T20:56:35.325+0000] {ml_pipeline.py:979} INFO - [ML]     ✓ Spatial spillover features added, single-merge RAM-safe
[2026-06-01T20:56:35.326+0000] {ml_pipeline.py:994} INFO - [ML]   [4H] Train-only spatial priors
[2026-06-01T20:56:53.976+0000] {ml_pipeline.py:1044} INFO - [ML]   [4I] Near-repeat victimization (Near-Repeat Theory)
[2026-06-01T20:56:54.627+0000] {ml_pipeline.py:1057} INFO - [ML]   [4J] Cross-crime lead-lag (Escalation Theory)
[2026-06-01T20:56:55.001+0000] {ml_pipeline.py:1070} INFO - [ML]   [4K] Arrest deterrence (Deterrence Theory)
[2026-06-01T20:56:57.849+0000] {ml_pipeline.py:1096} INFO - [ML]   [4L] Density-normalized crime
[2026-06-01T20:56:57.895+0000] {ml_pipeline.py:1113} INFO - [ML]   [4M] Holiday/event features (Routine Activity Theory)
[2026-06-01T20:57:30.205+0000] {ml_pipeline.py:1123} INFO - [ML]   [4N] Momentum and trend direction
[2026-06-01T20:57:39.427+0000] {local_task_job_runner.py:234} INFO - Task exited with return code -9
[2026-06-01T20:57:39.972+0000] {taskinstance.py:3280} INFO - 0 downstream tasks scheduled from follow-on schedule check
