[2026-06-01T21:06:48.923+0000] {taskinstance.py:1956} INFO - Dependencies all met for dep_context=non-requeueable deps ti=<TaskInstance: crime_analytics_pipeline.ml_train_and_predict manual__2026-06-01T14:40:05.181248+00:00 [queued]>
[2026-06-01T21:06:48.932+0000] {taskinstance.py:1956} INFO - Dependencies all met for dep_context=requeueable deps ti=<TaskInstance: crime_analytics_pipeline.ml_train_and_predict manual__2026-06-01T14:40:05.181248+00:00 [queued]>
[2026-06-01T21:06:48.933+0000] {taskinstance.py:2170} INFO - Starting attempt 13 of 14
[2026-06-01T21:06:48.944+0000] {taskinstance.py:2191} INFO - Executing <Task(PythonOperator): ml_train_and_predict> on 2026-06-01 14:40:05.181248+00:00
[2026-06-01T21:06:48.953+0000] {standard_task_runner.py:60} INFO - Started process 5454 to run task
[2026-06-01T21:06:48.958+0000] {standard_task_runner.py:87} INFO - Running: ['***', 'tasks', 'run', 'crime_analytics_pipeline', 'ml_train_and_predict', 'manual__2026-06-01T14:40:05.181248+00:00', '--job-id', '432', '--raw', '--subdir', 'DAGS_FOLDER/dag_crime_pipeline.py', '--cfg-path', '/tmp/tmpetta0fdl']
[2026-06-01T21:06:48.961+0000] {standard_task_runner.py:88} INFO - Job 432: Subtask ml_train_and_predict
[2026-06-01T21:06:49.035+0000] {task_command.py:423} INFO - Running <TaskInstance: crime_analytics_pipeline.ml_train_and_predict manual__2026-06-01T14:40:05.181248+00:00 [running]> on host db8b8170dea9
[2026-06-01T21:06:49.148+0000] {taskinstance.py:2480} INFO - Exporting env vars: AIRFLOW_CTX_DAG_EMAIL='cdash-alerts@example.com' AIRFLOW_CTX_DAG_OWNER='crime-analytics' AIRFLOW_CTX_DAG_ID='crime_analytics_pipeline' AIRFLOW_CTX_TASK_ID='ml_train_and_predict' AIRFLOW_CTX_EXECUTION_DATE='2026-06-01T14:40:05.181248+00:00' AIRFLOW_CTX_TRY_NUMBER='13' AIRFLOW_CTX_DAG_RUN_ID='manual__2026-06-01T14:40:05.181248+00:00'
[2026-06-01T21:06:49.897+0000] {ml_pipeline.py:1574} INFO - ========================================================================
[2026-06-01T21:06:49.898+0000] {ml_pipeline.py:1575} INFO -   Chicago Crime Hotspot Forecasting  –  ml_pipeline v13 dynamic-spatial
[2026-06-01T21:06:49.898+0000] {ml_pipeline.py:1576} INFO -   Target: next_has_crime = (next_total >= 1) | schema OK
[2026-06-01T21:06:49.899+0000] {ml_pipeline.py:1577} INFO - ========================================================================
[2026-06-01T21:06:49.947+0000] {ml_pipeline.py:318} INFO - [ML] Loading enriched_crime_data from BigQuery (last 400 days)...
[2026-06-01T21:06:57.534+0000] {ml_pipeline.py:380} INFO - [ML] Loaded 247690 rows, date range: 2025-04-27 → 2026-05-18
[2026-06-01T21:06:57.548+0000] {ml_pipeline.py:1593} INFO - [ML] Target prediction month=5, seasonal months=[4, 5, 6, 7, 8]
[2026-06-01T21:06:57.548+0000] {ml_pipeline.py:405} INFO - [ML] Loading seasonal data: months=4,5,6,7,8, years=2020-2025...
[2026-06-01T21:07:06.672+0000] {ml_pipeline.py:465} INFO - [ML] Seasonal data loaded: 605923 rows, 918 unique dates
[2026-06-01T21:07:07.325+0000] {ml_pipeline.py:1609} INFO - [ML] Combined: recent=247690 + seasonal=605923 → total=668185 rows
[2026-06-01T21:07:07.331+0000] {ml_pipeline.py:481} INFO - [ML] Aggregating daily per H3...
[2026-06-01T21:07:14.123+0000] {ml_pipeline.py:553} INFO - [ML] Daily grid: 1,959,125 rows, 875 H3 cells, 2239 dates | RAM-safe downcast done
[2026-06-01T21:07:14.174+0000] {ml_pipeline.py:577} INFO - [ML] H3 neighbors built. Avg ring-1 in dataset: 5.4
[2026-06-01T21:07:14.487+0000] {ml_pipeline.py:1642} INFO - [ML] Split  Train: 2025-06-17→2026-04-12 (300 d)  Val: 2026-05-04→2026-05-10  Test: 2026-05-11→2026-05-17
[2026-06-01T21:07:14.769+0000] {ml_pipeline.py:613} INFO - [ML]   [4A] Orthogonal temporal features (v14)
[2026-06-01T21:07:28.539+0000] {ml_pipeline.py:709} INFO - [ML]   [4B] Burst/streak features
[2026-06-01T21:07:29.276+0000] {ml_pipeline.py:734} INFO - [ML]   [4C] Crime-type composition
[2026-06-01T21:07:42.216+0000] {ml_pipeline.py:751} INFO - [ML]   [4D] Weather/context features
[2026-06-01T21:07:45.297+0000] {ml_pipeline.py:766} INFO - [ML]   [4E] Community-level features
[2026-06-01T21:07:48.645+0000] {ml_pipeline.py:813} INFO - [ML]   [4F] City-level features
[2026-06-01T21:07:50.635+0000] {ml_pipeline.py:847} INFO - [ML]   [4G] H3 spatial spillover v13 dynamic-spatial
[2026-06-01T21:07:52.010+0000] {ml_pipeline.py:915} INFO - [ML]     computing nbr_r1 mean/sum/max/std/active-count + r2 + roll7 ...
[2026-06-01T21:07:55.640+0000] {ml_pipeline.py:979} INFO - [ML]     ✓ Spatial spillover features added, single-merge RAM-safe
[2026-06-01T21:07:55.655+0000] {ml_pipeline.py:994} INFO - [ML]   [4H] Train-only spatial priors
[2026-06-01T21:07:59.182+0000] {ml_pipeline.py:1044} INFO - [ML]   [4I] Near-repeat victimization (Near-Repeat Theory)
[2026-06-01T21:07:59.283+0000] {ml_pipeline.py:1057} INFO - [ML]   [4J] Cross-crime lead-lag (Escalation Theory)
[2026-06-01T21:07:59.313+0000] {ml_pipeline.py:1070} INFO - [ML]   [4K] Arrest deterrence (Deterrence Theory)
[2026-06-01T21:08:00.917+0000] {ml_pipeline.py:1096} INFO - [ML]   [4L] Density-normalized crime
[2026-06-01T21:08:00.953+0000] {ml_pipeline.py:1113} INFO - [ML]   [4M] Holiday/event features (Routine Activity Theory)
[2026-06-01T21:08:21.174+0000] {ml_pipeline.py:1123} INFO - [ML]   [4N] Momentum and trend direction
[2026-06-01T21:08:23.961+0000] {ml_pipeline.py:1145} INFO - [ML]   [4O] Hardship interaction (Social Disorganization Theory)
[2026-06-01T21:08:23.988+0000] {ml_pipeline.py:1161} INFO - [ML]   [4P] Prior-relative features
[2026-06-01T21:08:24.025+0000] {ml_pipeline.py:1181} INFO - [ML] Feature engineering done. Shape: (1959125, 269)
[2026-06-01T21:08:24.889+0000] {ml_pipeline.py:1206} INFO - [ML] Preparing train/calib/val/test splits...
[2026-06-01T21:08:24.943+0000] {ml_pipeline.py:1238} INFO - [ML] Prior de-dup/damping: removed 9 prior feature(s)
[2026-06-01T21:08:27.723+0000] {ml_pipeline.py:1277} INFO - [ML] Train=262500  Calib=18375  Val=6125  Test=6125  features=249
[2026-06-01T21:08:27.724+0000] {ml_pipeline.py:1279} INFO - [ML] Dropped const/null=9 | Pos rate train=39.74% | scale_pos_weight raw=1.52 used=1.37 (power=0.75)
[2026-06-01T21:08:27.725+0000] {ml_pipeline.py:1281} INFO - [ML] Feature groups: spatial_nbr=23 temporal=136 criminology=10
[2026-06-01T21:08:28.906+0000] {logging_mixin.py:188} INFO - [0]	validation_0-aucpr:0.74223	validation_1-aucpr:0.73668
[2026-06-01T21:08:50.708+0000] {logging_mixin.py:188} INFO - [200]	validation_0-aucpr:0.75812	validation_1-aucpr:0.75121
[2026-06-01T21:09:10.757+0000] {logging_mixin.py:188} INFO - [400]	validation_0-aucpr:0.75996	validation_1-aucpr:0.75172
[2026-06-01T21:09:29.592+0000] {logging_mixin.py:188} INFO - [600]	validation_0-aucpr:0.76166	validation_1-aucpr:0.75187
[2026-06-01T21:09:50.906+0000] {logging_mixin.py:188} INFO - [748]	validation_0-aucpr:0.76272	validation_1-aucpr:0.75184
[2026-06-01T21:09:50.932+0000] {ml_pipeline.py:1295} INFO - [ML] Training done. Best iteration: 628
[2026-06-01T21:09:50.939+0000] {ml_pipeline.py:1324} INFO - [ML][FI/WEIGHT] Top-30 features:
                   feature  score
      h3_train_active_rate  807.0
       h3_train_percentile  580.0
                    ewm_90  249.0
          h3_vs_comm_prior  220.0
      active_rate_vs_train  191.0
                   doy_cos  174.0
              roll_mean_90  154.0
                    ewm_30  152.0
               roll_sum_90  142.0
                    ewm_60  129.0
            near_repeat_3d  127.0
city_property_roll_mean_30  126.0
            active_rate_90  106.0
 city_violent_roll_mean_30  100.0
           days_to_holiday   97.0
           city_total_lag1   92.0
               roll_std_90   92.0
           comm_burst_7_30   91.0
                     ewm_7   86.0
 crime_vs_density_expected   86.0
                   dow_sin   85.0
                    ewm_14   83.0
        city_property_lag1   81.0
             trend_7_vs_90   81.0
 city_violent_roll_mean_14   80.0
          comm_active_rate   80.0
  city_violent_roll_mean_7   79.0
               roll_sum_30   78.0
                crime_z_30   77.0
          city_active_lag1   75.0
[2026-06-01T21:09:50.942+0000] {ml_pipeline.py:1324} INFO - [ML][FI/GAIN] Top-30 features:
             feature       score
              ewm_60 3413.560791
         roll_sum_30 2717.148193
         roll_std_60 2674.847656
         roll_std_90 2590.161133
         roll_std_30 1900.715454
              ewm_90 1833.415649
         roll_sum_90 1531.464844
              ewm_30 1357.401489
        roll_mean_30 1300.558105
      active_rate_90 1227.648560
h3_train_active_rate 1142.648682
      active_rate_60 1128.640869
        roll_mean_45  930.955566
      active_rate_30  878.008972
        roll_mean_90  799.130981
 h3_train_percentile  798.496094
        roll_mean_60  582.534424
         roll_std_45  488.044006
         roll_mean_5  368.060364
      near_repeat_5d  321.938446
         roll_sum_60  321.320007
    h3_city_share_30  233.464188
         zero_streak  142.802887
         roll_sum_45  139.111374
              ewm_14  118.907791
         roll_sum_21   99.711792
      active_rate_14   94.018837
               ewm_7   92.725952
      near_repeat_3d   84.218460
        total_crimes   70.158295
[2026-06-01T21:09:50.945+0000] {ml_pipeline.py:1324} INFO - [ML][FI/COVER] Top-30 features:
                feature        score
 narcotics_roll_ratio_7 42224.609375
           had_crime_2d 40200.582031
   high_prior_x_holiday 39415.066406
               is_theft 38518.437500
violent_x_property_lag1 36217.664062
             roll_std_7 30499.359375
         near_repeat_3d 30147.183594
   active_rate_vs_train 29648.585938
            is_property 29645.935547
                dow_sin 29359.994141
      theft_roll_sum_30 28858.238281
             roll_max_7 28708.136719
           total_crimes 28204.164062
      days_from_holiday 28064.066406
                  lag_2 27722.548828
          arrest_rate_7 27397.792969
         temp_max_diff1 27065.197266
           had_crime_3d 26859.763672
            roll_sum_14 26464.048828
                  lag_3 26187.021484
            roll_sum_90 25766.900391
      theft_roll_sum_14 25425.144531
                  lag_7 23964.109375
        days_to_holiday 23872.029297
            roll_std_14 23748.625000
        wind_speed_lag1 23744.687500
       h3_vs_comm_prior 23638.927734
         near_repeat_5d 23602.207031
   narcotics_roll_sum_7 23489.796875
          violent_lag_7 23420.279297
[2026-06-01T21:09:50.949+0000] {ml_pipeline.py:1369} INFO - [ML][FI/GROUP] Feature group contribution (by GAIN):
           group        score  pct
temporal_rolling 27873.544380 94.9
   spatial_prior   798.496094  2.7
     criminology   406.156906  1.4
  community_city   233.464188  0.8
           other    70.158295  0.2
[2026-06-01T21:09:50.950+0000] {ml_pipeline.py:1378} WARNING - [ML][FI] ⚠️  Nhóm 'temporal_rolling' chiếm 94.9% tổng GAIN — nguy cơ model phụ thuộc quá nhiều vào 1 loại feature. Xem xét tăng reg_alpha/reg_lambda hoặc giảm colsample_bytree.
[2026-06-01T21:09:52.054+0000] {ml_pipeline.py:1398} INFO - [ML] Calibrated threshold guarded: 0.52 | F1_CALIB=0.7129 | calib_base=0.3978
[2026-06-01T21:09:52.057+0000] {ml_pipeline.py:1402} INFO - [ML] Threshold candidates near best:
 threshold       f1  pred_rate  guarded_score
      0.50 0.712375   0.570612       0.712375
      0.51 0.712653   0.563973       0.712653
      0.52 0.712895   0.558150       0.712895
      0.53 0.711993   0.551565       0.711993
      0.54 0.711255   0.543673       0.711255
[2026-06-01T21:09:52.153+0000] {ml_pipeline.py:1425} INFO - [ML] VAL  – P=0.6194 R=0.8640 F1=0.7215 AUC=0.8387 AP=0.7659 pred_rate=0.563
[2026-06-01T21:09:52.154+0000] {ml_pipeline.py:1428} INFO - [ML] TEST – P=0.5211 R=0.8656 F1=0.6506 AUC=0.8124 AP=0.6604 pred_rate=0.565
[2026-06-01T21:09:52.168+0000] {ml_pipeline.py:1456} INFO - [ML] Feature day: 2026-05-18  →  Prediction day: 2026-05-19  (875 H3 cells)
[2026-06-01T21:09:52.306+0000] {ml_pipeline.py:1494} INFO - [ML] Predictions – cells=875  predicted_crime=495 (56.6%)
[2026-06-01T21:09:52.308+0000] {ml_pipeline.py:1498} INFO - [ML] Risk distribution:
risk_level
LOW         259
MEDIUM      181
HIGH        212
CRITICAL    223
[2026-06-01T21:09:52.308+0000] {ml_pipeline.py:1521} INFO - [ML] Writing 875 predictions → sage-mind-489618-n5.cdash_warehouse.prediction_results (mode=WRITE_TRUNCATE)
[2026-06-01T21:09:56.218+0000] {ml_pipeline.py:1540} INFO - [ML] ✓ Predictions written to BigQuery.
[2026-06-01T21:09:56.269+0000] {ml_pipeline.py:1698} INFO - [ML] Model artifact saved → /tmp/crime_model_v13.pkl
[2026-06-01T21:09:56.271+0000] {ml_pipeline.py:1701} INFO - ========================================================================
[2026-06-01T21:09:56.272+0000] {ml_pipeline.py:1702} INFO -   SUMMARY v13 dynamic-spatial
[2026-06-01T21:09:56.273+0000] {ml_pipeline.py:1703} INFO -   VAL  AUC=0.8387  F1=0.7215  AP=0.7659
[2026-06-01T21:09:56.274+0000] {ml_pipeline.py:1704} INFO -   TEST AUC=0.8124  F1=0.6506  AP=0.6604
[2026-06-01T21:09:56.275+0000] {ml_pipeline.py:1705} INFO -   Threshold (F1-calib)=0.52  |  Predictions=875
[2026-06-01T21:09:56.275+0000] {ml_pipeline.py:1706} INFO - ========================================================================
[2026-06-01T21:09:56.696+0000] {python.py:201} INFO - Done. Returned value was: {'val_auc': 0.8387381197146891, 'val_f1': 0.7215275430888813, 'test_auc': 0.8123691873826977, 'test_f1': 0.650550243550424, 'threshold': 0.5200000000000001, 'n_predictions': 875, 'model_version': '2026-06-01.crime_prob_v13_dynamic_spatial'}
[2026-06-01T21:09:56.737+0000] {taskinstance.py:1138} INFO - Marking task as SUCCESS. dag_id=crime_analytics_pipeline, task_id=ml_train_and_predict, execution_date=20260601T144005, start_date=20260601T210648, end_date=20260601T210956
[2026-06-01T21:09:57.168+0000] {local_task_job_runner.py:234} INFO - Task exited with return code 0
[2026-06-01T21:09:57.205+0000] {taskinstance.py:3280} INFO - 2 downstream tasks scheduled from follow-on schedule check
