[2026-06-01T21:47:30.613+0000] {taskinstance.py:1956} INFO - Dependencies all met for dep_context=non-requeueable deps ti=<TaskInstance: crime_analytics_pipeline.ml_train_and_predict manual__2026-06-01T14:40:05.181248+00:00 [queued]>
[2026-06-01T21:47:30.624+0000] {taskinstance.py:1956} INFO - Dependencies all met for dep_context=requeueable deps ti=<TaskInstance: crime_analytics_pipeline.ml_train_and_predict manual__2026-06-01T14:40:05.181248+00:00 [queued]>
[2026-06-01T21:47:30.625+0000] {taskinstance.py:2170} INFO - Starting attempt 17 of 18
[2026-06-01T21:47:30.650+0000] {taskinstance.py:2191} INFO - Executing <Task(PythonOperator): ml_train_and_predict> on 2026-06-01 14:40:05.181248+00:00
[2026-06-01T21:47:30.663+0000] {standard_task_runner.py:60} INFO - Started process 6271 to run task
[2026-06-01T21:47:30.667+0000] {standard_task_runner.py:87} INFO - Running: ['***', 'tasks', 'run', 'crime_analytics_pipeline', 'ml_train_and_predict', 'manual__2026-06-01T14:40:05.181248+00:00', '--job-id', '442', '--raw', '--subdir', 'DAGS_FOLDER/dag_crime_pipeline.py', '--cfg-path', '/tmp/tmp7d6wk507']
[2026-06-01T21:47:30.673+0000] {standard_task_runner.py:88} INFO - Job 442: Subtask ml_train_and_predict
[2026-06-01T21:47:30.781+0000] {task_command.py:423} INFO - Running <TaskInstance: crime_analytics_pipeline.ml_train_and_predict manual__2026-06-01T14:40:05.181248+00:00 [running]> on host db8b8170dea9
[2026-06-01T21:47:30.977+0000] {taskinstance.py:2480} INFO - Exporting env vars: AIRFLOW_CTX_DAG_EMAIL='cdash-alerts@example.com' AIRFLOW_CTX_DAG_OWNER='crime-analytics' AIRFLOW_CTX_DAG_ID='crime_analytics_pipeline' AIRFLOW_CTX_TASK_ID='ml_train_and_predict' AIRFLOW_CTX_EXECUTION_DATE='2026-06-01T14:40:05.181248+00:00' AIRFLOW_CTX_TRY_NUMBER='17' AIRFLOW_CTX_DAG_RUN_ID='manual__2026-06-01T14:40:05.181248+00:00'
[2026-06-01T21:47:33.100+0000] {ml_pipeline.py:1729} INFO - ========================================================================
[2026-06-01T21:47:33.101+0000] {ml_pipeline.py:1730} INFO -   Chicago Crime Hotspot Forecasting  –  ml_pipeline v13 dynamic-spatial
[2026-06-01T21:47:33.101+0000] {ml_pipeline.py:1731} INFO -   Target: next_has_crime = (next_total >= 1) | schema OK
[2026-06-01T21:47:33.102+0000] {ml_pipeline.py:1732} INFO - ========================================================================
[2026-06-01T21:47:33.261+0000] {ml_pipeline.py:318} INFO - [ML] Loading enriched_crime_data from BigQuery (last 400 days)...
[2026-06-01T21:47:43.180+0000] {ml_pipeline.py:380} INFO - [ML] Loaded 247690 rows, date range: 2025-04-27 → 2026-05-18
[2026-06-01T21:47:43.190+0000] {ml_pipeline.py:1748} INFO - [ML] Target prediction month=5, seasonal months=[4, 5, 6, 7, 8]
[2026-06-01T21:47:43.191+0000] {ml_pipeline.py:405} INFO - [ML] Loading seasonal data: months=4,5,6,7,8, years=2020-2025...
[2026-06-01T21:47:50.524+0000] {ml_pipeline.py:465} INFO - [ML] Seasonal data loaded: 605923 rows, 918 unique dates
[2026-06-01T21:47:51.311+0000] {ml_pipeline.py:1764} INFO - [ML] Combined: recent=247690 + seasonal=605923 → total=668185 rows
[2026-06-01T21:47:51.317+0000] {ml_pipeline.py:481} INFO - [ML] Aggregating daily per H3...
[2026-06-01T21:47:59.437+0000] {ml_pipeline.py:553} INFO - [ML] Daily grid: 1,959,125 rows, 875 H3 cells, 2239 dates | RAM-safe downcast done
[2026-06-01T21:47:59.519+0000] {ml_pipeline.py:577} INFO - [ML] H3 neighbors built. Avg ring-1 in dataset: 5.4
[2026-06-01T21:47:59.979+0000] {ml_pipeline.py:1797} INFO - [ML] Split  Train: 2025-08-15→2026-03-22 (220 d)  Val: 2026-04-27→2026-05-03  Test: 2026-05-04→2026-05-17
[2026-06-01T21:48:00.473+0000] {ml_pipeline.py:613} INFO - [ML]   [4A] Orthogonal temporal features (v14)
[2026-06-01T21:48:15.169+0000] {ml_pipeline.py:709} INFO - [ML]   [4B] Burst/streak features
[2026-06-01T21:48:15.945+0000] {ml_pipeline.py:734} INFO - [ML]   [4C] Crime-type composition
[2026-06-01T21:48:27.772+0000] {ml_pipeline.py:751} INFO - [ML]   [4D] Weather/context features
[2026-06-01T21:48:31.305+0000] {ml_pipeline.py:766} INFO - [ML]   [4E] Community-level features
[2026-06-01T21:48:34.705+0000] {ml_pipeline.py:813} INFO - [ML]   [4F] City-level features
[2026-06-01T21:48:36.946+0000] {ml_pipeline.py:847} INFO - [ML]   [4G] H3 spatial spillover v13 dynamic-spatial
[2026-06-01T21:48:38.437+0000] {ml_pipeline.py:915} INFO - [ML]     computing nbr_r1 mean/sum/max/std/active-count + r2 + roll7 ...
[2026-06-01T21:48:42.457+0000] {ml_pipeline.py:979} INFO - [ML]     ✓ Spatial spillover features added, single-merge RAM-safe
[2026-06-01T21:48:42.458+0000] {ml_pipeline.py:994} INFO - [ML]   [4H] Train-only spatial priors
[2026-06-01T21:48:47.738+0000] {ml_pipeline.py:1044} INFO - [ML]   [4I] Near-repeat victimization (Near-Repeat Theory)
[2026-06-01T21:48:47.857+0000] {ml_pipeline.py:1057} INFO - [ML]   [4J] Cross-crime lead-lag (Escalation Theory)
[2026-06-01T21:48:47.891+0000] {ml_pipeline.py:1070} INFO - [ML]   [4K] Arrest deterrence (Deterrence Theory)
[2026-06-01T21:48:49.645+0000] {ml_pipeline.py:1096} INFO - [ML]   [4L] Density-normalized crime
[2026-06-01T21:48:49.687+0000] {ml_pipeline.py:1113} INFO - [ML]   [4M] Holiday/event features (Routine Activity Theory)
[2026-06-01T21:49:10.713+0000] {ml_pipeline.py:1123} INFO - [ML]   [4N] Momentum and trend direction
[2026-06-01T21:49:13.572+0000] {ml_pipeline.py:1145} INFO - [ML]   [4O] Hardship interaction (Social Disorganization Theory)
[2026-06-01T21:49:13.602+0000] {ml_pipeline.py:1161} INFO - [ML]   [4P] Prior-relative features
[2026-06-01T21:49:13.659+0000] {ml_pipeline.py:1181} INFO - [ML] Feature engineering done. Shape: (1959125, 269)
[2026-06-01T21:49:15.986+0000] {ml_pipeline.py:1362} INFO - [ML] Preparing train/calib/val/test splits...
[2026-06-01T21:49:16.045+0000] {ml_pipeline.py:1394} INFO - [ML] Prior de-dup/damping: removed 9 prior feature(s)
[2026-06-01T21:49:19.155+0000] {ml_pipeline.py:1433} INFO - [ML] Train=192500  Calib=30625  Val=6125  Test=12250  features=249
[2026-06-01T21:49:19.156+0000] {ml_pipeline.py:1435} INFO - [ML] Dropped const/null=9 | Pos rate train=39.04% | scale_pos_weight raw=1.56 used=1.40 (power=0.75)
[2026-06-01T21:49:19.157+0000] {ml_pipeline.py:1437} INFO - [ML] Feature groups: spatial_nbr=23 temporal=136 criminology=10
[2026-06-01T21:49:20.179+0000] {logging_mixin.py:188} INFO - [0]	validation_0-aucpr:0.73284	validation_1-aucpr:0.74178
[2026-06-01T21:49:37.164+0000] {logging_mixin.py:188} INFO - [200]	validation_0-aucpr:0.74974	validation_1-aucpr:0.75703
[2026-06-01T21:49:53.929+0000] {logging_mixin.py:188} INFO - [400]	validation_0-aucpr:0.75220	validation_1-aucpr:0.75746
[2026-06-01T21:50:01.573+0000] {logging_mixin.py:188} INFO - [506]	validation_0-aucpr:0.75346	validation_1-aucpr:0.75739
[2026-06-01T21:50:01.589+0000] {ml_pipeline.py:1451} INFO - [ML] Training done. Best iteration: 386
[2026-06-01T21:50:01.612+0000] {ml_pipeline.py:1480} INFO - [ML][FI/WEIGHT] Top-30 features:
                   feature  score
      h3_train_active_rate  654.0
       h3_train_percentile  502.0
                    ewm_90  230.0
              roll_mean_90  154.0
          h3_vs_comm_prior  153.0
                    ewm_30  134.0
                    ewm_60  130.0
      active_rate_vs_train  122.0
            near_repeat_3d   97.0
               roll_sum_90   86.0
               roll_std_90   80.0
                   doy_cos   78.0
                     ewm_7   77.0
city_property_roll_mean_30   75.0
            active_rate_90   75.0
                 dayofyear   71.0
   city_total_roll_mean_14   70.0
                    ewm_14   68.0
                crime_z_90   67.0
               zero_streak   66.0
           city_total_lag1   66.0
                   dow_sin   64.0
               roll_std_60   64.0
 crime_vs_density_expected   62.0
               roll_sum_30   61.0
               roll_std_45   55.0
          city_active_lag1   54.0
  city_active_roll_mean_30   53.0
                   doy_sin   52.0
 city_violent_roll_mean_14   52.0
[2026-06-01T21:50:01.616+0000] {ml_pipeline.py:1480} INFO - [ML][FI/GAIN] Top-30 features:
              feature       score
               ewm_60 2542.618164
       active_rate_60 2471.300293
         roll_mean_30 2401.121094
          roll_sum_30 2193.045166
          roll_std_30 1946.617310
          roll_sum_90 1764.203613
          roll_std_90 1596.756714
          roll_std_60 1557.283203
               ewm_90 1503.302002
         roll_mean_60 1305.572998
               ewm_30 1183.196045
         roll_mean_45 1178.884033
       active_rate_30 1024.198242
 h3_train_active_rate  941.683899
     h3_city_share_30  899.224609
  h3_train_percentile  795.975647
       active_rate_90  733.292786
         roll_mean_90  667.357056
           roll_sum_7  502.234436
          roll_std_45  490.727631
          roll_mean_5  388.993439
       active_rate_14  357.846436
          roll_sum_60  341.547729
          roll_sum_45  178.748642
               ewm_14   86.207886
       near_repeat_5d   83.877258
h3_nbr_joint_activity   81.273674
       near_repeat_3d   80.721527
                ewm_7   62.265224
          roll_sum_14   57.332447
[2026-06-01T21:50:01.619+0000] {ml_pipeline.py:1480} INFO - [ML][FI/COVER] Top-30 features:
                feature        score
  narcotics_roll_sum_14 35947.156250
          nbr_contagion 30863.634766
 narcotics_roll_ratio_7 29909.306641
                  lag_3 29623.306641
    nbr_r1_active_count 27196.087891
           had_crime_2d 27155.791016
             roll_max_3 26503.259766
   narcotics_roll_sum_7 25678.947266
    precipitation_diff1 25047.349609
            roll_sum_21 24848.673828
      theft_roll_sum_30 24644.292969
            roll_max_60 24420.525391
            is_property 24306.914062
         near_repeat_3d 23538.267578
                dow_sin 22344.345703
             nbr_r1_sum 21757.789062
   active_rate_vs_train 21296.388672
     property_ratio_day 20358.455078
             burst_3_30 19645.121094
              month_cos 19595.615234
      days_from_holiday 19466.943359
            roll_max_30 18989.458984
   dist_nearest_station 18877.160156
            roll_mean_5 18483.386719
             roll_max_7 18365.134766
             wind_speed 18338.068359
            roll_sum_30 18081.089844
       h3_vs_comm_prior 18050.000000
city_total_roll_mean_14 17820.083984
         active_rate_30 17715.972656
[2026-06-01T21:50:01.625+0000] {ml_pipeline.py:1525} INFO - [ML][FI/GROUP] Feature group contribution (by GAIN):
           group        score  pct
temporal_rolling 27476.336487 93.4
  community_city   899.224609  3.1
   spatial_prior   795.975647  2.7
     criminology   164.598785  0.6
           other    81.273674  0.3
[2026-06-01T21:50:01.626+0000] {ml_pipeline.py:1534} WARNING - [ML][FI] ⚠️  Nhóm 'temporal_rolling' chiếm 93.4% tổng GAIN — nguy cơ model phụ thuộc quá nhiều vào 1 loại feature. Xem xét tăng reg_alpha/reg_lambda hoặc giảm colsample_bytree.
[2026-06-01T21:50:03.061+0000] {ml_pipeline.py:1553} INFO - [ML] Calibrated threshold guarded: 0.54 | F1_CALIB=0.7124 | calib_base=0.3942
[2026-06-01T21:50:03.063+0000] {ml_pipeline.py:1557} INFO - [ML] Threshold candidates near best:
 threshold       f1  pred_rate  guarded_score
      0.52 0.712214   0.553567       0.712214
      0.53 0.711936   0.544947       0.711936
      0.54 0.712392   0.537012       0.712392
      0.55 0.711623   0.529208       0.711623
      0.56 0.710516   0.520261       0.710516
[2026-06-01T21:50:03.176+0000] {ml_pipeline.py:1580} INFO - [ML] VAL  – P=0.6206 R=0.8493 F1=0.7172 AUC=0.8325 AP=0.7506 pred_rate=0.549
[2026-06-01T21:50:03.177+0000] {ml_pipeline.py:1583} INFO - [ML] TEST – P=0.5769 R=0.8500 F1=0.6873 AUC=0.8245 AP=0.7126 pred_rate=0.548
[2026-06-01T21:50:03.191+0000] {ml_pipeline.py:1611} INFO - [ML] Feature day: 2026-05-18  →  Prediction day: 2026-05-19  (875 H3 cells)
[2026-06-01T21:50:03.303+0000] {ml_pipeline.py:1649} INFO - [ML] Predictions – cells=875  predicted_crime=482 (55.1%)
[2026-06-01T21:50:03.305+0000] {ml_pipeline.py:1653} INFO - [ML] Risk distribution:
risk_level
LOW         263
MEDIUM      174
HIGH        222
CRITICAL    216
[2026-06-01T21:50:03.308+0000] {ml_pipeline.py:1676} INFO - [ML] Writing 875 predictions → sage-mind-489618-n5.cdash_warehouse.prediction_results (mode=WRITE_TRUNCATE)
[2026-06-01T21:50:16.631+0000] {ml_pipeline.py:1695} INFO - [ML] ✓ Predictions written to BigQuery.
[2026-06-01T21:50:16.631+0000] {ml_pipeline.py:1204} INFO - ========================================================================
[2026-06-01T21:50:16.631+0000] {ml_pipeline.py:1205} INFO -   ABLATION STUDY — Feature Group Contribution
[2026-06-01T21:50:16.632+0000] {ml_pipeline.py:1206} INFO - ========================================================================
[2026-06-01T21:50:21.781+0000] {ml_pipeline.py:1318} INFO - [ABLATION] 1_temporal_only                     | features=141 | Val AUC=0.8320 AP=0.7506 F1=0.6959 | Test AUC=0.8245 AP=0.7127 F1=0.6765
[2026-06-01T21:50:24.532+0000] {ml_pipeline.py:1318} INFO - [ABLATION] 2_temporal_spatial                  | features=167 | Val AUC=0.8325 AP=0.7505 F1=0.5814 | Test AUC=0.8248 AP=0.7111 F1=0.5774
[2026-06-01T21:50:27.188+0000] {ml_pipeline.py:1318} INFO - [ABLATION] 3_temporal_spatial_context          | features=209 | Val AUC=0.8326 AP=0.7499 F1=0.5364 | Test AUC=0.8252 AP=0.7115 F1=0.5379
[2026-06-01T21:50:31.292+0000] {ml_pipeline.py:1318} INFO - [ABLATION] 4_full                              | features=249 | Val AUC=0.8327 AP=0.7511 F1=0.6800 | Test AUC=0.8251 AP=0.7118 F1=0.6652
[2026-06-01T21:50:31.293+0000] {ml_pipeline.py:1328} INFO - [ABLATION] Summary table:
[2026-06-01T21:50:31.293+0000] {logging_mixin.py:188} WARNING - --- Logging error ---
[2026-06-01T21:50:31.295+0000] {logging_mixin.py:188} WARNING - Traceback (most recent call last):
[2026-06-01T21:50:31.296+0000] {logging_mixin.py:188} WARNING -   File "/usr/local/lib/python3.11/logging/__init__.py", line 1110, in emit
    msg = self.format(record)
          ^^^^^^^^^^^^^^^^^^^
[2026-06-01T21:50:31.296+0000] {logging_mixin.py:188} WARNING -   File "/usr/local/lib/python3.11/logging/__init__.py", line 953, in format
    return fmt.format(record)
           ^^^^^^^^^^^^^^^^^^
[2026-06-01T21:50:31.297+0000] {logging_mixin.py:188} WARNING -   File "/usr/local/lib/python3.11/logging/__init__.py", line 687, in format
    record.message = record.getMessage()
                     ^^^^^^^^^^^^^^^^^^^
[2026-06-01T21:50:31.297+0000] {logging_mixin.py:188} WARNING -   File "/usr/local/lib/python3.11/logging/__init__.py", line 377, in getMessage
    msg = msg % self.args
          ~~~~^~~~~~~~~~~
[2026-06-01T21:50:31.298+0000] {logging_mixin.py:188} WARNING - TypeError: not all arguments converted during string formatting
[2026-06-01T21:50:31.298+0000] {logging_mixin.py:188} WARNING - Call stack:
[2026-06-01T21:50:31.327+0000] {logging_mixin.py:188} WARNING -   File "/home/***/.local/bin/***", line 8, in <module>
    sys.exit(main())
[2026-06-01T21:50:31.328+0000] {logging_mixin.py:188} WARNING -   File "/home/***/.local/lib/python3.11/site-packages/***/__main__.py", line 57, in main
    args.func(args)
[2026-06-01T21:50:31.329+0000] {logging_mixin.py:188} WARNING -   File "/home/***/.local/lib/python3.11/site-packages/***/cli/cli_config.py", line 49, in command
    return func(*args, **kwargs)
[2026-06-01T21:50:31.330+0000] {logging_mixin.py:188} WARNING -   File "/home/***/.local/lib/python3.11/site-packages/***/utils/cli.py", line 114, in wrapper
    return f(*args, **kwargs)
[2026-06-01T21:50:31.330+0000] {logging_mixin.py:188} WARNING -   File "/home/***/.local/lib/python3.11/site-packages/***/utils/providers_configuration_loader.py", line 55, in wrapped_function
    return func(*args, **kwargs)
[2026-06-01T21:50:31.331+0000] {logging_mixin.py:188} WARNING -   File "/home/***/.local/lib/python3.11/site-packages/***/cli/commands/scheduler_command.py", line 67, in scheduler
    run_command_with_daemon_option(
[2026-06-01T21:50:31.331+0000] {logging_mixin.py:188} WARNING -   File "/home/***/.local/lib/python3.11/site-packages/***/cli/commands/daemon_utils.py", line 86, in run_command_with_daemon_option
    callback()
[2026-06-01T21:50:31.331+0000] {logging_mixin.py:188} WARNING -   File "/home/***/.local/lib/python3.11/site-packages/***/cli/commands/scheduler_command.py", line 70, in <lambda>
    callback=lambda: _run_scheduler_job(args),
[2026-06-01T21:50:31.332+0000] {logging_mixin.py:188} WARNING -   File "/home/***/.local/lib/python3.11/site-packages/***/cli/commands/scheduler_command.py", line 52, in _run_scheduler_job
    run_job(job=job_runner.job, execute_callable=job_runner._execute)
[2026-06-01T21:50:31.332+0000] {logging_mixin.py:188} WARNING -   File "/home/***/.local/lib/python3.11/site-packages/***/utils/session.py", line 79, in wrapper
    return func(*args, session=session, **kwargs)
[2026-06-01T21:50:31.333+0000] {logging_mixin.py:188} WARNING -   File "/home/***/.local/lib/python3.11/site-packages/***/jobs/job.py", line 393, in run_job
    return execute_job(job, execute_callable=execute_callable)
[2026-06-01T21:50:31.334+0000] {logging_mixin.py:188} WARNING -   File "/home/***/.local/lib/python3.11/site-packages/***/jobs/job.py", line 422, in execute_job
    ret = execute_callable()
[2026-06-01T21:50:31.334+0000] {logging_mixin.py:188} WARNING -   File "/home/***/.local/lib/python3.11/site-packages/***/jobs/scheduler_job_runner.py", line 846, in _execute
    self.job.executor.start()
[2026-06-01T21:50:31.334+0000] {logging_mixin.py:188} WARNING -   File "/home/***/.local/lib/python3.11/site-packages/***/executors/local_executor.py", line 372, in start
    self.impl.start()
[2026-06-01T21:50:31.335+0000] {logging_mixin.py:188} WARNING -   File "/home/***/.local/lib/python3.11/site-packages/***/executors/local_executor.py", line 311, in start
    worker.start()
[2026-06-01T21:50:31.335+0000] {logging_mixin.py:188} WARNING -   File "/usr/local/lib/python3.11/multiprocessing/process.py", line 121, in start
    self._popen = self._Popen(self)
[2026-06-01T21:50:31.336+0000] {logging_mixin.py:188} WARNING -   File "/usr/local/lib/python3.11/multiprocessing/context.py", line 224, in _Popen
    return _default_context.get_context().Process._Popen(process_obj)
[2026-06-01T21:50:31.336+0000] {logging_mixin.py:188} WARNING -   File "/usr/local/lib/python3.11/multiprocessing/context.py", line 281, in _Popen
    return Popen(process_obj)
[2026-06-01T21:50:31.336+0000] {logging_mixin.py:188} WARNING -   File "/usr/local/lib/python3.11/multiprocessing/popen_fork.py", line 19, in __init__
    self._launch(process_obj)
[2026-06-01T21:50:31.337+0000] {logging_mixin.py:188} WARNING -   File "/usr/local/lib/python3.11/multiprocessing/popen_fork.py", line 71, in _launch
    code = process_obj._bootstrap(parent_sentinel=child_r)
[2026-06-01T21:50:31.337+0000] {logging_mixin.py:188} WARNING -   File "/usr/local/lib/python3.11/multiprocessing/process.py", line 314, in _bootstrap
    self.run()
[2026-06-01T21:50:31.338+0000] {logging_mixin.py:188} WARNING -   File "/home/***/.local/lib/python3.11/site-packages/***/executors/local_executor.py", line 77, in run
    return super().run()
[2026-06-01T21:50:31.338+0000] {logging_mixin.py:188} WARNING -   File "/usr/local/lib/python3.11/multiprocessing/process.py", line 108, in run
    self._target(*self._args, **self._kwargs)
[2026-06-01T21:50:31.338+0000] {logging_mixin.py:188} WARNING -   File "/home/***/.local/lib/python3.11/site-packages/***/executors/local_executor.py", line 201, in do_work
    self.execute_work(key=key, command=command)
[2026-06-01T21:50:31.339+0000] {logging_mixin.py:188} WARNING -   File "/home/***/.local/lib/python3.11/site-packages/***/executors/local_executor.py", line 94, in execute_work
    state = self._execute_work_in_fork(command)
[2026-06-01T21:50:31.339+0000] {logging_mixin.py:188} WARNING -   File "/home/***/.local/lib/python3.11/site-packages/***/executors/local_executor.py", line 134, in _execute_work_in_fork
    args.func(args)
[2026-06-01T21:50:31.339+0000] {logging_mixin.py:188} WARNING -   File "/home/***/.local/lib/python3.11/site-packages/***/cli/cli_config.py", line 49, in command
    return func(*args, **kwargs)
[2026-06-01T21:50:31.339+0000] {logging_mixin.py:188} WARNING -   File "/home/***/.local/lib/python3.11/site-packages/***/utils/cli.py", line 114, in wrapper
    return f(*args, **kwargs)
[2026-06-01T21:50:31.340+0000] {logging_mixin.py:188} WARNING -   File "/home/***/.local/lib/python3.11/site-packages/***/cli/commands/task_command.py", line 438, in task_run
    task_return_code = _run_task_by_selected_method(args, _dag, ti)
[2026-06-01T21:50:31.340+0000] {logging_mixin.py:188} WARNING -   File "/home/***/.local/lib/python3.11/site-packages/***/cli/commands/task_command.py", line 216, in _run_task_by_selected_method
    return _run_task_by_local_task_job(args, ti)
[2026-06-01T21:50:31.340+0000] {logging_mixin.py:188} WARNING -   File "/home/***/.local/lib/python3.11/site-packages/***/cli/commands/task_command.py", line 278, in _run_task_by_local_task_job
    ret = run_job(job=job_runner.job, execute_callable=job_runner._execute)
[2026-06-01T21:50:31.341+0000] {logging_mixin.py:188} WARNING -   File "/home/***/.local/lib/python3.11/site-packages/***/utils/session.py", line 79, in wrapper
    return func(*args, session=session, **kwargs)
[2026-06-01T21:50:31.341+0000] {logging_mixin.py:188} WARNING -   File "/home/***/.local/lib/python3.11/site-packages/***/jobs/job.py", line 393, in run_job
    return execute_job(job, execute_callable=execute_callable)
[2026-06-01T21:50:31.342+0000] {logging_mixin.py:188} WARNING -   File "/home/***/.local/lib/python3.11/site-packages/***/jobs/job.py", line 422, in execute_job
    ret = execute_callable()
[2026-06-01T21:50:31.342+0000] {logging_mixin.py:188} WARNING -   File "/home/***/.local/lib/python3.11/site-packages/***/jobs/local_task_job_runner.py", line 165, in _execute
    self.task_runner.start()
[2026-06-01T21:50:31.342+0000] {logging_mixin.py:188} WARNING -   File "/home/***/.local/lib/python3.11/site-packages/***/task/task_runner/standard_task_runner.py", line 48, in start
    self.process = self._start_by_fork()
[2026-06-01T21:50:31.343+0000] {logging_mixin.py:188} WARNING -   File "/home/***/.local/lib/python3.11/site-packages/***/task/task_runner/standard_task_runner.py", line 100, in _start_by_fork
    ret = args.func(args, dag=self.dag)
[2026-06-01T21:50:31.343+0000] {logging_mixin.py:188} WARNING -   File "/home/***/.local/lib/python3.11/site-packages/***/cli/cli_config.py", line 49, in command
    return func(*args, **kwargs)
[2026-06-01T21:50:31.343+0000] {logging_mixin.py:188} WARNING -   File "/home/***/.local/lib/python3.11/site-packages/***/utils/cli.py", line 114, in wrapper
    return f(*args, **kwargs)
[2026-06-01T21:50:31.343+0000] {logging_mixin.py:188} WARNING -   File "/home/***/.local/lib/python3.11/site-packages/***/cli/commands/task_command.py", line 438, in task_run
    task_return_code = _run_task_by_selected_method(args, _dag, ti)
[2026-06-01T21:50:31.344+0000] {logging_mixin.py:188} WARNING -   File "/home/***/.local/lib/python3.11/site-packages/***/cli/commands/task_command.py", line 218, in _run_task_by_selected_method
    return _run_raw_task(args, ti)
[2026-06-01T21:50:31.344+0000] {logging_mixin.py:188} WARNING -   File "/home/***/.local/lib/python3.11/site-packages/***/cli/commands/task_command.py", line 297, in _run_raw_task
    return ti._run_raw_task(
[2026-06-01T21:50:31.344+0000] {logging_mixin.py:188} WARNING -   File "/home/***/.local/lib/python3.11/site-packages/***/utils/session.py", line 79, in wrapper
    return func(*args, session=session, **kwargs)
[2026-06-01T21:50:31.345+0000] {logging_mixin.py:188} WARNING -   File "/home/***/.local/lib/python3.11/site-packages/***/models/taskinstance.py", line 2334, in _run_raw_task
    self._execute_task_with_callbacks(context, test_mode, session=session)
[2026-06-01T21:50:31.345+0000] {logging_mixin.py:188} WARNING -   File "/home/***/.local/lib/python3.11/site-packages/***/models/taskinstance.py", line 2499, in _execute_task_with_callbacks
    result = self._execute_task(context, task_orig)
[2026-06-01T21:50:31.345+0000] {logging_mixin.py:188} WARNING -   File "/home/***/.local/lib/python3.11/site-packages/***/models/taskinstance.py", line 2516, in _execute_task
    return _execute_task(self, context, task_orig)
[2026-06-01T21:50:31.346+0000] {logging_mixin.py:188} WARNING -   File "/home/***/.local/lib/python3.11/site-packages/***/models/taskinstance.py", line 433, in _execute_task
    result = execute_callable(context=context, **execute_callable_kwargs)
[2026-06-01T21:50:31.346+0000] {logging_mixin.py:188} WARNING -   File "/home/***/.local/lib/python3.11/site-packages/***/operators/python.py", line 199, in execute
    return_value = self.execute_callable()
[2026-06-01T21:50:31.347+0000] {logging_mixin.py:188} WARNING -   File "/home/***/.local/lib/python3.11/site-packages/***/operators/python.py", line 216, in execute_callable
    return self.python_callable(*self.op_args, **self.op_kwargs)
[2026-06-01T21:50:31.347+0000] {logging_mixin.py:188} WARNING -   File "/opt/***/dags/dag_crime_pipeline.py", line 298, in _run_ml_pipeline
    result = train_and_predict(
[2026-06-01T21:50:31.348+0000] {logging_mixin.py:188} WARNING -   File "/opt/***/scripts/ml/ml_pipeline.py", line 1825, in train_and_predict
    _run_ablation_study(
[2026-06-01T21:50:31.348+0000] {logging_mixin.py:188} WARNING -   File "/opt/***/scripts/ml/ml_pipeline.py", line 1329, in _run_ablation_study
    log.info("[ABLATION] %-35s | %s | %s | %s | %s | %s | %s",
[2026-06-01T21:50:31.348+0000] {logging_mixin.py:188} WARNING -   File "/usr/local/lib/python3.11/logging/__init__.py", line 1489, in info
    self._log(INFO, msg, args, **kwargs)
[2026-06-01T21:50:31.349+0000] {logging_mixin.py:188} WARNING -   File "/usr/local/lib/python3.11/logging/__init__.py", line 1634, in _log
    self.handle(record)
[2026-06-01T21:50:31.349+0000] {logging_mixin.py:188} WARNING -   File "/usr/local/lib/python3.11/logging/__init__.py", line 1644, in handle
    self.callHandlers(record)
[2026-06-01T21:50:31.350+0000] {logging_mixin.py:188} WARNING -   File "/usr/local/lib/python3.11/logging/__init__.py", line 1706, in callHandlers
    hdlr.handle(record)
[2026-06-01T21:50:31.350+0000] {logging_mixin.py:188} WARNING -   File "/usr/local/lib/python3.11/logging/__init__.py", line 978, in handle
    self.emit(record)
[2026-06-01T21:50:31.350+0000] {logging_mixin.py:188} WARNING -   File "/home/***/.local/lib/python3.11/site-packages/***/utils/log/file_task_handler.py", line 247, in emit
    self.handler.emit(record)
[2026-06-01T21:50:31.351+0000] {logging_mixin.py:188} WARNING - Message: '[ABLATION] %-35s | %s | %s | %s | %s | %s | %s'
Arguments: ('Scenario', 'Feats', 'Val_AUC', 'Val_AP', 'Val_F1', 'Tst_AUC', 'Tst_AP', 'Tst_F1')
[2026-06-01T21:50:31.351+0000] {ml_pipeline.py:1333} INFO - [ABLATION] ----------------------------------------------------------------------------------------------------
[2026-06-01T21:50:31.351+0000] {ml_pipeline.py:1335} INFO - [ABLATION] 1_temporal_only                     |   141 | 0.8320  | 0.7506 | 0.6959 | 0.8245  | 0.7127 | 0.6765
[2026-06-01T21:50:31.352+0000] {ml_pipeline.py:1335} INFO - [ABLATION] 2_temporal_spatial                  |   167 | 0.8325  | 0.7505 | 0.5814 | 0.8248  | 0.7111 | 0.5774
[2026-06-01T21:50:31.352+0000] {ml_pipeline.py:1335} INFO - [ABLATION] 3_temporal_spatial_context          |   209 | 0.8326  | 0.7499 | 0.5364 | 0.8252  | 0.7115 | 0.5379
[2026-06-01T21:50:31.352+0000] {ml_pipeline.py:1335} INFO - [ABLATION] 4_full                              |   249 | 0.8327  | 0.7511 | 0.6800 | 0.8251  | 0.7118 | 0.6652
[2026-06-01T21:50:31.353+0000] {ml_pipeline.py:1342} INFO - ========================================================================
[2026-06-01T21:50:31.375+0000] {ml_pipeline.py:1856} INFO - [ML] Model artifact saved → /tmp/crime_model_v13.pkl
[2026-06-01T21:50:31.376+0000] {ml_pipeline.py:1859} INFO - ========================================================================
[2026-06-01T21:50:31.377+0000] {ml_pipeline.py:1860} INFO -   SUMMARY v13 dynamic-spatial
[2026-06-01T21:50:31.377+0000] {ml_pipeline.py:1861} INFO -   VAL  AUC=0.8325  F1=0.7172  AP=0.7506
[2026-06-01T21:50:31.377+0000] {ml_pipeline.py:1862} INFO -   TEST AUC=0.8245  F1=0.6873  AP=0.7126
[2026-06-01T21:50:31.378+0000] {ml_pipeline.py:1863} INFO -   Threshold (F1-calib)=0.54  |  Predictions=875
[2026-06-01T21:50:31.378+0000] {ml_pipeline.py:1864} INFO - ========================================================================
[2026-06-01T21:50:31.508+0000] {python.py:201} INFO - Done. Returned value was: {'val_auc': 0.8325060170474874, 'val_f1': 0.717208182912154, 'test_auc': 0.8245180609311042, 'test_f1': 0.6873224431818182, 'threshold': 0.5400000000000001, 'n_predictions': 875, 'model_version': '2026-06-01.crime_prob_v13_dynamic_spatial'}
[2026-06-01T21:50:31.539+0000] {taskinstance.py:1138} INFO - Marking task as SUCCESS. dag_id=crime_analytics_pipeline, task_id=ml_train_and_predict, execution_date=20260601T144005, start_date=20260601T214730, end_date=20260601T215031
[2026-06-01T21:50:31.830+0000] {local_task_job_runner.py:234} INFO - Task exited with return code 0
[2026-06-01T21:50:31.858+0000] {taskinstance.py:3280} INFO - 2 downstream tasks scheduled from follow-on schedule check
