[2026-05-09T07:41:33.641+0000] {processor.py:161} INFO - Started process (PID=190) to work on /opt/airflow/dags/dag_crime_pipeline.py
[2026-05-09T07:41:33.643+0000] {processor.py:830} INFO - Processing file /opt/airflow/dags/dag_crime_pipeline.py for tasks to queue
[2026-05-09T07:41:33.648+0000] {logging_mixin.py:188} INFO - [2026-05-09T07:41:33.647+0000] {dagbag.py:538} INFO - Filling up the DagBag from /opt/airflow/dags/dag_crime_pipeline.py
[2026-05-09T07:41:33.754+0000] {processor.py:840} INFO - DAG(s) 'crime_analytics_pipeline' retrieved from /opt/airflow/dags/dag_crime_pipeline.py
[2026-05-09T07:41:34.079+0000] {logging_mixin.py:188} INFO - [2026-05-09T07:41:34.077+0000] {override.py:1769} INFO - Created Permission View: can edit on DAG:crime_analytics_pipeline
[2026-05-09T07:41:34.093+0000] {logging_mixin.py:188} INFO - [2026-05-09T07:41:34.093+0000] {override.py:1769} INFO - Created Permission View: can read on DAG:crime_analytics_pipeline
[2026-05-09T07:41:34.103+0000] {logging_mixin.py:188} INFO - [2026-05-09T07:41:34.102+0000] {override.py:1769} INFO - Created Permission View: can delete on DAG:crime_analytics_pipeline
[2026-05-09T07:41:34.105+0000] {logging_mixin.py:188} INFO - [2026-05-09T07:41:34.104+0000] {dag.py:3036} INFO - Sync 1 DAGs
[2026-05-09T07:41:34.124+0000] {logging_mixin.py:188} INFO - [2026-05-09T07:41:34.123+0000] {dag.py:3058} INFO - Creating ORM DAG for crime_analytics_pipeline
[2026-05-09T07:41:34.141+0000] {logging_mixin.py:188} INFO - [2026-05-09T07:41:34.141+0000] {dag.py:3823} INFO - Setting next_dagrun for crime_analytics_pipeline to 2026-04-26 02:00:00+00:00, run_after=2026-05-03 02:00:00+00:00
[2026-05-09T07:41:34.194+0000] {processor.py:183} INFO - Processing /opt/airflow/dags/dag_crime_pipeline.py took 0.559 seconds
[2026-05-09T07:42:04.239+0000] {processor.py:161} INFO - Started process (PID=195) to work on /opt/airflow/dags/dag_crime_pipeline.py
[2026-05-09T07:42:04.241+0000] {processor.py:830} INFO - Processing file /opt/airflow/dags/dag_crime_pipeline.py for tasks to queue
[2026-05-09T07:42:04.245+0000] {logging_mixin.py:188} INFO - [2026-05-09T07:42:04.245+0000] {dagbag.py:538} INFO - Filling up the DagBag from /opt/airflow/dags/dag_crime_pipeline.py
[2026-05-09T07:42:04.296+0000] {processor.py:840} INFO - DAG(s) 'crime_analytics_pipeline' retrieved from /opt/airflow/dags/dag_crime_pipeline.py
[2026-05-09T07:42:04.342+0000] {logging_mixin.py:188} INFO - [2026-05-09T07:42:04.342+0000] {dag.py:3036} INFO - Sync 1 DAGs
[2026-05-09T07:42:04.378+0000] {logging_mixin.py:188} INFO - [2026-05-09T07:42:04.377+0000] {dag.py:3823} INFO - Setting next_dagrun for crime_analytics_pipeline to 2026-04-26 02:00:00+00:00, run_after=2026-05-03 02:00:00+00:00
[2026-05-09T07:42:04.410+0000] {processor.py:183} INFO - Processing /opt/airflow/dags/dag_crime_pipeline.py took 0.178 seconds
[2026-05-09T07:42:34.886+0000] {processor.py:161} INFO - Started process (PID=200) to work on /opt/airflow/dags/dag_crime_pipeline.py
[2026-05-09T07:42:34.888+0000] {processor.py:830} INFO - Processing file /opt/airflow/dags/dag_crime_pipeline.py for tasks to queue
[2026-05-09T07:42:34.893+0000] {logging_mixin.py:188} INFO - [2026-05-09T07:42:34.892+0000] {dagbag.py:538} INFO - Filling up the DagBag from /opt/airflow/dags/dag_crime_pipeline.py
[2026-05-09T07:42:34.937+0000] {processor.py:840} INFO - DAG(s) 'crime_analytics_pipeline' retrieved from /opt/airflow/dags/dag_crime_pipeline.py
[2026-05-09T07:42:34.980+0000] {logging_mixin.py:188} INFO - [2026-05-09T07:42:34.979+0000] {dag.py:3036} INFO - Sync 1 DAGs
[2026-05-09T07:42:35.005+0000] {logging_mixin.py:188} INFO - [2026-05-09T07:42:35.005+0000] {dag.py:3823} INFO - Setting next_dagrun for crime_analytics_pipeline to 2026-04-26 02:00:00+00:00, run_after=2026-05-03 02:00:00+00:00
[2026-05-09T07:42:35.028+0000] {processor.py:183} INFO - Processing /opt/airflow/dags/dag_crime_pipeline.py took 0.148 seconds
[2026-05-09T07:43:05.250+0000] {processor.py:161} INFO - Started process (PID=205) to work on /opt/airflow/dags/dag_crime_pipeline.py
[2026-05-09T07:43:05.251+0000] {processor.py:830} INFO - Processing file /opt/airflow/dags/dag_crime_pipeline.py for tasks to queue
[2026-05-09T07:43:05.256+0000] {logging_mixin.py:188} INFO - [2026-05-09T07:43:05.255+0000] {dagbag.py:538} INFO - Filling up the DagBag from /opt/airflow/dags/dag_crime_pipeline.py
[2026-05-09T07:43:05.299+0000] {processor.py:840} INFO - DAG(s) 'crime_analytics_pipeline' retrieved from /opt/airflow/dags/dag_crime_pipeline.py
[2026-05-09T07:43:05.395+0000] {logging_mixin.py:188} INFO - [2026-05-09T07:43:05.395+0000] {dag.py:3036} INFO - Sync 1 DAGs
[2026-05-09T07:43:05.420+0000] {logging_mixin.py:188} INFO - [2026-05-09T07:43:05.420+0000] {dag.py:3823} INFO - Setting next_dagrun for crime_analytics_pipeline to 2026-04-26 02:00:00+00:00, run_after=2026-05-03 02:00:00+00:00
[2026-05-09T07:43:05.441+0000] {processor.py:183} INFO - Processing /opt/airflow/dags/dag_crime_pipeline.py took 0.195 seconds
[2026-05-09T07:43:35.851+0000] {processor.py:161} INFO - Started process (PID=210) to work on /opt/airflow/dags/dag_crime_pipeline.py
[2026-05-09T07:43:35.853+0000] {processor.py:830} INFO - Processing file /opt/airflow/dags/dag_crime_pipeline.py for tasks to queue
[2026-05-09T07:43:35.858+0000] {logging_mixin.py:188} INFO - [2026-05-09T07:43:35.858+0000] {dagbag.py:538} INFO - Filling up the DagBag from /opt/airflow/dags/dag_crime_pipeline.py
[2026-05-09T07:43:35.907+0000] {processor.py:840} INFO - DAG(s) 'crime_analytics_pipeline' retrieved from /opt/airflow/dags/dag_crime_pipeline.py
[2026-05-09T07:43:35.947+0000] {logging_mixin.py:188} INFO - [2026-05-09T07:43:35.946+0000] {dag.py:3036} INFO - Sync 1 DAGs
[2026-05-09T07:43:35.979+0000] {logging_mixin.py:188} INFO - [2026-05-09T07:43:35.979+0000] {dag.py:3823} INFO - Setting next_dagrun for crime_analytics_pipeline to 2026-04-26 02:00:00+00:00, run_after=2026-05-03 02:00:00+00:00
[2026-05-09T07:43:36.024+0000] {processor.py:183} INFO - Processing /opt/airflow/dags/dag_crime_pipeline.py took 0.178 seconds
[2026-05-09T07:44:06.352+0000] {processor.py:161} INFO - Started process (PID=215) to work on /opt/airflow/dags/dag_crime_pipeline.py
[2026-05-09T07:44:06.354+0000] {processor.py:830} INFO - Processing file /opt/airflow/dags/dag_crime_pipeline.py for tasks to queue
[2026-05-09T07:44:06.359+0000] {logging_mixin.py:188} INFO - [2026-05-09T07:44:06.358+0000] {dagbag.py:538} INFO - Filling up the DagBag from /opt/airflow/dags/dag_crime_pipeline.py
[2026-05-09T07:44:06.416+0000] {processor.py:840} INFO - DAG(s) 'crime_analytics_pipeline' retrieved from /opt/airflow/dags/dag_crime_pipeline.py
[2026-05-09T07:44:06.462+0000] {logging_mixin.py:188} INFO - [2026-05-09T07:44:06.462+0000] {dag.py:3036} INFO - Sync 1 DAGs
[2026-05-09T07:44:06.491+0000] {logging_mixin.py:188} INFO - [2026-05-09T07:44:06.490+0000] {dag.py:3823} INFO - Setting next_dagrun for crime_analytics_pipeline to 2026-04-26 02:00:00+00:00, run_after=2026-05-03 02:00:00+00:00
[2026-05-09T07:44:06.511+0000] {processor.py:183} INFO - Processing /opt/airflow/dags/dag_crime_pipeline.py took 0.164 seconds
[2026-05-09T07:44:36.925+0000] {processor.py:161} INFO - Started process (PID=220) to work on /opt/airflow/dags/dag_crime_pipeline.py
[2026-05-09T07:44:36.928+0000] {processor.py:830} INFO - Processing file /opt/airflow/dags/dag_crime_pipeline.py for tasks to queue
[2026-05-09T07:44:36.932+0000] {logging_mixin.py:188} INFO - [2026-05-09T07:44:36.932+0000] {dagbag.py:538} INFO - Filling up the DagBag from /opt/airflow/dags/dag_crime_pipeline.py
[2026-05-09T07:44:36.976+0000] {processor.py:840} INFO - DAG(s) 'crime_analytics_pipeline' retrieved from /opt/airflow/dags/dag_crime_pipeline.py
[2026-05-09T07:44:37.018+0000] {logging_mixin.py:188} INFO - [2026-05-09T07:44:37.017+0000] {dag.py:3036} INFO - Sync 1 DAGs
[2026-05-09T07:44:37.046+0000] {logging_mixin.py:188} INFO - [2026-05-09T07:44:37.046+0000] {dag.py:3823} INFO - Setting next_dagrun for crime_analytics_pipeline to 2026-04-26 02:00:00+00:00, run_after=2026-05-03 02:00:00+00:00
[2026-05-09T07:44:37.091+0000] {processor.py:183} INFO - Processing /opt/airflow/dags/dag_crime_pipeline.py took 0.177 seconds
[2026-05-09T07:45:07.336+0000] {processor.py:161} INFO - Started process (PID=234) to work on /opt/airflow/dags/dag_crime_pipeline.py
[2026-05-09T07:45:07.337+0000] {processor.py:830} INFO - Processing file /opt/airflow/dags/dag_crime_pipeline.py for tasks to queue
[2026-05-09T07:45:07.341+0000] {logging_mixin.py:188} INFO - [2026-05-09T07:45:07.341+0000] {dagbag.py:538} INFO - Filling up the DagBag from /opt/airflow/dags/dag_crime_pipeline.py
[2026-05-09T07:45:07.383+0000] {processor.py:840} INFO - DAG(s) 'crime_analytics_pipeline' retrieved from /opt/airflow/dags/dag_crime_pipeline.py
[2026-05-09T07:45:07.423+0000] {logging_mixin.py:188} INFO - [2026-05-09T07:45:07.422+0000] {dag.py:3036} INFO - Sync 1 DAGs
[2026-05-09T07:45:07.494+0000] {processor.py:183} INFO - Processing /opt/airflow/dags/dag_crime_pipeline.py took 0.164 seconds
[2026-05-09T07:45:37.934+0000] {processor.py:161} INFO - Started process (PID=239) to work on /opt/airflow/dags/dag_crime_pipeline.py
[2026-05-09T07:45:37.936+0000] {processor.py:830} INFO - Processing file /opt/airflow/dags/dag_crime_pipeline.py for tasks to queue
[2026-05-09T07:45:37.940+0000] {logging_mixin.py:188} INFO - [2026-05-09T07:45:37.939+0000] {dagbag.py:538} INFO - Filling up the DagBag from /opt/airflow/dags/dag_crime_pipeline.py
[2026-05-09T07:45:37.992+0000] {processor.py:840} INFO - DAG(s) 'crime_analytics_pipeline' retrieved from /opt/airflow/dags/dag_crime_pipeline.py
[2026-05-09T07:45:38.042+0000] {logging_mixin.py:188} INFO - [2026-05-09T07:45:38.041+0000] {dag.py:3036} INFO - Sync 1 DAGs
[2026-05-09T07:45:38.114+0000] {processor.py:183} INFO - Processing /opt/airflow/dags/dag_crime_pipeline.py took 0.185 seconds
[2026-05-09T07:46:08.272+0000] {processor.py:161} INFO - Started process (PID=244) to work on /opt/airflow/dags/dag_crime_pipeline.py
[2026-05-09T07:46:08.273+0000] {processor.py:830} INFO - Processing file /opt/airflow/dags/dag_crime_pipeline.py for tasks to queue
[2026-05-09T07:46:08.276+0000] {logging_mixin.py:188} INFO - [2026-05-09T07:46:08.275+0000] {dagbag.py:538} INFO - Filling up the DagBag from /opt/airflow/dags/dag_crime_pipeline.py
[2026-05-09T07:46:08.334+0000] {processor.py:840} INFO - DAG(s) 'crime_analytics_pipeline' retrieved from /opt/airflow/dags/dag_crime_pipeline.py
[2026-05-09T07:46:08.378+0000] {logging_mixin.py:188} INFO - [2026-05-09T07:46:08.378+0000] {dag.py:3036} INFO - Sync 1 DAGs
[2026-05-09T07:46:08.426+0000] {processor.py:183} INFO - Processing /opt/airflow/dags/dag_crime_pipeline.py took 0.158 seconds
