[2026-06-17T19:44:08.410+0000] {taskinstance.py:1956} INFO - Dependencies all met for dep_context=non-requeueable deps ti=<TaskInstance: crime_analytics_pipeline.ingest_poi scheduled__2026-06-06T19:00:00+00:00 [queued]>
[2026-06-17T19:44:08.419+0000] {taskinstance.py:1956} INFO - Dependencies all met for dep_context=requeueable deps ti=<TaskInstance: crime_analytics_pipeline.ingest_poi scheduled__2026-06-06T19:00:00+00:00 [queued]>
[2026-06-17T19:44:08.419+0000] {taskinstance.py:2170} INFO - Starting attempt 1 of 2
[2026-06-17T19:44:08.435+0000] {taskinstance.py:2191} INFO - Executing <Task(PythonOperator): ingest_poi> on 2026-06-06 19:00:00+00:00
[2026-06-17T19:44:08.443+0000] {standard_task_runner.py:60} INFO - Started process 203 to run task
[2026-06-17T19:44:08.449+0000] {standard_task_runner.py:87} INFO - Running: ['***', 'tasks', 'run', 'crime_analytics_pipeline', 'ingest_poi', 'scheduled__2026-06-06T19:00:00+00:00', '--job-id', '805', '--raw', '--subdir', 'DAGS_FOLDER/dag_crime_pipeline.py', '--cfg-path', '/tmp/tmpwrl06eor']
[2026-06-17T19:44:08.457+0000] {standard_task_runner.py:88} INFO - Job 805: Subtask ingest_poi
[2026-06-17T19:44:08.533+0000] {task_command.py:423} INFO - Running <TaskInstance: crime_analytics_pipeline.ingest_poi scheduled__2026-06-06T19:00:00+00:00 [running]> on host d26a8a58ef02
[2026-06-17T19:44:08.659+0000] {taskinstance.py:2480} INFO - Exporting env vars: AIRFLOW_CTX_DAG_EMAIL='cdash-alerts@example.com' AIRFLOW_CTX_DAG_OWNER='crime-analytics' AIRFLOW_CTX_DAG_ID='crime_analytics_pipeline' AIRFLOW_CTX_TASK_ID='ingest_poi' AIRFLOW_CTX_EXECUTION_DATE='2026-06-06T19:00:00+00:00' AIRFLOW_CTX_TRY_NUMBER='1' AIRFLOW_CTX_DAG_RUN_ID='scheduled__2026-06-06T19:00:00+00:00'
[2026-06-17T19:44:12.482+0000] {logging_mixin.py:188} WARNING - /opt/***/dags/dag_crime_pipeline.py:323 UserWarning: Geometry is in a geographic CRS. Results from 'centroid' are likely incorrect. Use 'GeoSeries.to_crs()' to re-project geometries to a projected CRS before this operation.
[2026-06-17T19:44:12.492+0000] {logging_mixin.py:188} WARNING - /opt/***/dags/dag_crime_pipeline.py:324 UserWarning: Geometry is in a geographic CRS. Results from 'centroid' are likely incorrect. Use 'GeoSeries.to_crs()' to re-project geometries to a projected CRS before this operation.
[2026-06-17T19:44:12.794+0000] {logging_mixin.py:188} WARNING - /opt/***/dags/dag_crime_pipeline.py:323 UserWarning: Geometry is in a geographic CRS. Results from 'centroid' are likely incorrect. Use 'GeoSeries.to_crs()' to re-project geometries to a projected CRS before this operation.
[2026-06-17T19:44:12.804+0000] {logging_mixin.py:188} WARNING - /opt/***/dags/dag_crime_pipeline.py:324 UserWarning: Geometry is in a geographic CRS. Results from 'centroid' are likely incorrect. Use 'GeoSeries.to_crs()' to re-project geometries to a projected CRS before this operation.
[2026-06-17T19:44:13.411+0000] {logging_mixin.py:188} WARNING - /opt/***/dags/dag_crime_pipeline.py:323 UserWarning: Geometry is in a geographic CRS. Results from 'centroid' are likely incorrect. Use 'GeoSeries.to_crs()' to re-project geometries to a projected CRS before this operation.
[2026-06-17T19:44:13.422+0000] {logging_mixin.py:188} WARNING - /opt/***/dags/dag_crime_pipeline.py:324 UserWarning: Geometry is in a geographic CRS. Results from 'centroid' are likely incorrect. Use 'GeoSeries.to_crs()' to re-project geometries to a projected CRS before this operation.
[2026-06-17T19:44:13.691+0000] {logging_mixin.py:188} WARNING - /opt/***/dags/dag_crime_pipeline.py:323 UserWarning: Geometry is in a geographic CRS. Results from 'centroid' are likely incorrect. Use 'GeoSeries.to_crs()' to re-project geometries to a projected CRS before this operation.
[2026-06-17T19:44:13.700+0000] {logging_mixin.py:188} WARNING - /opt/***/dags/dag_crime_pipeline.py:324 UserWarning: Geometry is in a geographic CRS. Results from 'centroid' are likely incorrect. Use 'GeoSeries.to_crs()' to re-project geometries to a projected CRS before this operation.
[2026-06-17T19:44:15.290+0000] {python.py:201} INFO - Done. Returned value was: None
[2026-06-17T19:44:15.307+0000] {taskinstance.py:1138} INFO - Marking task as SUCCESS. dag_id=crime_analytics_pipeline, task_id=ingest_poi, execution_date=20260606T190000, start_date=20260617T194408, end_date=20260617T194415
[2026-06-17T19:44:15.412+0000] {local_task_job_runner.py:234} INFO - Task exited with return code 0
[2026-06-17T19:44:15.442+0000] {taskinstance.py:3280} INFO - 0 downstream tasks scheduled from follow-on schedule check
