[2026-06-08T09:15:35.727+0000] {taskinstance.py:1956} INFO - Dependencies all met for dep_context=non-requeueable deps ti=<TaskInstance: crime_analytics_pipeline.ingest_poi manual__2026-06-08T09:15:33.493564+00:00 [queued]>
[2026-06-08T09:15:35.734+0000] {taskinstance.py:1956} INFO - Dependencies all met for dep_context=requeueable deps ti=<TaskInstance: crime_analytics_pipeline.ingest_poi manual__2026-06-08T09:15:33.493564+00:00 [queued]>
[2026-06-08T09:15:35.735+0000] {taskinstance.py:2170} INFO - Starting attempt 1 of 2
[2026-06-08T09:15:35.753+0000] {taskinstance.py:2191} INFO - Executing <Task(PythonOperator): ingest_poi> on 2026-06-08 09:15:33.493564+00:00
[2026-06-08T09:15:35.760+0000] {standard_task_runner.py:60} INFO - Started process 261 to run task
[2026-06-08T09:15:35.764+0000] {standard_task_runner.py:87} INFO - Running: ['***', 'tasks', 'run', 'crime_analytics_pipeline', 'ingest_poi', 'manual__2026-06-08T09:15:33.493564+00:00', '--job-id', '693', '--raw', '--subdir', 'DAGS_FOLDER/dag_crime_pipeline.py', '--cfg-path', '/tmp/tmpvum4a6mv']
[2026-06-08T09:15:35.768+0000] {standard_task_runner.py:88} INFO - Job 693: Subtask ingest_poi
[2026-06-08T09:15:35.836+0000] {task_command.py:423} INFO - Running <TaskInstance: crime_analytics_pipeline.ingest_poi manual__2026-06-08T09:15:33.493564+00:00 [running]> on host d26a8a58ef02
[2026-06-08T09:15:35.947+0000] {taskinstance.py:2480} INFO - Exporting env vars: AIRFLOW_CTX_DAG_EMAIL='cdash-alerts@example.com' AIRFLOW_CTX_DAG_OWNER='crime-analytics' AIRFLOW_CTX_DAG_ID='crime_analytics_pipeline' AIRFLOW_CTX_TASK_ID='ingest_poi' AIRFLOW_CTX_EXECUTION_DATE='2026-06-08T09:15:33.493564+00:00' AIRFLOW_CTX_TRY_NUMBER='1' AIRFLOW_CTX_DAG_RUN_ID='manual__2026-06-08T09:15:33.493564+00:00'
[2026-06-08T09:15:46.118+0000] {logging_mixin.py:188} WARNING - /opt/***/dags/dag_crime_pipeline.py:271 UserWarning: Geometry is in a geographic CRS. Results from 'centroid' are likely incorrect. Use 'GeoSeries.to_crs()' to re-project geometries to a projected CRS before this operation.
[2026-06-08T09:15:46.127+0000] {logging_mixin.py:188} WARNING - /opt/***/dags/dag_crime_pipeline.py:272 UserWarning: Geometry is in a geographic CRS. Results from 'centroid' are likely incorrect. Use 'GeoSeries.to_crs()' to re-project geometries to a projected CRS before this operation.
[2026-06-08T09:15:55.361+0000] {logging_mixin.py:188} WARNING - /opt/***/dags/dag_crime_pipeline.py:271 UserWarning: Geometry is in a geographic CRS. Results from 'centroid' are likely incorrect. Use 'GeoSeries.to_crs()' to re-project geometries to a projected CRS before this operation.
[2026-06-08T09:15:55.371+0000] {logging_mixin.py:188} WARNING - /opt/***/dags/dag_crime_pipeline.py:272 UserWarning: Geometry is in a geographic CRS. Results from 'centroid' are likely incorrect. Use 'GeoSeries.to_crs()' to re-project geometries to a projected CRS before this operation.
[2026-06-08T09:16:55.840+0000] {logging_mixin.py:188} WARNING - /opt/***/dags/dag_crime_pipeline.py:271 UserWarning: Geometry is in a geographic CRS. Results from 'centroid' are likely incorrect. Use 'GeoSeries.to_crs()' to re-project geometries to a projected CRS before this operation.
[2026-06-08T09:16:55.850+0000] {logging_mixin.py:188} WARNING - /opt/***/dags/dag_crime_pipeline.py:272 UserWarning: Geometry is in a geographic CRS. Results from 'centroid' are likely incorrect. Use 'GeoSeries.to_crs()' to re-project geometries to a projected CRS before this operation.
[2026-06-08T09:18:22.010+0000] {logging_mixin.py:188} WARNING - /opt/***/dags/dag_crime_pipeline.py:271 UserWarning: Geometry is in a geographic CRS. Results from 'centroid' are likely incorrect. Use 'GeoSeries.to_crs()' to re-project geometries to a projected CRS before this operation.
[2026-06-08T09:18:22.018+0000] {logging_mixin.py:188} WARNING - /opt/***/dags/dag_crime_pipeline.py:272 UserWarning: Geometry is in a geographic CRS. Results from 'centroid' are likely incorrect. Use 'GeoSeries.to_crs()' to re-project geometries to a projected CRS before this operation.
[2026-06-08T09:18:24.505+0000] {python.py:201} INFO - Done. Returned value was: None
[2026-06-08T09:18:24.521+0000] {taskinstance.py:1138} INFO - Marking task as SUCCESS. dag_id=crime_analytics_pipeline, task_id=ingest_poi, execution_date=20260608T091533, start_date=20260608T091535, end_date=20260608T091824
[2026-06-08T09:18:24.640+0000] {local_task_job_runner.py:234} INFO - Task exited with return code 0
[2026-06-08T09:18:24.671+0000] {taskinstance.py:3280} INFO - 0 downstream tasks scheduled from follow-on schedule check
