[2026-05-31T11:56:10.557+0000] {taskinstance.py:1956} INFO - Dependencies all met for dep_context=non-requeueable deps ti=<TaskInstance: crime_analytics_pipeline.ml_train_and_predict manual__2026-05-31T11:39:59.406206+00:00 [queued]>
[2026-05-31T11:56:10.569+0000] {taskinstance.py:1956} INFO - Dependencies all met for dep_context=requeueable deps ti=<TaskInstance: crime_analytics_pipeline.ml_train_and_predict manual__2026-05-31T11:39:59.406206+00:00 [queued]>
[2026-05-31T11:56:10.570+0000] {taskinstance.py:2170} INFO - Starting attempt 3 of 4
[2026-05-31T11:56:10.586+0000] {taskinstance.py:2191} INFO - Executing <Task(PythonOperator): ml_train_and_predict> on 2026-05-31 11:39:59.406206+00:00
[2026-05-31T11:56:10.594+0000] {standard_task_runner.py:60} INFO - Started process 5620 to run task
[2026-05-31T11:56:10.598+0000] {standard_task_runner.py:87} INFO - Running: ['***', 'tasks', 'run', 'crime_analytics_pipeline', 'ml_train_and_predict', 'manual__2026-05-31T11:39:59.406206+00:00', '--job-id', '382', '--raw', '--subdir', 'DAGS_FOLDER/dag_crime_pipeline.py', '--cfg-path', '/tmp/tmpx8nd2vsb']
[2026-05-31T11:56:10.601+0000] {standard_task_runner.py:88} INFO - Job 382: Subtask ml_train_and_predict
[2026-05-31T11:56:10.671+0000] {task_command.py:423} INFO - Running <TaskInstance: crime_analytics_pipeline.ml_train_and_predict manual__2026-05-31T11:39:59.406206+00:00 [running]> on host db8b8170dea9
[2026-05-31T11:56:10.795+0000] {taskinstance.py:2480} INFO - Exporting env vars: AIRFLOW_CTX_DAG_EMAIL='cdash-alerts@example.com' AIRFLOW_CTX_DAG_OWNER='crime-analytics' AIRFLOW_CTX_DAG_ID='crime_analytics_pipeline' AIRFLOW_CTX_TASK_ID='ml_train_and_predict' AIRFLOW_CTX_EXECUTION_DATE='2026-05-31T11:39:59.406206+00:00' AIRFLOW_CTX_TRY_NUMBER='3' AIRFLOW_CTX_DAG_RUN_ID='manual__2026-05-31T11:39:59.406206+00:00'
[2026-05-31T11:56:11.754+0000] {ml_pipeline.py:1389} INFO - ========================================================================
[2026-05-31T11:56:11.756+0000] {ml_pipeline.py:1390} INFO -   Chicago Crime Hotspot Forecasting  –  ml_pipeline v14 [OOM-FIX]
[2026-05-31T11:56:11.756+0000] {ml_pipeline.py:1391} INFO - ========================================================================
[2026-05-31T11:56:11.757+0000] {ml_pipeline.py:1394} INFO -   Model version: 2026-05-31.crime_prob_v14_precision
[2026-05-31T11:56:11.758+0000] {ml_pipeline.py:143} INFO - [RAM] start – RSS peak: 249 MB
[2026-05-31T11:56:13.952+0000] {ml_pipeline.py:1402} INFO - [ML] Lag correction: 77 areas, mean_factor=1.000
[2026-05-31T11:56:13.953+0000] {ml_pipeline.py:302} INFO - [ML] Loading enriched_crime_data (last 420 days)...
[2026-05-31T11:56:21.654+0000] {ml_pipeline.py:360} INFO - [ML] Loaded 261277 rows, date range: 2025-04-06 → 2026-05-18
[2026-05-31T11:56:21.655+0000] {ml_pipeline.py:143} INFO - [RAM] after load_enriched_data – RSS peak: 468 MB
[2026-05-31T11:56:21.655+0000] {ml_pipeline.py:371} INFO - [ML] Aggregating daily per H3...
[2026-05-31T11:56:36.831+0000] {ml_pipeline.py:441} INFO - [ML] Daily grid: 2,031,024 rows, 4978 H3 cells, 408 dates
[2026-05-31T11:56:36.832+0000] {ml_pipeline.py:143} INFO - [RAM] after aggregate_daily – RSS peak: 1142 MB
[2026-05-31T11:56:37.176+0000] {ml_pipeline.py:485} INFO - [ML] H3 neighbors built. Avg ring-1: 5.5
[2026-05-31T11:56:37.752+0000] {ml_pipeline.py:1424} INFO - [ML] lag_buffer_days=5: 347 eligible dates
[2026-05-31T11:56:37.762+0000] {ml_pipeline.py:1439} INFO - [ML] Split Train: 2025-06-26→2026-03-22 (270 d)  Val: 2026-05-04→2026-05-10  Test: 2026-05-11→2026-05-17
[2026-05-31T11:56:38.517+0000] {ml_pipeline.py:610} INFO - [ML]   [4A] Own-cell lag/rolling features
[2026-05-31T11:57:03.627+0000] {ml_pipeline.py:637} INFO - [ML]   [4A] EWM (spans 7/14/30)
[2026-05-31T11:57:14.492+0000] {ml_pipeline.py:143} INFO - [RAM] after 4A – RSS peak: 3272 MB
[2026-05-31T11:57:14.493+0000] {ml_pipeline.py:660} INFO - [ML]   [4B] Burst/streak features
[2026-05-31T11:57:15.502+0000] {ml_pipeline.py:683} INFO - [ML]   [4C] Crime-type composition (windows 7/14)
[2026-05-31T11:57:22.809+0000] {ml_pipeline.py:704} INFO - [ML]   [4D] Weather/context features
[2026-05-31T11:57:26.513+0000] {ml_pipeline.py:725} INFO - [ML]   [4E] Community-level features
[2026-05-31T11:57:29.535+0000] {ml_pipeline.py:143} INFO - [RAM] after 4E – RSS peak: 6335 MB
[2026-05-31T11:57:29.536+0000] {ml_pipeline.py:770} INFO - [ML]   [4F] City-level features
[2026-05-31T11:57:31.527+0000] {ml_pipeline.py:143} INFO - [RAM] after 4F – RSS peak: 8148 MB
[2026-05-31T11:57:31.528+0000] {ml_pipeline.py:803} INFO - [ML]   [4G] H3 spatial spillover (one-at-a-time, RAM-safe)
[2026-05-31T11:57:31.645+0000] {ml_pipeline.py:833} INFO - [ML]     computing nbr_r1_mean ...
[2026-05-31T11:57:36.637+0000] {ml_pipeline.py:143} INFO - [RAM] after nbr nbr_r1_mean – RSS peak: 8148 MB
[2026-05-31T11:57:36.638+0000] {ml_pipeline.py:833} INFO - [ML]     computing nbr_r1_sum ...
[2026-05-31T11:57:41.719+0000] {ml_pipeline.py:143} INFO - [RAM] after nbr nbr_r1_sum – RSS peak: 8148 MB
[2026-05-31T11:57:41.720+0000] {ml_pipeline.py:833} INFO - [ML]     computing nbr_r1_max ...
[2026-05-31T11:57:47.114+0000] {ml_pipeline.py:143} INFO - [RAM] after nbr nbr_r1_max – RSS peak: 8148 MB
[2026-05-31T11:57:47.115+0000] {ml_pipeline.py:833} INFO - [ML]     computing nbr_r1_std ...
[2026-05-31T11:57:52.324+0000] {ml_pipeline.py:143} INFO - [RAM] after nbr nbr_r1_std – RSS peak: 8148 MB
[2026-05-31T11:57:52.325+0000] {ml_pipeline.py:833} INFO - [ML]     computing nbr_r2_mean ...
[2026-05-31T11:57:57.646+0000] {ml_pipeline.py:143} INFO - [RAM] after nbr nbr_r2_mean – RSS peak: 8148 MB
[2026-05-31T11:57:57.647+0000] {ml_pipeline.py:833} INFO - [ML]     computing nbr_r1_roll7 ...
[2026-05-31T11:58:04.070+0000] {ml_pipeline.py:143} INFO - [RAM] after nbr nbr_r1_roll7 – RSS peak: 8148 MB
[2026-05-31T11:58:04.071+0000] {ml_pipeline.py:833} INFO - [ML]     computing nbr_r1_active_rate ...
[2026-05-31T11:58:09.196+0000] {ml_pipeline.py:143} INFO - [RAM] after nbr nbr_r1_active_rate – RSS peak: 8148 MB
[2026-05-31T11:58:09.197+0000] {ml_pipeline.py:833} INFO - [ML]     computing nbr_r1_active_count ...
[2026-05-31T11:58:14.190+0000] {ml_pipeline.py:143} INFO - [RAM] after nbr nbr_r1_active_count – RSS peak: 8148 MB
[2026-05-31T11:58:14.191+0000] {ml_pipeline.py:833} INFO - [ML]     computing nbr_r1_any_active ...
[2026-05-31T11:58:19.183+0000] {ml_pipeline.py:143} INFO - [RAM] after nbr nbr_r1_any_active – RSS peak: 8148 MB
[2026-05-31T11:58:20.255+0000] {ml_pipeline.py:872} INFO - [ML]     ✓ Spatial spillover features added
[2026-05-31T11:58:20.256+0000] {ml_pipeline.py:143} INFO - [RAM] after 4G – RSS peak: 8148 MB
[2026-05-31T11:58:20.256+0000] {ml_pipeline.py:889} INFO - [ML]   [4H] Train-only spatial priors
[2026-05-31T11:58:24.334+0000] {ml_pipeline.py:143} INFO - [RAM] after 4H – RSS peak: 8382 MB
[2026-05-31T11:58:24.335+0000] {ml_pipeline.py:936} INFO - [ML]   [4I] Near-repeat victimization
[2026-05-31T11:58:24.501+0000] {ml_pipeline.py:952} INFO - [ML]   [4J] Cross-crime lead-lag
[2026-05-31T11:58:24.530+0000] {ml_pipeline.py:963} INFO - [ML]   [4K] Arrest deterrence
[2026-05-31T11:58:26.232+0000] {ml_pipeline.py:990} INFO - [ML]   [4L] Density-normalized crime
[2026-05-31T11:58:26.272+0000] {ml_pipeline.py:1001} INFO - [ML]   [4M] Holiday/event features
[2026-05-31T11:58:48.051+0000] {ml_pipeline.py:1008} INFO - [ML]   [4N] Momentum and trend direction
[2026-05-31T11:58:56.196+0000] {ml_pipeline.py:1029} INFO - [ML]   [4O] Hardship interaction
[2026-05-31T11:58:56.226+0000] {ml_pipeline.py:1045} INFO - [ML]   [4P] Prior-relative features
[2026-05-31T11:58:56.265+0000] {ml_pipeline.py:1063} INFO - [ML] Feature engineering done. Shape: (2031024, 241)
[2026-05-31T11:58:56.267+0000] {ml_pipeline.py:143} INFO - [RAM] after build_features – RSS peak: 8661 MB
[2026-05-31T11:58:58.962+0000] {ml_pipeline.py:1477} INFO - [ML] [TARGET] Dynamic threshold: positive rate = 10.7% (was ~15%)
[2026-05-31T11:59:00.184+0000] {ml_pipeline.py:1138} INFO - [ML] Preparing train/calib/val/test splits...
[2026-05-31T11:59:03.793+0000] {taskinstance.py:2698} ERROR - Task failed with exception
Traceback (most recent call last):
  File "/home/airflow/.local/lib/python3.11/site-packages/airflow/models/taskinstance.py", line 433, in _execute_task
    result = execute_callable(context=context, **execute_callable_kwargs)
             ^^^^^^^^^^^^^^^^^^^^^^^^^^^^^^^^^^^^^^^^^^^^^^^^^^^^^^^^^^^^
  File "/home/airflow/.local/lib/python3.11/site-packages/airflow/operators/python.py", line 199, in execute
    return_value = self.execute_callable()
                   ^^^^^^^^^^^^^^^^^^^^^^^
  File "/home/airflow/.local/lib/python3.11/site-packages/airflow/operators/python.py", line 216, in execute_callable
    return self.python_callable(*self.op_args, **self.op_kwargs)
           ^^^^^^^^^^^^^^^^^^^^^^^^^^^^^^^^^^^^^^^^^^^^^^^^^^^^^
  File "/opt/airflow/dags/dag_crime_pipeline.py", line 424, in _run_ml_pipeline
    result = train_and_predict(
             ^^^^^^^^^^^^^^^^^^
  File "/opt/airflow/scripts/ml/ml_pipeline.py", line 1484, in train_and_predict
    model, calibrator, feature_cols, train_medians, best_t, val_res, test_res, spw = train_model(
                                                                                     ^^^^^^^^^^^^
  File "/opt/airflow/scripts/ml/ml_pipeline.py", line 1170, in train_model
    calib_mask = _stratified_calib_sample(df, calib_mask, target_col)
                                                          ^^^^^^^^^^
NameError: name 'target_col' is not defined
[2026-05-31T11:59:03.823+0000] {taskinstance.py:1138} INFO - Marking task as UP_FOR_RETRY. dag_id=crime_analytics_pipeline, task_id=ml_train_and_predict, execution_date=20260531T113959, start_date=20260531T115610, end_date=20260531T115903
[2026-05-31T11:59:03.857+0000] {standard_task_runner.py:107} ERROR - Failed to execute job 382 for task ml_train_and_predict (name 'target_col' is not defined; 5620)
[2026-05-31T11:59:03.990+0000] {local_task_job_runner.py:234} INFO - Task exited with return code 1
[2026-05-31T11:59:04.018+0000] {taskinstance.py:3280} INFO - 0 downstream tasks scheduled from follow-on schedule check
