[2026-05-31T12:39:09.219+0000] {taskinstance.py:1956} INFO - Dependencies all met for dep_context=non-requeueable deps ti=<TaskInstance: crime_analytics_pipeline.ml_train_and_predict manual__2026-05-31T11:39:59.406206+00:00 [queued]>
[2026-05-31T12:39:09.227+0000] {taskinstance.py:1956} INFO - Dependencies all met for dep_context=requeueable deps ti=<TaskInstance: crime_analytics_pipeline.ml_train_and_predict manual__2026-05-31T11:39:59.406206+00:00 [queued]>
[2026-05-31T12:39:09.228+0000] {taskinstance.py:2170} INFO - Starting attempt 5 of 6
[2026-05-31T12:39:09.242+0000] {taskinstance.py:2191} INFO - Executing <Task(PythonOperator): ml_train_and_predict> on 2026-05-31 11:39:59.406206+00:00
[2026-05-31T12:39:09.255+0000] {standard_task_runner.py:60} INFO - Started process 6211 to run task
[2026-05-31T12:39:09.261+0000] {standard_task_runner.py:87} INFO - Running: ['***', 'tasks', 'run', 'crime_analytics_pipeline', 'ml_train_and_predict', 'manual__2026-05-31T11:39:59.406206+00:00', '--job-id', '386', '--raw', '--subdir', 'DAGS_FOLDER/dag_crime_pipeline.py', '--cfg-path', '/tmp/tmp94d5oec8']
[2026-05-31T12:39:09.267+0000] {standard_task_runner.py:88} INFO - Job 386: Subtask ml_train_and_predict
[2026-05-31T12:39:09.357+0000] {task_command.py:423} INFO - Running <TaskInstance: crime_analytics_pipeline.ml_train_and_predict manual__2026-05-31T11:39:59.406206+00:00 [running]> on host db8b8170dea9
[2026-05-31T12:39:09.470+0000] {taskinstance.py:2480} INFO - Exporting env vars: AIRFLOW_CTX_DAG_EMAIL='cdash-alerts@example.com' AIRFLOW_CTX_DAG_OWNER='crime-analytics' AIRFLOW_CTX_DAG_ID='crime_analytics_pipeline' AIRFLOW_CTX_TASK_ID='ml_train_and_predict' AIRFLOW_CTX_EXECUTION_DATE='2026-05-31T11:39:59.406206+00:00' AIRFLOW_CTX_TRY_NUMBER='5' AIRFLOW_CTX_DAG_RUN_ID='manual__2026-05-31T11:39:59.406206+00:00'
[2026-05-31T12:39:10.990+0000] {ml_pipeline.py:1586} INFO - ========================================================================
[2026-05-31T12:39:10.991+0000] {ml_pipeline.py:1587} INFO -   Chicago Crime Hotspot Forecasting  –  ml_pipeline v14 [OOM-FIX]
[2026-05-31T12:39:10.991+0000] {ml_pipeline.py:1588} INFO - ========================================================================
[2026-05-31T12:39:10.992+0000] {ml_pipeline.py:1591} INFO -   Model version: 2026-05-31.crime_prob_v14_precision
[2026-05-31T12:39:10.993+0000] {ml_pipeline.py:143} INFO - [RAM] start – RSS peak: 249 MB
[2026-05-31T12:39:13.231+0000] {ml_pipeline.py:1599} INFO - [ML] Lag correction: 77 areas, mean_factor=1.000
[2026-05-31T12:39:13.232+0000] {ml_pipeline.py:306} INFO - [ML] Loading enriched_crime_data (last 420 days)...
[2026-05-31T12:39:21.680+0000] {ml_pipeline.py:376} INFO - [ML] Loaded 261277 rows, date range: 2025-04-06 → 2026-05-18
[2026-05-31T12:39:21.681+0000] {ml_pipeline.py:143} INFO - [RAM] after load_enriched_data – RSS peak: 527 MB
[2026-05-31T12:39:21.682+0000] {ml_pipeline.py:387} INFO - [ML] Aggregating daily per H3...
[2026-05-31T12:39:42.487+0000] {ml_pipeline.py:464} INFO - [ML] Daily grid: 2,031,024 rows, 4978 H3 cells, 408 dates
[2026-05-31T12:39:42.487+0000] {ml_pipeline.py:143} INFO - [RAM] after aggregate_daily – RSS peak: 1423 MB
[2026-05-31T12:39:42.891+0000] {ml_pipeline.py:508} INFO - [ML] H3 neighbors built. Avg ring-1: 5.5
[2026-05-31T12:39:43.809+0000] {ml_pipeline.py:1621} INFO - [ML] lag_buffer_days=5: 347 eligible dates
[2026-05-31T12:39:43.818+0000] {ml_pipeline.py:1636} INFO - [ML] Split Train: 2025-06-26→2026-03-22 (270 d)  Val: 2026-05-04→2026-05-10  Test: 2026-05-11→2026-05-17
[2026-05-31T12:39:44.325+0000] {ml_pipeline.py:633} INFO - [ML]   [4A] Own-cell lag/rolling features
[2026-05-31T12:40:09.677+0000] {ml_pipeline.py:660} INFO - [ML]   [4A] EWM (spans 7/14/30)
[2026-05-31T12:40:20.925+0000] {ml_pipeline.py:143} INFO - [RAM] after 4A – RSS peak: 3524 MB
[2026-05-31T12:40:20.926+0000] {ml_pipeline.py:683} INFO - [ML]   [4B] Burst/streak features
[2026-05-31T12:40:21.900+0000] {ml_pipeline.py:706} INFO - [ML]   [4C] Crime-type composition (windows 7/14)
[2026-05-31T12:40:29.202+0000] {ml_pipeline.py:727} INFO - [ML]   [4D] Weather/context features
[2026-05-31T12:40:32.628+0000] {ml_pipeline.py:748} INFO - [ML]   [4E] Community-level features
[2026-05-31T12:40:35.696+0000] {ml_pipeline.py:143} INFO - [RAM] after 4E – RSS peak: 6703 MB
[2026-05-31T12:40:35.697+0000] {ml_pipeline.py:793} INFO - [ML]   [4F] City-level features
[2026-05-31T12:40:37.595+0000] {ml_pipeline.py:143} INFO - [RAM] after 4F – RSS peak: 8516 MB
[2026-05-31T12:40:37.596+0000] {ml_pipeline.py:826} INFO - [ML]   [4G] H3 spatial spillover (one-at-a-time, RAM-safe)
[2026-05-31T12:40:37.712+0000] {ml_pipeline.py:856} INFO - [ML]     computing nbr_r1_mean ...
[2026-05-31T12:40:42.430+0000] {ml_pipeline.py:143} INFO - [RAM] after nbr nbr_r1_mean – RSS peak: 8516 MB
[2026-05-31T12:40:42.431+0000] {ml_pipeline.py:856} INFO - [ML]     computing nbr_r1_sum ...
[2026-05-31T12:40:47.561+0000] {ml_pipeline.py:143} INFO - [RAM] after nbr nbr_r1_sum – RSS peak: 8516 MB
[2026-05-31T12:40:47.562+0000] {ml_pipeline.py:856} INFO - [ML]     computing nbr_r1_max ...
[2026-05-31T12:40:52.571+0000] {ml_pipeline.py:143} INFO - [RAM] after nbr nbr_r1_max – RSS peak: 8516 MB
[2026-05-31T12:40:52.572+0000] {ml_pipeline.py:856} INFO - [ML]     computing nbr_r1_std ...
[2026-05-31T12:40:57.620+0000] {ml_pipeline.py:143} INFO - [RAM] after nbr nbr_r1_std – RSS peak: 8516 MB
[2026-05-31T12:40:57.621+0000] {ml_pipeline.py:856} INFO - [ML]     computing nbr_r2_mean ...
[2026-05-31T12:41:02.845+0000] {ml_pipeline.py:143} INFO - [RAM] after nbr nbr_r2_mean – RSS peak: 8516 MB
[2026-05-31T12:41:02.846+0000] {ml_pipeline.py:856} INFO - [ML]     computing nbr_r1_roll7 ...
[2026-05-31T12:41:09.198+0000] {ml_pipeline.py:143} INFO - [RAM] after nbr nbr_r1_roll7 – RSS peak: 8516 MB
[2026-05-31T12:41:09.199+0000] {ml_pipeline.py:856} INFO - [ML]     computing nbr_r1_active_rate ...
[2026-05-31T12:41:14.453+0000] {ml_pipeline.py:143} INFO - [RAM] after nbr nbr_r1_active_rate – RSS peak: 8516 MB
[2026-05-31T12:41:14.454+0000] {ml_pipeline.py:856} INFO - [ML]     computing nbr_r1_active_count ...
[2026-05-31T12:41:19.660+0000] {ml_pipeline.py:143} INFO - [RAM] after nbr nbr_r1_active_count – RSS peak: 8516 MB
[2026-05-31T12:41:19.662+0000] {ml_pipeline.py:856} INFO - [ML]     computing nbr_r1_any_active ...
[2026-05-31T12:41:24.660+0000] {ml_pipeline.py:143} INFO - [RAM] after nbr nbr_r1_any_active – RSS peak: 8516 MB
[2026-05-31T12:41:25.806+0000] {ml_pipeline.py:895} INFO - [ML]     ✓ Spatial spillover features added
[2026-05-31T12:41:25.807+0000] {ml_pipeline.py:143} INFO - [RAM] after 4G – RSS peak: 8516 MB
[2026-05-31T12:41:25.808+0000] {ml_pipeline.py:912} INFO - [ML]   [4H] Train-only spatial priors
[2026-05-31T12:41:29.988+0000] {ml_pipeline.py:143} INFO - [RAM] after 4H – RSS peak: 8758 MB
[2026-05-31T12:41:29.989+0000] {ml_pipeline.py:959} INFO - [ML]   [4I] Near-repeat victimization
[2026-05-31T12:41:30.154+0000] {ml_pipeline.py:975} INFO - [ML]   [4J] Cross-crime lead-lag
[2026-05-31T12:41:30.225+0000] {ml_pipeline.py:986} INFO - [ML]   [4K] Arrest deterrence
[2026-05-31T12:41:31.857+0000] {ml_pipeline.py:1013} INFO - [ML]   [4L] Density-normalized crime
[2026-05-31T12:41:31.890+0000] {ml_pipeline.py:1024} INFO - [ML]   [4M] Holiday/event features
[2026-05-31T12:41:53.108+0000] {ml_pipeline.py:1031} INFO - [ML]   [4N] Momentum and trend direction
[2026-05-31T12:42:01.336+0000] {ml_pipeline.py:1052} INFO - [ML]   [4O] Hardship interaction
[2026-05-31T12:42:01.387+0000] {ml_pipeline.py:1095} INFO - [ML]   [4Q] POI criminogenic features (12 POI cols available)
[2026-05-31T12:42:02.022+0000] {ml_pipeline.py:1232} INFO - [ML]   [4Q] Done. criminogenic_index mean=1.443, liquor_nightlife mean=1.073, financial_vuln mean=0.367
[2026-05-31T12:42:05.312+0000] {ml_pipeline.py:1674} INFO - [ML] [TARGET] Dynamic threshold: positive rate = 10.7% (was ~15%)
[2026-05-31T12:42:07.076+0000] {ml_pipeline.py:1335} INFO - [ML] Preparing train/calib/val/test splits...
[2026-05-31T12:42:11.540+0000] {ml_pipeline.py:1315} INFO - [ML] Calib sampled: 209076 → 149999 rows (pos=10.6%)
[2026-05-31T12:42:20.515+0000] {ml_pipeline.py:1403} INFO - [ML] Train=1344060 Calib=149999 Val=34846 Test=34846 features=244 | spw=3.99 (power=0.65)
[2026-05-31T12:42:26.377+0000] {logging_mixin.py:188} INFO - [0]	validation_0-aucpr:0.29925	validation_1-aucpr:0.28949
[2026-05-31T12:44:01.863+0000] {logging_mixin.py:188} INFO - [200]	validation_0-aucpr:0.31598	validation_1-aucpr:0.30146
[2026-05-31T12:44:43.628+0000] {logging_mixin.py:188} INFO - [291]	validation_0-aucpr:0.31652	validation_1-aucpr:0.30154
[2026-05-31T12:44:43.737+0000] {ml_pipeline.py:143} INFO - [RAM] after XGBoost training – RSS peak: 10615 MB
[2026-05-31T12:44:43.967+0000] {ml_pipeline.py:1423} INFO - [ML] Top-30 feature importance (gain):
roll_sum_30                   0.203321
active_rate_30                0.169595
roll_std_60                   0.145299
h3_train_active_rate          0.062696
roll_mean_60                  0.061476
ewm_30                        0.047889
h3_train_percentile           0.047708
roll_mean_30                  0.044626
roll_sum_60                   0.041025
hardship_x_roll7              0.037685
arrest_rate_7                 0.010673
ewm_14                        0.006493
arrest_roll_7                 0.006467
roll_max_3                    0.005110
zero_streak                   0.005078
roll_mean_21                  0.004932
roll_sum_3                    0.003993
near_repeat_3d                0.003740
roll_mean_3                   0.003611
ewm_7                         0.003492
nbr_r1_roll7                  0.002658
roll_std_3                    0.002384
burst_3_30                    0.002303
roll_sum_21                   0.002243
city_active_roll_mean_30      0.002215
city_total_roll_mean_30       0.002094
nbr_r1_active_roll7           0.002073
comm_train_percentile         0.002023
unemployment_x_zero_streak    0.001886
city_total_lag1               0.001764
[2026-05-31T12:44:43.969+0000] {ml_pipeline.py:1430} INFO - [ML] Criminology feature importance share: 5.93%
[2026-05-31T12:44:44.898+0000] {ml_pipeline.py:1273} INFO - [ML] Platt calibrator: coef=5.2159 intercept=-4.3624
[2026-05-31T12:45:41.035+0000] {ml_pipeline.py:1446} INFO - [ML] Threshold=0.21 | F1_CALIB=0.3465
[2026-05-31T12:45:41.848+0000] {ml_pipeline.py:1465} INFO - [ML] VAL  P=0.3100 R=0.3952 F1=0.3474 AUC=0.7709 AP=0.3093 rate=0.138
[2026-05-31T12:45:41.849+0000] {ml_pipeline.py:1468} INFO - [ML] TEST P=0.2676 R=0.4011 F1=0.3210 AUC=0.7647 AP=0.2660 rate=0.138
[2026-05-31T12:45:41.933+0000] {ml_pipeline.py:1491} INFO - [ML] Predict day: 2026-05-18 → 2026-05-19 (4978 cells)
[2026-05-31T12:45:42.260+0000] {ml_pipeline.py:1530} INFO - [ML] Predictions – cells=4978  predicted_crime=719 (14.4%)
[2026-05-31T12:45:42.262+0000] {ml_pipeline.py:1533} INFO - [ML] Risk distribution:
risk_level
LOW         4626
MEDIUM       352
HIGH           0
CRITICAL       0
[2026-05-31T12:45:42.457+0000] {ml_pipeline.py:1550} INFO - [ML] Writing 4978 predictions → sage-mind-489618-n5.cdash_warehouse.prediction_results (mode=WRITE_TRUNCATE)
[2026-05-31T12:45:46.564+0000] {ml_pipeline.py:1567} INFO - [ML] ✓ Predictions written.
[2026-05-31T12:45:46.601+0000] {ml_pipeline.py:1707} INFO - [ML] Artifact saved → /tmp/crime_model_v14.pkl
[2026-05-31T12:45:46.602+0000] {ml_pipeline.py:1709} INFO - ========================================================================
[2026-05-31T12:45:46.602+0000] {ml_pipeline.py:1710} INFO -   SUMMARY v14 OOM-FIX
[2026-05-31T12:45:46.602+0000] {ml_pipeline.py:1711} INFO -   VAL  AUC=0.7709 F1=0.3474 P=0.3100 R=0.3952 AP=0.3093
[2026-05-31T12:45:46.603+0000] {ml_pipeline.py:1714} INFO -   TEST AUC=0.7647 F1=0.3210 P=0.2676 R=0.4011 AP=0.2660
[2026-05-31T12:45:46.603+0000] {ml_pipeline.py:1717} INFO -   Threshold=0.21 | pred_rate_test=13.8% | Predictions=4978
[2026-05-31T12:45:46.604+0000] {ml_pipeline.py:1719} INFO - ========================================================================
[2026-05-31T12:45:46.605+0000] {ml_pipeline.py:143} INFO - [RAM] end – RSS peak: 10615 MB
[2026-05-31T12:45:46.733+0000] {dag_crime_pipeline.py:441} WARNING - [ML] ⚠️ Model chưa đạt ngưỡng: val_auc=0.7709 val_f1=0.3474
[2026-05-31T12:45:46.733+0000] {python.py:201} INFO - Done. Returned value was: {'val_auc': 0.7709477143263352, 'val_f1': 0.3474320241691843, 'val_precision': 0.30997304582210244, 'test_auc': 0.764699401071478, 'test_f1': 0.32098765432098764, 'test_precision': 0.26756756756756755, 'threshold': 0.21000000000000002, 'n_predictions': 4978, 'model_version': '2026-05-31.crime_prob_v14_precision'}
[2026-05-31T12:45:46.764+0000] {taskinstance.py:1138} INFO - Marking task as SUCCESS. dag_id=crime_analytics_pipeline, task_id=ml_train_and_predict, execution_date=20260531T113959, start_date=20260531T123909, end_date=20260531T124546
[2026-05-31T12:45:47.041+0000] {local_task_job_runner.py:234} INFO - Task exited with return code 0
[2026-05-31T12:45:47.076+0000] {taskinstance.py:3280} INFO - 0 downstream tasks scheduled from follow-on schedule check
