[2026-05-27T16:17:01.072+0000] {taskinstance.py:1956} INFO - Dependencies all met for dep_context=non-requeueable deps ti=<TaskInstance: crime_analytics_pipeline.ingest_poi manual__2026-05-27T16:16:57.988338+00:00 [queued]>
[2026-05-27T16:17:01.080+0000] {taskinstance.py:1956} INFO - Dependencies all met for dep_context=requeueable deps ti=<TaskInstance: crime_analytics_pipeline.ingest_poi manual__2026-05-27T16:16:57.988338+00:00 [queued]>
[2026-05-27T16:17:01.081+0000] {taskinstance.py:2170} INFO - Starting attempt 1 of 2
[2026-05-27T16:17:01.101+0000] {taskinstance.py:2191} INFO - Executing <Task(PythonOperator): ingest_poi> on 2026-05-27 16:16:57.988338+00:00
[2026-05-27T16:17:01.109+0000] {standard_task_runner.py:60} INFO - Started process 867 to run task
[2026-05-27T16:17:01.114+0000] {standard_task_runner.py:87} INFO - Running: ['***', 'tasks', 'run', 'crime_analytics_pipeline', 'ingest_poi', 'manual__2026-05-27T16:16:57.988338+00:00', '--job-id', '179', '--raw', '--subdir', 'DAGS_FOLDER/dag_crime_pipeline.py', '--cfg-path', '/tmp/tmpbf8lc2oz']
[2026-05-27T16:17:01.118+0000] {standard_task_runner.py:88} INFO - Job 179: Subtask ingest_poi
[2026-05-27T16:17:01.190+0000] {task_command.py:423} INFO - Running <TaskInstance: crime_analytics_pipeline.ingest_poi manual__2026-05-27T16:16:57.988338+00:00 [running]> on host db8b8170dea9
[2026-05-27T16:17:01.304+0000] {taskinstance.py:2480} INFO - Exporting env vars: AIRFLOW_CTX_DAG_EMAIL='cdash-alerts@example.com' AIRFLOW_CTX_DAG_OWNER='crime-analytics' AIRFLOW_CTX_DAG_ID='crime_analytics_pipeline' AIRFLOW_CTX_TASK_ID='ingest_poi' AIRFLOW_CTX_EXECUTION_DATE='2026-05-27T16:16:57.988338+00:00' AIRFLOW_CTX_TRY_NUMBER='1' AIRFLOW_CTX_DAG_RUN_ID='manual__2026-05-27T16:16:57.988338+00:00'
[2026-05-27T16:17:04.515+0000] {logging_mixin.py:188} INFO - [ingest_poi] Fetching transit_station ...
[2026-05-27T16:17:05.279+0000] {logging_mixin.py:188} WARNING - /opt/***/dags/dag_crime_pipeline.py:371 UserWarning: Geometry is in a geographic CRS. Results from 'centroid' are likely incorrect. Use 'GeoSeries.to_crs()' to re-project geometries to a projected CRS before this operation.
[2026-05-27T16:17:05.291+0000] {logging_mixin.py:188} WARNING - /opt/***/dags/dag_crime_pipeline.py:372 UserWarning: Geometry is in a geographic CRS. Results from 'centroid' are likely incorrect. Use 'GeoSeries.to_crs()' to re-project geometries to a projected CRS before this operation.
[2026-05-27T16:17:05.295+0000] {logging_mixin.py:188} INFO - [ingest_poi]   ✓ 190 transit_station
[2026-05-27T16:17:05.295+0000] {logging_mixin.py:188} INFO - [ingest_poi] Fetching school ...
[2026-05-27T16:17:05.646+0000] {logging_mixin.py:188} WARNING - /opt/***/dags/dag_crime_pipeline.py:371 UserWarning: Geometry is in a geographic CRS. Results from 'centroid' are likely incorrect. Use 'GeoSeries.to_crs()' to re-project geometries to a projected CRS before this operation.
[2026-05-27T16:17:05.658+0000] {logging_mixin.py:188} WARNING - /opt/***/dags/dag_crime_pipeline.py:372 UserWarning: Geometry is in a geographic CRS. Results from 'centroid' are likely incorrect. Use 'GeoSeries.to_crs()' to re-project geometries to a projected CRS before this operation.
[2026-05-27T16:17:05.664+0000] {logging_mixin.py:188} INFO - [ingest_poi]   ✓ 1051 school
[2026-05-27T16:17:05.665+0000] {logging_mixin.py:188} INFO - [ingest_poi] Fetching park ...
[2026-05-27T16:17:06.198+0000] {logging_mixin.py:188} WARNING - /opt/***/dags/dag_crime_pipeline.py:371 UserWarning: Geometry is in a geographic CRS. Results from 'centroid' are likely incorrect. Use 'GeoSeries.to_crs()' to re-project geometries to a projected CRS before this operation.
[2026-05-27T16:17:06.209+0000] {logging_mixin.py:188} WARNING - /opt/***/dags/dag_crime_pipeline.py:372 UserWarning: Geometry is in a geographic CRS. Results from 'centroid' are likely incorrect. Use 'GeoSeries.to_crs()' to re-project geometries to a projected CRS before this operation.
[2026-05-27T16:17:06.215+0000] {logging_mixin.py:188} INFO - [ingest_poi]   ✓ 898 park
[2026-05-27T16:17:06.216+0000] {logging_mixin.py:188} INFO - [ingest_poi] Fetching nightlife ...
[2026-05-27T16:17:06.461+0000] {logging_mixin.py:188} WARNING - /opt/***/dags/dag_crime_pipeline.py:371 UserWarning: Geometry is in a geographic CRS. Results from 'centroid' are likely incorrect. Use 'GeoSeries.to_crs()' to re-project geometries to a projected CRS before this operation.
[2026-05-27T16:17:06.470+0000] {logging_mixin.py:188} WARNING - /opt/***/dags/dag_crime_pipeline.py:372 UserWarning: Geometry is in a geographic CRS. Results from 'centroid' are likely incorrect. Use 'GeoSeries.to_crs()' to re-project geometries to a projected CRS before this operation.
[2026-05-27T16:17:06.473+0000] {logging_mixin.py:188} INFO - [ingest_poi]   ✓ 856 nightlife
[2026-05-27T16:17:07.980+0000] {logging_mixin.py:188} INFO - [ingest_poi] Uploaded 2995 POIs → gs://chicago-crime-raw-group15/raw/poi/chicago_pois.csv
[2026-05-27T16:17:07.983+0000] {python.py:201} INFO - Done. Returned value was: None
[2026-05-27T16:17:07.996+0000] {taskinstance.py:1138} INFO - Marking task as SUCCESS. dag_id=crime_analytics_pipeline, task_id=ingest_poi, execution_date=20260527T161657, start_date=20260527T161701, end_date=20260527T161707
[2026-05-27T16:17:08.086+0000] {local_task_job_runner.py:234} INFO - Task exited with return code 0
[2026-05-27T16:17:08.118+0000] {taskinstance.py:3280} INFO - 0 downstream tasks scheduled from follow-on schedule check
