[2026-05-28T10:50:34.933+0000] {taskinstance.py:1956} INFO - Dependencies all met for dep_context=non-requeueable deps ti=<TaskInstance: crime_analytics_pipeline.ingest_poi manual__2026-05-28T10:50:32.435865+00:00 [queued]>
[2026-05-28T10:50:34.942+0000] {taskinstance.py:1956} INFO - Dependencies all met for dep_context=requeueable deps ti=<TaskInstance: crime_analytics_pipeline.ingest_poi manual__2026-05-28T10:50:32.435865+00:00 [queued]>
[2026-05-28T10:50:34.943+0000] {taskinstance.py:2170} INFO - Starting attempt 1 of 2
[2026-05-28T10:50:34.958+0000] {taskinstance.py:2191} INFO - Executing <Task(PythonOperator): ingest_poi> on 2026-05-28 10:50:32.435865+00:00
[2026-05-28T10:50:34.969+0000] {standard_task_runner.py:60} INFO - Started process 15787 to run task
[2026-05-28T10:50:34.975+0000] {standard_task_runner.py:87} INFO - Running: ['***', 'tasks', 'run', 'crime_analytics_pipeline', 'ingest_poi', 'manual__2026-05-28T10:50:32.435865+00:00', '--job-id', '262', '--raw', '--subdir', 'DAGS_FOLDER/dag_crime_pipeline.py', '--cfg-path', '/tmp/tmpboab1c_a']
[2026-05-28T10:50:34.981+0000] {standard_task_runner.py:88} INFO - Job 262: Subtask ingest_poi
[2026-05-28T10:50:35.067+0000] {task_command.py:423} INFO - Running <TaskInstance: crime_analytics_pipeline.ingest_poi manual__2026-05-28T10:50:32.435865+00:00 [running]> on host db8b8170dea9
[2026-05-28T10:50:35.185+0000] {taskinstance.py:2480} INFO - Exporting env vars: AIRFLOW_CTX_DAG_EMAIL='cdash-alerts@example.com' AIRFLOW_CTX_DAG_OWNER='crime-analytics' AIRFLOW_CTX_DAG_ID='crime_analytics_pipeline' AIRFLOW_CTX_TASK_ID='ingest_poi' AIRFLOW_CTX_EXECUTION_DATE='2026-05-28T10:50:32.435865+00:00' AIRFLOW_CTX_TRY_NUMBER='1' AIRFLOW_CTX_DAG_RUN_ID='manual__2026-05-28T10:50:32.435865+00:00'
[2026-05-28T10:50:39.153+0000] {logging_mixin.py:188} WARNING - /opt/***/dags/dag_crime_pipeline.py:273 UserWarning: Geometry is in a geographic CRS. Results from 'centroid' are likely incorrect. Use 'GeoSeries.to_crs()' to re-project geometries to a projected CRS before this operation.
[2026-05-28T10:50:39.164+0000] {logging_mixin.py:188} WARNING - /opt/***/dags/dag_crime_pipeline.py:274 UserWarning: Geometry is in a geographic CRS. Results from 'centroid' are likely incorrect. Use 'GeoSeries.to_crs()' to re-project geometries to a projected CRS before this operation.
[2026-05-28T10:50:39.480+0000] {logging_mixin.py:188} WARNING - /opt/***/dags/dag_crime_pipeline.py:273 UserWarning: Geometry is in a geographic CRS. Results from 'centroid' are likely incorrect. Use 'GeoSeries.to_crs()' to re-project geometries to a projected CRS before this operation.
[2026-05-28T10:50:39.490+0000] {logging_mixin.py:188} WARNING - /opt/***/dags/dag_crime_pipeline.py:274 UserWarning: Geometry is in a geographic CRS. Results from 'centroid' are likely incorrect. Use 'GeoSeries.to_crs()' to re-project geometries to a projected CRS before this operation.
[2026-05-28T10:50:40.050+0000] {logging_mixin.py:188} WARNING - /opt/***/dags/dag_crime_pipeline.py:273 UserWarning: Geometry is in a geographic CRS. Results from 'centroid' are likely incorrect. Use 'GeoSeries.to_crs()' to re-project geometries to a projected CRS before this operation.
[2026-05-28T10:50:40.065+0000] {logging_mixin.py:188} WARNING - /opt/***/dags/dag_crime_pipeline.py:274 UserWarning: Geometry is in a geographic CRS. Results from 'centroid' are likely incorrect. Use 'GeoSeries.to_crs()' to re-project geometries to a projected CRS before this operation.
[2026-05-28T10:50:40.340+0000] {logging_mixin.py:188} WARNING - /opt/***/dags/dag_crime_pipeline.py:273 UserWarning: Geometry is in a geographic CRS. Results from 'centroid' are likely incorrect. Use 'GeoSeries.to_crs()' to re-project geometries to a projected CRS before this operation.
[2026-05-28T10:50:40.349+0000] {logging_mixin.py:188} WARNING - /opt/***/dags/dag_crime_pipeline.py:274 UserWarning: Geometry is in a geographic CRS. Results from 'centroid' are likely incorrect. Use 'GeoSeries.to_crs()' to re-project geometries to a projected CRS before this operation.
[2026-05-28T10:50:41.662+0000] {python.py:201} INFO - Done. Returned value was: None
[2026-05-28T10:50:41.679+0000] {taskinstance.py:1138} INFO - Marking task as SUCCESS. dag_id=crime_analytics_pipeline, task_id=ingest_poi, execution_date=20260528T105032, start_date=20260528T105034, end_date=20260528T105041
[2026-05-28T10:50:41.778+0000] {local_task_job_runner.py:234} INFO - Task exited with return code 0
[2026-05-28T10:50:41.809+0000] {taskinstance.py:3280} INFO - 0 downstream tasks scheduled from follow-on schedule check
