[2026-05-26T19:01:54.302+0000] {taskinstance.py:1956} INFO - Dependencies all met for dep_context=non-requeueable deps ti=<TaskInstance: crime_analytics_pipeline.etl_bronze manual__2026-05-26T18:57:14.581327+00:00 [queued]>
[2026-05-26T19:01:54.314+0000] {taskinstance.py:1956} INFO - Dependencies all met for dep_context=requeueable deps ti=<TaskInstance: crime_analytics_pipeline.etl_bronze manual__2026-05-26T18:57:14.581327+00:00 [queued]>
[2026-05-26T19:01:54.315+0000] {taskinstance.py:2170} INFO - Starting attempt 1 of 2
[2026-05-26T19:01:54.333+0000] {taskinstance.py:2191} INFO - Executing <Task(DataprocSubmitJobOperator): etl_bronze> on 2026-05-26 18:57:14.581327+00:00
[2026-05-26T19:01:54.342+0000] {standard_task_runner.py:60} INFO - Started process 876 to run task
[2026-05-26T19:01:54.346+0000] {standard_task_runner.py:87} INFO - Running: ['***', 'tasks', 'run', 'crime_analytics_pipeline', 'etl_bronze', 'manual__2026-05-26T18:57:14.581327+00:00', '--job-id', '66', '--raw', '--subdir', 'DAGS_FOLDER/dag_crime_pipeline.py', '--cfg-path', '/tmp/tmpd3bnc7hb']
[2026-05-26T19:01:54.349+0000] {standard_task_runner.py:88} INFO - Job 66: Subtask etl_bronze
[2026-05-26T19:01:54.409+0000] {task_command.py:423} INFO - Running <TaskInstance: crime_analytics_pipeline.etl_bronze manual__2026-05-26T18:57:14.581327+00:00 [running]> on host 93e8dbfc6168
[2026-05-26T19:01:54.511+0000] {taskinstance.py:2480} INFO - Exporting env vars: AIRFLOW_CTX_DAG_EMAIL='cdash-alerts@example.com' AIRFLOW_CTX_DAG_OWNER='crime-analytics' AIRFLOW_CTX_DAG_ID='crime_analytics_pipeline' AIRFLOW_CTX_TASK_ID='etl_bronze' AIRFLOW_CTX_EXECUTION_DATE='2026-05-26T18:57:14.581327+00:00' AIRFLOW_CTX_TRY_NUMBER='1' AIRFLOW_CTX_DAG_RUN_ID='manual__2026-05-26T18:57:14.581327+00:00'
[2026-05-26T19:01:54.513+0000] {dataproc.py:2208} INFO - Submitting job
[2026-05-26T19:01:54.530+0000] {connection.py:234} WARNING - Connection schemes (type: google_cloud_platform) shall not contain '_' according to RFC3986.
[2026-05-26T19:01:54.531+0000] {base.py:83} INFO - Using connection ID 'google_cloud_default' for task execution.
[2026-05-26T19:01:56.275+0000] {dataproc.py:2220} INFO - Job 24649641-9658-43d2-a388-6d501ee2941d submitted successfully.
[2026-05-26T19:01:56.313+0000] {dataproc.py:2254} INFO - Waiting for job 24649641-9658-43d2-a388-6d501ee2941d to complete
[2026-05-26T19:02:09.671+0000] {taskinstance.py:2698} ERROR - Task failed with exception
Traceback (most recent call last):
  File "/home/airflow/.local/lib/python3.11/site-packages/airflow/models/taskinstance.py", line 433, in _execute_task
    result = execute_callable(context=context, **execute_callable_kwargs)
             ^^^^^^^^^^^^^^^^^^^^^^^^^^^^^^^^^^^^^^^^^^^^^^^^^^^^^^^^^^^^
  File "/home/airflow/.local/lib/python3.11/site-packages/airflow/providers/google/cloud/operators/dataproc.py", line 2255, in execute
    self.hook.wait_for_job(
  File "/home/airflow/.local/lib/python3.11/site-packages/airflow/providers/google/common/hooks/base_google.py", line 477, in inner_wrapper
    return func(self, *args, **kwargs)
           ^^^^^^^^^^^^^^^^^^^^^^^^^^^
  File "/home/airflow/.local/lib/python3.11/site-packages/airflow/providers/google/cloud/hooks/dataproc.py", line 724, in wait_for_job
    raise AirflowException(f"Job failed:\n{job}")
airflow.exceptions.AirflowException: Job failed:
reference {
  project_id: "sage-mind-489618-n5"
  job_id: "24649641-9658-43d2-a388-6d501ee2941d"
}
placement {
  cluster_name: "crime-etl-cluster"
  cluster_uuid: "d444c062-fab3-4bbd-bd4c-c9ebec4eed0c"
}
pyspark_job {
  main_python_file_uri: "gs://chicago-crime-raw-group15/scripts/stage2_bronze/data_ingestion.py"
  args: "--env=prod"
  args: "--raw_path=gs://chicago-crime-raw-group15/raw/chicago_crime"
  args: "--bronze_path=gs://chicago-crime-raw-group15/bronze/chicago_crime"
  python_file_uris: "gs://chicago-crime-raw-group15/scripts/utils.zip"
  properties {
    key: "spark.jars.packages"
    value: "com.google.cloud.spark:spark-bigquery-with-dependencies_2.12:0.32.2"
  }
}
status {
  state: ERROR
  details: "File not found: gs://chicago-crime-raw-group15/scripts/stage2_bronze/data_ingestion.py"
  state_start_time {
    seconds: 1779822124
    nanos: 732943000
  }
}
status_history {
  state: PENDING
  state_start_time {
    seconds: 1779822117
    nanos: 287991000
  }
}
status_history {
  state: SETUP_DONE
  state_start_time {
    seconds: 1779822117
    nanos: 387146000
  }
}
status_history {
  state: RUNNING
  state_start_time {
    seconds: 1779822118
    nanos: 177968000
  }
}
driver_output_resource_uri: "gs://dataproc-staging-us-central1-47706975998-p2ulnh4c/google-cloud-dataproc-metainfo/d444c062-fab3-4bbd-bd4c-c9ebec4eed0c/jobs/24649641-9658-43d2-a388-6d501ee2941d/driveroutput"
driver_control_files_uri: "gs://dataproc-staging-us-central1-47706975998-p2ulnh4c/google-cloud-dataproc-metainfo/d444c062-fab3-4bbd-bd4c-c9ebec4eed0c/jobs/24649641-9658-43d2-a388-6d501ee2941d/"
job_uuid: "24649641-9658-43d2-a388-6d501ee2941d"
done: true

[2026-05-26T19:02:09.680+0000] {taskinstance.py:1138} INFO - Marking task as UP_FOR_RETRY. dag_id=crime_analytics_pipeline, task_id=etl_bronze, execution_date=20260526T185714, start_date=20260526T190154, end_date=20260526T190209
[2026-05-26T19:02:09.692+0000] {standard_task_runner.py:107} ERROR - Failed to execute job 66 for task etl_bronze (Job failed:
reference {
  project_id: "sage-mind-489618-n5"
  job_id: "24649641-9658-43d2-a388-6d501ee2941d"
}
placement {
  cluster_name: "crime-etl-cluster"
  cluster_uuid: "d444c062-fab3-4bbd-bd4c-c9ebec4eed0c"
}
pyspark_job {
  main_python_file_uri: "gs://chicago-crime-raw-group15/scripts/stage2_bronze/data_ingestion.py"
  args: "--env=prod"
  args: "--raw_path=gs://chicago-crime-raw-group15/raw/chicago_crime"
  args: "--bronze_path=gs://chicago-crime-raw-group15/bronze/chicago_crime"
  python_file_uris: "gs://chicago-crime-raw-group15/scripts/utils.zip"
  properties {
    key: "spark.jars.packages"
    value: "com.google.cloud.spark:spark-bigquery-with-dependencies_2.12:0.32.2"
  }
}
status {
  state: ERROR
  details: "File not found: gs://chicago-crime-raw-group15/scripts/stage2_bronze/data_ingestion.py"
  state_start_time {
    seconds: 1779822124
    nanos: 732943000
  }
}
status_history {
  state: PENDING
  state_start_time {
    seconds: 1779822117
    nanos: 287991000
  }
}
status_history {
  state: SETUP_DONE
  state_start_time {
    seconds: 1779822117
    nanos: 387146000
  }
}
status_history {
  state: RUNNING
  state_start_time {
    seconds: 1779822118
    nanos: 177968000
  }
}
driver_output_resource_uri: "gs://dataproc-staging-us-central1-47706975998-p2ulnh4c/google-cloud-dataproc-metainfo/d444c062-fab3-4bbd-bd4c-c9ebec4eed0c/jobs/24649641-9658-43d2-a388-6d501ee2941d/driveroutput"
driver_control_files_uri: "gs://dataproc-staging-us-central1-47706975998-p2ulnh4c/google-cloud-dataproc-metainfo/d444c062-fab3-4bbd-bd4c-c9ebec4eed0c/jobs/24649641-9658-43d2-a388-6d501ee2941d/"
job_uuid: "24649641-9658-43d2-a388-6d501ee2941d"
done: true
; 876)
[2026-05-26T19:02:09.732+0000] {local_task_job_runner.py:234} INFO - Task exited with return code 1
[2026-05-26T19:02:09.761+0000] {taskinstance.py:3280} INFO - 0 downstream tasks scheduled from follow-on schedule check
