[2026-06-05T22:40:34.376+0000] {taskinstance.py:1956} INFO - Dependencies all met for dep_context=non-requeueable deps ti=<TaskInstance: crime_analytics_pipeline.ingest_chicago_crime manual__2026-06-05T17:42:56.298855+00:00 [queued]>
[2026-06-05T22:40:34.384+0000] {taskinstance.py:1956} INFO - Dependencies all met for dep_context=requeueable deps ti=<TaskInstance: crime_analytics_pipeline.ingest_chicago_crime manual__2026-06-05T17:42:56.298855+00:00 [queued]>
[2026-06-05T22:40:34.385+0000] {taskinstance.py:2170} INFO - Starting attempt 10 of 11
[2026-06-05T22:40:34.402+0000] {taskinstance.py:2191} INFO - Executing <Task(PythonOperator): ingest_chicago_crime> on 2026-06-05 17:42:56.298855+00:00
[2026-06-05T22:40:34.410+0000] {standard_task_runner.py:60} INFO - Started process 12809 to run task
[2026-06-05T22:40:34.415+0000] {standard_task_runner.py:87} INFO - Running: ['***', 'tasks', 'run', 'crime_analytics_pipeline', 'ingest_chicago_crime', 'manual__2026-06-05T17:42:56.298855+00:00', '--job-id', '556', '--raw', '--subdir', 'DAGS_FOLDER/dag_crime_pipeline.py', '--cfg-path', '/tmp/tmpdn00xrij']
[2026-06-05T22:40:34.419+0000] {standard_task_runner.py:88} INFO - Job 556: Subtask ingest_chicago_crime
[2026-06-05T22:40:34.508+0000] {task_command.py:423} INFO - Running <TaskInstance: crime_analytics_pipeline.ingest_chicago_crime manual__2026-06-05T17:42:56.298855+00:00 [running]> on host db8b8170dea9
[2026-06-05T22:40:34.622+0000] {taskinstance.py:2480} INFO - Exporting env vars: AIRFLOW_CTX_DAG_EMAIL='cdash-alerts@example.com' AIRFLOW_CTX_DAG_OWNER='crime-analytics' AIRFLOW_CTX_DAG_ID='crime_analytics_pipeline' AIRFLOW_CTX_TASK_ID='ingest_chicago_crime' AIRFLOW_CTX_EXECUTION_DATE='2026-06-05T17:42:56.298855+00:00' AIRFLOW_CTX_TRY_NUMBER='10' AIRFLOW_CTX_DAG_RUN_ID='manual__2026-06-05T17:42:56.298855+00:00'
[2026-06-05T22:40:35.488+0000] {ingest_chicago_crime.py:217} INFO - INCREMENTAL mode: 2026-05-16
[2026-06-05T22:40:36.245+0000] {ingest_chicago_crime.py:103} INFO - [2026-05-16] _SUCCESS marker exists, skipping.
[2026-06-05T22:40:37.173+0000] {ingest_chicago_crime.py:103} INFO - [2026-05-17] _SUCCESS marker exists, skipping.
[2026-06-05T22:40:37.452+0000] {ingest_chicago_crime.py:103} INFO - [2026-05-18] _SUCCESS marker exists, skipping.
[2026-06-05T22:40:38.373+0000] {ingest_chicago_crime.py:103} INFO - [2026-05-19] _SUCCESS marker exists, skipping.
[2026-06-05T22:40:38.653+0000] {ingest_chicago_crime.py:103} INFO - [2026-05-20] _SUCCESS marker exists, skipping.
[2026-06-05T22:40:39.601+0000] {ingest_chicago_crime.py:103} INFO - [2026-05-21] _SUCCESS marker exists, skipping.
[2026-06-05T22:40:39.857+0000] {ingest_chicago_crime.py:103} INFO - [2026-05-22] _SUCCESS marker exists, skipping.
[2026-06-05T22:40:40.802+0000] {ingest_chicago_crime.py:103} INFO - [2026-05-23] _SUCCESS marker exists, skipping.
[2026-06-05T22:40:41.061+0000] {ingest_chicago_crime.py:103} INFO - [2026-05-24] _SUCCESS marker exists, skipping.
[2026-06-05T22:40:42.011+0000] {ingest_chicago_crime.py:103} INFO - [2026-05-25] _SUCCESS marker exists, skipping.
[2026-06-05T22:40:42.274+0000] {ingest_chicago_crime.py:103} INFO - [2026-05-26] _SUCCESS marker exists, skipping.
[2026-06-05T22:40:43.214+0000] {ingest_chicago_crime.py:103} INFO - [2026-05-27] _SUCCESS marker exists, skipping.
[2026-06-05T22:40:43.476+0000] {ingest_chicago_crime.py:114} INFO - [2026-05-28] Querying BigQuery...
[2026-06-05T22:40:45.228+0000] {ingest_chicago_crime.py:119} INFO - [2026-05-28] No data found, skipping.
[2026-06-05T22:40:45.480+0000] {ingest_chicago_crime.py:103} INFO - [2026-05-29] _SUCCESS marker exists, skipping.
[2026-06-05T22:40:46.423+0000] {ingest_chicago_crime.py:114} INFO - [2026-05-30] Querying BigQuery...
[2026-06-05T22:40:47.744+0000] {ingest_chicago_crime.py:119} INFO - [2026-05-30] No data found, skipping.
[2026-06-05T22:40:48.000+0000] {ingest_chicago_crime.py:114} INFO - [2026-05-31] Querying BigQuery...
[2026-06-05T22:40:49.239+0000] {ingest_chicago_crime.py:119} INFO - [2026-05-31] No data found, skipping.
[2026-06-05T22:40:49.493+0000] {ingest_chicago_crime.py:114} INFO - [2026-06-01] Querying BigQuery...
[2026-06-05T22:40:50.754+0000] {ingest_chicago_crime.py:119} INFO - [2026-06-01] No data found, skipping.
[2026-06-05T22:40:51.007+0000] {ingest_chicago_crime.py:114} INFO - [2026-06-02] Querying BigQuery...
[2026-06-05T22:40:52.361+0000] {ingest_chicago_crime.py:119} INFO - [2026-06-02] No data found, skipping.
[2026-06-05T22:40:52.364+0000] {ingest_chicago_crime.py:187} INFO - Ingestion complete: {'start_date': '2026-05-16', 'end_date': '2026-06-02', 'days_loaded': 0, 'days_skipped': 18, 'total_rows': 0}
[2026-06-05T22:40:52.365+0000] {python.py:201} INFO - Done. Returned value was: None
[2026-06-05T22:40:52.389+0000] {taskinstance.py:1138} INFO - Marking task as SUCCESS. dag_id=crime_analytics_pipeline, task_id=ingest_chicago_crime, execution_date=20260605T174256, start_date=20260605T224034, end_date=20260605T224052
[2026-06-05T22:40:52.477+0000] {local_task_job_runner.py:234} INFO - Task exited with return code 0
[2026-06-05T22:40:52.508+0000] {taskinstance.py:3280} INFO - 1 downstream tasks scheduled from follow-on schedule check
