[2026-06-05T17:53:28.244+0000] {taskinstance.py:1956} INFO - Dependencies all met for dep_context=non-requeueable deps ti=<TaskInstance: crime_analytics_pipeline.ingest_chicago_crime manual__2026-06-05T17:42:56.298855+00:00 [queued]>
[2026-06-05T17:53:28.252+0000] {taskinstance.py:1956} INFO - Dependencies all met for dep_context=requeueable deps ti=<TaskInstance: crime_analytics_pipeline.ingest_chicago_crime manual__2026-06-05T17:42:56.298855+00:00 [queued]>
[2026-06-05T17:53:28.253+0000] {taskinstance.py:2170} INFO - Starting attempt 4 of 5
[2026-06-05T17:53:28.269+0000] {taskinstance.py:2191} INFO - Executing <Task(PythonOperator): ingest_chicago_crime> on 2026-06-05 17:42:56.298855+00:00
[2026-06-05T17:53:28.280+0000] {standard_task_runner.py:60} INFO - Started process 722 to run task
[2026-06-05T17:53:28.284+0000] {standard_task_runner.py:87} INFO - Running: ['***', 'tasks', 'run', 'crime_analytics_pipeline', 'ingest_chicago_crime', 'manual__2026-06-05T17:42:56.298855+00:00', '--job-id', '512', '--raw', '--subdir', 'DAGS_FOLDER/dag_crime_pipeline.py', '--cfg-path', '/tmp/tmp7w0x5y32']
[2026-06-05T17:53:28.287+0000] {standard_task_runner.py:88} INFO - Job 512: Subtask ingest_chicago_crime
[2026-06-05T17:53:28.351+0000] {task_command.py:423} INFO - Running <TaskInstance: crime_analytics_pipeline.ingest_chicago_crime manual__2026-06-05T17:42:56.298855+00:00 [running]> on host db8b8170dea9
[2026-06-05T17:53:28.479+0000] {taskinstance.py:2480} INFO - Exporting env vars: AIRFLOW_CTX_DAG_EMAIL='cdash-alerts@example.com' AIRFLOW_CTX_DAG_OWNER='crime-analytics' AIRFLOW_CTX_DAG_ID='crime_analytics_pipeline' AIRFLOW_CTX_TASK_ID='ingest_chicago_crime' AIRFLOW_CTX_EXECUTION_DATE='2026-06-05T17:42:56.298855+00:00' AIRFLOW_CTX_TRY_NUMBER='4' AIRFLOW_CTX_DAG_RUN_ID='manual__2026-06-05T17:42:56.298855+00:00'
[2026-06-05T17:53:29.861+0000] {ingest_chicago_crime.py:217} INFO - INCREMENTAL mode: 2026-05-06
[2026-06-05T17:53:30.913+0000] {ingest_chicago_crime.py:103} INFO - [2026-05-06] _SUCCESS marker exists, skipping.
[2026-06-05T17:53:31.860+0000] {ingest_chicago_crime.py:103} INFO - [2026-05-07] _SUCCESS marker exists, skipping.
[2026-06-05T17:53:32.150+0000] {ingest_chicago_crime.py:103} INFO - [2026-05-08] _SUCCESS marker exists, skipping.
[2026-06-05T17:53:33.151+0000] {ingest_chicago_crime.py:103} INFO - [2026-05-09] _SUCCESS marker exists, skipping.
[2026-06-05T17:53:33.440+0000] {ingest_chicago_crime.py:103} INFO - [2026-05-10] _SUCCESS marker exists, skipping.
[2026-06-05T17:53:34.493+0000] {ingest_chicago_crime.py:103} INFO - [2026-05-11] _SUCCESS marker exists, skipping.
[2026-06-05T17:53:34.806+0000] {ingest_chicago_crime.py:103} INFO - [2026-05-12] _SUCCESS marker exists, skipping.
[2026-06-05T17:53:35.759+0000] {ingest_chicago_crime.py:103} INFO - [2026-05-13] _SUCCESS marker exists, skipping.
[2026-06-05T17:53:36.072+0000] {ingest_chicago_crime.py:103} INFO - [2026-05-14] _SUCCESS marker exists, skipping.
[2026-06-05T17:53:37.125+0000] {ingest_chicago_crime.py:103} INFO - [2026-05-15] _SUCCESS marker exists, skipping.
[2026-06-05T17:53:37.441+0000] {ingest_chicago_crime.py:103} INFO - [2026-05-16] _SUCCESS marker exists, skipping.
[2026-06-05T17:53:38.388+0000] {ingest_chicago_crime.py:103} INFO - [2026-05-17] _SUCCESS marker exists, skipping.
[2026-06-05T17:53:38.466+0000] {ingest_chicago_crime.py:103} INFO - [2026-05-18] _SUCCESS marker exists, skipping.
[2026-06-05T17:53:38.878+0000] {ingest_chicago_crime.py:114} INFO - [2026-05-19] Querying BigQuery...
[2026-06-05T17:53:43.078+0000] {ingest_chicago_crime.py:142} INFO - [2026-05-19] Uploaded 665 rows → gs://chicago-crime-raw-group15/raw/chicago_crime/2026/05/19/data.csv
[2026-06-05T17:53:43.381+0000] {ingest_chicago_crime.py:149} INFO - [2026-05-19] _SUCCESS marker written.
[2026-06-05T17:53:44.301+0000] {ingest_chicago_crime.py:114} INFO - [2026-05-20] Querying BigQuery...
[2026-06-05T17:53:47.133+0000] {ingest_chicago_crime.py:142} INFO - [2026-05-20] Uploaded 633 rows → gs://chicago-crime-raw-group15/raw/chicago_crime/2026/05/20/data.csv
[2026-06-05T17:53:47.554+0000] {ingest_chicago_crime.py:149} INFO - [2026-05-20] _SUCCESS marker written.
[2026-06-05T17:53:48.355+0000] {ingest_chicago_crime.py:114} INFO - [2026-05-21] Querying BigQuery...
[2026-06-05T17:53:51.162+0000] {ingest_chicago_crime.py:142} INFO - [2026-05-21] Uploaded 635 rows → gs://chicago-crime-raw-group15/raw/chicago_crime/2026/05/21/data.csv
[2026-06-05T17:53:51.567+0000] {ingest_chicago_crime.py:149} INFO - [2026-05-21] _SUCCESS marker written.
[2026-06-05T17:53:52.505+0000] {ingest_chicago_crime.py:114} INFO - [2026-05-22] Querying BigQuery...
[2026-06-05T17:53:55.769+0000] {ingest_chicago_crime.py:142} INFO - [2026-05-22] Uploaded 665 rows → gs://chicago-crime-raw-group15/raw/chicago_crime/2026/05/22/data.csv
[2026-06-05T17:53:56.702+0000] {ingest_chicago_crime.py:149} INFO - [2026-05-22] _SUCCESS marker written.
[2026-06-05T17:53:56.993+0000] {ingest_chicago_crime.py:114} INFO - [2026-05-23] Querying BigQuery...
[2026-06-05T17:54:00.086+0000] {ingest_chicago_crime.py:142} INFO - [2026-05-23] Uploaded 681 rows → gs://chicago-crime-raw-group15/raw/chicago_crime/2026/05/23/data.csv
[2026-06-05T17:54:00.508+0000] {ingest_chicago_crime.py:149} INFO - [2026-05-23] _SUCCESS marker written.
[2026-06-05T17:54:01.321+0000] {ingest_chicago_crime.py:114} INFO - [2026-05-24] Querying BigQuery...
[2026-06-05T17:54:04.324+0000] {ingest_chicago_crime.py:142} INFO - [2026-05-24] Uploaded 683 rows → gs://chicago-crime-raw-group15/raw/chicago_crime/2026/05/24/data.csv
[2026-06-05T17:54:04.736+0000] {ingest_chicago_crime.py:149} INFO - [2026-05-24] _SUCCESS marker written.
[2026-06-05T17:54:05.595+0000] {ingest_chicago_crime.py:114} INFO - [2026-05-25] Querying BigQuery...
[2026-06-05T17:54:07.793+0000] {ingest_chicago_crime.py:142} INFO - [2026-05-25] Uploaded 708 rows → gs://chicago-crime-raw-group15/raw/chicago_crime/2026/05/25/data.csv
[2026-06-05T17:54:08.118+0000] {ingest_chicago_crime.py:149} INFO - [2026-05-25] _SUCCESS marker written.
[2026-06-05T17:54:09.011+0000] {ingest_chicago_crime.py:114} INFO - [2026-05-26] Querying BigQuery...
[2026-06-05T17:54:11.795+0000] {ingest_chicago_crime.py:142} INFO - [2026-05-26] Uploaded 659 rows → gs://chicago-crime-raw-group15/raw/chicago_crime/2026/05/26/data.csv
[2026-06-05T17:54:12.096+0000] {ingest_chicago_crime.py:149} INFO - [2026-05-26] _SUCCESS marker written.
[2026-06-05T17:54:13.024+0000] {ingest_chicago_crime.py:114} INFO - [2026-05-27] Querying BigQuery...
[2026-06-05T17:54:15.057+0000] {ingest_chicago_crime.py:142} INFO - [2026-05-27] Uploaded 20 rows → gs://chicago-crime-raw-group15/raw/chicago_crime/2026/05/27/data.csv
[2026-06-05T17:54:16.005+0000] {ingest_chicago_crime.py:149} INFO - [2026-05-27] _SUCCESS marker written.
[2026-06-05T17:54:16.466+0000] {ingest_chicago_crime.py:114} INFO - [2026-05-28] Querying BigQuery...
[2026-06-05T17:54:17.956+0000] {ingest_chicago_crime.py:119} INFO - [2026-05-28] No data found, skipping.
[2026-06-05T17:54:18.209+0000] {ingest_chicago_crime.py:114} INFO - [2026-05-29] Querying BigQuery...
[2026-06-05T17:54:20.114+0000] {ingest_chicago_crime.py:142} INFO - [2026-05-29] Uploaded 1 rows → gs://chicago-crime-raw-group15/raw/chicago_crime/2026/05/29/data.csv
[2026-06-05T17:54:21.167+0000] {ingest_chicago_crime.py:149} INFO - [2026-05-29] _SUCCESS marker written.
[2026-06-05T17:54:22.235+0000] {ingest_chicago_crime.py:114} INFO - [2026-05-30] Querying BigQuery...
[2026-06-05T17:54:24.015+0000] {ingest_chicago_crime.py:119} INFO - [2026-05-30] No data found, skipping.
[2026-06-05T17:54:24.329+0000] {ingest_chicago_crime.py:114} INFO - [2026-05-31] Querying BigQuery...
[2026-06-05T17:54:25.913+0000] {ingest_chicago_crime.py:119} INFO - [2026-05-31] No data found, skipping.
[2026-06-05T17:54:26.436+0000] {ingest_chicago_crime.py:114} INFO - [2026-06-01] Querying BigQuery...
[2026-06-05T17:54:28.333+0000] {ingest_chicago_crime.py:119} INFO - [2026-06-01] No data found, skipping.
[2026-06-05T17:54:28.754+0000] {ingest_chicago_crime.py:114} INFO - [2026-06-02] Querying BigQuery...
[2026-06-05T17:54:30.406+0000] {ingest_chicago_crime.py:119} INFO - [2026-06-02] No data found, skipping.
[2026-06-05T17:54:30.783+0000] {ingest_chicago_crime.py:114} INFO - [2026-06-03] Querying BigQuery...
[2026-06-05T17:54:32.553+0000] {ingest_chicago_crime.py:119} INFO - [2026-06-03] No data found, skipping.
[2026-06-05T17:54:32.879+0000] {ingest_chicago_crime.py:114} INFO - [2026-06-04] Querying BigQuery...
[2026-06-05T17:54:34.333+0000] {ingest_chicago_crime.py:119} INFO - [2026-06-04] No data found, skipping.
[2026-06-05T17:54:34.620+0000] {ingest_chicago_crime.py:114} INFO - [2026-06-05] Querying BigQuery...
[2026-06-05T17:54:35.959+0000] {ingest_chicago_crime.py:119} INFO - [2026-06-05] No data found, skipping.
[2026-06-05T17:54:35.960+0000] {ingest_chicago_crime.py:187} INFO - Ingestion complete: {'start_date': '2026-05-06', 'end_date': '2026-06-05', 'days_loaded': 10, 'days_skipped': 21, 'total_rows': 5350}
[2026-06-05T17:54:35.961+0000] {python.py:201} INFO - Done. Returned value was: None
[2026-06-05T17:54:35.979+0000] {taskinstance.py:1138} INFO - Marking task as SUCCESS. dag_id=crime_analytics_pipeline, task_id=ingest_chicago_crime, execution_date=20260605T174256, start_date=20260605T175328, end_date=20260605T175435
[2026-06-05T17:54:36.059+0000] {local_task_job_runner.py:234} INFO - Task exited with return code 0
[2026-06-05T17:54:36.095+0000] {taskinstance.py:3280} INFO - 1 downstream tasks scheduled from follow-on schedule check
