[2026-06-05T19:39:56.987+0000] {taskinstance.py:1956} INFO - Dependencies all met for dep_context=non-requeueable deps ti=<TaskInstance: crime_analytics_pipeline.ingest_chicago_crime manual__2026-06-05T17:42:56.298855+00:00 [queued]>
[2026-06-05T19:39:56.997+0000] {taskinstance.py:1956} INFO - Dependencies all met for dep_context=requeueable deps ti=<TaskInstance: crime_analytics_pipeline.ingest_chicago_crime manual__2026-06-05T17:42:56.298855+00:00 [queued]>
[2026-06-05T19:39:56.998+0000] {taskinstance.py:2170} INFO - Starting attempt 5 of 6
[2026-06-05T19:39:57.014+0000] {taskinstance.py:2191} INFO - Executing <Task(PythonOperator): ingest_chicago_crime> on 2026-06-05 17:42:56.298855+00:00
[2026-06-05T19:39:57.025+0000] {standard_task_runner.py:60} INFO - Started process 3692 to run task
[2026-06-05T19:39:57.029+0000] {standard_task_runner.py:87} INFO - Running: ['***', 'tasks', 'run', 'crime_analytics_pipeline', 'ingest_chicago_crime', 'manual__2026-06-05T17:42:56.298855+00:00', '--job-id', '522', '--raw', '--subdir', 'DAGS_FOLDER/dag_crime_pipeline.py', '--cfg-path', '/tmp/tmp3llgguuv']
[2026-06-05T19:39:57.034+0000] {standard_task_runner.py:88} INFO - Job 522: Subtask ingest_chicago_crime
[2026-06-05T19:39:57.115+0000] {task_command.py:423} INFO - Running <TaskInstance: crime_analytics_pipeline.ingest_chicago_crime manual__2026-06-05T17:42:56.298855+00:00 [running]> on host db8b8170dea9
[2026-06-05T19:39:57.229+0000] {taskinstance.py:2480} INFO - Exporting env vars: AIRFLOW_CTX_DAG_EMAIL='cdash-alerts@example.com' AIRFLOW_CTX_DAG_OWNER='crime-analytics' AIRFLOW_CTX_DAG_ID='crime_analytics_pipeline' AIRFLOW_CTX_TASK_ID='ingest_chicago_crime' AIRFLOW_CTX_EXECUTION_DATE='2026-06-05T17:42:56.298855+00:00' AIRFLOW_CTX_TRY_NUMBER='5' AIRFLOW_CTX_DAG_RUN_ID='manual__2026-06-05T17:42:56.298855+00:00'
[2026-06-05T19:39:58.842+0000] {ingest_chicago_crime.py:217} INFO - INCREMENTAL mode: 2026-05-16
[2026-06-05T19:39:59.951+0000] {ingest_chicago_crime.py:103} INFO - [2026-05-16] _SUCCESS marker exists, skipping.
[2026-06-05T19:40:00.783+0000] {ingest_chicago_crime.py:103} INFO - [2026-05-17] _SUCCESS marker exists, skipping.
[2026-06-05T19:40:01.305+0000] {ingest_chicago_crime.py:103} INFO - [2026-05-18] _SUCCESS marker exists, skipping.
[2026-06-05T19:40:02.031+0000] {ingest_chicago_crime.py:103} INFO - [2026-05-19] _SUCCESS marker exists, skipping.
[2026-06-05T19:40:02.554+0000] {ingest_chicago_crime.py:103} INFO - [2026-05-20] _SUCCESS marker exists, skipping.
[2026-06-05T19:40:03.280+0000] {ingest_chicago_crime.py:103} INFO - [2026-05-21] _SUCCESS marker exists, skipping.
[2026-06-05T19:40:03.808+0000] {ingest_chicago_crime.py:103} INFO - [2026-05-22] _SUCCESS marker exists, skipping.
[2026-06-05T19:40:04.531+0000] {ingest_chicago_crime.py:103} INFO - [2026-05-23] _SUCCESS marker exists, skipping.
[2026-06-05T19:40:05.050+0000] {ingest_chicago_crime.py:103} INFO - [2026-05-24] _SUCCESS marker exists, skipping.
[2026-06-05T19:40:05.986+0000] {ingest_chicago_crime.py:103} INFO - [2026-05-25] _SUCCESS marker exists, skipping.
[2026-06-05T19:40:06.300+0000] {ingest_chicago_crime.py:103} INFO - [2026-05-26] _SUCCESS marker exists, skipping.
[2026-06-05T19:40:07.215+0000] {ingest_chicago_crime.py:103} INFO - [2026-05-27] _SUCCESS marker exists, skipping.
[2026-06-05T19:40:07.653+0000] {ingest_chicago_crime.py:114} INFO - [2026-05-28] Querying BigQuery...
[2026-06-05T19:40:09.714+0000] {ingest_chicago_crime.py:119} INFO - [2026-05-28] No data found, skipping.
[2026-06-05T19:40:09.966+0000] {ingest_chicago_crime.py:103} INFO - [2026-05-29] _SUCCESS marker exists, skipping.
[2026-06-05T19:40:10.944+0000] {ingest_chicago_crime.py:114} INFO - [2026-05-30] Querying BigQuery...
[2026-06-05T19:40:12.693+0000] {ingest_chicago_crime.py:119} INFO - [2026-05-30] No data found, skipping.
[2026-06-05T19:40:12.999+0000] {ingest_chicago_crime.py:114} INFO - [2026-05-31] Querying BigQuery...
[2026-06-05T19:40:14.422+0000] {ingest_chicago_crime.py:119} INFO - [2026-05-31] No data found, skipping.
[2026-06-05T19:40:14.689+0000] {ingest_chicago_crime.py:114} INFO - [2026-06-01] Querying BigQuery...
[2026-06-05T19:40:16.282+0000] {ingest_chicago_crime.py:119} INFO - [2026-06-01] No data found, skipping.
[2026-06-05T19:40:16.706+0000] {ingest_chicago_crime.py:114} INFO - [2026-06-02] Querying BigQuery...
[2026-06-05T19:40:18.238+0000] {ingest_chicago_crime.py:119} INFO - [2026-06-02] No data found, skipping.
[2026-06-05T19:40:18.239+0000] {ingest_chicago_crime.py:187} INFO - Ingestion complete: {'start_date': '2026-05-16', 'end_date': '2026-06-02', 'days_loaded': 0, 'days_skipped': 18, 'total_rows': 0}
[2026-06-05T19:40:18.240+0000] {python.py:201} INFO - Done. Returned value was: None
[2026-06-05T19:40:18.271+0000] {taskinstance.py:1138} INFO - Marking task as SUCCESS. dag_id=crime_analytics_pipeline, task_id=ingest_chicago_crime, execution_date=20260605T174256, start_date=20260605T193956, end_date=20260605T194018
[2026-06-05T19:40:18.346+0000] {local_task_job_runner.py:234} INFO - Task exited with return code 0
[2026-06-05T19:40:18.378+0000] {taskinstance.py:3280} INFO - 1 downstream tasks scheduled from follow-on schedule check
