[2026-05-31T09:04:34.594+0000] {taskinstance.py:1956} INFO - Dependencies all met for dep_context=non-requeueable deps ti=<TaskInstance: crime_analytics_pipeline.ingest_poi manual__2026-05-31T09:04:32.281251+00:00 [queued]>
[2026-05-31T09:04:34.604+0000] {taskinstance.py:1956} INFO - Dependencies all met for dep_context=requeueable deps ti=<TaskInstance: crime_analytics_pipeline.ingest_poi manual__2026-05-31T09:04:32.281251+00:00 [queued]>
[2026-05-31T09:04:34.605+0000] {taskinstance.py:2170} INFO - Starting attempt 1 of 2
[2026-05-31T09:04:34.618+0000] {taskinstance.py:2191} INFO - Executing <Task(PythonOperator): ingest_poi> on 2026-05-31 09:04:32.281251+00:00
[2026-05-31T09:04:34.632+0000] {standard_task_runner.py:60} INFO - Started process 236 to run task
[2026-05-31T09:04:34.638+0000] {standard_task_runner.py:87} INFO - Running: ['***', 'tasks', 'run', 'crime_analytics_pipeline', 'ingest_poi', 'manual__2026-05-31T09:04:32.281251+00:00', '--job-id', '332', '--raw', '--subdir', 'DAGS_FOLDER/dag_crime_pipeline.py', '--cfg-path', '/tmp/tmp5v6gjv1e']
[2026-05-31T09:04:34.643+0000] {standard_task_runner.py:88} INFO - Job 332: Subtask ingest_poi
[2026-05-31T09:04:34.727+0000] {task_command.py:423} INFO - Running <TaskInstance: crime_analytics_pipeline.ingest_poi manual__2026-05-31T09:04:32.281251+00:00 [running]> on host db8b8170dea9
[2026-05-31T09:04:34.845+0000] {taskinstance.py:2480} INFO - Exporting env vars: AIRFLOW_CTX_DAG_EMAIL='cdash-alerts@example.com' AIRFLOW_CTX_DAG_OWNER='crime-analytics' AIRFLOW_CTX_DAG_ID='crime_analytics_pipeline' AIRFLOW_CTX_TASK_ID='ingest_poi' AIRFLOW_CTX_EXECUTION_DATE='2026-05-31T09:04:32.281251+00:00' AIRFLOW_CTX_TRY_NUMBER='1' AIRFLOW_CTX_DAG_RUN_ID='manual__2026-05-31T09:04:32.281251+00:00'
[2026-05-31T09:04:38.820+0000] {logging_mixin.py:188} WARNING - /opt/***/dags/dag_crime_pipeline.py:391 UserWarning: Geometry is in a geographic CRS. Results from 'centroid' are likely incorrect. Use 'GeoSeries.to_crs()' to re-project geometries to a projected CRS before this operation.
[2026-05-31T09:04:38.831+0000] {logging_mixin.py:188} WARNING - /opt/***/dags/dag_crime_pipeline.py:392 UserWarning: Geometry is in a geographic CRS. Results from 'centroid' are likely incorrect. Use 'GeoSeries.to_crs()' to re-project geometries to a projected CRS before this operation.
[2026-05-31T09:04:38.835+0000] {logging_mixin.py:188} INFO -   ✓ transit_station: 190 POIs
[2026-05-31T09:05:46.266+0000] {logging_mixin.py:188} WARNING - /opt/***/dags/dag_crime_pipeline.py:391 UserWarning: Geometry is in a geographic CRS. Results from 'centroid' are likely incorrect. Use 'GeoSeries.to_crs()' to re-project geometries to a projected CRS before this operation.
[2026-05-31T09:05:46.279+0000] {logging_mixin.py:188} WARNING - /opt/***/dags/dag_crime_pipeline.py:392 UserWarning: Geometry is in a geographic CRS. Results from 'centroid' are likely incorrect. Use 'GeoSeries.to_crs()' to re-project geometries to a projected CRS before this operation.
[2026-05-31T09:05:46.290+0000] {logging_mixin.py:188} INFO -   ✓ bus_stop: 10316 POIs
[2026-05-31T09:05:46.640+0000] {logging_mixin.py:188} WARNING - /opt/***/dags/dag_crime_pipeline.py:391 UserWarning: Geometry is in a geographic CRS. Results from 'centroid' are likely incorrect. Use 'GeoSeries.to_crs()' to re-project geometries to a projected CRS before this operation.
[2026-05-31T09:05:46.651+0000] {logging_mixin.py:188} WARNING - /opt/***/dags/dag_crime_pipeline.py:392 UserWarning: Geometry is in a geographic CRS. Results from 'centroid' are likely incorrect. Use 'GeoSeries.to_crs()' to re-project geometries to a projected CRS before this operation.
[2026-05-31T09:05:46.657+0000] {logging_mixin.py:188} INFO -   ✓ school: 1051 POIs
[2026-05-31T09:05:47.207+0000] {logging_mixin.py:188} WARNING - /opt/***/dags/dag_crime_pipeline.py:391 UserWarning: Geometry is in a geographic CRS. Results from 'centroid' are likely incorrect. Use 'GeoSeries.to_crs()' to re-project geometries to a projected CRS before this operation.
[2026-05-31T09:05:47.219+0000] {logging_mixin.py:188} WARNING - /opt/***/dags/dag_crime_pipeline.py:392 UserWarning: Geometry is in a geographic CRS. Results from 'centroid' are likely incorrect. Use 'GeoSeries.to_crs()' to re-project geometries to a projected CRS before this operation.
[2026-05-31T09:05:47.226+0000] {logging_mixin.py:188} INFO -   ✓ park: 898 POIs
[2026-05-31T09:05:47.585+0000] {logging_mixin.py:188} WARNING - /opt/***/dags/dag_crime_pipeline.py:391 UserWarning: Geometry is in a geographic CRS. Results from 'centroid' are likely incorrect. Use 'GeoSeries.to_crs()' to re-project geometries to a projected CRS before this operation.
[2026-05-31T09:05:47.596+0000] {logging_mixin.py:188} WARNING - /opt/***/dags/dag_crime_pipeline.py:392 UserWarning: Geometry is in a geographic CRS. Results from 'centroid' are likely incorrect. Use 'GeoSeries.to_crs()' to re-project geometries to a projected CRS before this operation.
[2026-05-31T09:05:47.600+0000] {logging_mixin.py:188} INFO -   ✓ nightlife: 856 POIs
[2026-05-31T09:05:53.408+0000] {logging_mixin.py:188} WARNING - /opt/***/dags/dag_crime_pipeline.py:391 UserWarning: Geometry is in a geographic CRS. Results from 'centroid' are likely incorrect. Use 'GeoSeries.to_crs()' to re-project geometries to a projected CRS before this operation.
[2026-05-31T09:05:53.418+0000] {logging_mixin.py:188} WARNING - /opt/***/dags/dag_crime_pipeline.py:392 UserWarning: Geometry is in a geographic CRS. Results from 'centroid' are likely incorrect. Use 'GeoSeries.to_crs()' to re-project geometries to a projected CRS before this operation.
[2026-05-31T09:05:53.421+0000] {logging_mixin.py:188} INFO -   ✓ liquor_store: 128 POIs
[2026-05-31T09:05:56.620+0000] {logging_mixin.py:188} WARNING - /opt/***/dags/dag_crime_pipeline.py:391 UserWarning: Geometry is in a geographic CRS. Results from 'centroid' are likely incorrect. Use 'GeoSeries.to_crs()' to re-project geometries to a projected CRS before this operation.
[2026-05-31T09:05:56.628+0000] {logging_mixin.py:188} WARNING - /opt/***/dags/dag_crime_pipeline.py:392 UserWarning: Geometry is in a geographic CRS. Results from 'centroid' are likely incorrect. Use 'GeoSeries.to_crs()' to re-project geometries to a projected CRS before this operation.
[2026-05-31T09:05:56.631+0000] {logging_mixin.py:188} INFO -   ✓ atm: 123 POIs
[2026-05-31T09:06:17.770+0000] {logging_mixin.py:188} WARNING - /opt/***/dags/dag_crime_pipeline.py:391 UserWarning: Geometry is in a geographic CRS. Results from 'centroid' are likely incorrect. Use 'GeoSeries.to_crs()' to re-project geometries to a projected CRS before this operation.
[2026-05-31T09:06:17.800+0000] {logging_mixin.py:188} WARNING - /opt/***/dags/dag_crime_pipeline.py:392 UserWarning: Geometry is in a geographic CRS. Results from 'centroid' are likely incorrect. Use 'GeoSeries.to_crs()' to re-project geometries to a projected CRS before this operation.
[2026-05-31T09:06:17.820+0000] {logging_mixin.py:188} INFO -   ✓ parking: 14494 POIs
[2026-05-31T09:07:02.445+0000] {logging_mixin.py:188} WARNING - /opt/***/dags/dag_crime_pipeline.py:391 UserWarning: Geometry is in a geographic CRS. Results from 'centroid' are likely incorrect. Use 'GeoSeries.to_crs()' to re-project geometries to a projected CRS before this operation.
[2026-05-31T09:07:02.457+0000] {logging_mixin.py:188} WARNING - /opt/***/dags/dag_crime_pipeline.py:392 UserWarning: Geometry is in a geographic CRS. Results from 'centroid' are likely incorrect. Use 'GeoSeries.to_crs()' to re-project geometries to a projected CRS before this operation.
[2026-05-31T09:07:02.462+0000] {logging_mixin.py:188} INFO -   ✓ fast_food: 1539 POIs
[2026-05-31T09:07:12.022+0000] {logging_mixin.py:188} WARNING - /opt/***/dags/dag_crime_pipeline.py:391 UserWarning: Geometry is in a geographic CRS. Results from 'centroid' are likely incorrect. Use 'GeoSeries.to_crs()' to re-project geometries to a projected CRS before this operation.
[2026-05-31T09:07:12.035+0000] {logging_mixin.py:188} WARNING - /opt/***/dags/dag_crime_pipeline.py:392 UserWarning: Geometry is in a geographic CRS. Results from 'centroid' are likely incorrect. Use 'GeoSeries.to_crs()' to re-project geometries to a projected CRS before this operation.
[2026-05-31T09:07:12.040+0000] {logging_mixin.py:188} INFO -   ✓ convenience: 696 POIs
[2026-05-31T09:07:17.681+0000] {logging_mixin.py:188} WARNING - /opt/***/dags/dag_crime_pipeline.py:391 UserWarning: Geometry is in a geographic CRS. Results from 'centroid' are likely incorrect. Use 'GeoSeries.to_crs()' to re-project geometries to a projected CRS before this operation.
[2026-05-31T09:07:17.691+0000] {logging_mixin.py:188} WARNING - /opt/***/dags/dag_crime_pipeline.py:392 UserWarning: Geometry is in a geographic CRS. Results from 'centroid' are likely incorrect. Use 'GeoSeries.to_crs()' to re-project geometries to a projected CRS before this operation.
[2026-05-31T09:07:17.695+0000] {logging_mixin.py:188} INFO -   ✓ pawn_shop: 23 POIs
[2026-05-31T09:07:23.875+0000] {logging_mixin.py:188} WARNING - /opt/***/dags/dag_crime_pipeline.py:391 UserWarning: Geometry is in a geographic CRS. Results from 'centroid' are likely incorrect. Use 'GeoSeries.to_crs()' to re-project geometries to a projected CRS before this operation.
[2026-05-31T09:07:23.884+0000] {logging_mixin.py:188} WARNING - /opt/***/dags/dag_crime_pipeline.py:392 UserWarning: Geometry is in a geographic CRS. Results from 'centroid' are likely incorrect. Use 'GeoSeries.to_crs()' to re-project geometries to a projected CRS before this operation.
[2026-05-31T09:07:23.889+0000] {logging_mixin.py:188} INFO -   ✓ check_cashing: 81 POIs
[2026-05-31T09:07:26.870+0000] {logging_mixin.py:188} INFO - ✅ POI uploaded: 30392 records, 12 types.
[2026-05-31T09:07:26.872+0000] {python.py:201} INFO - Done. Returned value was: None
[2026-05-31T09:07:26.891+0000] {taskinstance.py:1138} INFO - Marking task as SUCCESS. dag_id=crime_analytics_pipeline, task_id=ingest_poi, execution_date=20260531T090432, start_date=20260531T090434, end_date=20260531T090726
[2026-05-31T09:07:26.998+0000] {local_task_job_runner.py:234} INFO - Task exited with return code 0
[2026-05-31T09:07:27.031+0000] {taskinstance.py:3280} INFO - 0 downstream tasks scheduled from follow-on schedule check
