[2026-05-24T21:01:12.321+0000] {taskinstance.py:1956} INFO - Dependencies all met for dep_context=non-requeueable deps ti=<TaskInstance: crime_analytics_pipeline.create_dataproc_cluster manual__2026-05-24T21:01:09.979459+00:00 [queued]>
[2026-05-24T21:01:12.329+0000] {taskinstance.py:1956} INFO - Dependencies all met for dep_context=requeueable deps ti=<TaskInstance: crime_analytics_pipeline.create_dataproc_cluster manual__2026-05-24T21:01:09.979459+00:00 [queued]>
[2026-05-24T21:01:12.330+0000] {taskinstance.py:2170} INFO - Starting attempt 1 of 2
[2026-05-24T21:01:12.361+0000] {taskinstance.py:2191} INFO - Executing <Task(DataprocCreateClusterOperator): create_dataproc_cluster> on 2026-05-24 21:01:09.979459+00:00
[2026-05-24T21:01:12.369+0000] {standard_task_runner.py:60} INFO - Started process 615 to run task
[2026-05-24T21:01:12.375+0000] {standard_task_runner.py:87} INFO - Running: ['***', 'tasks', 'run', 'crime_analytics_pipeline', 'create_dataproc_cluster', 'manual__2026-05-24T21:01:09.979459+00:00', '--job-id', '44', '--raw', '--subdir', 'DAGS_FOLDER/dag_crime_pipeline.py', '--cfg-path', '/tmp/tmpptdotigv']
[2026-05-24T21:01:12.379+0000] {standard_task_runner.py:88} INFO - Job 44: Subtask create_dataproc_cluster
[2026-05-24T21:01:12.442+0000] {task_command.py:423} INFO - Running <TaskInstance: crime_analytics_pipeline.create_dataproc_cluster manual__2026-05-24T21:01:09.979459+00:00 [running]> on host 93e8dbfc6168
[2026-05-24T21:01:12.540+0000] {taskinstance.py:2480} INFO - Exporting env vars: AIRFLOW_CTX_DAG_EMAIL='cdash-alerts@example.com' AIRFLOW_CTX_DAG_OWNER='crime-analytics' AIRFLOW_CTX_DAG_ID='crime_analytics_pipeline' AIRFLOW_CTX_TASK_ID='create_dataproc_cluster' AIRFLOW_CTX_EXECUTION_DATE='2026-05-24T21:01:09.979459+00:00' AIRFLOW_CTX_TRY_NUMBER='1' AIRFLOW_CTX_DAG_RUN_ID='manual__2026-05-24T21:01:09.979459+00:00'
[2026-05-24T21:01:12.542+0000] {dataproc.py:722} INFO - Creating cluster: crime-etl-cluster
[2026-05-24T21:01:12.557+0000] {connection.py:234} WARNING - Connection schemes (type: google_cloud_platform) shall not contain '_' according to RFC3986.
[2026-05-24T21:01:12.559+0000] {base.py:83} INFO - Using connection ID 'google_cloud_default' for task execution.
[2026-05-24T21:01:17.500+0000] {taskinstance.py:2698} ERROR - Task failed with exception
Traceback (most recent call last):
  File "/home/airflow/.local/lib/python3.11/site-packages/google/api_core/grpc_helpers.py", line 79, in error_remapped_callable
    return callable_(*args, **kwargs)
           ^^^^^^^^^^^^^^^^^^^^^^^^^^
  File "/home/airflow/.local/lib/python3.11/site-packages/grpc/_channel.py", line 1160, in __call__
    return _end_unary_response_blocking(state, call, False, None)
           ^^^^^^^^^^^^^^^^^^^^^^^^^^^^^^^^^^^^^^^^^^^^^^^^^^^^^^
  File "/home/airflow/.local/lib/python3.11/site-packages/grpc/_channel.py", line 1003, in _end_unary_response_blocking
    raise _InactiveRpcError(state)  # pytype: disable=not-instantiable
    ^^^^^^^^^^^^^^^^^^^^^^^^^^^^^^
grpc._channel._InactiveRpcError: <_InactiveRpcError of RPC that terminated with:
	status = StatusCode.INVALID_ARGUMENT
	details = "Multiple validation errors:
 - Default Service Account '47706975998-compute@developer.gserviceaccount.com' is missing required permissions: [dataproc.agents.create, dataproc.agents.delete, dataproc.agents.get, dataproc.agents.update, dataproc.tasks.lease, dataproc.tasks.listInvalidatedLeases, dataproc.tasks.reportStatus]. Service Accounts must have either 'Dataproc/Dataproc Worker' role or all permissions granted by the role. See https://cloud.google.com/dataproc/docs/concepts/iam for further details.
 - User not authorized to act as service account '47706975998-compute@developer.gserviceaccount.com'. To act as a service account, user must have one of [Owner, Editor, Service Account User] roles. See https://cloud.google.com/iam/docs/understanding-service-accounts for additional details."
	debug_error_string = "UNKNOWN:Error received from peer ipv4:142.250.199.74:443 {created_time:"2026-05-24T21:01:17.499538469+00:00", grpc_status:3, grpc_message:"Multiple validation errors:\n - Default Service Account \'47706975998-compute@developer.gserviceaccount.com\' is missing required permissions: [dataproc.agents.create, dataproc.agents.delete, dataproc.agents.get, dataproc.agents.update, dataproc.tasks.lease, dataproc.tasks.listInvalidatedLeases, dataproc.tasks.reportStatus]. Service Accounts must have either \'Dataproc/Dataproc Worker\' role or all permissions granted by the role. See https://cloud.google.com/dataproc/docs/concepts/iam for further details.\n - User not authorized to act as service account \'47706975998-compute@developer.gserviceaccount.com\'. To act as a service account, user must have one of [Owner, Editor, Service Account User] roles. See https://cloud.google.com/iam/docs/understanding-service-accounts for additional details."}"
>

The above exception was the direct cause of the following exception:

Traceback (most recent call last):
  File "/home/airflow/.local/lib/python3.11/site-packages/airflow/models/taskinstance.py", line 433, in _execute_task
    result = execute_callable(context=context, **execute_callable_kwargs)
             ^^^^^^^^^^^^^^^^^^^^^^^^^^^^^^^^^^^^^^^^^^^^^^^^^^^^^^^^^^^^
  File "/home/airflow/.local/lib/python3.11/site-packages/airflow/providers/google/cloud/operators/dataproc.py", line 736, in execute
    operation = self._create_cluster(hook)
                ^^^^^^^^^^^^^^^^^^^^^^^^^^
  File "/home/airflow/.local/lib/python3.11/site-packages/airflow/providers/google/cloud/operators/dataproc.py", line 652, in _create_cluster
    return hook.create_cluster(
           ^^^^^^^^^^^^^^^^^^^^
  File "/home/airflow/.local/lib/python3.11/site-packages/airflow/providers/google/common/hooks/base_google.py", line 477, in inner_wrapper
    return func(self, *args, **kwargs)
           ^^^^^^^^^^^^^^^^^^^^^^^^^^^
  File "/home/airflow/.local/lib/python3.11/site-packages/airflow/providers/google/cloud/hooks/dataproc.py", line 325, in create_cluster
    result = client.create_cluster(
             ^^^^^^^^^^^^^^^^^^^^^^
  File "/home/airflow/.local/lib/python3.11/site-packages/google/cloud/dataproc_v1/services/cluster_controller/client.py", line 632, in create_cluster
    response = rpc(
               ^^^^
  File "/home/airflow/.local/lib/python3.11/site-packages/google/api_core/gapic_v1/method.py", line 131, in __call__
    return wrapped_func(*args, **kwargs)
           ^^^^^^^^^^^^^^^^^^^^^^^^^^^^^
  File "/home/airflow/.local/lib/python3.11/site-packages/google/api_core/retry.py", line 372, in retry_wrapped_func
    return retry_target(
           ^^^^^^^^^^^^^
  File "/home/airflow/.local/lib/python3.11/site-packages/google/api_core/retry.py", line 207, in retry_target
    result = target()
             ^^^^^^^^
  File "/home/airflow/.local/lib/python3.11/site-packages/google/api_core/timeout.py", line 120, in func_with_timeout
    return func(*args, **kwargs)
           ^^^^^^^^^^^^^^^^^^^^^
  File "/home/airflow/.local/lib/python3.11/site-packages/google/api_core/grpc_helpers.py", line 81, in error_remapped_callable
    raise exceptions.from_grpc_error(exc) from exc
google.api_core.exceptions.InvalidArgument: 400 Multiple validation errors:
 - Default Service Account '47706975998-compute@developer.gserviceaccount.com' is missing required permissions: [dataproc.agents.create, dataproc.agents.delete, dataproc.agents.get, dataproc.agents.update, dataproc.tasks.lease, dataproc.tasks.listInvalidatedLeases, dataproc.tasks.reportStatus]. Service Accounts must have either 'Dataproc/Dataproc Worker' role or all permissions granted by the role. See https://cloud.google.com/dataproc/docs/concepts/iam for further details.
 - User not authorized to act as service account '47706975998-compute@developer.gserviceaccount.com'. To act as a service account, user must have one of [Owner, Editor, Service Account User] roles. See https://cloud.google.com/iam/docs/understanding-service-accounts for additional details.
[2026-05-24T21:01:17.527+0000] {taskinstance.py:1138} INFO - Marking task as UP_FOR_RETRY. dag_id=crime_analytics_pipeline, task_id=create_dataproc_cluster, execution_date=20260524T210109, start_date=20260524T210112, end_date=20260524T210117
[2026-05-24T21:01:17.540+0000] {standard_task_runner.py:107} ERROR - Failed to execute job 44 for task create_dataproc_cluster (400 Multiple validation errors:
 - Default Service Account '47706975998-compute@developer.gserviceaccount.com' is missing required permissions: [dataproc.agents.create, dataproc.agents.delete, dataproc.agents.get, dataproc.agents.update, dataproc.tasks.lease, dataproc.tasks.listInvalidatedLeases, dataproc.tasks.reportStatus]. Service Accounts must have either 'Dataproc/Dataproc Worker' role or all permissions granted by the role. See https://cloud.google.com/dataproc/docs/concepts/iam for further details.
 - User not authorized to act as service account '47706975998-compute@developer.gserviceaccount.com'. To act as a service account, user must have one of [Owner, Editor, Service Account User] roles. See https://cloud.google.com/iam/docs/understanding-service-accounts for additional details.; 615)
[2026-05-24T21:01:17.567+0000] {local_task_job_runner.py:234} INFO - Task exited with return code 1
[2026-05-24T21:01:17.597+0000] {taskinstance.py:3280} INFO - 0 downstream tasks scheduled from follow-on schedule check
