[2026-06-11T16:20:53.278+0000] {taskinstance.py:1956} INFO - Dependencies all met for dep_context=non-requeueable deps ti=<TaskInstance: crime_analytics_pipeline.ingest_poi manual__2026-06-11T16:20:50.108333+00:00 [queued]>
[2026-06-11T16:20:53.288+0000] {taskinstance.py:1956} INFO - Dependencies all met for dep_context=requeueable deps ti=<TaskInstance: crime_analytics_pipeline.ingest_poi manual__2026-06-11T16:20:50.108333+00:00 [queued]>
[2026-06-11T16:20:53.289+0000] {taskinstance.py:2170} INFO - Starting attempt 1 of 2
[2026-06-11T16:20:53.301+0000] {taskinstance.py:2191} INFO - Executing <Task(PythonOperator): ingest_poi> on 2026-06-11 16:20:50.108333+00:00
[2026-06-11T16:20:53.317+0000] {standard_task_runner.py:60} INFO - Started process 470 to run task
[2026-06-11T16:20:53.323+0000] {standard_task_runner.py:87} INFO - Running: ['***', 'tasks', 'run', 'crime_analytics_pipeline', 'ingest_poi', 'manual__2026-06-11T16:20:50.108333+00:00', '--job-id', '780', '--raw', '--subdir', 'DAGS_FOLDER/dag_crime_pipeline.py', '--cfg-path', '/tmp/tmptlr36ye3']
[2026-06-11T16:20:53.328+0000] {standard_task_runner.py:88} INFO - Job 780: Subtask ingest_poi
[2026-06-11T16:20:53.419+0000] {task_command.py:423} INFO - Running <TaskInstance: crime_analytics_pipeline.ingest_poi manual__2026-06-11T16:20:50.108333+00:00 [running]> on host d26a8a58ef02
[2026-06-11T16:20:53.564+0000] {taskinstance.py:2480} INFO - Exporting env vars: AIRFLOW_CTX_DAG_EMAIL='cdash-alerts@example.com' AIRFLOW_CTX_DAG_OWNER='crime-analytics' AIRFLOW_CTX_DAG_ID='crime_analytics_pipeline' AIRFLOW_CTX_TASK_ID='ingest_poi' AIRFLOW_CTX_EXECUTION_DATE='2026-06-11T16:20:50.108333+00:00' AIRFLOW_CTX_TRY_NUMBER='1' AIRFLOW_CTX_DAG_RUN_ID='manual__2026-06-11T16:20:50.108333+00:00'
[2026-06-11T16:20:57.878+0000] {logging_mixin.py:188} WARNING - /opt/***/dags/dag_crime_pipeline.py:323 UserWarning: Geometry is in a geographic CRS. Results from 'centroid' are likely incorrect. Use 'GeoSeries.to_crs()' to re-project geometries to a projected CRS before this operation.
[2026-06-11T16:20:57.889+0000] {logging_mixin.py:188} WARNING - /opt/***/dags/dag_crime_pipeline.py:324 UserWarning: Geometry is in a geographic CRS. Results from 'centroid' are likely incorrect. Use 'GeoSeries.to_crs()' to re-project geometries to a projected CRS before this operation.
[2026-06-11T16:20:58.229+0000] {logging_mixin.py:188} WARNING - /opt/***/dags/dag_crime_pipeline.py:323 UserWarning: Geometry is in a geographic CRS. Results from 'centroid' are likely incorrect. Use 'GeoSeries.to_crs()' to re-project geometries to a projected CRS before this operation.
[2026-06-11T16:20:58.241+0000] {logging_mixin.py:188} WARNING - /opt/***/dags/dag_crime_pipeline.py:324 UserWarning: Geometry is in a geographic CRS. Results from 'centroid' are likely incorrect. Use 'GeoSeries.to_crs()' to re-project geometries to a projected CRS before this operation.
[2026-06-11T16:20:58.792+0000] {logging_mixin.py:188} WARNING - /opt/***/dags/dag_crime_pipeline.py:323 UserWarning: Geometry is in a geographic CRS. Results from 'centroid' are likely incorrect. Use 'GeoSeries.to_crs()' to re-project geometries to a projected CRS before this operation.
[2026-06-11T16:20:58.805+0000] {logging_mixin.py:188} WARNING - /opt/***/dags/dag_crime_pipeline.py:324 UserWarning: Geometry is in a geographic CRS. Results from 'centroid' are likely incorrect. Use 'GeoSeries.to_crs()' to re-project geometries to a projected CRS before this operation.
[2026-06-11T16:20:59.081+0000] {logging_mixin.py:188} WARNING - /opt/***/dags/dag_crime_pipeline.py:323 UserWarning: Geometry is in a geographic CRS. Results from 'centroid' are likely incorrect. Use 'GeoSeries.to_crs()' to re-project geometries to a projected CRS before this operation.
[2026-06-11T16:20:59.091+0000] {logging_mixin.py:188} WARNING - /opt/***/dags/dag_crime_pipeline.py:324 UserWarning: Geometry is in a geographic CRS. Results from 'centroid' are likely incorrect. Use 'GeoSeries.to_crs()' to re-project geometries to a projected CRS before this operation.
[2026-06-11T16:21:01.581+0000] {python.py:201} INFO - Done. Returned value was: None
[2026-06-11T16:21:01.596+0000] {taskinstance.py:1138} INFO - Marking task as SUCCESS. dag_id=crime_analytics_pipeline, task_id=ingest_poi, execution_date=20260611T162050, start_date=20260611T162053, end_date=20260611T162101
[2026-06-11T16:21:01.700+0000] {local_task_job_runner.py:234} INFO - Task exited with return code 0
[2026-06-11T16:21:01.732+0000] {taskinstance.py:3280} INFO - 0 downstream tasks scheduled from follow-on schedule check
