[2026-05-28T10:31:42.312+0000] {taskinstance.py:1956} INFO - Dependencies all met for dep_context=non-requeueable deps ti=<TaskInstance: crime_analytics_pipeline.ml_train_and_predict manual__2026-05-28T07:54:59.083901+00:00 [queued]>
[2026-05-28T10:31:42.323+0000] {taskinstance.py:1956} INFO - Dependencies all met for dep_context=requeueable deps ti=<TaskInstance: crime_analytics_pipeline.ml_train_and_predict manual__2026-05-28T07:54:59.083901+00:00 [queued]>
[2026-05-28T10:31:42.324+0000] {taskinstance.py:2170} INFO - Starting attempt 1 of 2
[2026-05-28T10:31:42.340+0000] {taskinstance.py:2191} INFO - Executing <Task(PythonOperator): ml_train_and_predict> on 2026-05-28 07:54:59.083901+00:00
[2026-05-28T10:31:42.356+0000] {standard_task_runner.py:60} INFO - Started process 15594 to run task
[2026-05-28T10:31:42.360+0000] {standard_task_runner.py:87} INFO - Running: ['***', 'tasks', 'run', 'crime_analytics_pipeline', 'ml_train_and_predict', 'manual__2026-05-28T07:54:59.083901+00:00', '--job-id', '259', '--raw', '--subdir', 'DAGS_FOLDER/dag_crime_pipeline.py', '--cfg-path', '/tmp/tmpj4b94fmu']
[2026-05-28T10:31:42.363+0000] {standard_task_runner.py:88} INFO - Job 259: Subtask ml_train_and_predict
[2026-05-28T10:31:42.434+0000] {task_command.py:423} INFO - Running <TaskInstance: crime_analytics_pipeline.ml_train_and_predict manual__2026-05-28T07:54:59.083901+00:00 [running]> on host db8b8170dea9
[2026-05-28T10:31:42.548+0000] {taskinstance.py:2480} INFO - Exporting env vars: AIRFLOW_CTX_DAG_EMAIL='cdash-alerts@example.com' AIRFLOW_CTX_DAG_OWNER='crime-analytics' AIRFLOW_CTX_DAG_ID='crime_analytics_pipeline' AIRFLOW_CTX_TASK_ID='ml_train_and_predict' AIRFLOW_CTX_EXECUTION_DATE='2026-05-28T07:54:59.083901+00:00' AIRFLOW_CTX_TRY_NUMBER='1' AIRFLOW_CTX_DAG_RUN_ID='manual__2026-05-28T07:54:59.083901+00:00'
[2026-05-28T10:31:44.493+0000] {ml_pipeline.py:1136} INFO - ========================================================================
[2026-05-28T10:31:44.494+0000] {ml_pipeline.py:1137} INFO -   Chicago Crime Hotspot Forecasting  –  ml_pipeline v11
[2026-05-28T10:31:44.494+0000] {ml_pipeline.py:1138} INFO -   Target: next_has_crime = (next_total >= 1) | schema OK
[2026-05-28T10:31:44.495+0000] {ml_pipeline.py:1139} INFO - ========================================================================
[2026-05-28T10:31:44.546+0000] {ml_pipeline.py:252} INFO - [ML] Loading enriched_crime_data from BigQuery (last 400 days)...
[2026-05-28T10:31:46.149+0000] {taskinstance.py:2698} ERROR - Task failed with exception
Traceback (most recent call last):
  File "/home/airflow/.local/lib/python3.11/site-packages/airflow/models/taskinstance.py", line 433, in _execute_task
    result = execute_callable(context=context, **execute_callable_kwargs)
             ^^^^^^^^^^^^^^^^^^^^^^^^^^^^^^^^^^^^^^^^^^^^^^^^^^^^^^^^^^^^
  File "/home/airflow/.local/lib/python3.11/site-packages/airflow/operators/python.py", line 199, in execute
    return_value = self.execute_callable()
                   ^^^^^^^^^^^^^^^^^^^^^^^
  File "/home/airflow/.local/lib/python3.11/site-packages/airflow/operators/python.py", line 216, in execute_callable
    return self.python_callable(*self.op_args, **self.op_kwargs)
           ^^^^^^^^^^^^^^^^^^^^^^^^^^^^^^^^^^^^^^^^^^^^^^^^^^^^^
  File "/opt/airflow/dags/dag_crime_pipeline.py", line 292, in _run_ml_pipeline
    result = train_and_predict(
             ^^^^^^^^^^^^^^^^^^
  File "/opt/airflow/scripts/ml/ml_pipeline.py", line 1143, in train_and_predict
    df_raw  = load_enriched_data(
              ^^^^^^^^^^^^^^^^^^^
  File "/opt/airflow/scripts/ml/ml_pipeline.py", line 312, in load_enriched_data
    df = client.query(query).to_dataframe()
         ^^^^^^^^^^^^^^^^^^^^^^^^^^^^^^^^^^
  File "/home/airflow/.local/lib/python3.11/site-packages/google/cloud/bigquery/job/query.py", line 1892, in to_dataframe
    query_result = wait_for_query(self, progress_bar_type, max_results=max_results)
                   ^^^^^^^^^^^^^^^^^^^^^^^^^^^^^^^^^^^^^^^^^^^^^^^^^^^^^^^^^^^^^^^^
  File "/home/airflow/.local/lib/python3.11/site-packages/google/cloud/bigquery/_tqdm_helpers.py", line 104, in wait_for_query
    return query_job.result(max_results=max_results)
           ^^^^^^^^^^^^^^^^^^^^^^^^^^^^^^^^^^^^^^^^^
  File "/home/airflow/.local/lib/python3.11/site-packages/google/cloud/bigquery/job/query.py", line 1595, in result
    do_get_result()
  File "/home/airflow/.local/lib/python3.11/site-packages/google/api_core/retry.py", line 372, in retry_wrapped_func
    return retry_target(
           ^^^^^^^^^^^^^
  File "/home/airflow/.local/lib/python3.11/site-packages/google/api_core/retry.py", line 207, in retry_target
    result = target()
             ^^^^^^^^
  File "/home/airflow/.local/lib/python3.11/site-packages/google/cloud/bigquery/job/query.py", line 1584, in do_get_result
    super(QueryJob, self).result(retry=retry, timeout=timeout)
  File "/home/airflow/.local/lib/python3.11/site-packages/google/cloud/bigquery/job/base.py", line 971, in result
    return super(_AsyncJob, self).result(timeout=timeout, **kwargs)
           ^^^^^^^^^^^^^^^^^^^^^^^^^^^^^^^^^^^^^^^^^^^^^^^^^^^^^^^^
  File "/home/airflow/.local/lib/python3.11/site-packages/google/api_core/future/polling.py", line 261, in result
    raise self._exception
google.api_core.exceptions.NotFound: 404 Not found: Table sage-mind-489618-n5:cdash_warehouse.enriched_crime_data was not found in location us-central1; reason: notFound, message: Not found: Table sage-mind-489618-n5:cdash_warehouse.enriched_crime_data was not found in location us-central1

Location: us-central1
Job ID: 002bc444-f90d-4ff3-a14c-cc954bf0f8f0

[2026-05-28T10:31:46.203+0000] {taskinstance.py:1138} INFO - Marking task as UP_FOR_RETRY. dag_id=crime_analytics_pipeline, task_id=ml_train_and_predict, execution_date=20260528T075459, start_date=20260528T103142, end_date=20260528T103146
[2026-05-28T10:31:46.219+0000] {standard_task_runner.py:107} ERROR - Failed to execute job 259 for task ml_train_and_predict (404 Not found: Table sage-mind-489618-n5:cdash_warehouse.enriched_crime_data was not found in location us-central1; reason: notFound, message: Not found: Table sage-mind-489618-n5:cdash_warehouse.enriched_crime_data was not found in location us-central1

Location: us-central1
Job ID: 002bc444-f90d-4ff3-a14c-cc954bf0f8f0
; 15594)
[2026-05-28T10:31:46.288+0000] {local_task_job_runner.py:234} INFO - Task exited with return code 1
[2026-05-28T10:31:46.327+0000] {taskinstance.py:3280} INFO - 0 downstream tasks scheduled from follow-on schedule check
