[2026-06-11T16:20:53.278+0000] {taskinstance.py:1956} INFO - Dependencies all met for dep_context=non-requeueable deps ti=<TaskInstance: crime_analytics_pipeline.ingest_chicago_crime manual__2026-06-11T16:20:50.108333+00:00 [queued]>
[2026-06-11T16:20:53.288+0000] {taskinstance.py:1956} INFO - Dependencies all met for dep_context=requeueable deps ti=<TaskInstance: crime_analytics_pipeline.ingest_chicago_crime manual__2026-06-11T16:20:50.108333+00:00 [queued]>
[2026-06-11T16:20:53.289+0000] {taskinstance.py:2170} INFO - Starting attempt 1 of 2
[2026-06-11T16:20:53.302+0000] {taskinstance.py:2191} INFO - Executing <Task(PythonOperator): ingest_chicago_crime> on 2026-06-11 16:20:50.108333+00:00
[2026-06-11T16:20:53.317+0000] {standard_task_runner.py:60} INFO - Started process 472 to run task
[2026-06-11T16:20:53.324+0000] {standard_task_runner.py:87} INFO - Running: ['***', 'tasks', 'run', 'crime_analytics_pipeline', 'ingest_chicago_crime', 'manual__2026-06-11T16:20:50.108333+00:00', '--job-id', '779', '--raw', '--subdir', 'DAGS_FOLDER/dag_crime_pipeline.py', '--cfg-path', '/tmp/tmphms_a4v0']
[2026-06-11T16:20:53.330+0000] {standard_task_runner.py:88} INFO - Job 779: Subtask ingest_chicago_crime
[2026-06-11T16:20:53.429+0000] {task_command.py:423} INFO - Running <TaskInstance: crime_analytics_pipeline.ingest_chicago_crime manual__2026-06-11T16:20:50.108333+00:00 [running]> on host d26a8a58ef02
[2026-06-11T16:20:53.563+0000] {taskinstance.py:2480} INFO - Exporting env vars: AIRFLOW_CTX_DAG_EMAIL='cdash-alerts@example.com' AIRFLOW_CTX_DAG_OWNER='crime-analytics' AIRFLOW_CTX_DAG_ID='crime_analytics_pipeline' AIRFLOW_CTX_TASK_ID='ingest_chicago_crime' AIRFLOW_CTX_EXECUTION_DATE='2026-06-11T16:20:50.108333+00:00' AIRFLOW_CTX_TRY_NUMBER='1' AIRFLOW_CTX_DAG_RUN_ID='manual__2026-06-11T16:20:50.108333+00:00'
[2026-06-11T16:20:54.927+0000] {ingest_chicago_crime.py:217} INFO - INCREMENTAL mode: 2026-05-22
[2026-06-11T16:20:56.677+0000] {ingest_chicago_crime.py:103} INFO - [2026-05-22] _SUCCESS marker exists, skipping.
[2026-06-11T16:20:56.943+0000] {ingest_chicago_crime.py:103} INFO - [2026-05-23] _SUCCESS marker exists, skipping.
[2026-06-11T16:20:57.411+0000] {ingest_chicago_crime.py:103} INFO - [2026-05-24] _SUCCESS marker exists, skipping.
[2026-06-11T16:20:57.929+0000] {ingest_chicago_crime.py:103} INFO - [2026-05-25] _SUCCESS marker exists, skipping.
[2026-06-11T16:20:58.669+0000] {ingest_chicago_crime.py:103} INFO - [2026-05-26] _SUCCESS marker exists, skipping.
[2026-06-11T16:20:59.186+0000] {ingest_chicago_crime.py:103} INFO - [2026-05-27] _SUCCESS marker exists, skipping.
[2026-06-11T16:20:59.925+0000] {ingest_chicago_crime.py:103} INFO - [2026-05-28] _SUCCESS marker exists, skipping.
[2026-06-11T16:21:00.445+0000] {ingest_chicago_crime.py:103} INFO - [2026-05-29] _SUCCESS marker exists, skipping.
[2026-06-11T16:21:01.182+0000] {ingest_chicago_crime.py:103} INFO - [2026-05-30] _SUCCESS marker exists, skipping.
[2026-06-11T16:21:02.516+0000] {ingest_chicago_crime.py:114} INFO - [2026-05-31] Querying BigQuery...
[2026-06-11T16:21:06.604+0000] {ingest_chicago_crime.py:142} INFO - [2026-05-31] Uploaded 656 rows → gs://chicago-crime-raw-group15/raw/chicago_crime/2026/05/31/data.csv
[2026-06-11T16:21:06.911+0000] {ingest_chicago_crime.py:149} INFO - [2026-05-31] _SUCCESS marker written.
[2026-06-11T16:21:07.184+0000] {ingest_chicago_crime.py:114} INFO - [2026-06-01] Querying BigQuery...
[2026-06-11T16:21:10.238+0000] {ingest_chicago_crime.py:142} INFO - [2026-06-01] Uploaded 624 rows → gs://chicago-crime-raw-group15/raw/chicago_crime/2026/06/01/data.csv
[2026-06-11T16:21:10.570+0000] {ingest_chicago_crime.py:149} INFO - [2026-06-01] _SUCCESS marker written.
[2026-06-11T16:21:11.494+0000] {ingest_chicago_crime.py:114} INFO - [2026-06-02] Querying BigQuery...
[2026-06-11T16:21:12.431+0000] {ingest_chicago_crime.py:142} INFO - [2026-06-02] Uploaded 15 rows → gs://chicago-crime-raw-group15/raw/chicago_crime/2026/06/02/data.csv
[2026-06-11T16:21:13.396+0000] {ingest_chicago_crime.py:149} INFO - [2026-06-02] _SUCCESS marker written.
[2026-06-11T16:21:13.705+0000] {ingest_chicago_crime.py:114} INFO - [2026-06-03] Querying BigQuery...
[2026-06-11T16:21:15.239+0000] {ingest_chicago_crime.py:119} INFO - [2026-06-03] No data found, skipping.
[2026-06-11T16:21:15.503+0000] {ingest_chicago_crime.py:114} INFO - [2026-06-04] Querying BigQuery...
[2026-06-11T16:21:17.025+0000] {ingest_chicago_crime.py:119} INFO - [2026-06-04] No data found, skipping.
[2026-06-11T16:21:17.288+0000] {ingest_chicago_crime.py:114} INFO - [2026-06-05] Querying BigQuery...
[2026-06-11T16:21:19.020+0000] {ingest_chicago_crime.py:119} INFO - [2026-06-05] No data found, skipping.
[2026-06-11T16:21:19.490+0000] {ingest_chicago_crime.py:114} INFO - [2026-06-06] Querying BigQuery...
[2026-06-11T16:21:21.217+0000] {ingest_chicago_crime.py:119} INFO - [2026-06-06] No data found, skipping.
[2026-06-11T16:21:21.478+0000] {ingest_chicago_crime.py:114} INFO - [2026-06-07] Querying BigQuery...
[2026-06-11T16:21:23.354+0000] {ingest_chicago_crime.py:119} INFO - [2026-06-07] No data found, skipping.
[2026-06-11T16:21:23.613+0000] {ingest_chicago_crime.py:114} INFO - [2026-06-08] Querying BigQuery...
[2026-06-11T16:21:25.527+0000] {ingest_chicago_crime.py:119} INFO - [2026-06-08] No data found, skipping.
[2026-06-11T16:21:25.534+0000] {ingest_chicago_crime.py:187} INFO - Ingestion complete: {'start_date': '2026-05-22', 'end_date': '2026-06-08', 'days_loaded': 3, 'days_skipped': 15, 'total_rows': 1295}
[2026-06-11T16:21:25.535+0000] {python.py:201} INFO - Done. Returned value was: None
[2026-06-11T16:21:25.551+0000] {taskinstance.py:1138} INFO - Marking task as SUCCESS. dag_id=crime_analytics_pipeline, task_id=ingest_chicago_crime, execution_date=20260611T162050, start_date=20260611T162053, end_date=20260611T162125
[2026-06-11T16:21:25.636+0000] {local_task_job_runner.py:234} INFO - Task exited with return code 0
[2026-06-11T16:21:25.666+0000] {taskinstance.py:3280} INFO - 0 downstream tasks scheduled from follow-on schedule check
