[2026-05-28T07:27:31.812+0000] {taskinstance.py:1956} INFO - Dependencies all met for dep_context=non-requeueable deps ti=<TaskInstance: crime_analytics_pipeline.etl_silver scheduled__2026-05-16T19:00:00+00:00 [queued]>
[2026-05-28T07:27:31.841+0000] {taskinstance.py:1956} INFO - Dependencies all met for dep_context=requeueable deps ti=<TaskInstance: crime_analytics_pipeline.etl_silver scheduled__2026-05-16T19:00:00+00:00 [queued]>
[2026-05-28T07:27:31.842+0000] {taskinstance.py:2170} INFO - Starting attempt 2 of 2
[2026-05-28T07:27:31.858+0000] {taskinstance.py:2191} INFO - Executing <Task(DataprocSubmitJobOperator): etl_silver> on 2026-05-16 19:00:00+00:00
[2026-05-28T07:27:31.869+0000] {standard_task_runner.py:60} INFO - Started process 827 to run task
[2026-05-28T07:27:31.874+0000] {standard_task_runner.py:87} INFO - Running: ['***', 'tasks', 'run', 'crime_analytics_pipeline', 'etl_silver', 'scheduled__2026-05-16T19:00:00+00:00', '--job-id', '236', '--raw', '--subdir', 'DAGS_FOLDER/dag_crime_pipeline.py', '--cfg-path', '/tmp/tmp12r8xh3u']
[2026-05-28T07:27:31.877+0000] {standard_task_runner.py:88} INFO - Job 236: Subtask etl_silver
[2026-05-28T07:27:31.948+0000] {task_command.py:423} INFO - Running <TaskInstance: crime_analytics_pipeline.etl_silver scheduled__2026-05-16T19:00:00+00:00 [running]> on host db8b8170dea9
[2026-05-28T07:27:32.053+0000] {taskinstance.py:2480} INFO - Exporting env vars: AIRFLOW_CTX_DAG_EMAIL='cdash-alerts@example.com' AIRFLOW_CTX_DAG_OWNER='crime-analytics' AIRFLOW_CTX_DAG_ID='crime_analytics_pipeline' AIRFLOW_CTX_TASK_ID='etl_silver' AIRFLOW_CTX_EXECUTION_DATE='2026-05-16T19:00:00+00:00' AIRFLOW_CTX_TRY_NUMBER='2' AIRFLOW_CTX_DAG_RUN_ID='scheduled__2026-05-16T19:00:00+00:00'
[2026-05-28T07:27:32.056+0000] {dataproc.py:2208} INFO - Submitting job
[2026-05-28T07:27:32.075+0000] {connection.py:234} WARNING - Connection schemes (type: google_cloud_platform) shall not contain '_' according to RFC3986.
[2026-05-28T07:27:32.077+0000] {base.py:83} INFO - Using connection ID 'google_cloud_default' for task execution.
[2026-05-28T07:27:34.102+0000] {dataproc.py:2220} INFO - Job bd462192-e90e-4c0f-b13a-4d7efcb0085e submitted successfully.
[2026-05-28T07:27:34.127+0000] {dataproc.py:2254} INFO - Waiting for job bd462192-e90e-4c0f-b13a-4d7efcb0085e to complete
[2026-05-28T07:27:45.756+0000] {taskinstance.py:2698} ERROR - Task failed with exception
Traceback (most recent call last):
  File "/home/airflow/.local/lib/python3.11/site-packages/airflow/models/taskinstance.py", line 433, in _execute_task
    result = execute_callable(context=context, **execute_callable_kwargs)
             ^^^^^^^^^^^^^^^^^^^^^^^^^^^^^^^^^^^^^^^^^^^^^^^^^^^^^^^^^^^^
  File "/home/airflow/.local/lib/python3.11/site-packages/airflow/providers/google/cloud/operators/dataproc.py", line 2255, in execute
    self.hook.wait_for_job(
  File "/home/airflow/.local/lib/python3.11/site-packages/airflow/providers/google/common/hooks/base_google.py", line 477, in inner_wrapper
    return func(self, *args, **kwargs)
           ^^^^^^^^^^^^^^^^^^^^^^^^^^^
  File "/home/airflow/.local/lib/python3.11/site-packages/airflow/providers/google/cloud/hooks/dataproc.py", line 724, in wait_for_job
    raise AirflowException(f"Job failed:\n{job}")
airflow.exceptions.AirflowException: Job failed:
reference {
  project_id: "sage-mind-489618-n5"
  job_id: "bd462192-e90e-4c0f-b13a-4d7efcb0085e"
}
placement {
  cluster_name: "crime-etl-cluster"
  cluster_uuid: "c91ebc9c-3b33-4004-9f2b-c78b2ec881bb"
}
pyspark_job {
  main_python_file_uri: "gs://chicago-crime-raw-group15/scripts/stage3_silver_main.py"
  args: "--project=sage-mind-489618-n5"
  python_file_uris: "gs://chicago-crime-raw-group15/scripts/utils.zip"
  python_file_uris: "gs://chicago-crime-raw-group15/scripts/stage3_silver.zip"
  properties {
    key: "spark.jars.packages"
    value: "com.google.cloud.spark:spark-bigquery-with-dependencies_2.12:0.32.2"
  }
}
status {
  state: ERROR
  details: "Job failed with message [ModuleNotFoundError: No module named \'h3\']. Additional details can be found at:\nhttps://console.cloud.google.com/dataproc/jobs/bd462192-e90e-4c0f-b13a-4d7efcb0085e?project=sage-mind-489618-n5&region=us-central1\ngcloud dataproc jobs wait \'bd462192-e90e-4c0f-b13a-4d7efcb0085e\' --region \'us-central1\' --project \'sage-mind-489618-n5\'\nhttps://console.cloud.google.com/storage/browser/dataproc-staging-us-central1-47706975998-p2ulnh4c/google-cloud-dataproc-metainfo/c91ebc9c-3b33-4004-9f2b-c78b2ec881bb/jobs/bd462192-e90e-4c0f-b13a-4d7efcb0085e/\ngs://dataproc-staging-us-central1-47706975998-p2ulnh4c/google-cloud-dataproc-metainfo/c91ebc9c-3b33-4004-9f2b-c78b2ec881bb/jobs/bd462192-e90e-4c0f-b13a-4d7efcb0085e/driveroutput.*"
  state_start_time {
    seconds: 1779953262
    nanos: 464413000
  }
}
status_history {
  state: PENDING
  state_start_time {
    seconds: 1779953253
    nanos: 536218000
  }
}
status_history {
  state: SETUP_DONE
  state_start_time {
    seconds: 1779953253
    nanos: 596270000
  }
}
status_history {
  state: RUNNING
  state_start_time {
    seconds: 1779953253
    nanos: 995710000
  }
}
driver_output_resource_uri: "gs://dataproc-staging-us-central1-47706975998-p2ulnh4c/google-cloud-dataproc-metainfo/c91ebc9c-3b33-4004-9f2b-c78b2ec881bb/jobs/bd462192-e90e-4c0f-b13a-4d7efcb0085e/driveroutput"
driver_control_files_uri: "gs://dataproc-staging-us-central1-47706975998-p2ulnh4c/google-cloud-dataproc-metainfo/c91ebc9c-3b33-4004-9f2b-c78b2ec881bb/jobs/bd462192-e90e-4c0f-b13a-4d7efcb0085e/"
job_uuid: "bd462192-e90e-4c0f-b13a-4d7efcb0085e"
done: true

[2026-05-28T07:27:45.786+0000] {taskinstance.py:1138} INFO - Marking task as FAILED. dag_id=crime_analytics_pipeline, task_id=etl_silver, execution_date=20260516T190000, start_date=20260528T072731, end_date=20260528T072745
[2026-05-28T07:27:45.803+0000] {standard_task_runner.py:107} ERROR - Failed to execute job 236 for task etl_silver (Job failed:
reference {
  project_id: "sage-mind-489618-n5"
  job_id: "bd462192-e90e-4c0f-b13a-4d7efcb0085e"
}
placement {
  cluster_name: "crime-etl-cluster"
  cluster_uuid: "c91ebc9c-3b33-4004-9f2b-c78b2ec881bb"
}
pyspark_job {
  main_python_file_uri: "gs://chicago-crime-raw-group15/scripts/stage3_silver_main.py"
  args: "--project=sage-mind-489618-n5"
  python_file_uris: "gs://chicago-crime-raw-group15/scripts/utils.zip"
  python_file_uris: "gs://chicago-crime-raw-group15/scripts/stage3_silver.zip"
  properties {
    key: "spark.jars.packages"
    value: "com.google.cloud.spark:spark-bigquery-with-dependencies_2.12:0.32.2"
  }
}
status {
  state: ERROR
  details: "Job failed with message [ModuleNotFoundError: No module named \'h3\']. Additional details can be found at:\nhttps://console.cloud.google.com/dataproc/jobs/bd462192-e90e-4c0f-b13a-4d7efcb0085e?project=sage-mind-489618-n5&region=us-central1\ngcloud dataproc jobs wait \'bd462192-e90e-4c0f-b13a-4d7efcb0085e\' --region \'us-central1\' --project \'sage-mind-489618-n5\'\nhttps://console.cloud.google.com/storage/browser/dataproc-staging-us-central1-47706975998-p2ulnh4c/google-cloud-dataproc-metainfo/c91ebc9c-3b33-4004-9f2b-c78b2ec881bb/jobs/bd462192-e90e-4c0f-b13a-4d7efcb0085e/\ngs://dataproc-staging-us-central1-47706975998-p2ulnh4c/google-cloud-dataproc-metainfo/c91ebc9c-3b33-4004-9f2b-c78b2ec881bb/jobs/bd462192-e90e-4c0f-b13a-4d7efcb0085e/driveroutput.*"
  state_start_time {
    seconds: 1779953262
    nanos: 464413000
  }
}
status_history {
  state: PENDING
  state_start_time {
    seconds: 1779953253
    nanos: 536218000
  }
}
status_history {
  state: SETUP_DONE
  state_start_time {
    seconds: 1779953253
    nanos: 596270000
  }
}
status_history {
  state: RUNNING
  state_start_time {
    seconds: 1779953253
    nanos: 995710000
  }
}
driver_output_resource_uri: "gs://dataproc-staging-us-central1-47706975998-p2ulnh4c/google-cloud-dataproc-metainfo/c91ebc9c-3b33-4004-9f2b-c78b2ec881bb/jobs/bd462192-e90e-4c0f-b13a-4d7efcb0085e/driveroutput"
driver_control_files_uri: "gs://dataproc-staging-us-central1-47706975998-p2ulnh4c/google-cloud-dataproc-metainfo/c91ebc9c-3b33-4004-9f2b-c78b2ec881bb/jobs/bd462192-e90e-4c0f-b13a-4d7efcb0085e/"
job_uuid: "bd462192-e90e-4c0f-b13a-4d7efcb0085e"
done: true
; 827)
[2026-05-28T07:27:45.854+0000] {local_task_job_runner.py:234} INFO - Task exited with return code 1
[2026-05-28T07:27:45.890+0000] {taskinstance.py:3280} INFO - 1 downstream tasks scheduled from follow-on schedule check
