[2026-05-27T17:10:43.015+0000] {taskinstance.py:1956} INFO - Dependencies all met for dep_context=non-requeueable deps ti=<TaskInstance: crime_analytics_pipeline.etl_silver manual__2026-05-27T16:53:19.112956+00:00 [queued]>
[2026-05-27T17:10:43.025+0000] {taskinstance.py:1956} INFO - Dependencies all met for dep_context=requeueable deps ti=<TaskInstance: crime_analytics_pipeline.etl_silver manual__2026-05-27T16:53:19.112956+00:00 [queued]>
[2026-05-27T17:10:43.026+0000] {taskinstance.py:2170} INFO - Starting attempt 3 of 4
[2026-05-27T17:10:43.041+0000] {taskinstance.py:2191} INFO - Executing <Task(DataprocSubmitJobOperator): etl_silver> on 2026-05-27 16:53:19.112956+00:00
[2026-05-27T17:10:43.048+0000] {standard_task_runner.py:60} INFO - Started process 2504 to run task
[2026-05-27T17:10:43.053+0000] {standard_task_runner.py:87} INFO - Running: ['***', 'tasks', 'run', 'crime_analytics_pipeline', 'etl_silver', 'manual__2026-05-27T16:53:19.112956+00:00', '--job-id', '200', '--raw', '--subdir', 'DAGS_FOLDER/dag_crime_pipeline.py', '--cfg-path', '/tmp/tmpfu6xmnm1']
[2026-05-27T17:10:43.058+0000] {standard_task_runner.py:88} INFO - Job 200: Subtask etl_silver
[2026-05-27T17:10:43.129+0000] {task_command.py:423} INFO - Running <TaskInstance: crime_analytics_pipeline.etl_silver manual__2026-05-27T16:53:19.112956+00:00 [running]> on host db8b8170dea9
[2026-05-27T17:10:43.241+0000] {taskinstance.py:2480} INFO - Exporting env vars: AIRFLOW_CTX_DAG_EMAIL='cdash-alerts@example.com' AIRFLOW_CTX_DAG_OWNER='crime-analytics' AIRFLOW_CTX_DAG_ID='crime_analytics_pipeline' AIRFLOW_CTX_TASK_ID='etl_silver' AIRFLOW_CTX_EXECUTION_DATE='2026-05-27T16:53:19.112956+00:00' AIRFLOW_CTX_TRY_NUMBER='3' AIRFLOW_CTX_DAG_RUN_ID='manual__2026-05-27T16:53:19.112956+00:00'
[2026-05-27T17:10:43.243+0000] {dataproc.py:2208} INFO - Submitting job
[2026-05-27T17:10:43.257+0000] {connection.py:234} WARNING - Connection schemes (type: google_cloud_platform) shall not contain '_' according to RFC3986.
[2026-05-27T17:10:43.259+0000] {base.py:83} INFO - Using connection ID 'google_cloud_default' for task execution.
[2026-05-27T17:10:44.988+0000] {dataproc.py:2220} INFO - Job 7c6ac8e4-1109-430a-b676-9d99759e1726 submitted successfully.
[2026-05-27T17:10:45.020+0000] {dataproc.py:2254} INFO - Waiting for job 7c6ac8e4-1109-430a-b676-9d99759e1726 to complete
[2026-05-27T17:11:08.116+0000] {taskinstance.py:2698} ERROR - Task failed with exception
Traceback (most recent call last):
  File "/home/airflow/.local/lib/python3.11/site-packages/airflow/models/taskinstance.py", line 433, in _execute_task
    result = execute_callable(context=context, **execute_callable_kwargs)
             ^^^^^^^^^^^^^^^^^^^^^^^^^^^^^^^^^^^^^^^^^^^^^^^^^^^^^^^^^^^^
  File "/home/airflow/.local/lib/python3.11/site-packages/airflow/providers/google/cloud/operators/dataproc.py", line 2255, in execute
    self.hook.wait_for_job(
  File "/home/airflow/.local/lib/python3.11/site-packages/airflow/providers/google/common/hooks/base_google.py", line 477, in inner_wrapper
    return func(self, *args, **kwargs)
           ^^^^^^^^^^^^^^^^^^^^^^^^^^^
  File "/home/airflow/.local/lib/python3.11/site-packages/airflow/providers/google/cloud/hooks/dataproc.py", line 724, in wait_for_job
    raise AirflowException(f"Job failed:\n{job}")
airflow.exceptions.AirflowException: Job failed:
reference {
  project_id: "sage-mind-489618-n5"
  job_id: "7c6ac8e4-1109-430a-b676-9d99759e1726"
}
placement {
  cluster_name: "crime-etl-cluster"
  cluster_uuid: "e8d78f77-af0c-4bc9-9313-8f057541749d"
}
pyspark_job {
  main_python_file_uri: "gs://chicago-crime-raw-group15/scripts/stage3_silver/main.py"
  args: "--project=sage-mind-489618-n5"
  python_file_uris: "gs://chicago-crime-raw-group15/scripts/logger.zip"
  properties {
    key: "spark.jars.packages"
    value: "com.google.cloud.spark:spark-bigquery-with-dependencies_2.12:0.32.2"
  }
}
status {
  state: ERROR
  details: "Job failed with message [ModuleNotFoundError: No module named \'stage3_silver\']. Additional details can be found at:\nhttps://console.cloud.google.com/dataproc/jobs/7c6ac8e4-1109-430a-b676-9d99759e1726?project=sage-mind-489618-n5&region=us-central1\ngcloud dataproc jobs wait \'7c6ac8e4-1109-430a-b676-9d99759e1726\' --region \'us-central1\' --project \'sage-mind-489618-n5\'\nhttps://console.cloud.google.com/storage/browser/dataproc-staging-us-central1-47706975998-p2ulnh4c/google-cloud-dataproc-metainfo/e8d78f77-af0c-4bc9-9313-8f057541749d/jobs/7c6ac8e4-1109-430a-b676-9d99759e1726/\ngs://dataproc-staging-us-central1-47706975998-p2ulnh4c/google-cloud-dataproc-metainfo/e8d78f77-af0c-4bc9-9313-8f057541749d/jobs/7c6ac8e4-1109-430a-b676-9d99759e1726/driveroutput.*"
  state_start_time {
    seconds: 1779901859
    nanos: 406329000
  }
}
status_history {
  state: PENDING
  state_start_time {
    seconds: 1779901844
    nanos: 599476000
  }
}
status_history {
  state: SETUP_DONE
  state_start_time {
    seconds: 1779901844
    nanos: 666297000
  }
}
status_history {
  state: RUNNING
  state_start_time {
    seconds: 1779901845
    nanos: 135533000
  }
}
driver_output_resource_uri: "gs://dataproc-staging-us-central1-47706975998-p2ulnh4c/google-cloud-dataproc-metainfo/e8d78f77-af0c-4bc9-9313-8f057541749d/jobs/7c6ac8e4-1109-430a-b676-9d99759e1726/driveroutput"
driver_control_files_uri: "gs://dataproc-staging-us-central1-47706975998-p2ulnh4c/google-cloud-dataproc-metainfo/e8d78f77-af0c-4bc9-9313-8f057541749d/jobs/7c6ac8e4-1109-430a-b676-9d99759e1726/"
job_uuid: "7c6ac8e4-1109-430a-b676-9d99759e1726"
done: true

[2026-05-27T17:11:08.126+0000] {taskinstance.py:1138} INFO - Marking task as UP_FOR_RETRY. dag_id=crime_analytics_pipeline, task_id=etl_silver, execution_date=20260527T165319, start_date=20260527T171043, end_date=20260527T171108
[2026-05-27T17:11:08.141+0000] {standard_task_runner.py:107} ERROR - Failed to execute job 200 for task etl_silver (Job failed:
reference {
  project_id: "sage-mind-489618-n5"
  job_id: "7c6ac8e4-1109-430a-b676-9d99759e1726"
}
placement {
  cluster_name: "crime-etl-cluster"
  cluster_uuid: "e8d78f77-af0c-4bc9-9313-8f057541749d"
}
pyspark_job {
  main_python_file_uri: "gs://chicago-crime-raw-group15/scripts/stage3_silver/main.py"
  args: "--project=sage-mind-489618-n5"
  python_file_uris: "gs://chicago-crime-raw-group15/scripts/logger.zip"
  properties {
    key: "spark.jars.packages"
    value: "com.google.cloud.spark:spark-bigquery-with-dependencies_2.12:0.32.2"
  }
}
status {
  state: ERROR
  details: "Job failed with message [ModuleNotFoundError: No module named \'stage3_silver\']. Additional details can be found at:\nhttps://console.cloud.google.com/dataproc/jobs/7c6ac8e4-1109-430a-b676-9d99759e1726?project=sage-mind-489618-n5&region=us-central1\ngcloud dataproc jobs wait \'7c6ac8e4-1109-430a-b676-9d99759e1726\' --region \'us-central1\' --project \'sage-mind-489618-n5\'\nhttps://console.cloud.google.com/storage/browser/dataproc-staging-us-central1-47706975998-p2ulnh4c/google-cloud-dataproc-metainfo/e8d78f77-af0c-4bc9-9313-8f057541749d/jobs/7c6ac8e4-1109-430a-b676-9d99759e1726/\ngs://dataproc-staging-us-central1-47706975998-p2ulnh4c/google-cloud-dataproc-metainfo/e8d78f77-af0c-4bc9-9313-8f057541749d/jobs/7c6ac8e4-1109-430a-b676-9d99759e1726/driveroutput.*"
  state_start_time {
    seconds: 1779901859
    nanos: 406329000
  }
}
status_history {
  state: PENDING
  state_start_time {
    seconds: 1779901844
    nanos: 599476000
  }
}
status_history {
  state: SETUP_DONE
  state_start_time {
    seconds: 1779901844
    nanos: 666297000
  }
}
status_history {
  state: RUNNING
  state_start_time {
    seconds: 1779901845
    nanos: 135533000
  }
}
driver_output_resource_uri: "gs://dataproc-staging-us-central1-47706975998-p2ulnh4c/google-cloud-dataproc-metainfo/e8d78f77-af0c-4bc9-9313-8f057541749d/jobs/7c6ac8e4-1109-430a-b676-9d99759e1726/driveroutput"
driver_control_files_uri: "gs://dataproc-staging-us-central1-47706975998-p2ulnh4c/google-cloud-dataproc-metainfo/e8d78f77-af0c-4bc9-9313-8f057541749d/jobs/7c6ac8e4-1109-430a-b676-9d99759e1726/"
job_uuid: "7c6ac8e4-1109-430a-b676-9d99759e1726"
done: true
; 2504)
[2026-05-27T17:11:08.165+0000] {local_task_job_runner.py:234} INFO - Task exited with return code 1
[2026-05-27T17:11:08.195+0000] {taskinstance.py:3280} INFO - 0 downstream tasks scheduled from follow-on schedule check
