[2026-05-27T17:30:03.820+0000] {taskinstance.py:1956} INFO - Dependencies all met for dep_context=non-requeueable deps ti=<TaskInstance: crime_analytics_pipeline.etl_silver manual__2026-05-27T16:53:19.112956+00:00 [queued]>
[2026-05-27T17:30:03.830+0000] {taskinstance.py:1956} INFO - Dependencies all met for dep_context=requeueable deps ti=<TaskInstance: crime_analytics_pipeline.etl_silver manual__2026-05-27T16:53:19.112956+00:00 [queued]>
[2026-05-27T17:30:03.831+0000] {taskinstance.py:2170} INFO - Starting attempt 5 of 6
[2026-05-27T17:30:03.847+0000] {taskinstance.py:2191} INFO - Executing <Task(DataprocSubmitJobOperator): etl_silver> on 2026-05-27 16:53:19.112956+00:00
[2026-05-27T17:30:03.858+0000] {standard_task_runner.py:60} INFO - Started process 2866 to run task
[2026-05-27T17:30:03.862+0000] {standard_task_runner.py:87} INFO - Running: ['***', 'tasks', 'run', 'crime_analytics_pipeline', 'etl_silver', 'manual__2026-05-27T16:53:19.112956+00:00', '--job-id', '203', '--raw', '--subdir', 'DAGS_FOLDER/dag_crime_pipeline.py', '--cfg-path', '/tmp/tmpt8ns_ehy']
[2026-05-27T17:30:03.867+0000] {standard_task_runner.py:88} INFO - Job 203: Subtask etl_silver
[2026-05-27T17:30:03.946+0000] {task_command.py:423} INFO - Running <TaskInstance: crime_analytics_pipeline.etl_silver manual__2026-05-27T16:53:19.112956+00:00 [running]> on host db8b8170dea9
[2026-05-27T17:30:04.053+0000] {taskinstance.py:2480} INFO - Exporting env vars: AIRFLOW_CTX_DAG_EMAIL='cdash-alerts@example.com' AIRFLOW_CTX_DAG_OWNER='crime-analytics' AIRFLOW_CTX_DAG_ID='crime_analytics_pipeline' AIRFLOW_CTX_TASK_ID='etl_silver' AIRFLOW_CTX_EXECUTION_DATE='2026-05-27T16:53:19.112956+00:00' AIRFLOW_CTX_TRY_NUMBER='5' AIRFLOW_CTX_DAG_RUN_ID='manual__2026-05-27T16:53:19.112956+00:00'
[2026-05-27T17:30:04.056+0000] {dataproc.py:2208} INFO - Submitting job
[2026-05-27T17:30:04.069+0000] {connection.py:234} WARNING - Connection schemes (type: google_cloud_platform) shall not contain '_' according to RFC3986.
[2026-05-27T17:30:04.071+0000] {base.py:83} INFO - Using connection ID 'google_cloud_default' for task execution.
[2026-05-27T17:30:05.797+0000] {dataproc.py:2220} INFO - Job 8f8136aa-3618-4b2a-97d4-cda76d88c561 submitted successfully.
[2026-05-27T17:30:05.820+0000] {dataproc.py:2254} INFO - Waiting for job 8f8136aa-3618-4b2a-97d4-cda76d88c561 to complete
[2026-05-27T17:30:28.453+0000] {taskinstance.py:2698} ERROR - Task failed with exception
Traceback (most recent call last):
  File "/home/airflow/.local/lib/python3.11/site-packages/airflow/models/taskinstance.py", line 433, in _execute_task
    result = execute_callable(context=context, **execute_callable_kwargs)
             ^^^^^^^^^^^^^^^^^^^^^^^^^^^^^^^^^^^^^^^^^^^^^^^^^^^^^^^^^^^^
  File "/home/airflow/.local/lib/python3.11/site-packages/airflow/providers/google/cloud/operators/dataproc.py", line 2255, in execute
    self.hook.wait_for_job(
  File "/home/airflow/.local/lib/python3.11/site-packages/airflow/providers/google/common/hooks/base_google.py", line 477, in inner_wrapper
    return func(self, *args, **kwargs)
           ^^^^^^^^^^^^^^^^^^^^^^^^^^^
  File "/home/airflow/.local/lib/python3.11/site-packages/airflow/providers/google/cloud/hooks/dataproc.py", line 724, in wait_for_job
    raise AirflowException(f"Job failed:\n{job}")
airflow.exceptions.AirflowException: Job failed:
reference {
  project_id: "sage-mind-489618-n5"
  job_id: "8f8136aa-3618-4b2a-97d4-cda76d88c561"
}
placement {
  cluster_name: "crime-etl-cluster"
  cluster_uuid: "e8d78f77-af0c-4bc9-9313-8f057541749d"
}
pyspark_job {
  main_python_file_uri: "gs://chicago-crime-raw-group15/scripts/stage3_silver/main.py"
  args: "--project=sage-mind-489618-n5"
  python_file_uris: "gs://chicago-crime-raw-group15/scripts/logger.zip"
  python_file_uris: "gs://chicago-crime-raw-group15/scripts/stage3_silver.zip"
  python_file_uris: "gs://chicago-crime-raw-group15/scripts/stage4_gold.zip"
  properties {
    key: "spark:jars.packages"
    value: "com.google.cloud.spark:spark-bigquery-with-dependencies_2.12:0.32.2"
  }
}
status {
  state: ERROR
  details: "Job failed with message [ModuleNotFoundError: No module named \'stage3_silver\']. Additional details can be found at:\nhttps://console.cloud.google.com/dataproc/jobs/8f8136aa-3618-4b2a-97d4-cda76d88c561?project=sage-mind-489618-n5&region=us-central1\ngcloud dataproc jobs wait \'8f8136aa-3618-4b2a-97d4-cda76d88c561\' --region \'us-central1\' --project \'sage-mind-489618-n5\'\nhttps://console.cloud.google.com/storage/browser/dataproc-staging-us-central1-47706975998-p2ulnh4c/google-cloud-dataproc-metainfo/e8d78f77-af0c-4bc9-9313-8f057541749d/jobs/8f8136aa-3618-4b2a-97d4-cda76d88c561/\ngs://dataproc-staging-us-central1-47706975998-p2ulnh4c/google-cloud-dataproc-metainfo/e8d78f77-af0c-4bc9-9313-8f057541749d/jobs/8f8136aa-3618-4b2a-97d4-cda76d88c561/driveroutput.*"
  state_start_time {
    seconds: 1779903023
    nanos: 624572000
  }
}
status_history {
  state: PENDING
  state_start_time {
    seconds: 1779903005
    nanos: 459344000
  }
}
status_history {
  state: SETUP_DONE
  state_start_time {
    seconds: 1779903005
    nanos: 519031000
  }
}
status_history {
  state: RUNNING
  state_start_time {
    seconds: 1779903005
    nanos: 936479000
  }
}
driver_output_resource_uri: "gs://dataproc-staging-us-central1-47706975998-p2ulnh4c/google-cloud-dataproc-metainfo/e8d78f77-af0c-4bc9-9313-8f057541749d/jobs/8f8136aa-3618-4b2a-97d4-cda76d88c561/driveroutput"
driver_control_files_uri: "gs://dataproc-staging-us-central1-47706975998-p2ulnh4c/google-cloud-dataproc-metainfo/e8d78f77-af0c-4bc9-9313-8f057541749d/jobs/8f8136aa-3618-4b2a-97d4-cda76d88c561/"
job_uuid: "8f8136aa-3618-4b2a-97d4-cda76d88c561"
done: true

[2026-05-27T17:30:28.466+0000] {taskinstance.py:1138} INFO - Marking task as UP_FOR_RETRY. dag_id=crime_analytics_pipeline, task_id=etl_silver, execution_date=20260527T165319, start_date=20260527T173003, end_date=20260527T173028
[2026-05-27T17:30:28.489+0000] {standard_task_runner.py:107} ERROR - Failed to execute job 203 for task etl_silver (Job failed:
reference {
  project_id: "sage-mind-489618-n5"
  job_id: "8f8136aa-3618-4b2a-97d4-cda76d88c561"
}
placement {
  cluster_name: "crime-etl-cluster"
  cluster_uuid: "e8d78f77-af0c-4bc9-9313-8f057541749d"
}
pyspark_job {
  main_python_file_uri: "gs://chicago-crime-raw-group15/scripts/stage3_silver/main.py"
  args: "--project=sage-mind-489618-n5"
  python_file_uris: "gs://chicago-crime-raw-group15/scripts/logger.zip"
  python_file_uris: "gs://chicago-crime-raw-group15/scripts/stage3_silver.zip"
  python_file_uris: "gs://chicago-crime-raw-group15/scripts/stage4_gold.zip"
  properties {
    key: "spark:jars.packages"
    value: "com.google.cloud.spark:spark-bigquery-with-dependencies_2.12:0.32.2"
  }
}
status {
  state: ERROR
  details: "Job failed with message [ModuleNotFoundError: No module named \'stage3_silver\']. Additional details can be found at:\nhttps://console.cloud.google.com/dataproc/jobs/8f8136aa-3618-4b2a-97d4-cda76d88c561?project=sage-mind-489618-n5&region=us-central1\ngcloud dataproc jobs wait \'8f8136aa-3618-4b2a-97d4-cda76d88c561\' --region \'us-central1\' --project \'sage-mind-489618-n5\'\nhttps://console.cloud.google.com/storage/browser/dataproc-staging-us-central1-47706975998-p2ulnh4c/google-cloud-dataproc-metainfo/e8d78f77-af0c-4bc9-9313-8f057541749d/jobs/8f8136aa-3618-4b2a-97d4-cda76d88c561/\ngs://dataproc-staging-us-central1-47706975998-p2ulnh4c/google-cloud-dataproc-metainfo/e8d78f77-af0c-4bc9-9313-8f057541749d/jobs/8f8136aa-3618-4b2a-97d4-cda76d88c561/driveroutput.*"
  state_start_time {
    seconds: 1779903023
    nanos: 624572000
  }
}
status_history {
  state: PENDING
  state_start_time {
    seconds: 1779903005
    nanos: 459344000
  }
}
status_history {
  state: SETUP_DONE
  state_start_time {
    seconds: 1779903005
    nanos: 519031000
  }
}
status_history {
  state: RUNNING
  state_start_time {
    seconds: 1779903005
    nanos: 936479000
  }
}
driver_output_resource_uri: "gs://dataproc-staging-us-central1-47706975998-p2ulnh4c/google-cloud-dataproc-metainfo/e8d78f77-af0c-4bc9-9313-8f057541749d/jobs/8f8136aa-3618-4b2a-97d4-cda76d88c561/driveroutput"
driver_control_files_uri: "gs://dataproc-staging-us-central1-47706975998-p2ulnh4c/google-cloud-dataproc-metainfo/e8d78f77-af0c-4bc9-9313-8f057541749d/jobs/8f8136aa-3618-4b2a-97d4-cda76d88c561/"
job_uuid: "8f8136aa-3618-4b2a-97d4-cda76d88c561"
done: true
; 2866)
[2026-05-27T17:30:28.537+0000] {local_task_job_runner.py:234} INFO - Task exited with return code 1
[2026-05-27T17:30:28.580+0000] {taskinstance.py:3280} INFO - 0 downstream tasks scheduled from follow-on schedule check
