[2026-05-27T17:59:29.984+0000] {taskinstance.py:1956} INFO - Dependencies all met for dep_context=non-requeueable deps ti=<TaskInstance: crime_analytics_pipeline.etl_silver manual__2026-05-27T16:53:19.112956+00:00 [queued]>
[2026-05-27T17:59:29.993+0000] {taskinstance.py:1956} INFO - Dependencies all met for dep_context=requeueable deps ti=<TaskInstance: crime_analytics_pipeline.etl_silver manual__2026-05-27T16:53:19.112956+00:00 [queued]>
[2026-05-27T17:59:29.994+0000] {taskinstance.py:2170} INFO - Starting attempt 12 of 13
[2026-05-27T17:59:30.005+0000] {taskinstance.py:2191} INFO - Executing <Task(DataprocSubmitJobOperator): etl_silver> on 2026-05-27 16:53:19.112956+00:00
[2026-05-27T17:59:30.013+0000] {standard_task_runner.py:60} INFO - Started process 3710 to run task
[2026-05-27T17:59:30.018+0000] {standard_task_runner.py:87} INFO - Running: ['***', 'tasks', 'run', 'crime_analytics_pipeline', 'etl_silver', 'manual__2026-05-27T16:53:19.112956+00:00', '--job-id', '211', '--raw', '--subdir', 'DAGS_FOLDER/dag_crime_pipeline.py', '--cfg-path', '/tmp/tmp4oxntk4d']
[2026-05-27T17:59:30.022+0000] {standard_task_runner.py:88} INFO - Job 211: Subtask etl_silver
[2026-05-27T17:59:30.097+0000] {task_command.py:423} INFO - Running <TaskInstance: crime_analytics_pipeline.etl_silver manual__2026-05-27T16:53:19.112956+00:00 [running]> on host db8b8170dea9
[2026-05-27T17:59:30.275+0000] {taskinstance.py:2480} INFO - Exporting env vars: AIRFLOW_CTX_DAG_EMAIL='cdash-alerts@example.com' AIRFLOW_CTX_DAG_OWNER='crime-analytics' AIRFLOW_CTX_DAG_ID='crime_analytics_pipeline' AIRFLOW_CTX_TASK_ID='etl_silver' AIRFLOW_CTX_EXECUTION_DATE='2026-05-27T16:53:19.112956+00:00' AIRFLOW_CTX_TRY_NUMBER='12' AIRFLOW_CTX_DAG_RUN_ID='manual__2026-05-27T16:53:19.112956+00:00'
[2026-05-27T17:59:30.280+0000] {dataproc.py:2208} INFO - Submitting job
[2026-05-27T17:59:30.297+0000] {connection.py:234} WARNING - Connection schemes (type: google_cloud_platform) shall not contain '_' according to RFC3986.
[2026-05-27T17:59:30.300+0000] {base.py:83} INFO - Using connection ID 'google_cloud_default' for task execution.
[2026-05-27T17:59:32.043+0000] {dataproc.py:2220} INFO - Job b0026110-71b3-4724-8e83-28c5286952a8 submitted successfully.
[2026-05-27T17:59:32.072+0000] {dataproc.py:2254} INFO - Waiting for job b0026110-71b3-4724-8e83-28c5286952a8 to complete
[2026-05-27T17:59:55.228+0000] {taskinstance.py:2698} ERROR - Task failed with exception
Traceback (most recent call last):
  File "/home/airflow/.local/lib/python3.11/site-packages/airflow/models/taskinstance.py", line 433, in _execute_task
    result = execute_callable(context=context, **execute_callable_kwargs)
             ^^^^^^^^^^^^^^^^^^^^^^^^^^^^^^^^^^^^^^^^^^^^^^^^^^^^^^^^^^^^
  File "/home/airflow/.local/lib/python3.11/site-packages/airflow/providers/google/cloud/operators/dataproc.py", line 2255, in execute
    self.hook.wait_for_job(
  File "/home/airflow/.local/lib/python3.11/site-packages/airflow/providers/google/common/hooks/base_google.py", line 477, in inner_wrapper
    return func(self, *args, **kwargs)
           ^^^^^^^^^^^^^^^^^^^^^^^^^^^
  File "/home/airflow/.local/lib/python3.11/site-packages/airflow/providers/google/cloud/hooks/dataproc.py", line 724, in wait_for_job
    raise AirflowException(f"Job failed:\n{job}")
airflow.exceptions.AirflowException: Job failed:
reference {
  project_id: "sage-mind-489618-n5"
  job_id: "b0026110-71b3-4724-8e83-28c5286952a8"
}
placement {
  cluster_name: "crime-etl-cluster"
  cluster_uuid: "e8d78f77-af0c-4bc9-9313-8f057541749d"
}
pyspark_job {
  main_python_file_uri: "gs://chicago-crime-raw-group15/scripts/stage3_silver/main.py"
  args: "--project=sage-mind-489618-n5"
  python_file_uris: "gs://chicago-crime-raw-group15/scripts/utils/__init__.py"
  python_file_uris: "gs://chicago-crime-raw-group15/scripts/utils/logger.py"
  python_file_uris: "gs://chicago-crime-raw-group15/scripts/stage3_silver/__init__.py"
  python_file_uris: "gs://chicago-crime-raw-group15/scripts/stage3_silver/src/__init__.py"
  python_file_uris: "gs://chicago-crime-raw-group15/scripts/stage3_silver/src/data_cleaner.py"
  python_file_uris: "gs://chicago-crime-raw-group15/scripts/stage3_silver/src/deduplicator.py"
  python_file_uris: "gs://chicago-crime-raw-group15/scripts/stage3_silver/src/gis_encoder.py"
  python_file_uris: "gs://chicago-crime-raw-group15/scripts/stage3_silver/src/schema_normalizer.py"
  python_file_uris: "gs://chicago-crime-raw-group15/scripts/stage4_gold/src/__init__.py"
  python_file_uris: "gs://chicago-crime-raw-group15/scripts/stage4_gold/src/crime_aggregator.py"
  python_file_uris: "gs://chicago-crime-raw-group15/scripts/stage4_gold/src/poi_process.py"
  python_file_uris: "gs://chicago-crime-raw-group15/scripts/stage4_gold/src/socio_process.py"
  python_file_uris: "gs://chicago-crime-raw-group15/scripts/stage4_gold/src/weather_process.py"
  jar_file_uris: "gs://spark-lib/bigquery/spark-bigquery-with-dependencies_2.12-0.32.2.jar"
}
status {
  state: ERROR
  details: "Google Cloud Dataproc Agent reports job failure. If logs are available, they can be found at:\nhttps://console.cloud.google.com/dataproc/jobs/b0026110-71b3-4724-8e83-28c5286952a8?project=sage-mind-489618-n5&region=us-central1\ngcloud dataproc jobs wait \'b0026110-71b3-4724-8e83-28c5286952a8\' --region \'us-central1\' --project \'sage-mind-489618-n5\'\nhttps://console.cloud.google.com/storage/browser/dataproc-staging-us-central1-47706975998-p2ulnh4c/google-cloud-dataproc-metainfo/e8d78f77-af0c-4bc9-9313-8f057541749d/jobs/b0026110-71b3-4724-8e83-28c5286952a8/\ngs://dataproc-staging-us-central1-47706975998-p2ulnh4c/google-cloud-dataproc-metainfo/e8d78f77-af0c-4bc9-9313-8f057541749d/jobs/b0026110-71b3-4724-8e83-28c5286952a8/driveroutput.*"
  state_start_time {
    seconds: 1779904785
    nanos: 216072000
  }
}
status_history {
  state: PENDING
  state_start_time {
    seconds: 1779904771
    nanos: 771073000
  }
}
status_history {
  state: SETUP_DONE
  state_start_time {
    seconds: 1779904771
    nanos: 832444000
  }
}
status_history {
  state: RUNNING
  state_start_time {
    seconds: 1779904772
    nanos: 235755000
  }
}
driver_output_resource_uri: "gs://dataproc-staging-us-central1-47706975998-p2ulnh4c/google-cloud-dataproc-metainfo/e8d78f77-af0c-4bc9-9313-8f057541749d/jobs/b0026110-71b3-4724-8e83-28c5286952a8/driveroutput"
driver_control_files_uri: "gs://dataproc-staging-us-central1-47706975998-p2ulnh4c/google-cloud-dataproc-metainfo/e8d78f77-af0c-4bc9-9313-8f057541749d/jobs/b0026110-71b3-4724-8e83-28c5286952a8/"
job_uuid: "b0026110-71b3-4724-8e83-28c5286952a8"
done: true

[2026-05-27T17:59:55.270+0000] {taskinstance.py:1138} INFO - Marking task as UP_FOR_RETRY. dag_id=crime_analytics_pipeline, task_id=etl_silver, execution_date=20260527T165319, start_date=20260527T175929, end_date=20260527T175955
[2026-05-27T17:59:55.287+0000] {standard_task_runner.py:107} ERROR - Failed to execute job 211 for task etl_silver (Job failed:
reference {
  project_id: "sage-mind-489618-n5"
  job_id: "b0026110-71b3-4724-8e83-28c5286952a8"
}
placement {
  cluster_name: "crime-etl-cluster"
  cluster_uuid: "e8d78f77-af0c-4bc9-9313-8f057541749d"
}
pyspark_job {
  main_python_file_uri: "gs://chicago-crime-raw-group15/scripts/stage3_silver/main.py"
  args: "--project=sage-mind-489618-n5"
  python_file_uris: "gs://chicago-crime-raw-group15/scripts/utils/__init__.py"
  python_file_uris: "gs://chicago-crime-raw-group15/scripts/utils/logger.py"
  python_file_uris: "gs://chicago-crime-raw-group15/scripts/stage3_silver/__init__.py"
  python_file_uris: "gs://chicago-crime-raw-group15/scripts/stage3_silver/src/__init__.py"
  python_file_uris: "gs://chicago-crime-raw-group15/scripts/stage3_silver/src/data_cleaner.py"
  python_file_uris: "gs://chicago-crime-raw-group15/scripts/stage3_silver/src/deduplicator.py"
  python_file_uris: "gs://chicago-crime-raw-group15/scripts/stage3_silver/src/gis_encoder.py"
  python_file_uris: "gs://chicago-crime-raw-group15/scripts/stage3_silver/src/schema_normalizer.py"
  python_file_uris: "gs://chicago-crime-raw-group15/scripts/stage4_gold/src/__init__.py"
  python_file_uris: "gs://chicago-crime-raw-group15/scripts/stage4_gold/src/crime_aggregator.py"
  python_file_uris: "gs://chicago-crime-raw-group15/scripts/stage4_gold/src/poi_process.py"
  python_file_uris: "gs://chicago-crime-raw-group15/scripts/stage4_gold/src/socio_process.py"
  python_file_uris: "gs://chicago-crime-raw-group15/scripts/stage4_gold/src/weather_process.py"
  jar_file_uris: "gs://spark-lib/bigquery/spark-bigquery-with-dependencies_2.12-0.32.2.jar"
}
status {
  state: ERROR
  details: "Google Cloud Dataproc Agent reports job failure. If logs are available, they can be found at:\nhttps://console.cloud.google.com/dataproc/jobs/b0026110-71b3-4724-8e83-28c5286952a8?project=sage-mind-489618-n5&region=us-central1\ngcloud dataproc jobs wait \'b0026110-71b3-4724-8e83-28c5286952a8\' --region \'us-central1\' --project \'sage-mind-489618-n5\'\nhttps://console.cloud.google.com/storage/browser/dataproc-staging-us-central1-47706975998-p2ulnh4c/google-cloud-dataproc-metainfo/e8d78f77-af0c-4bc9-9313-8f057541749d/jobs/b0026110-71b3-4724-8e83-28c5286952a8/\ngs://dataproc-staging-us-central1-47706975998-p2ulnh4c/google-cloud-dataproc-metainfo/e8d78f77-af0c-4bc9-9313-8f057541749d/jobs/b0026110-71b3-4724-8e83-28c5286952a8/driveroutput.*"
  state_start_time {
    seconds: 1779904785
    nanos: 216072000
  }
}
status_history {
  state: PENDING
  state_start_time {
    seconds: 1779904771
    nanos: 771073000
  }
}
status_history {
  state: SETUP_DONE
  state_start_time {
    seconds: 1779904771
    nanos: 832444000
  }
}
status_history {
  state: RUNNING
  state_start_time {
    seconds: 1779904772
    nanos: 235755000
  }
}
driver_output_resource_uri: "gs://dataproc-staging-us-central1-47706975998-p2ulnh4c/google-cloud-dataproc-metainfo/e8d78f77-af0c-4bc9-9313-8f057541749d/jobs/b0026110-71b3-4724-8e83-28c5286952a8/driveroutput"
driver_control_files_uri: "gs://dataproc-staging-us-central1-47706975998-p2ulnh4c/google-cloud-dataproc-metainfo/e8d78f77-af0c-4bc9-9313-8f057541749d/jobs/b0026110-71b3-4724-8e83-28c5286952a8/"
job_uuid: "b0026110-71b3-4724-8e83-28c5286952a8"
done: true
; 3710)
[2026-05-27T17:59:55.330+0000] {local_task_job_runner.py:234} INFO - Task exited with return code 1
[2026-05-27T17:59:55.362+0000] {taskinstance.py:3280} INFO - 0 downstream tasks scheduled from follow-on schedule check
