[2026-05-27T17:27:14.583+0000] {taskinstance.py:1956} INFO - Dependencies all met for dep_context=non-requeueable deps ti=<TaskInstance: crime_analytics_pipeline.etl_silver manual__2026-05-27T16:53:19.112956+00:00 [queued]>
[2026-05-27T17:27:14.592+0000] {taskinstance.py:1956} INFO - Dependencies all met for dep_context=requeueable deps ti=<TaskInstance: crime_analytics_pipeline.etl_silver manual__2026-05-27T16:53:19.112956+00:00 [queued]>
[2026-05-27T17:27:14.593+0000] {taskinstance.py:2170} INFO - Starting attempt 4 of 4
[2026-05-27T17:27:14.608+0000] {taskinstance.py:2191} INFO - Executing <Task(DataprocSubmitJobOperator): etl_silver> on 2026-05-27 16:53:19.112956+00:00
[2026-05-27T17:27:14.617+0000] {standard_task_runner.py:60} INFO - Started process 2745 to run task
[2026-05-27T17:27:14.621+0000] {standard_task_runner.py:87} INFO - Running: ['***', 'tasks', 'run', 'crime_analytics_pipeline', 'etl_silver', 'manual__2026-05-27T16:53:19.112956+00:00', '--job-id', '201', '--raw', '--subdir', 'DAGS_FOLDER/dag_crime_pipeline.py', '--cfg-path', '/tmp/tmpplk1ymp7']
[2026-05-27T17:27:14.625+0000] {standard_task_runner.py:88} INFO - Job 201: Subtask etl_silver
[2026-05-27T17:27:14.710+0000] {task_command.py:423} INFO - Running <TaskInstance: crime_analytics_pipeline.etl_silver manual__2026-05-27T16:53:19.112956+00:00 [running]> on host db8b8170dea9
[2026-05-27T17:27:14.834+0000] {taskinstance.py:2480} INFO - Exporting env vars: AIRFLOW_CTX_DAG_EMAIL='cdash-alerts@example.com' AIRFLOW_CTX_DAG_OWNER='crime-analytics' AIRFLOW_CTX_DAG_ID='crime_analytics_pipeline' AIRFLOW_CTX_TASK_ID='etl_silver' AIRFLOW_CTX_EXECUTION_DATE='2026-05-27T16:53:19.112956+00:00' AIRFLOW_CTX_TRY_NUMBER='4' AIRFLOW_CTX_DAG_RUN_ID='manual__2026-05-27T16:53:19.112956+00:00'
[2026-05-27T17:27:14.836+0000] {dataproc.py:2208} INFO - Submitting job
[2026-05-27T17:27:14.849+0000] {connection.py:234} WARNING - Connection schemes (type: google_cloud_platform) shall not contain '_' according to RFC3986.
[2026-05-27T17:27:14.851+0000] {base.py:83} INFO - Using connection ID 'google_cloud_default' for task execution.
[2026-05-27T17:27:16.938+0000] {dataproc.py:2220} INFO - Job 94d75013-27c0-47dc-9951-ecdcb8f034ba submitted successfully.
[2026-05-27T17:27:16.976+0000] {dataproc.py:2254} INFO - Waiting for job 94d75013-27c0-47dc-9951-ecdcb8f034ba to complete
[2026-05-27T17:27:28.265+0000] {taskinstance.py:2698} ERROR - Task failed with exception
Traceback (most recent call last):
  File "/home/airflow/.local/lib/python3.11/site-packages/airflow/models/taskinstance.py", line 433, in _execute_task
    result = execute_callable(context=context, **execute_callable_kwargs)
             ^^^^^^^^^^^^^^^^^^^^^^^^^^^^^^^^^^^^^^^^^^^^^^^^^^^^^^^^^^^^
  File "/home/airflow/.local/lib/python3.11/site-packages/airflow/providers/google/cloud/operators/dataproc.py", line 2255, in execute
    self.hook.wait_for_job(
  File "/home/airflow/.local/lib/python3.11/site-packages/airflow/providers/google/common/hooks/base_google.py", line 477, in inner_wrapper
    return func(self, *args, **kwargs)
           ^^^^^^^^^^^^^^^^^^^^^^^^^^^
  File "/home/airflow/.local/lib/python3.11/site-packages/airflow/providers/google/cloud/hooks/dataproc.py", line 724, in wait_for_job
    raise AirflowException(f"Job failed:\n{job}")
airflow.exceptions.AirflowException: Job failed:
reference {
  project_id: "sage-mind-489618-n5"
  job_id: "94d75013-27c0-47dc-9951-ecdcb8f034ba"
}
placement {
  cluster_name: "crime-etl-cluster"
  cluster_uuid: "e8d78f77-af0c-4bc9-9313-8f057541749d"
}
pyspark_job {
  main_python_file_uri: "gs://chicago-crime-raw-group15/scripts/stage3_silver/main.py"
  args: "--project=sage-mind-489618-n5"
  python_file_uris: "gs://chicago-crime-raw-group15/scripts/logger.zip"
  python_file_uris: "gs://chicago-crime-raw-group15/scripts/stage3_silver.zip"
  python_file_uris: "gs://chicago-crime-raw-group15/scripts/stage4_gold.zip"
  properties {
    key: "spark:jars.packages"
    value: "com.google.cloud.spark:spark-bigquery-with-dependencies_2.12:0.32.2"
  }
}
status {
  state: ERROR
  details: "File not found: gs://chicago-crime-raw-group15/scripts/stage3_silver.zip"
  state_start_time {
    seconds: 1779902844
    nanos: 825535000
  }
}
status_history {
  state: PENDING
  state_start_time {
    seconds: 1779902836
    nanos: 487204000
  }
}
status_history {
  state: SETUP_DONE
  state_start_time {
    seconds: 1779902836
    nanos: 559500000
  }
}
status_history {
  state: RUNNING
  state_start_time {
    seconds: 1779902837
    nanos: 7269000
  }
}
driver_output_resource_uri: "gs://dataproc-staging-us-central1-47706975998-p2ulnh4c/google-cloud-dataproc-metainfo/e8d78f77-af0c-4bc9-9313-8f057541749d/jobs/94d75013-27c0-47dc-9951-ecdcb8f034ba/driveroutput"
driver_control_files_uri: "gs://dataproc-staging-us-central1-47706975998-p2ulnh4c/google-cloud-dataproc-metainfo/e8d78f77-af0c-4bc9-9313-8f057541749d/jobs/94d75013-27c0-47dc-9951-ecdcb8f034ba/"
job_uuid: "94d75013-27c0-47dc-9951-ecdcb8f034ba"
done: true

[2026-05-27T17:27:28.276+0000] {taskinstance.py:1138} INFO - Marking task as FAILED. dag_id=crime_analytics_pipeline, task_id=etl_silver, execution_date=20260527T165319, start_date=20260527T172714, end_date=20260527T172728
[2026-05-27T17:27:28.295+0000] {standard_task_runner.py:107} ERROR - Failed to execute job 201 for task etl_silver (Job failed:
reference {
  project_id: "sage-mind-489618-n5"
  job_id: "94d75013-27c0-47dc-9951-ecdcb8f034ba"
}
placement {
  cluster_name: "crime-etl-cluster"
  cluster_uuid: "e8d78f77-af0c-4bc9-9313-8f057541749d"
}
pyspark_job {
  main_python_file_uri: "gs://chicago-crime-raw-group15/scripts/stage3_silver/main.py"
  args: "--project=sage-mind-489618-n5"
  python_file_uris: "gs://chicago-crime-raw-group15/scripts/logger.zip"
  python_file_uris: "gs://chicago-crime-raw-group15/scripts/stage3_silver.zip"
  python_file_uris: "gs://chicago-crime-raw-group15/scripts/stage4_gold.zip"
  properties {
    key: "spark:jars.packages"
    value: "com.google.cloud.spark:spark-bigquery-with-dependencies_2.12:0.32.2"
  }
}
status {
  state: ERROR
  details: "File not found: gs://chicago-crime-raw-group15/scripts/stage3_silver.zip"
  state_start_time {
    seconds: 1779902844
    nanos: 825535000
  }
}
status_history {
  state: PENDING
  state_start_time {
    seconds: 1779902836
    nanos: 487204000
  }
}
status_history {
  state: SETUP_DONE
  state_start_time {
    seconds: 1779902836
    nanos: 559500000
  }
}
status_history {
  state: RUNNING
  state_start_time {
    seconds: 1779902837
    nanos: 7269000
  }
}
driver_output_resource_uri: "gs://dataproc-staging-us-central1-47706975998-p2ulnh4c/google-cloud-dataproc-metainfo/e8d78f77-af0c-4bc9-9313-8f057541749d/jobs/94d75013-27c0-47dc-9951-ecdcb8f034ba/driveroutput"
driver_control_files_uri: "gs://dataproc-staging-us-central1-47706975998-p2ulnh4c/google-cloud-dataproc-metainfo/e8d78f77-af0c-4bc9-9313-8f057541749d/jobs/94d75013-27c0-47dc-9951-ecdcb8f034ba/"
job_uuid: "94d75013-27c0-47dc-9951-ecdcb8f034ba"
done: true
; 2745)
[2026-05-27T17:27:28.336+0000] {local_task_job_runner.py:234} INFO - Task exited with return code 1
[2026-05-27T17:27:28.382+0000] {taskinstance.py:3280} INFO - 1 downstream tasks scheduled from follow-on schedule check
