[2026-05-27T18:12:07.932+0000] {taskinstance.py:1956} INFO - Dependencies all met for dep_context=non-requeueable deps ti=<TaskInstance: crime_analytics_pipeline.etl_silver manual__2026-05-27T16:53:19.112956+00:00 [queued]>
[2026-05-27T18:12:07.945+0000] {taskinstance.py:1956} INFO - Dependencies all met for dep_context=requeueable deps ti=<TaskInstance: crime_analytics_pipeline.etl_silver manual__2026-05-27T16:53:19.112956+00:00 [queued]>
[2026-05-27T18:12:07.946+0000] {taskinstance.py:2170} INFO - Starting attempt 14 of 15
[2026-05-27T18:12:07.965+0000] {taskinstance.py:2191} INFO - Executing <Task(DataprocSubmitJobOperator): etl_silver> on 2026-05-27 16:53:19.112956+00:00
[2026-05-27T18:12:07.977+0000] {standard_task_runner.py:60} INFO - Started process 3982 to run task
[2026-05-27T18:12:07.983+0000] {standard_task_runner.py:87} INFO - Running: ['***', 'tasks', 'run', 'crime_analytics_pipeline', 'etl_silver', 'manual__2026-05-27T16:53:19.112956+00:00', '--job-id', '213', '--raw', '--subdir', 'DAGS_FOLDER/dag_crime_pipeline.py', '--cfg-path', '/tmp/tmpat0npdcu']
[2026-05-27T18:12:07.987+0000] {standard_task_runner.py:88} INFO - Job 213: Subtask etl_silver
[2026-05-27T18:12:08.075+0000] {task_command.py:423} INFO - Running <TaskInstance: crime_analytics_pipeline.etl_silver manual__2026-05-27T16:53:19.112956+00:00 [running]> on host db8b8170dea9
[2026-05-27T18:12:08.203+0000] {taskinstance.py:2480} INFO - Exporting env vars: AIRFLOW_CTX_DAG_EMAIL='cdash-alerts@example.com' AIRFLOW_CTX_DAG_OWNER='crime-analytics' AIRFLOW_CTX_DAG_ID='crime_analytics_pipeline' AIRFLOW_CTX_TASK_ID='etl_silver' AIRFLOW_CTX_EXECUTION_DATE='2026-05-27T16:53:19.112956+00:00' AIRFLOW_CTX_TRY_NUMBER='14' AIRFLOW_CTX_DAG_RUN_ID='manual__2026-05-27T16:53:19.112956+00:00'
[2026-05-27T18:12:08.205+0000] {dataproc.py:2208} INFO - Submitting job
[2026-05-27T18:12:08.222+0000] {connection.py:234} WARNING - Connection schemes (type: google_cloud_platform) shall not contain '_' according to RFC3986.
[2026-05-27T18:12:08.225+0000] {base.py:83} INFO - Using connection ID 'google_cloud_default' for task execution.
[2026-05-27T18:12:09.981+0000] {dataproc.py:2220} INFO - Job 1ccb5cd4-161f-473a-8a32-c2f5e15ad554 submitted successfully.
[2026-05-27T18:12:10.006+0000] {dataproc.py:2254} INFO - Waiting for job 1ccb5cd4-161f-473a-8a32-c2f5e15ad554 to complete
[2026-05-27T18:12:21.287+0000] {taskinstance.py:2698} ERROR - Task failed with exception
Traceback (most recent call last):
  File "/home/airflow/.local/lib/python3.11/site-packages/airflow/models/taskinstance.py", line 433, in _execute_task
    result = execute_callable(context=context, **execute_callable_kwargs)
             ^^^^^^^^^^^^^^^^^^^^^^^^^^^^^^^^^^^^^^^^^^^^^^^^^^^^^^^^^^^^
  File "/home/airflow/.local/lib/python3.11/site-packages/airflow/providers/google/cloud/operators/dataproc.py", line 2255, in execute
    self.hook.wait_for_job(
  File "/home/airflow/.local/lib/python3.11/site-packages/airflow/providers/google/common/hooks/base_google.py", line 477, in inner_wrapper
    return func(self, *args, **kwargs)
           ^^^^^^^^^^^^^^^^^^^^^^^^^^^
  File "/home/airflow/.local/lib/python3.11/site-packages/airflow/providers/google/cloud/hooks/dataproc.py", line 724, in wait_for_job
    raise AirflowException(f"Job failed:\n{job}")
airflow.exceptions.AirflowException: Job failed:
reference {
  project_id: "sage-mind-489618-n5"
  job_id: "1ccb5cd4-161f-473a-8a32-c2f5e15ad554"
}
placement {
  cluster_name: "crime-etl-cluster"
  cluster_uuid: "e8d78f77-af0c-4bc9-9313-8f057541749d"
}
pyspark_job {
  main_python_file_uri: "gs://chicago-crime-raw-group15/scripts/stage3_silver/main.py"
  args: "--project=sage-mind-489618-n5"
  python_file_uris: "gs://chicago-crime-raw-group15/scripts/utils.zip"
  python_file_uris: "gs://chicago-crime-raw-group15/scripts/stage3_silver.zip"
  python_file_uris: "gs://chicago-crime-raw-group15/scripts/stage4_gold.zip"
  jar_file_uris: "gs://spark-lib/bigquery/spark-bigquery-with-dependencies_2.12-0.32.2.jar"
}
status {
  state: ERROR
  details: "File not found: gs://chicago-crime-raw-group15/scripts/stage3_silver/main.py"
  state_start_time {
    seconds: 1779905537
    nanos: 943834000
  }
}
status_history {
  state: PENDING
  state_start_time {
    seconds: 1779905529
    nanos: 624626000
  }
}
status_history {
  state: SETUP_DONE
  state_start_time {
    seconds: 1779905529
    nanos: 709454000
  }
}
status_history {
  state: RUNNING
  state_start_time {
    seconds: 1779905530
    nanos: 177364000
  }
}
driver_output_resource_uri: "gs://dataproc-staging-us-central1-47706975998-p2ulnh4c/google-cloud-dataproc-metainfo/e8d78f77-af0c-4bc9-9313-8f057541749d/jobs/1ccb5cd4-161f-473a-8a32-c2f5e15ad554/driveroutput"
driver_control_files_uri: "gs://dataproc-staging-us-central1-47706975998-p2ulnh4c/google-cloud-dataproc-metainfo/e8d78f77-af0c-4bc9-9313-8f057541749d/jobs/1ccb5cd4-161f-473a-8a32-c2f5e15ad554/"
job_uuid: "1ccb5cd4-161f-473a-8a32-c2f5e15ad554"
done: true

[2026-05-27T18:12:21.313+0000] {taskinstance.py:1138} INFO - Marking task as UP_FOR_RETRY. dag_id=crime_analytics_pipeline, task_id=etl_silver, execution_date=20260527T165319, start_date=20260527T181207, end_date=20260527T181221
[2026-05-27T18:12:21.330+0000] {standard_task_runner.py:107} ERROR - Failed to execute job 213 for task etl_silver (Job failed:
reference {
  project_id: "sage-mind-489618-n5"
  job_id: "1ccb5cd4-161f-473a-8a32-c2f5e15ad554"
}
placement {
  cluster_name: "crime-etl-cluster"
  cluster_uuid: "e8d78f77-af0c-4bc9-9313-8f057541749d"
}
pyspark_job {
  main_python_file_uri: "gs://chicago-crime-raw-group15/scripts/stage3_silver/main.py"
  args: "--project=sage-mind-489618-n5"
  python_file_uris: "gs://chicago-crime-raw-group15/scripts/utils.zip"
  python_file_uris: "gs://chicago-crime-raw-group15/scripts/stage3_silver.zip"
  python_file_uris: "gs://chicago-crime-raw-group15/scripts/stage4_gold.zip"
  jar_file_uris: "gs://spark-lib/bigquery/spark-bigquery-with-dependencies_2.12-0.32.2.jar"
}
status {
  state: ERROR
  details: "File not found: gs://chicago-crime-raw-group15/scripts/stage3_silver/main.py"
  state_start_time {
    seconds: 1779905537
    nanos: 943834000
  }
}
status_history {
  state: PENDING
  state_start_time {
    seconds: 1779905529
    nanos: 624626000
  }
}
status_history {
  state: SETUP_DONE
  state_start_time {
    seconds: 1779905529
    nanos: 709454000
  }
}
status_history {
  state: RUNNING
  state_start_time {
    seconds: 1779905530
    nanos: 177364000
  }
}
driver_output_resource_uri: "gs://dataproc-staging-us-central1-47706975998-p2ulnh4c/google-cloud-dataproc-metainfo/e8d78f77-af0c-4bc9-9313-8f057541749d/jobs/1ccb5cd4-161f-473a-8a32-c2f5e15ad554/driveroutput"
driver_control_files_uri: "gs://dataproc-staging-us-central1-47706975998-p2ulnh4c/google-cloud-dataproc-metainfo/e8d78f77-af0c-4bc9-9313-8f057541749d/jobs/1ccb5cd4-161f-473a-8a32-c2f5e15ad554/"
job_uuid: "1ccb5cd4-161f-473a-8a32-c2f5e15ad554"
done: true
; 3982)
[2026-05-27T18:12:21.384+0000] {local_task_job_runner.py:234} INFO - Task exited with return code 1
[2026-05-27T18:12:21.423+0000] {taskinstance.py:3280} INFO - 0 downstream tasks scheduled from follow-on schedule check
