[2026-05-27T18:27:57.379+0000] {taskinstance.py:1956} INFO - Dependencies all met for dep_context=non-requeueable deps ti=<TaskInstance: crime_analytics_pipeline.etl_silver manual__2026-05-27T16:53:19.112956+00:00 [queued]>
[2026-05-27T18:27:57.391+0000] {taskinstance.py:1956} INFO - Dependencies all met for dep_context=requeueable deps ti=<TaskInstance: crime_analytics_pipeline.etl_silver manual__2026-05-27T16:53:19.112956+00:00 [queued]>
[2026-05-27T18:27:57.392+0000] {taskinstance.py:2170} INFO - Starting attempt 16 of 16
[2026-05-27T18:27:57.410+0000] {taskinstance.py:2191} INFO - Executing <Task(DataprocSubmitJobOperator): etl_silver> on 2026-05-27 16:53:19.112956+00:00
[2026-05-27T18:27:57.422+0000] {standard_task_runner.py:60} INFO - Started process 4266 to run task
[2026-05-27T18:27:57.428+0000] {standard_task_runner.py:87} INFO - Running: ['***', 'tasks', 'run', 'crime_analytics_pipeline', 'etl_silver', 'manual__2026-05-27T16:53:19.112956+00:00', '--job-id', '215', '--raw', '--subdir', 'DAGS_FOLDER/dag_crime_pipeline.py', '--cfg-path', '/tmp/tmpp2gd__0b']
[2026-05-27T18:27:57.433+0000] {standard_task_runner.py:88} INFO - Job 215: Subtask etl_silver
[2026-05-27T18:27:57.516+0000] {task_command.py:423} INFO - Running <TaskInstance: crime_analytics_pipeline.etl_silver manual__2026-05-27T16:53:19.112956+00:00 [running]> on host db8b8170dea9
[2026-05-27T18:27:57.643+0000] {taskinstance.py:2480} INFO - Exporting env vars: AIRFLOW_CTX_DAG_EMAIL='cdash-alerts@example.com' AIRFLOW_CTX_DAG_OWNER='crime-analytics' AIRFLOW_CTX_DAG_ID='crime_analytics_pipeline' AIRFLOW_CTX_TASK_ID='etl_silver' AIRFLOW_CTX_EXECUTION_DATE='2026-05-27T16:53:19.112956+00:00' AIRFLOW_CTX_TRY_NUMBER='16' AIRFLOW_CTX_DAG_RUN_ID='manual__2026-05-27T16:53:19.112956+00:00'
[2026-05-27T18:27:57.646+0000] {dataproc.py:2208} INFO - Submitting job
[2026-05-27T18:27:57.660+0000] {connection.py:234} WARNING - Connection schemes (type: google_cloud_platform) shall not contain '_' according to RFC3986.
[2026-05-27T18:27:57.663+0000] {base.py:83} INFO - Using connection ID 'google_cloud_default' for task execution.
[2026-05-27T18:27:59.656+0000] {dataproc.py:2220} INFO - Job 2e5bae7c-f3cf-4b87-aec2-557389b94c69 submitted successfully.
[2026-05-27T18:27:59.678+0000] {dataproc.py:2254} INFO - Waiting for job 2e5bae7c-f3cf-4b87-aec2-557389b94c69 to complete
[2026-05-27T18:28:07.557+0000] {local_task_job_runner.py:302} WARNING - State of this instance has been externally set to restarting. Terminating instance.
[2026-05-27T18:28:07.563+0000] {process_utils.py:131} INFO - Sending 15 to group 4266. PIDs of all processes in the group: [4266]
[2026-05-27T18:28:07.564+0000] {process_utils.py:86} INFO - Sending the signal 15 to group 4266
[2026-05-27T18:28:07.565+0000] {taskinstance.py:2450} ERROR - Received SIGTERM. Terminating subprocesses.
[2026-05-27T18:28:09.125+0000] {taskinstance.py:2698} ERROR - Task failed with exception
Traceback (most recent call last):
  File "/home/airflow/.local/lib/python3.11/site-packages/airflow/models/taskinstance.py", line 433, in _execute_task
    result = execute_callable(context=context, **execute_callable_kwargs)
             ^^^^^^^^^^^^^^^^^^^^^^^^^^^^^^^^^^^^^^^^^^^^^^^^^^^^^^^^^^^^
  File "/home/airflow/.local/lib/python3.11/site-packages/airflow/providers/google/cloud/operators/dataproc.py", line 2255, in execute
    self.hook.wait_for_job(
  File "/home/airflow/.local/lib/python3.11/site-packages/airflow/providers/google/common/hooks/base_google.py", line 477, in inner_wrapper
    return func(self, *args, **kwargs)
           ^^^^^^^^^^^^^^^^^^^^^^^^^^^
  File "/home/airflow/.local/lib/python3.11/site-packages/airflow/providers/google/cloud/hooks/dataproc.py", line 716, in wait_for_job
    time.sleep(wait_time)
  File "/home/airflow/.local/lib/python3.11/site-packages/airflow/models/taskinstance.py", line 2452, in signal_handler
    raise AirflowException("Task received SIGTERM signal")
airflow.exceptions.AirflowException: Task received SIGTERM signal
[2026-05-27T18:28:09.151+0000] {taskinstance.py:1138} INFO - Marking task as UP_FOR_RETRY. dag_id=crime_analytics_pipeline, task_id=etl_silver, execution_date=20260527T165319, start_date=20260527T182757, end_date=20260527T182809
[2026-05-27T18:28:09.168+0000] {standard_task_runner.py:107} ERROR - Failed to execute job 215 for task etl_silver (Task received SIGTERM signal; 4266)
[2026-05-27T18:28:09.204+0000] {process_utils.py:79} INFO - Process psutil.Process(pid=4266, status='terminated', exitcode=1, started='18:27:57') (4266) terminated with exit code 1
