[2026-05-27T17:55:49.738+0000] {taskinstance.py:1956} INFO - Dependencies all met for dep_context=non-requeueable deps ti=<TaskInstance: crime_analytics_pipeline.etl_silver manual__2026-05-27T16:53:19.112956+00:00 [queued]>
[2026-05-27T17:55:49.747+0000] {taskinstance.py:1956} INFO - Dependencies all met for dep_context=requeueable deps ti=<TaskInstance: crime_analytics_pipeline.etl_silver manual__2026-05-27T16:53:19.112956+00:00 [queued]>
[2026-05-27T17:55:49.748+0000] {taskinstance.py:2170} INFO - Starting attempt 11 of 11
[2026-05-27T17:55:49.765+0000] {taskinstance.py:2191} INFO - Executing <Task(DataprocSubmitJobOperator): etl_silver> on 2026-05-27 16:53:19.112956+00:00
[2026-05-27T17:55:49.775+0000] {standard_task_runner.py:60} INFO - Started process 3628 to run task
[2026-05-27T17:55:49.781+0000] {standard_task_runner.py:87} INFO - Running: ['***', 'tasks', 'run', 'crime_analytics_pipeline', 'etl_silver', 'manual__2026-05-27T16:53:19.112956+00:00', '--job-id', '210', '--raw', '--subdir', 'DAGS_FOLDER/dag_crime_pipeline.py', '--cfg-path', '/tmp/tmp2ismtph1']
[2026-05-27T17:55:49.785+0000] {standard_task_runner.py:88} INFO - Job 210: Subtask etl_silver
[2026-05-27T17:55:49.870+0000] {task_command.py:423} INFO - Running <TaskInstance: crime_analytics_pipeline.etl_silver manual__2026-05-27T16:53:19.112956+00:00 [running]> on host db8b8170dea9
[2026-05-27T17:55:49.994+0000] {taskinstance.py:2480} INFO - Exporting env vars: AIRFLOW_CTX_DAG_EMAIL='cdash-alerts@example.com' AIRFLOW_CTX_DAG_OWNER='crime-analytics' AIRFLOW_CTX_DAG_ID='crime_analytics_pipeline' AIRFLOW_CTX_TASK_ID='etl_silver' AIRFLOW_CTX_EXECUTION_DATE='2026-05-27T16:53:19.112956+00:00' AIRFLOW_CTX_TRY_NUMBER='11' AIRFLOW_CTX_DAG_RUN_ID='manual__2026-05-27T16:53:19.112956+00:00'
[2026-05-27T17:55:49.996+0000] {dataproc.py:2208} INFO - Submitting job
[2026-05-27T17:55:50.012+0000] {connection.py:234} WARNING - Connection schemes (type: google_cloud_platform) shall not contain '_' according to RFC3986.
[2026-05-27T17:55:50.014+0000] {base.py:83} INFO - Using connection ID 'google_cloud_default' for task execution.
[2026-05-27T17:55:52.012+0000] {dataproc.py:2220} INFO - Job 5074abc3-8b0f-460c-9216-e5792ab2a1b5 submitted successfully.
[2026-05-27T17:55:52.036+0000] {dataproc.py:2254} INFO - Waiting for job 5074abc3-8b0f-460c-9216-e5792ab2a1b5 to complete
[2026-05-27T17:55:59.915+0000] {local_task_job_runner.py:302} WARNING - State of this instance has been externally set to restarting. Terminating instance.
[2026-05-27T17:55:59.923+0000] {process_utils.py:131} INFO - Sending 15 to group 3628. PIDs of all processes in the group: [3628]
[2026-05-27T17:55:59.924+0000] {process_utils.py:86} INFO - Sending the signal 15 to group 3628
[2026-05-27T17:55:59.925+0000] {taskinstance.py:2450} ERROR - Received SIGTERM. Terminating subprocesses.
[2026-05-27T17:56:01.334+0000] {taskinstance.py:2698} ERROR - Task failed with exception
Traceback (most recent call last):
  File "/home/airflow/.local/lib/python3.11/site-packages/google/api_core/grpc_helpers.py", line 79, in error_remapped_callable
    return callable_(*args, **kwargs)
           ^^^^^^^^^^^^^^^^^^^^^^^^^^
  File "/home/airflow/.local/lib/python3.11/site-packages/grpc/_channel.py", line 1160, in __call__
    return _end_unary_response_blocking(state, call, False, None)
           ^^^^^^^^^^^^^^^^^^^^^^^^^^^^^^^^^^^^^^^^^^^^^^^^^^^^^^
  File "/home/airflow/.local/lib/python3.11/site-packages/grpc/_channel.py", line 1003, in _end_unary_response_blocking
    raise _InactiveRpcError(state)  # pytype: disable=not-instantiable
    ^^^^^^^^^^^^^^^^^^^^^^^^^^^^^^
grpc._channel._InactiveRpcError: <_InactiveRpcError of RPC that terminated with:
	status = StatusCode.FAILED_PRECONDITION
	details = "com.google.cloud.hadoop.services.common.error.DataprocException: Cannot cancel jobId '5074abc3-8b0f-460c-9216-e5792ab2a1b5' in projectId 'sage-mind-489618-n5' in state: 'ERROR'; cancellable states: '[PENDING, SETUP_DONE, RUNNING, ATTEMPT_FAILURE]' (FAILED_PRECONDITION) (CONFIG)"
	debug_error_string = "UNKNOWN:Error received from peer ipv4:142.250.198.138:443 {created_time:"2026-05-27T17:56:01.323759042+00:00", grpc_status:9, grpc_message:"com.google.cloud.hadoop.services.common.error.DataprocException: Cannot cancel jobId \'5074abc3-8b0f-460c-9216-e5792ab2a1b5\' in projectId \'sage-mind-489618-n5\' in state: \'ERROR\'; cancellable states: \'[PENDING, SETUP_DONE, RUNNING, ATTEMPT_FAILURE]\' (FAILED_PRECONDITION) (CONFIG)"}"
>

The above exception was the direct cause of the following exception:

Traceback (most recent call last):
  File "/home/airflow/.local/lib/python3.11/site-packages/airflow/models/taskinstance.py", line 433, in _execute_task
    result = execute_callable(context=context, **execute_callable_kwargs)
             ^^^^^^^^^^^^^^^^^^^^^^^^^^^^^^^^^^^^^^^^^^^^^^^^^^^^^^^^^^^^
  File "/home/airflow/.local/lib/python3.11/site-packages/airflow/providers/google/cloud/operators/dataproc.py", line 2255, in execute
    self.hook.wait_for_job(
  File "/home/airflow/.local/lib/python3.11/site-packages/airflow/providers/google/common/hooks/base_google.py", line 477, in inner_wrapper
    return func(self, *args, **kwargs)
           ^^^^^^^^^^^^^^^^^^^^^^^^^^^
  File "/home/airflow/.local/lib/python3.11/site-packages/airflow/providers/google/cloud/hooks/dataproc.py", line 716, in wait_for_job
    time.sleep(wait_time)
  File "/home/airflow/.local/lib/python3.11/site-packages/airflow/models/taskinstance.py", line 2451, in signal_handler
    self.task.on_kill()
  File "/home/airflow/.local/lib/python3.11/site-packages/airflow/providers/google/cloud/operators/dataproc.py", line 2279, in on_kill
    self.hook.cancel_job(job_id=self.job_id, project_id=self.project_id, region=self.region)
  File "/home/airflow/.local/lib/python3.11/site-packages/airflow/providers/google/common/hooks/base_google.py", line 477, in inner_wrapper
    return func(self, *args, **kwargs)
           ^^^^^^^^^^^^^^^^^^^^^^^^^^^
  File "/home/airflow/.local/lib/python3.11/site-packages/airflow/providers/google/cloud/hooks/dataproc.py", line 822, in cancel_job
    job = client.cancel_job(
          ^^^^^^^^^^^^^^^^^^
  File "/home/airflow/.local/lib/python3.11/site-packages/google/cloud/dataproc_v1/services/job_controller/client.py", line 1198, in cancel_job
    response = rpc(
               ^^^^
  File "/home/airflow/.local/lib/python3.11/site-packages/google/api_core/gapic_v1/method.py", line 131, in __call__
    return wrapped_func(*args, **kwargs)
           ^^^^^^^^^^^^^^^^^^^^^^^^^^^^^
  File "/home/airflow/.local/lib/python3.11/site-packages/google/api_core/retry.py", line 372, in retry_wrapped_func
    return retry_target(
           ^^^^^^^^^^^^^
  File "/home/airflow/.local/lib/python3.11/site-packages/google/api_core/retry.py", line 207, in retry_target
    result = target()
             ^^^^^^^^
  File "/home/airflow/.local/lib/python3.11/site-packages/google/api_core/grpc_helpers.py", line 81, in error_remapped_callable
    raise exceptions.from_grpc_error(exc) from exc
google.api_core.exceptions.FailedPrecondition: 400 com.google.cloud.hadoop.services.common.error.DataprocException: Cannot cancel jobId '5074abc3-8b0f-460c-9216-e5792ab2a1b5' in projectId 'sage-mind-489618-n5' in state: 'ERROR'; cancellable states: '[PENDING, SETUP_DONE, RUNNING, ATTEMPT_FAILURE]' (FAILED_PRECONDITION) (CONFIG)
[2026-05-27T17:56:01.372+0000] {taskinstance.py:1138} INFO - Marking task as UP_FOR_RETRY. dag_id=crime_analytics_pipeline, task_id=etl_silver, execution_date=20260527T165319, start_date=20260527T175549, end_date=20260527T175601
[2026-05-27T17:56:01.389+0000] {standard_task_runner.py:107} ERROR - Failed to execute job 210 for task etl_silver (400 com.google.cloud.hadoop.services.common.error.DataprocException: Cannot cancel jobId '5074abc3-8b0f-460c-9216-e5792ab2a1b5' in projectId 'sage-mind-489618-n5' in state: 'ERROR'; cancellable states: '[PENDING, SETUP_DONE, RUNNING, ATTEMPT_FAILURE]' (FAILED_PRECONDITION) (CONFIG); 3628)
[2026-05-27T17:56:01.442+0000] {process_utils.py:79} INFO - Process psutil.Process(pid=3628, status='terminated', exitcode=1, started='17:55:49') (3628) terminated with exit code 1
