[2026-06-01T14:40:07.036+0000] {taskinstance.py:1956} INFO - Dependencies all met for dep_context=non-requeueable deps ti=<TaskInstance: crime_analytics_pipeline.ingest_poi manual__2026-06-01T14:40:05.181248+00:00 [queued]>
[2026-06-01T14:40:07.044+0000] {taskinstance.py:1956} INFO - Dependencies all met for dep_context=requeueable deps ti=<TaskInstance: crime_analytics_pipeline.ingest_poi manual__2026-06-01T14:40:05.181248+00:00 [queued]>
[2026-06-01T14:40:07.045+0000] {taskinstance.py:2170} INFO - Starting attempt 1 of 2
[2026-06-01T14:40:07.057+0000] {taskinstance.py:2191} INFO - Executing <Task(PythonOperator): ingest_poi> on 2026-06-01 14:40:05.181248+00:00
[2026-06-01T14:40:07.064+0000] {standard_task_runner.py:60} INFO - Started process 220 to run task
[2026-06-01T14:40:07.070+0000] {standard_task_runner.py:87} INFO - Running: ['***', 'tasks', 'run', 'crime_analytics_pipeline', 'ingest_poi', 'manual__2026-06-01T14:40:05.181248+00:00', '--job-id', '392', '--raw', '--subdir', 'DAGS_FOLDER/dag_crime_pipeline.py', '--cfg-path', '/tmp/tmp_rl99ug0']
[2026-06-01T14:40:07.075+0000] {standard_task_runner.py:88} INFO - Job 392: Subtask ingest_poi
[2026-06-01T14:40:07.156+0000] {task_command.py:423} INFO - Running <TaskInstance: crime_analytics_pipeline.ingest_poi manual__2026-06-01T14:40:05.181248+00:00 [running]> on host db8b8170dea9
[2026-06-01T14:40:07.276+0000] {taskinstance.py:2480} INFO - Exporting env vars: AIRFLOW_CTX_DAG_EMAIL='cdash-alerts@example.com' AIRFLOW_CTX_DAG_OWNER='crime-analytics' AIRFLOW_CTX_DAG_ID='crime_analytics_pipeline' AIRFLOW_CTX_TASK_ID='ingest_poi' AIRFLOW_CTX_EXECUTION_DATE='2026-06-01T14:40:05.181248+00:00' AIRFLOW_CTX_TRY_NUMBER='1' AIRFLOW_CTX_DAG_RUN_ID='manual__2026-06-01T14:40:05.181248+00:00'
[2026-06-01T14:40:10.998+0000] {logging_mixin.py:188} WARNING - /opt/***/dags/dag_crime_pipeline.py:279 UserWarning: Geometry is in a geographic CRS. Results from 'centroid' are likely incorrect. Use 'GeoSeries.to_crs()' to re-project geometries to a projected CRS before this operation.
[2026-06-01T14:40:11.010+0000] {logging_mixin.py:188} WARNING - /opt/***/dags/dag_crime_pipeline.py:280 UserWarning: Geometry is in a geographic CRS. Results from 'centroid' are likely incorrect. Use 'GeoSeries.to_crs()' to re-project geometries to a projected CRS before this operation.
[2026-06-01T14:40:11.355+0000] {logging_mixin.py:188} WARNING - /opt/***/dags/dag_crime_pipeline.py:279 UserWarning: Geometry is in a geographic CRS. Results from 'centroid' are likely incorrect. Use 'GeoSeries.to_crs()' to re-project geometries to a projected CRS before this operation.
[2026-06-01T14:40:11.365+0000] {logging_mixin.py:188} WARNING - /opt/***/dags/dag_crime_pipeline.py:280 UserWarning: Geometry is in a geographic CRS. Results from 'centroid' are likely incorrect. Use 'GeoSeries.to_crs()' to re-project geometries to a projected CRS before this operation.
[2026-06-01T14:40:11.902+0000] {logging_mixin.py:188} WARNING - /opt/***/dags/dag_crime_pipeline.py:279 UserWarning: Geometry is in a geographic CRS. Results from 'centroid' are likely incorrect. Use 'GeoSeries.to_crs()' to re-project geometries to a projected CRS before this operation.
[2026-06-01T14:40:11.915+0000] {logging_mixin.py:188} WARNING - /opt/***/dags/dag_crime_pipeline.py:280 UserWarning: Geometry is in a geographic CRS. Results from 'centroid' are likely incorrect. Use 'GeoSeries.to_crs()' to re-project geometries to a projected CRS before this operation.
[2026-06-01T14:40:12.222+0000] {logging_mixin.py:188} WARNING - /opt/***/dags/dag_crime_pipeline.py:279 UserWarning: Geometry is in a geographic CRS. Results from 'centroid' are likely incorrect. Use 'GeoSeries.to_crs()' to re-project geometries to a projected CRS before this operation.
[2026-06-01T14:40:12.232+0000] {logging_mixin.py:188} WARNING - /opt/***/dags/dag_crime_pipeline.py:280 UserWarning: Geometry is in a geographic CRS. Results from 'centroid' are likely incorrect. Use 'GeoSeries.to_crs()' to re-project geometries to a projected CRS before this operation.
[2026-06-01T14:40:13.791+0000] {python.py:201} INFO - Done. Returned value was: None
[2026-06-01T14:40:13.807+0000] {taskinstance.py:1138} INFO - Marking task as SUCCESS. dag_id=crime_analytics_pipeline, task_id=ingest_poi, execution_date=20260601T144005, start_date=20260601T144007, end_date=20260601T144013
[2026-06-01T14:40:13.938+0000] {local_task_job_runner.py:234} INFO - Task exited with return code 0
[2026-06-01T14:40:13.970+0000] {taskinstance.py:3280} INFO - 0 downstream tasks scheduled from follow-on schedule check
