[2026-05-31T09:30:53.661+0000] {taskinstance.py:1956} INFO - Dependencies all met for dep_context=non-requeueable deps ti=<TaskInstance: crime_analytics_pipeline.ml_train_and_predict manual__2026-05-31T09:04:32.281251+00:00 [queued]>
[2026-05-31T09:30:53.675+0000] {taskinstance.py:1956} INFO - Dependencies all met for dep_context=requeueable deps ti=<TaskInstance: crime_analytics_pipeline.ml_train_and_predict manual__2026-05-31T09:04:32.281251+00:00 [queued]>
[2026-05-31T09:30:53.676+0000] {taskinstance.py:2170} INFO - Starting attempt 1 of 2
[2026-05-31T09:30:53.697+0000] {taskinstance.py:2191} INFO - Executing <Task(PythonOperator): ml_train_and_predict> on 2026-05-31 09:04:32.281251+00:00
[2026-05-31T09:30:53.707+0000] {standard_task_runner.py:60} INFO - Started process 1486 to run task
[2026-05-31T09:30:53.713+0000] {standard_task_runner.py:87} INFO - Running: ['***', 'tasks', 'run', 'crime_analytics_pipeline', 'ml_train_and_predict', 'manual__2026-05-31T09:04:32.281251+00:00', '--job-id', '344', '--raw', '--subdir', 'DAGS_FOLDER/dag_crime_pipeline.py', '--cfg-path', '/tmp/tmp7k3968gt']
[2026-05-31T09:30:53.719+0000] {standard_task_runner.py:88} INFO - Job 344: Subtask ml_train_and_predict
[2026-05-31T09:30:53.809+0000] {task_command.py:423} INFO - Running <TaskInstance: crime_analytics_pipeline.ml_train_and_predict manual__2026-05-31T09:04:32.281251+00:00 [running]> on host db8b8170dea9
[2026-05-31T09:30:53.943+0000] {taskinstance.py:2480} INFO - Exporting env vars: AIRFLOW_CTX_DAG_EMAIL='cdash-alerts@example.com' AIRFLOW_CTX_DAG_OWNER='crime-analytics' AIRFLOW_CTX_DAG_ID='crime_analytics_pipeline' AIRFLOW_CTX_TASK_ID='ml_train_and_predict' AIRFLOW_CTX_EXECUTION_DATE='2026-05-31T09:04:32.281251+00:00' AIRFLOW_CTX_TRY_NUMBER='1' AIRFLOW_CTX_DAG_RUN_ID='manual__2026-05-31T09:04:32.281251+00:00'
[2026-05-31T09:30:55.440+0000] {ml_pipeline.py:1426} INFO - ========================================================================
[2026-05-31T09:30:55.441+0000] {ml_pipeline.py:1427} INFO -   Chicago Crime Hotspot Forecasting  –  ml_pipeline v14 precision
[2026-05-31T09:30:55.442+0000] {ml_pipeline.py:1428} INFO - ========================================================================
[2026-05-31T09:30:55.444+0000] {ml_pipeline.py:1432} INFO -   Model version: 2026-05-31.crime_prob_v14_precision
[2026-05-31T09:30:57.836+0000] {ml_pipeline.py:1444} INFO - [ML] Lag correction loaded: 77 community areas, mean_factor=1.000
[2026-05-31T09:30:57.837+0000] {ml_pipeline.py:330} INFO - [ML] Loading enriched_crime_data from BigQuery (last 400 days)...
[2026-05-31T09:31:04.027+0000] {ml_pipeline.py:386} INFO - [ML] Loaded 248320 rows, date range: 2025-04-26 → 2026-05-18
[2026-05-31T09:31:04.028+0000] {ml_pipeline.py:396} INFO - [ML] Aggregating daily per H3...
[2026-05-31T09:31:07.396+0000] {local_task_job_runner.py:302} WARNING - State of this instance has been externally set to restarting. Terminating instance.
[2026-05-31T09:31:07.402+0000] {process_utils.py:131} INFO - Sending 15 to group 1486. PIDs of all processes in the group: [1486]
[2026-05-31T09:31:07.403+0000] {process_utils.py:86} INFO - Sending the signal 15 to group 1486
[2026-05-31T09:31:07.404+0000] {taskinstance.py:2450} ERROR - Received SIGTERM. Terminating subprocesses.
[2026-05-31T09:31:07.419+0000] {taskinstance.py:2698} ERROR - Task failed with exception
Traceback (most recent call last):
  File "/home/airflow/.local/lib/python3.11/site-packages/airflow/models/taskinstance.py", line 433, in _execute_task
    result = execute_callable(context=context, **execute_callable_kwargs)
             ^^^^^^^^^^^^^^^^^^^^^^^^^^^^^^^^^^^^^^^^^^^^^^^^^^^^^^^^^^^^
  File "/home/airflow/.local/lib/python3.11/site-packages/airflow/operators/python.py", line 199, in execute
    return_value = self.execute_callable()
                   ^^^^^^^^^^^^^^^^^^^^^^^
  File "/home/airflow/.local/lib/python3.11/site-packages/airflow/operators/python.py", line 216, in execute_callable
    return self.python_callable(*self.op_args, **self.op_kwargs)
           ^^^^^^^^^^^^^^^^^^^^^^^^^^^^^^^^^^^^^^^^^^^^^^^^^^^^^
  File "/opt/airflow/dags/dag_crime_pipeline.py", line 424, in _run_ml_pipeline
    result = train_and_predict(
             ^^^^^^^^^^^^^^^^^^
  File "/opt/airflow/scripts/ml/ml_pipeline.py", line 1451, in train_and_predict
    daily, all_h3 = aggregate_daily(df_raw)
                    ^^^^^^^^^^^^^^^^^^^^^^^
  File "/opt/airflow/scripts/ml/ml_pipeline.py", line 452, in aggregate_daily
    daily[c] = daily.groupby("h3_index")[c].transform(lambda s: s.ffill().bfill())
               ^^^^^^^^^^^^^^^^^^^^^^^^^^^^^^^^^^^^^^^^^^^^^^^^^^^^^^^^^^^^^^^^^^^
  File "/home/airflow/.local/lib/python3.11/site-packages/pandas/core/groupby/generic.py", line 516, in transform
    return self._transform(
           ^^^^^^^^^^^^^^^^
  File "/home/airflow/.local/lib/python3.11/site-packages/pandas/core/groupby/groupby.py", line 1950, in _transform
    return self._transform_general(func, engine, engine_kwargs, *args, **kwargs)
           ^^^^^^^^^^^^^^^^^^^^^^^^^^^^^^^^^^^^^^^^^^^^^^^^^^^^^^^^^^^^^^^^^^^^^
  File "/home/airflow/.local/lib/python3.11/site-packages/pandas/core/groupby/generic.py", line 556, in _transform_general
    res = func(group, *args, **kwargs)
          ^^^^^^^^^^^^^^^^^^^^^^^^^^^^
  File "/opt/airflow/scripts/ml/ml_pipeline.py", line 452, in <lambda>
    daily[c] = daily.groupby("h3_index")[c].transform(lambda s: s.ffill().bfill())
                                                                ^^^^^^^^^^^^^^^^^
  File "/home/airflow/.local/lib/python3.11/site-packages/pandas/core/generic.py", line 7596, in bfill
    return self._pad_or_backfill(
           ^^^^^^^^^^^^^^^^^^^^^^
  File "/home/airflow/.local/lib/python3.11/site-packages/pandas/core/generic.py", line 6978, in _pad_or_backfill
    result = self._constructor_from_mgr(new_mgr, axes=new_mgr.axes)
             ^^^^^^^^^^^^^^^^^^^^^^^^^^^^^^^^^^^^^^^^^^^^^^^^^^^^^^
  File "/home/airflow/.local/lib/python3.11/site-packages/pandas/core/series.py", line 585, in _constructor_from_mgr
    ser._name = None  # caller is responsible for setting real name
    ^^^^^^^^^
  File "/home/airflow/.local/lib/python3.11/site-packages/pandas/core/generic.py", line 6225, in __setattr__
    object.__setattr__(self, name, value)
  File "/home/airflow/.local/lib/python3.11/site-packages/airflow/models/taskinstance.py", line 2452, in signal_handler
    raise AirflowException("Task received SIGTERM signal")
airflow.exceptions.AirflowException: Task received SIGTERM signal
[2026-05-31T09:31:07.452+0000] {taskinstance.py:1138} INFO - Marking task as UP_FOR_RETRY. dag_id=crime_analytics_pipeline, task_id=ml_train_and_predict, execution_date=20260531T090432, start_date=20260531T093053, end_date=20260531T093107
[2026-05-31T09:31:07.472+0000] {standard_task_runner.py:107} ERROR - Failed to execute job 344 for task ml_train_and_predict (Task received SIGTERM signal; 1486)
[2026-05-31T09:31:07.625+0000] {process_utils.py:79} INFO - Process psutil.Process(pid=1486, status='terminated', exitcode=1, started='09:30:52') (1486) terminated with exit code 1
