[2026-05-31T10:40:26.821+0000] {taskinstance.py:1956} INFO - Dependencies all met for dep_context=non-requeueable deps ti=<TaskInstance: crime_analytics_pipeline.ml_train_and_predict manual__2026-05-31T09:04:32.281251+00:00 [queued]>
[2026-05-31T10:40:26.835+0000] {taskinstance.py:1956} INFO - Dependencies all met for dep_context=requeueable deps ti=<TaskInstance: crime_analytics_pipeline.ml_train_and_predict manual__2026-05-31T09:04:32.281251+00:00 [queued]>
[2026-05-31T10:40:26.836+0000] {taskinstance.py:2170} INFO - Starting attempt 13 of 14
[2026-05-31T10:40:26.854+0000] {taskinstance.py:2191} INFO - Executing <Task(PythonOperator): ml_train_and_predict> on 2026-05-31 09:04:32.281251+00:00
[2026-05-31T10:40:26.867+0000] {standard_task_runner.py:60} INFO - Started process 3913 to run task
[2026-05-31T10:40:26.871+0000] {standard_task_runner.py:87} INFO - Running: ['***', 'tasks', 'run', 'crime_analytics_pipeline', 'ml_train_and_predict', 'manual__2026-05-31T09:04:32.281251+00:00', '--job-id', '363', '--raw', '--subdir', 'DAGS_FOLDER/dag_crime_pipeline.py', '--cfg-path', '/tmp/tmpvxmvhcir']
[2026-05-31T10:40:26.876+0000] {standard_task_runner.py:88} INFO - Job 363: Subtask ml_train_and_predict
[2026-05-31T10:40:26.955+0000] {task_command.py:423} INFO - Running <TaskInstance: crime_analytics_pipeline.ml_train_and_predict manual__2026-05-31T09:04:32.281251+00:00 [running]> on host db8b8170dea9
[2026-05-31T10:40:27.080+0000] {taskinstance.py:2480} INFO - Exporting env vars: AIRFLOW_CTX_DAG_EMAIL='cdash-alerts@example.com' AIRFLOW_CTX_DAG_OWNER='crime-analytics' AIRFLOW_CTX_DAG_ID='crime_analytics_pipeline' AIRFLOW_CTX_TASK_ID='ml_train_and_predict' AIRFLOW_CTX_EXECUTION_DATE='2026-05-31T09:04:32.281251+00:00' AIRFLOW_CTX_TRY_NUMBER='13' AIRFLOW_CTX_DAG_RUN_ID='manual__2026-05-31T09:04:32.281251+00:00'
[2026-05-31T10:40:29.018+0000] {ml_pipeline.py:1230} INFO - ========================================================================
[2026-05-31T10:40:29.019+0000] {ml_pipeline.py:1231} INFO -   Chicago Crime Hotspot Forecasting  –  ml_pipeline v14 [OOM-FIX]
[2026-05-31T10:40:29.020+0000] {ml_pipeline.py:1232} INFO - ========================================================================
[2026-05-31T10:40:29.022+0000] {ml_pipeline.py:1235} INFO -   Model version: 2026-05-31.crime_prob_v14_precision
[2026-05-31T10:40:29.023+0000] {ml_pipeline.py:143} INFO - [RAM] start – RSS peak: 249 MB
[2026-05-31T10:40:30.908+0000] {ml_pipeline.py:1243} INFO - [ML] Lag correction: 77 areas, mean_factor=1.000
[2026-05-31T10:40:30.909+0000] {ml_pipeline.py:302} INFO - [ML] Loading enriched_crime_data (last 600 days)...
[2026-05-31T10:40:39.889+0000] {ml_pipeline.py:360} INFO - [ML] Loaded 374226 rows, date range: 2024-10-08 → 2026-05-18
[2026-05-31T10:40:39.890+0000] {ml_pipeline.py:143} INFO - [RAM] after load_enriched_data – RSS peak: 537 MB
[2026-05-31T10:40:39.891+0000] {ml_pipeline.py:371} INFO - [ML] Aggregating daily per H3...
[2026-05-31T10:40:42.103+0000] {local_task_job_runner.py:302} WARNING - State of this instance has been externally set to restarting. Terminating instance.
[2026-05-31T10:40:42.111+0000] {process_utils.py:131} INFO - Sending 15 to group 3913. PIDs of all processes in the group: [3913]
[2026-05-31T10:40:42.112+0000] {process_utils.py:86} INFO - Sending the signal 15 to group 3913
[2026-05-31T10:40:42.118+0000] {taskinstance.py:2450} ERROR - Received SIGTERM. Terminating subprocesses.
[2026-05-31T10:40:42.132+0000] {taskinstance.py:2698} ERROR - Task failed with exception
Traceback (most recent call last):
  File "/home/airflow/.local/lib/python3.11/site-packages/airflow/models/taskinstance.py", line 433, in _execute_task
    result = execute_callable(context=context, **execute_callable_kwargs)
             ^^^^^^^^^^^^^^^^^^^^^^^^^^^^^^^^^^^^^^^^^^^^^^^^^^^^^^^^^^^^
  File "/home/airflow/.local/lib/python3.11/site-packages/airflow/operators/python.py", line 199, in execute
    return_value = self.execute_callable()
                   ^^^^^^^^^^^^^^^^^^^^^^^
  File "/home/airflow/.local/lib/python3.11/site-packages/airflow/operators/python.py", line 216, in execute_callable
    return self.python_callable(*self.op_args, **self.op_kwargs)
           ^^^^^^^^^^^^^^^^^^^^^^^^^^^^^^^^^^^^^^^^^^^^^^^^^^^^^
  File "/opt/airflow/dags/dag_crime_pipeline.py", line 424, in _run_ml_pipeline
    result = train_and_predict(
             ^^^^^^^^^^^^^^^^^^
  File "/opt/airflow/scripts/ml/ml_pipeline.py", line 1250, in train_and_predict
    daily, all_h3 = aggregate_daily(df_raw)
                    ^^^^^^^^^^^^^^^^^^^^^^^
  File "/opt/airflow/scripts/ml/ml_pipeline.py", line 429, in aggregate_daily
    daily[c] = daily.groupby("h3_index")[c].transform(lambda s: s.ffill().bfill())
               ^^^^^^^^^^^^^^^^^^^^^^^^^^^^^^^^^^^^^^^^^^^^^^^^^^^^^^^^^^^^^^^^^^^
  File "/home/airflow/.local/lib/python3.11/site-packages/pandas/core/groupby/generic.py", line 516, in transform
    return self._transform(
           ^^^^^^^^^^^^^^^^
  File "/home/airflow/.local/lib/python3.11/site-packages/pandas/core/groupby/groupby.py", line 1950, in _transform
    return self._transform_general(func, engine, engine_kwargs, *args, **kwargs)
           ^^^^^^^^^^^^^^^^^^^^^^^^^^^^^^^^^^^^^^^^^^^^^^^^^^^^^^^^^^^^^^^^^^^^^
  File "/home/airflow/.local/lib/python3.11/site-packages/pandas/core/groupby/generic.py", line 551, in _transform_general
    for name, group in self.grouper.get_iterator(
  File "/home/airflow/.local/lib/python3.11/site-packages/pandas/core/groupby/ops.py", line 603, in get_iterator
    splitter = self._get_splitter(data, axis=axis)
               ^^^^^^^^^^^^^^^^^^^^^^^^^^^^^^^^^^^
  File "/home/airflow/.local/lib/python3.11/site-packages/pandas/core/groupby/ops.py", line 614, in _get_splitter
    ids, _, ngroups = self.group_info
                      ^^^^^^^^^^^^^^^
  File "properties.pyx", line 36, in pandas._libs.properties.CachedProperty.__get__
  File "/home/airflow/.local/lib/python3.11/site-packages/pandas/core/groupby/ops.py", line 730, in group_info
    comp_ids, obs_group_ids = self._get_compressed_codes()
                              ^^^^^^^^^^^^^^^^^^^^^^^^^^^^
  File "/home/airflow/.local/lib/python3.11/site-packages/pandas/core/groupby/ops.py", line 754, in _get_compressed_codes
    return ping.codes, np.arange(len(ping.group_index), dtype=np.intp)
           ^^^^^^^^^^
  File "/home/airflow/.local/lib/python3.11/site-packages/pandas/core/groupby/grouper.py", line 691, in codes
    return self._codes_and_uniques[0]
           ^^^^^^^^^^^^^^^^^^^^^^^
  File "properties.pyx", line 36, in pandas._libs.properties.CachedProperty.__get__
  File "/home/airflow/.local/lib/python3.11/site-packages/pandas/core/groupby/grouper.py", line 801, in _codes_and_uniques
    codes, uniques = algorithms.factorize(  # type: ignore[assignment]
                     ^^^^^^^^^^^^^^^^^^^^^^^^^^^^^^^^^^^^^^^^^^^^^^^^^
  File "/home/airflow/.local/lib/python3.11/site-packages/pandas/core/algorithms.py", line 795, in factorize
    codes, uniques = factorize_array(
                     ^^^^^^^^^^^^^^^^
  File "/home/airflow/.local/lib/python3.11/site-packages/pandas/core/algorithms.py", line 595, in factorize_array
    uniques, codes = table.factorize(
                     ^^^^^^^^^^^^^^^^
  File "/home/airflow/.local/lib/python3.11/site-packages/airflow/models/taskinstance.py", line 2452, in signal_handler
    raise AirflowException("Task received SIGTERM signal")
airflow.exceptions.AirflowException: Task received SIGTERM signal
[2026-05-31T10:40:42.156+0000] {taskinstance.py:1138} INFO - Marking task as UP_FOR_RETRY. dag_id=crime_analytics_pipeline, task_id=ml_train_and_predict, execution_date=20260531T090432, start_date=20260531T104026, end_date=20260531T104042
[2026-05-31T10:40:42.171+0000] {standard_task_runner.py:107} ERROR - Failed to execute job 363 for task ml_train_and_predict (Task received SIGTERM signal; 3913)
[2026-05-31T10:40:42.287+0000] {process_utils.py:79} INFO - Process psutil.Process(pid=3913, status='terminated', exitcode=1, started='10:40:26') (3913) terminated with exit code 1
