[2026-05-31T10:02:24.641+0000] {taskinstance.py:1956} INFO - Dependencies all met for dep_context=non-requeueable deps ti=<TaskInstance: crime_analytics_pipeline.ml_train_and_predict manual__2026-05-31T09:04:32.281251+00:00 [queued]>
[2026-05-31T10:02:24.651+0000] {taskinstance.py:1956} INFO - Dependencies all met for dep_context=requeueable deps ti=<TaskInstance: crime_analytics_pipeline.ml_train_and_predict manual__2026-05-31T09:04:32.281251+00:00 [queued]>
[2026-05-31T10:02:24.652+0000] {taskinstance.py:2170} INFO - Starting attempt 7 of 8
[2026-05-31T10:02:24.668+0000] {taskinstance.py:2191} INFO - Executing <Task(PythonOperator): ml_train_and_predict> on 2026-05-31 09:04:32.281251+00:00
[2026-05-31T10:02:24.678+0000] {standard_task_runner.py:60} INFO - Started process 3222 to run task
[2026-05-31T10:02:24.683+0000] {standard_task_runner.py:87} INFO - Running: ['***', 'tasks', 'run', 'crime_analytics_pipeline', 'ml_train_and_predict', 'manual__2026-05-31T09:04:32.281251+00:00', '--job-id', '357', '--raw', '--subdir', 'DAGS_FOLDER/dag_crime_pipeline.py', '--cfg-path', '/tmp/tmpw36ykk_x']
[2026-05-31T10:02:24.689+0000] {standard_task_runner.py:88} INFO - Job 357: Subtask ml_train_and_predict
[2026-05-31T10:02:24.753+0000] {task_command.py:423} INFO - Running <TaskInstance: crime_analytics_pipeline.ml_train_and_predict manual__2026-05-31T09:04:32.281251+00:00 [running]> on host db8b8170dea9
[2026-05-31T10:02:24.867+0000] {taskinstance.py:2480} INFO - Exporting env vars: AIRFLOW_CTX_DAG_EMAIL='cdash-alerts@example.com' AIRFLOW_CTX_DAG_OWNER='crime-analytics' AIRFLOW_CTX_DAG_ID='crime_analytics_pipeline' AIRFLOW_CTX_TASK_ID='ml_train_and_predict' AIRFLOW_CTX_EXECUTION_DATE='2026-05-31T09:04:32.281251+00:00' AIRFLOW_CTX_TRY_NUMBER='7' AIRFLOW_CTX_DAG_RUN_ID='manual__2026-05-31T09:04:32.281251+00:00'
[2026-05-31T10:02:25.754+0000] {ml_pipeline.py:1437} INFO - ========================================================================
[2026-05-31T10:02:25.755+0000] {ml_pipeline.py:1438} INFO -   Chicago Crime Hotspot Forecasting  –  ml_pipeline v14 precision
[2026-05-31T10:02:25.756+0000] {ml_pipeline.py:1439} INFO - ========================================================================
[2026-05-31T10:02:25.756+0000] {ml_pipeline.py:1443} INFO -   Model version: 2026-05-31.crime_prob_v14_precision
[2026-05-31T10:02:27.702+0000] {ml_pipeline.py:1455} INFO - [ML] Lag correction loaded: 77 community areas, mean_factor=1.000
[2026-05-31T10:02:27.703+0000] {ml_pipeline.py:330} INFO - [ML] Loading enriched_crime_data from BigQuery (last 400 days)...
[2026-05-31T10:02:35.860+0000] {ml_pipeline.py:394} INFO - [ML] Loaded 248320 rows, date range: 2025-04-26 → 2026-05-18
[2026-05-31T10:02:35.860+0000] {ml_pipeline.py:404} INFO - [ML] Aggregating daily per H3...
[2026-05-31T10:03:00.245+0000] {ml_pipeline.py:475} INFO - [ML] Daily grid: 1,929,524 rows, 4973 H3 cells, 388 dates
[2026-05-31T10:03:00.400+0000] {ml_pipeline.py:496} INFO - [ML] H3 neighbors built. Avg ring-1 in dataset: 5.5
[2026-05-31T10:03:00.732+0000] {ml_pipeline.py:1479} INFO - [ML] lag_buffer_days=5 applied: 327 eligible days after trimming
[2026-05-31T10:03:00.733+0000] {taskinstance.py:2698} ERROR - Task failed with exception
Traceback (most recent call last):
  File "/home/airflow/.local/lib/python3.11/site-packages/airflow/models/taskinstance.py", line 433, in _execute_task
    result = execute_callable(context=context, **execute_callable_kwargs)
             ^^^^^^^^^^^^^^^^^^^^^^^^^^^^^^^^^^^^^^^^^^^^^^^^^^^^^^^^^^^^
  File "/home/airflow/.local/lib/python3.11/site-packages/airflow/operators/python.py", line 199, in execute
    return_value = self.execute_callable()
                   ^^^^^^^^^^^^^^^^^^^^^^^
  File "/home/airflow/.local/lib/python3.11/site-packages/airflow/operators/python.py", line 216, in execute_callable
    return self.python_callable(*self.op_args, **self.op_kwargs)
           ^^^^^^^^^^^^^^^^^^^^^^^^^^^^^^^^^^^^^^^^^^^^^^^^^^^^^
  File "/opt/airflow/dags/dag_crime_pipeline.py", line 424, in _run_ml_pipeline
    result = train_and_predict(
             ^^^^^^^^^^^^^^^^^^
  File "/opt/airflow/scripts/ml/ml_pipeline.py", line 1485, in train_and_predict
    raise ValueError(
ValueError: Not enough history (327 eligible days). Need at least 428 days.
[2026-05-31T10:03:00.758+0000] {taskinstance.py:1138} INFO - Marking task as UP_FOR_RETRY. dag_id=crime_analytics_pipeline, task_id=ml_train_and_predict, execution_date=20260531T090432, start_date=20260531T100224, end_date=20260531T100300
[2026-05-31T10:03:00.771+0000] {standard_task_runner.py:107} ERROR - Failed to execute job 357 for task ml_train_and_predict (Not enough history (327 eligible days). Need at least 428 days.; 3222)
[2026-05-31T10:03:00.901+0000] {local_task_job_runner.py:234} INFO - Task exited with return code 1
[2026-05-31T10:03:00.926+0000] {taskinstance.py:3280} INFO - 0 downstream tasks scheduled from follow-on schedule check
